<html>
<body>
<pre>
<h1>礦ision Build Log</h1>
<h2>Tool Versions:</h2>
IDE-Version: μVision V5.33.0.0
Copyright (C) 2020 ARM Ltd and ARM Germany GmbH. All rights reserved.
License Information: 1 1, 1, LIC=FYKYW-QP0NF-74PS0-BY6X4-56IJR-4GQX0
 
Tool Versions:
Toolchain:       MDK-ARM Plus  Version: 5.33.0.0
Toolchain Path:  D:\Program Files (x86)\keil_v5\ARM\ARMCC\Bin
C Compiler:      Armcc.exe V5.06 update 7 (build 960)
Assembler:       Armasm.exe V5.06 update 7 (build 960)
Linker/Locator:  ArmLink.exe V5.06 update 7 (build 960)
Library Manager: ArmAr.exe V5.06 update 7 (build 960)
Hex Converter:   FromElf.exe V5.06 update 7 (build 960)
CPU DLL:         SARMCM3.DLL V5.33.0.0
Dialog DLL:      DARMCM1.DLL V1.19.4.0
Target DLL:      Segger\JL2CM3.dll V2.99.38.0
Dialog DLL:      TARMCM1.DLL V1.14.3.0
 
<h2>Project:</h2>
E:\github\Project_Demo\学习例程\Display_BAT32\Project\sys.uvprojx
Project File Date:  04/11/2023

<h2>Output:</h2>
*** Using Compiler 'V5.06 update 7 (build 960)', folder: 'D:\Program Files (x86)\keil_v5\ARM\ARMCC\Bin'
Build target 'Load'
compiling fifo.c...
linking...
Program Size: Code=20340 RO-data=944 RW-data=96 ZI-data=1712  
FromELF: creating hex file...
After Build - User command #1: fromelf.exe --bin -o "E:\github\Project_Demo\学习例程\Display_BAT32\Project\Objects\IceMachine_Dispay.bin" "E:\github\Project_Demo\学习例程\Display_BAT32\Project\Objects\IceMachine_Dispay.axf"
".\Objects\IceMachine_Dispay.axf" - 0 Error(s), 0 Warning(s).

<h2>Software Packages used:</h2>

Package Vendor: ARM
                http://www.keil.com/pack/ARM.CMSIS.5.9.0.pack
                ARM.CMSIS.5.9.0
                CMSIS (Common Microcontroller Software Interface Standard)
   * Component: CORE Version: 5.6.0

Package Vendor: Cmsemicon
                http://www.mcu.com.cn/pack/Cmsemicon.BAT32G135.0.2.1.pack
                Cmsemicon.BAT32G135.0.2.1
                Cmsemicon BAT32G135 Device Family Pack

<h2>Collection of Component include folders:</h2>
  .\RTE\_Load
  D:\Program Files (x86)\keil_v5\ARM\CMSIS\5.9.0\CMSIS\Core\Include
  D:\Program Files (x86)\keil_v5\Cmsemicon\BAT32G135\0.2.1\Device\Include

<h2>Collection of Component Files used:</h2>

   * Component: ARM::CMSIS:CORE:5.6.0
Build Time Elapsed:  00:00:00
</pre>
</body>
</html>
