Component: ARM Compiler 5.06 update 7 (build 960) Tool: armlink [4d3601]

==============================================================================

Section Cross References

    startup_stm32f10x_hd.o(RESET) refers to startup_stm32f10x_hd.o(STACK) for __initial_sp
    startup_stm32f10x_hd.o(RESET) refers to startup_stm32f10x_hd.o(.text) for Reset_Handler
    startup_stm32f10x_hd.o(RESET) refers to context_rvds.o(.text) for HardFault_Handler
    startup_stm32f10x_hd.o(RESET) refers to board.o(.text) for SysTick_Handler
    startup_stm32f10x_hd.o(RESET) refers to stm32f10x_it.o(.text) for TIM5_IRQHandler
    startup_stm32f10x_hd.o(.text) refers to system_stm32f10x.o(.text) for SystemInit
    startup_stm32f10x_hd.o(.text) refers to entry.o(.ARM.Collect$$$$00000000) for __main
    system_stm32f10x.o(.text) refers to system_stm32f10x.o(.data) for .data
    stm32f10x_adc.o(.text) refers to stm32f10x_rcc.o(.text) for RCC_APB2PeriphResetCmd
    stm32f10x_bkp.o(.text) refers to stm32f10x_rcc.o(.text) for RCC_BackupResetCmd
    stm32f10x_can.o(.text) refers to stm32f10x_rcc.o(.text) for RCC_APB1PeriphResetCmd
    stm32f10x_cec.o(.text) refers to stm32f10x_rcc.o(.text) for RCC_APB1PeriphResetCmd
    stm32f10x_dac.o(.text) refers to stm32f10x_rcc.o(.text) for RCC_APB1PeriphResetCmd
    stm32f10x_gpio.o(.text) refers to stm32f10x_rcc.o(.text) for RCC_APB2PeriphResetCmd
    stm32f10x_i2c.o(.text) refers to stm32f10x_rcc.o(.text) for RCC_APB1PeriphResetCmd
    stm32f10x_pwr.o(.text) refers to stm32f10x_rcc.o(.text) for RCC_APB1PeriphResetCmd
    stm32f10x_rcc.o(.text) refers to stm32f10x_rcc.o(.data) for .data
    stm32f10x_spi.o(.text) refers to stm32f10x_rcc.o(.text) for RCC_APB2PeriphResetCmd
    stm32f10x_tim.o(.text) refers to stm32f10x_rcc.o(.text) for RCC_APB2PeriphResetCmd
    stm32f10x_usart.o(.text) refers to stm32f10x_rcc.o(.text) for RCC_APB2PeriphResetCmd
    stm32f10x_wwdg.o(.text) refers to stm32f10x_rcc.o(.text) for RCC_APB1PeriphResetCmd
    main.o(.text) refers to ipc.o(.text) for rt_sem_take
    main.o(.text) refers to printf1.o(i.__0printf$1) for __2printf
    main.o(.text) refers to kservice.o(.text) for rt_kprintf
    main.o(.text) refers to thread.o(.text) for rt_thread_create
    main.o(.text) refers to main.o(.data) for .data
    main.o(.text) refers to bsp_generaltim.o(.data) for TIM_ICUserValueStructure
    stm32f10x_it.o(.text) refers to stm32f10x_tim.o(.text) for TIM_GetITStatus
    stm32f10x_it.o(.text) refers to ipc.o(.text) for rt_sem_release
    stm32f10x_it.o(.text) refers to bsp_generaltim.o(.data) for TIM_ICUserValueStructure
    stm32f10x_it.o(.text) refers to main.o(.data) for test_sem
    board.o(.text) refers to bsp_led.o(.text) for LED_GPIO_Config
    board.o(.text) refers to bsp_usart.o(.text) for USART_Config
    board.o(.text) refers to bsp_generaltim.o(.text) for GENERAL_TIM_Init
    board.o(.text) refers to components.o(.text) for rt_components_board_init
    board.o(.text) refers to mem.o(.text) for rt_system_heap_init
    board.o(.text) refers to irq.o(.text) for rt_interrupt_enter
    board.o(.text) refers to clock.o(.text) for rt_tick_increase
    board.o(.text) refers to scheduler.o(.text) for rt_enter_critical
    board.o(.text) refers to stm32f10x_usart.o(.text) for USART_SendData
    board.o(.text) refers to board.o(.bss) for .bss
    board.o(.text) refers to system_stm32f10x.o(.data) for SystemCoreClock
    bsp_led.o(.text) refers to stm32f10x_rcc.o(.text) for RCC_APB2PeriphClockCmd
    bsp_led.o(.text) refers to stm32f10x_gpio.o(.text) for GPIO_Init
    bsp_usart.o(.text) refers to stm32f10x_rcc.o(.text) for RCC_APB2PeriphClockCmd
    bsp_usart.o(.text) refers to stm32f10x_gpio.o(.text) for GPIO_Init
    bsp_usart.o(.text) refers to stm32f10x_usart.o(.text) for USART_Init
    bsp_key.o(.text) refers to stm32f10x_rcc.o(.text) for RCC_APB2PeriphClockCmd
    bsp_key.o(.text) refers to stm32f10x_gpio.o(.text) for GPIO_Init
    bsp_generaltim.o(.text) refers to misc.o(.text) for NVIC_PriorityGroupConfig
    bsp_generaltim.o(.text) refers to stm32f10x_rcc.o(.text) for RCC_APB2PeriphClockCmd
    bsp_generaltim.o(.text) refers to stm32f10x_gpio.o(.text) for GPIO_Init
    bsp_generaltim.o(.text) refers to stm32f10x_tim.o(.text) for TIM_TimeBaseInit
    clock.o(.text) refers to context_rvds.o(.text) for rt_hw_interrupt_disable
    clock.o(.text) refers to thread.o(.text) for rt_thread_self
    clock.o(.text) refers to timer.o(.text) for rt_timer_check
    clock.o(.text) refers to clock.o(.data) for .data
    components.o(.text) refers to main.o(.text) for $Super$$main
    components.o(.text) refers to thread.o(.text) for rt_thread_create
    components.o(.text) refers to context_rvds.o(.text) for rt_hw_interrupt_disable
    components.o(.text) refers to board.o(.text) for rt_hw_board_init
    components.o(.text) refers to kservice.o(.text) for rt_show_version
    components.o(.text) refers to timer.o(.text) for rt_system_timer_init
[...]
    printf6.o(i.__0printf$6) refers to printf6.o(i._printf_core) for _printf_core
    printf6.o(i.__0printf$6) refers to bsp_usart.o(.text) for fputc
    printf6.o(i.__0printf$6) refers to stdout.o(.data) for __stdout
    printf6.o(i.__0snprintf$6) refers to printf6.o(i._printf_core) for _printf_core
    printf6.o(i.__0snprintf$6) refers to printf6.o(i._snputc) for _snputc
    printf6.o(i.__0sprintf$6) refers to printf6.o(i._printf_core) for _printf_core
    printf6.o(i.__0sprintf$6) refers to printf6.o(i._sputc) for _sputc
    printf6.o(i.__0vfprintf$6) refers to printf6.o(i._printf_core) for _printf_core
    printf6.o(i.__0vfprintf$6) refers to bsp_usart.o(.text) for fputc
    printf6.o(i.__0vprintf$6) refers to printf6.o(i._printf_core) for _printf_core
    printf6.o(i.__0vprintf$6) refers to bsp_usart.o(.text) for fputc
    printf6.o(i.__0vprintf$6) refers to stdout.o(.data) for __stdout
    printf6.o(i.__0vsnprintf$6) refers to printf6.o(i._printf_core) for _printf_core
    printf6.o(i.__0vsnprintf$6) refers to printf6.o(i._snputc) for _snputc
    printf6.o(i.__0vsprintf$6) refers to printf6.o(i._printf_core) for _printf_core
    printf6.o(i.__0vsprintf$6) refers to printf6.o(i._sputc) for _sputc
    printf6.o(i._printf_core) refers to printf6.o(i._printf_pre_padding) for _printf_pre_padding
    printf6.o(i._printf_core) refers to uidiv.o(.text) for __aeabi_uidivmod
    printf6.o(i._printf_core) refers to printf6.o(i._printf_post_padding) for _printf_post_padding
    printf7.o(i.__0fprintf$7) refers to printf7.o(i._printf_core) for _printf_core
    printf7.o(i.__0fprintf$7) refers to bsp_usart.o(.text) for fputc
    printf7.o(i.__0printf$7) refers to printf7.o(i._printf_core) for _printf_core
    printf7.o(i.__0printf$7) refers to bsp_usart.o(.text) for fputc
    printf7.o(i.__0printf$7) refers to stdout.o(.data) for __stdout
    printf7.o(i.__0snprintf$7) refers to printf7.o(i._printf_core) for _printf_core
    printf7.o(i.__0snprintf$7) refers to printf7.o(i._snputc) for _snputc
    printf7.o(i.__0sprintf$7) refers to printf7.o(i._printf_core) for _printf_core
    printf7.o(i.__0sprintf$7) refers to printf7.o(i._sputc) for _sputc
    printf7.o(i.__0vfprintf$7) refers to printf7.o(i._printf_core) for _printf_core
    printf7.o(i.__0vfprintf$7) refers to bsp_usart.o(.text) for fputc
    printf7.o(i.__0vprintf$7) refers to printf7.o(i._printf_core) for _printf_core
    printf7.o(i.__0vprintf$7) refers to bsp_usart.o(.text) for fputc
    printf7.o(i.__0vprintf$7) refers to stdout.o(.data) for __stdout
    printf7.o(i.__0vsnprintf$7) refers to printf7.o(i._printf_core) for _printf_core
    printf7.o(i.__0vsnprintf$7) refers to printf7.o(i._snputc) for _snputc
    printf7.o(i.__0vsprintf$7) refers to printf7.o(i._printf_core) for _printf_core
    printf7.o(i.__0vsprintf$7) refers to printf7.o(i._sputc) for _sputc
    printf7.o(i._printf_core) refers to printf7.o(i._printf_pre_padding) for _printf_pre_padding
    printf7.o(i._printf_core) refers to uldiv.o(.text) for __aeabi_uldivmod
    printf7.o(i._printf_core) refers to printf7.o(i._printf_post_padding) for _printf_post_padding
    printf8.o(i.__0fprintf$8) refers to printf8.o(i._printf_core) for _printf_core
    printf8.o(i.__0fprintf$8) refers to bsp_usart.o(.text) for fputc
    printf8.o(i.__0printf$8) refers to printf8.o(i._printf_core) for _printf_core
    printf8.o(i.__0printf$8) refers to bsp_usart.o(.text) for fputc
    printf8.o(i.__0printf$8) refers to stdout.o(.data) for __stdout
    printf8.o(i.__0snprintf$8) refers to printf8.o(i._printf_core) for _printf_core
    printf8.o(i.__0snprintf$8) refers to printf8.o(i._snputc) for _snputc
    printf8.o(i.__0sprintf$8) refers to printf8.o(i._printf_core) for _printf_core
    printf8.o(i.__0sprintf$8) refers to printf8.o(i._sputc) for _sputc
    printf8.o(i.__0vfprintf$8) refers to printf8.o(i._printf_core) for _printf_core
    printf8.o(i.__0vfprintf$8) refers to bsp_usart.o(.text) for fputc
    printf8.o(i.__0vprintf$8) refers to printf8.o(i._printf_core) for _printf_core
    printf8.o(i.__0vprintf$8) refers to bsp_usart.o(.text) for fputc
    printf8.o(i.__0vprintf$8) refers to stdout.o(.data) for __stdout
    printf8.o(i.__0vsnprintf$8) refers to printf8.o(i._printf_core) for _printf_core
    printf8.o(i.__0vsnprintf$8) refers to printf8.o(i._snputc) for _snputc
    printf8.o(i.__0vsprintf$8) refers to printf8.o(i._printf_core) for _printf_core
    printf8.o(i.__0vsprintf$8) refers to printf8.o(i._sputc) for _sputc
    printf8.o(i._printf_core) refers to printf8.o(i._printf_pre_padding) for _printf_pre_padding
    printf8.o(i._printf_core) refers to uldiv.o(.text) for __aeabi_uldivmod
    printf8.o(i._printf_core) refers to printf8.o(i._printf_post_padding) for _printf_post_padding
    printfa.o(i.__0fprintf) refers (Special) to iusefp.o(.text) for __I$use$fp
    printfa.o(i.__0fprintf) refers to printfa.o(i._printf_core) for _printf_core
    printfa.o(i.__0fprintf) refers to bsp_usart.o(.text) for fputc
    printfa.o(i.__0printf) refers (Special) to iusefp.o(.text) for __I$use$fp
    printfa.o(i.__0printf) refers to printfa.o(i._printf_core) for _printf_core
    printfa.o(i.__0printf) refers to bsp_usart.o(.text) for fputc
    printfa.o(i.__0printf) refers to stdout.o(.data) for __stdout
    printfa.o(i.__0snprintf) refers (Special) to iusefp.o(.text) for __I$use$fp
    printfa.o(i.__0snprintf) refers to printfa.o(i._printf_core) for _printf_core
    printfa.o(i.__0snprintf) refers to printfa.o(i._snputc) for _snputc
    printfa.o(i.__0sprintf) refers (Special) to iusefp.o(.text) for __I$use$fp
    printfa.o(i.__0sprintf) refers to printfa.o(i._printf_core) for _printf_core
    printfa.o(i.__0sprintf) refers to printfa.o(i._sputc) for _sputc
    printfa.o(i.__0vfprintf) refers (Special) to iusefp.o(.text) for __I$use$fp
    printfa.o(i.__0vfprintf) refers to printfa.o(i._printf_core) for _printf_core
    printfa.o(i.__0vfprintf) refers to bsp_usart.o(.text) for fputc
    printfa.o(i.__0vprintf) refers (Special) to iusefp.o(.text) for __I$use$fp
    printfa.o(i.__0vprintf) refers to printfa.o(i._printf_core) for _printf_core
    printfa.o(i.__0vprintf) refers to bsp_usart.o(.text) for fputc
    printfa.o(i.__0vprintf) refers to stdout.o(.data) for __stdout
    printfa.o(i.__0vsnprintf) refers (Special) to iusefp.o(.text) for __I$use$fp
    printfa.o(i.__0vsnprintf) refers to printfa.o(i._printf_core) for _printf_core
    printfa.o(i.__0vsnprintf) refers to printfa.o(i._snputc) for _snputc
    printfa.o(i.__0vsprintf) refers (Special) to iusefp.o(.text) for __I$use$fp
    printfa.o(i.__0vsprintf) refers to printfa.o(i._printf_core) for _printf_core
    printfa.o(i.__0vsprintf) refers to printfa.o(i._sputc) for _sputc
    printfa.o(i._fp_digits) refers (Special) to iusefp.o(.text) for __I$use$fp
    printfa.o(i._fp_digits) refers to dmul.o(.text) for __aeabi_dmul
    printfa.o(i._fp_digits) refers to ddiv.o(.text) for __aeabi_ddiv
    printfa.o(i._fp_digits) refers to cdrcmple.o(.text) for __aeabi_cdrcmple
    printfa.o(i._fp_digits) refers to dadd.o(.text) for __aeabi_dadd
    printfa.o(i._fp_digits) refers to dfixul.o(.text) for __aeabi_d2ulz
    printfa.o(i._fp_digits) refers to uldiv.o(.text) for __aeabi_uldivmod
    printfa.o(i._printf_core) refers (Special) to iusefp.o(.text) for __I$use$fp
    printfa.o(i._printf_core) refers to printfa.o(i._printf_pre_padding) for _printf_pre_padding
    printfa.o(i._printf_core) refers to uldiv.o(.text) for __aeabi_uldivmod
    printfa.o(i._printf_core) refers to printfa.o(i._printf_post_padding) for _printf_post_padding
    printfa.o(i._printf_core) refers to printfa.o(i._fp_digits) for _fp_digits
    printfa.o(i._printf_core) refers to uidiv.o(.text) for __aeabi_uidivmod
    printfa.o(i._printf_post_padding) refers (Special) to iusefp.o(.text) for __I$use$fp
    printfa.o(i._printf_pre_padding) refers (Special) to iusefp.o(.text) for __I$use$fp
    printfa.o(i._snputc) refers (Special) to iusefp.o(.text) for __I$use$fp
    printfa.o(i._sputc) refers (Special) to iusefp.o(.text) for __I$use$fp
    entry2.o(.ARM.Collect$$$$00000001) refers to entry2.o(.ARM.Collect$$$$00002712) for __lit__00000000
    entry2.o(.ARM.Collect$$$$00002712) refers to startup_stm32f10x_hd.o(STACK) for __initial_sp
    entry2.o(__vectab_stack_and_reset_area) refers to startup_stm32f10x_hd.o(STACK) for __initial_sp
    entry2.o(__vectab_stack_and_reset_area) refers to entry.o(.ARM.Collect$$$$00000000) for __main
    entry5.o(.ARM.Collect$$$$00000004) refers to init.o(.text) for __scatterload
    entry9a.o(.ARM.Collect$$$$0000000B) refers to components.o(.text) for main
    entry9b.o(.ARM.Collect$$$$0000000C) refers to components.o(.text) for main
    uldiv.o(.text) refers to llushr.o(.text) for __aeabi_llsr
    uldiv.o(.text) refers to llshl.o(.text) for __aeabi_llsl
    dadd.o(.text) refers to llshl.o(.text) for __aeabi_llsl
    dadd.o(.text) refers to llsshr.o(.text) for __aeabi_lasr
    dadd.o(.text) refers to depilogue.o(.text) for _double_epilogue
    dmul.o(.text) refers to depilogue.o(.text) for _double_epilogue
    ddiv.o(.text) refers to depilogue.o(.text) for _double_round
    dfixul.o(.text) refers to llushr.o(.text) for __aeabi_llsr
    dfixul.o(.text) refers to llshl.o(.text) for __aeabi_llsl
    init.o(.text) refers to entry5.o(.ARM.Collect$$$$00000004) for __main_after_scatterload
    depilogue.o(.text) refers to llshl.o(.text) for __aeabi_llsl
    depilogue.o(.text) refers to llushr.o(.text) for __aeabi_llsr


==============================================================================

Removing Unused input sections from the image.

    Removing startup_stm32f10x_hd.o(HEAP), (512 bytes).
    Removing core_cm3.o(.emb_text), (32 bytes).
    Removing stm32f10x_adc.o(.text), (904 bytes).
    Removing stm32f10x_bkp.o(.text), (156 bytes).
    Removing stm32f10x_can.o(.text), (1980 bytes).
    Removing stm32f10x_cec.o(.text), (252 bytes).
    Removing stm32f10x_crc.o(.text), (64 bytes).
    Removing stm32f10x_dac.o(.text), (284 bytes).
    Removing stm32f10x_dbgmcu.o(.text), (44 bytes).
    Removing stm32f10x_dma.o(.text), (488 bytes).
    Removing stm32f10x_exti.o(.text), (236 bytes).
    Removing stm32f10x_flash.o(.text), (1188 bytes).
    Removing stm32f10x_fsmc.o(.text), (1206 bytes).
    Removing stm32f10x_i2c.o(.text), (912 bytes).
    Removing stm32f10x_iwdg.o(.text), (60 bytes).
    Removing stm32f10x_pwr.o(.text), (172 bytes).
    Removing stm32f10x_rtc.o(.text), (276 bytes).
    Removing stm32f10x_sdio.o(.text), (432 bytes).
    Removing stm32f10x_spi.o(.text), (692 bytes).
    Removing stm32f10x_wwdg.o(.text), (128 bytes).
    Removing main.o(.data), (4 bytes).
    Removing bsp_key.o(.text), (96 bytes).
    Removing dadd.o(.text), (334 bytes).
    Removing dmul.o(.text), (228 bytes).
    Removing ddiv.o(.text), (222 bytes).
    Removing dfixul.o(.text), (48 bytes).
    Removing cdrcmple.o(.text), (48 bytes).
    Removing depilogue.o(.text), (186 bytes).

28 unused section(s) (total 11184 bytes) removed from the image.

==============================================================================

Image Symbol Table

    Local Symbols

    Symbol Name                              Value     Ov Type        Size  Object(Section)

    ../clib/microlib/division.c              0x00000000   Number         0  uldiv.o ABSOLUTE
    ../clib/microlib/division.c              0x00000000   Number         0  uidiv.o ABSOLUTE
    ../clib/microlib/init/entry.s            0x00000000   Number         0  entry11b.o ABSOLUTE
    ../clib/microlib/init/entry.s            0x00000000   Number         0  entry11a.o ABSOLUTE
    ../clib/microlib/init/entry.s            0x00000000   Number         0  entry.o ABSOLUTE
    ../clib/microlib/init/entry.s            0x00000000   Number         0  entry10b.o ABSOLUTE
    ../clib/microlib/init/entry.s            0x00000000   Number         0  entry10a.o ABSOLUTE
    ../clib/microlib/init/entry.s            0x00000000   Number         0  entry9b.o ABSOLUTE
    ../clib/microlib/init/entry.s            0x00000000   Number         0  entry12a.o ABSOLUTE
    ../clib/microlib/init/entry.s            0x00000000   Number         0  entry12b.o ABSOLUTE
    ../clib/microlib/init/entry.s            0x00000000   Number         0  entry9a.o ABSOLUTE
    ../clib/microlib/init/entry.s            0x00000000   Number         0  entry8b.o ABSOLUTE
    ../clib/microlib/init/entry.s            0x00000000   Number         0  entry8a.o ABSOLUTE
    ../clib/microlib/init/entry.s            0x00000000   Number         0  entry2.o ABSOLUTE
    ../clib/microlib/init/entry.s            0x00000000   Number         0  entry7b.o ABSOLUTE
    ../clib/microlib/init/entry.s            0x00000000   Number         0  entry7a.o ABSOLUTE
    ../clib/microlib/init/entry.s            0x00000000   Number         0  entry5.o ABSOLUTE
    ../clib/microlib/longlong.c              0x00000000   Number         0  llsshr.o ABSOLUTE
    ../clib/microlib/longlong.c              0x00000000   Number         0  llushr.o ABSOLUTE
    ../clib/microlib/longlong.c              0x00000000   Number         0  llshl.o ABSOLUTE
    ../clib/microlib/printf/printf.c         0x00000000   Number         0  printf7.o ABSOLUTE
    ../clib/microlib/printf/printf.c         0x00000000   Number         0  printf8.o ABSOLUTE
    ../clib/microlib/printf/printf.c         0x00000000   Number         0  printf6.o ABSOLUTE
    ../clib/microlib/printf/printf.c         0x00000000   Number         0  printf2.o ABSOLUTE
    ../clib/microlib/printf/printf.c         0x00000000   Number         0  printfa.o ABSOLUTE
    ../clib/microlib/printf/printf.c         0x00000000   Number         0  printf3.o ABSOLUTE
    ../clib/microlib/printf/printf.c         0x00000000   Number         0  printf5.o ABSOLUTE
    ../clib/microlib/printf/printf.c         0x00000000   Number         0  printf4.o ABSOLUTE
    ../clib/microlib/printf/printf.c         0x00000000   Number         0  printfb.o ABSOLUTE
    ../clib/microlib/printf/printf.c         0x00000000   Number         0  printf1.o ABSOLUTE
    ../clib/microlib/printf/printf.c         0x00000000   Number         0  printf0.o ABSOLUTE
    ../clib/microlib/printf/stubs.s          0x00000000   Number         0  stubs.o ABSOLUTE
    ../clib/microlib/stdio/streams.c         0x00000000   Number         0  stdout.o ABSOLUTE
    ../clib/microlib/stubs.s                 0x00000000   Number         0  iusefp.o ABSOLUTE
    ../fplib/microlib/fpadd.c                0x00000000   Number         0  dadd.o ABSOLUTE
    ../fplib/microlib/fpdiv.c                0x00000000   Number         0  ddiv.o ABSOLUTE
    ../fplib/microlib/fpepilogue.c           0x00000000   Number         0  depilogue.o ABSOLUTE
    ../fplib/microlib/fpfix.c                0x00000000   Number         0  dfixul.o ABSOLUTE
    ../fplib/microlib/fpmul.c                0x00000000   Number         0  dmul.o ABSOLUTE
    ..\..\Libraries\CMSIS\core_cm3.c         0x00000000   Number         0  core_cm3.o ABSOLUTE
    ..\..\Libraries\CMSIS\startup\startup_stm32f10x_hd.s 0x00000000   Number         0  startup_stm32f10x_hd.o ABSOLUTE
    ..\..\Libraries\CMSIS\system_stm32f10x.c 0x00000000   Number         0  system_stm32f10x.o ABSOLUTE
    ..\..\Libraries\FWlib\src\misc.c         0x00000000   Number         0  misc.o ABSOLUTE
    ..\..\Libraries\FWlib\src\stm32f10x_adc.c 0x00000000   Number         0  stm32f10x_adc.o ABSOLUTE
    ..\..\Libraries\FWlib\src\stm32f10x_bkp.c 0x00000000   Number         0  stm32f10x_bkp.o ABSOLUTE
    ..\..\Libraries\FWlib\src\stm32f10x_can.c 0x00000000   Number         0  stm32f10x_can.o ABSOLUTE
    ..\..\Libraries\FWlib\src\stm32f10x_cec.c 0x00000000   Number         0  stm32f10x_cec.o ABSOLUTE
    ..\..\Libraries\FWlib\src\stm32f10x_crc.c 0x00000000   Number         0  stm32f10x_crc.o ABSOLUTE
    ..\..\Libraries\FWlib\src\stm32f10x_dac.c 0x00000000   Number         0  stm32f10x_dac.o ABSOLUTE
    ..\..\Libraries\FWlib\src\stm32f10x_dbgmcu.c 0x00000000   Number         0  stm32f10x_dbgmcu.o ABSOLUTE
    ..\..\Libraries\FWlib\src\stm32f10x_dma.c 0x00000000   Number         0  stm32f10x_dma.o ABSOLUTE
    ..\..\Libraries\FWlib\src\stm32f10x_exti.c 0x00000000   Number         0  stm32f10x_exti.o ABSOLUTE
    ..\..\Libraries\FWlib\src\stm32f10x_flash.c 0x00000000   Number         0  stm32f10x_flash.o ABSOLUTE
    ..\..\Libraries\FWlib\src\stm32f10x_fsmc.c 0x00000000   Number         0  stm32f10x_fsmc.o ABSOLUTE
    ..\..\Libraries\FWlib\src\stm32f10x_gpio.c 0x00000000   Number         0  stm32f10x_gpio.o ABSOLUTE
    ..\..\Libraries\FWlib\src\stm32f10x_i2c.c 0x00000000   Number         0  stm32f10x_i2c.o ABSOLUTE
    ..\..\Libraries\FWlib\src\stm32f10x_iwdg.c 0x00000000   Number         0  stm32f10x_iwdg.o ABSOLUTE
    ..\..\Libraries\FWlib\src\stm32f10x_pwr.c 0x00000000   Number         0  stm32f10x_pwr.o ABSOLUTE
    ..\..\Libraries\FWlib\src\stm32f10x_rcc.c 0x00000000   Number         0  stm32f10x_rcc.o ABSOLUTE
    ..\..\Libraries\FWlib\src\stm32f10x_rtc.c 0x00000000   Number         0  stm32f10x_rtc.o ABSOLUTE
    ..\..\Libraries\FWlib\src\stm32f10x_sdio.c 0x00000000   Number         0  stm32f10x_sdio.o ABSOLUTE
    ..\..\Libraries\FWlib\src\stm32f10x_spi.c 0x00000000   Number         0  stm32f10x_spi.o ABSOLUTE
    ..\..\Libraries\FWlib\src\stm32f10x_tim.c 0x00000000   Number         0  stm32f10x_tim.o ABSOLUTE
    ..\..\Libraries\FWlib\src\stm32f10x_usart.c 0x00000000   Number         0  stm32f10x_usart.o ABSOLUTE
    ..\..\Libraries\FWlib\src\stm32f10x_wwdg.c 0x00000000   Number         0  stm32f10x_wwdg.o ABSOLUTE
    ..\..\User\board.c                       0x00000000   Number         0  board.o ABSOLUTE
    ..\..\User\bsp\GeneralTim\bsp_GeneralTim.c 0x00000000   Number         0  bsp_generaltim.o ABSOLUTE
    ..\..\User\bsp\Key\bsp_key.c             0x00000000   Number         0  bsp_key.o ABSOLUTE
    ..\..\User\bsp\led\bsp_led.c             0x00000000   Number         0  bsp_led.o ABSOLUTE
    ..\..\User\bsp\usart\bsp_usart.c         0x00000000   Number         0  bsp_usart.o ABSOLUTE
    ..\..\User\main.c                        0x00000000   Number         0  main.o ABSOLUTE
    ..\..\User\stm32f10x_it.c                0x00000000   Number         0  stm32f10x_it.o ABSOLUTE
    ..\..\rtthread\3.0.3\libcpu\arm\cortex-m3\context_rvds.S 0x00000000   Number         0  context_rvds.o ABSOLUTE
    ..\..\rtthread\3.0.3\libcpu\arm\cortex-m3\cpuport.c 0x00000000   Number         0  cpuport.o ABSOLUTE
    ..\..\rtthread\3.0.3\src\clock.c         0x00000000   Number         0  clock.o ABSOLUTE
    ..\..\rtthread\3.0.3\src\components.c    0x00000000   Number         0  components.o ABSOLUTE
    ..\..\rtthread\3.0.3\src\device.c        0x00000000   Number         0  device.o ABSOLUTE
    ..\..\rtthread\3.0.3\src\idle.c          0x00000000   Number         0  idle.o ABSOLUTE
    ..\..\rtthread\3.0.3\src\ipc.c           0x00000000   Number         0  ipc.o ABSOLUTE
    ..\..\rtthread\3.0.3\src\irq.c           0x00000000   Number         0  irq.o ABSOLUTE
    ..\..\rtthread\3.0.3\src\kservice.c      0x00000000   Number         0  kservice.o ABSOLUTE
    ..\..\rtthread\3.0.3\src\mem.c           0x00000000   Number         0  mem.o ABSOLUTE
    ..\..\rtthread\3.0.3\src\memheap.c       0x00000000   Number         0  memheap.o ABSOLUTE
    ..\..\rtthread\3.0.3\src\mempool.c       0x00000000   Number         0  mempool.o ABSOLUTE
    ..\..\rtthread\3.0.3\src\object.c        0x00000000   Number         0  object.o ABSOLUTE
    ..\..\rtthread\3.0.3\src\scheduler.c     0x00000000   Number         0  scheduler.o ABSOLUTE
    ..\..\rtthread\3.0.3\src\signal.c        0x00000000   Number         0  signal.o ABSOLUTE
    ..\..\rtthread\3.0.3\src\thread.c        0x00000000   Number         0  thread.o ABSOLUTE
    ..\..\rtthread\3.0.3\src\timer.c         0x00000000   Number         0  timer.o ABSOLUTE
    ..\\..\\Libraries\\CMSIS\\core_cm3.c     0x00000000   Number         0  core_cm3.o ABSOLUTE
    cdrcmple.s                               0x00000000   Number         0  cdrcmple.o ABSOLUTE
    dc.s                                     0x00000000   Number         0  dc.o ABSOLUTE
    handlers.s                               0x00000000   Number         0  handlers.o ABSOLUTE
    init.s                                   0x00000000   Number         0  init.o ABSOLUTE
    RESET                                    0x08000000   Section      304  startup_stm32f10x_hd.o(RESET)
    .ARM.Collect$$$$00000000                 0x08000130   Section        0  entry.o(.ARM.Collect$$$$00000000)
    .ARM.Collect$$$$00000001                 0x08000130   Section        4  entry2.o(.ARM.Collect$$$$00000001)
    .ARM.Collect$$$$00000004                 0x08000134   Section        4  entry5.o(.ARM.Collect$$$$00000004)
    .ARM.Collect$$$$00000008                 0x08000138   Section        0  entry7b.o(.ARM.Collect$$$$00000008)
    .ARM.Collect$$$$0000000A                 0x08000138   Section        0  entry8b.o(.ARM.Collect$$$$0000000A)
    .ARM.Collect$$$$0000000B                 0x08000138   Section        8  entry9a.o(.ARM.Collect$$$$0000000B)
    .ARM.Collect$$$$0000000E                 0x08000140   Section        4  entry12b.o(.ARM.Collect$$$$0000000E)
    .ARM.Collect$$$$0000000F                 0x08000144   Section        0  entry10a.o(.ARM.Collect$$$$0000000F)
    .ARM.Collect$$$$00000011                 0x08000144   Section        0  entry11a.o(.ARM.Collect$$$$00000011)
    .ARM.Collect$$$$00002712                 0x08000144   Section        4  entry2.o(.ARM.Collect$$$$00002712)
    __lit__00000000                          0x08000144   Data           4  entry2.o(.ARM.Collect$$$$00002712)
    .text                                    0x08000148   Section       36  startup_stm32f10x_hd.o(.text)
    .text                                    0x0800016c   Section        0  system_stm32f10x.o(.text)
    SetSysClockTo72                          0x0800016d   Thumb Code   166  system_stm32f10x.o(.text)
    SetSysClock                              0x08000213   Thumb Code     2  system_stm32f10x.o(.text)
    .text                                    0x080002e0   Section        0  misc.o(.text)
    .text                                    0x08000398   Section        0  stm32f10x_gpio.o(.text)
    .text                                    0x08000630   Section        0  stm32f10x_rcc.o(.text)
    .text                                    0x08000924   Section        0  stm32f10x_tim.o(.text)
    TI4_Config                               0x08000d8d   Thumb Code   102  stm32f10x_tim.o(.text)
    TI3_Config                               0x08000e03   Thumb Code    98  stm32f10x_tim.o(.text)
    TI2_Config                               0x08000e7d   Thumb Code   102  stm32f10x_tim.o(.text)
    TI1_Config                               0x08000ef3   Thumb Code    94  stm32f10x_tim.o(.text)
    .text                                    0x08001550   Section        0  stm32f10x_usart.o(.text)
    .text                                    0x080018ec   Section        0  main.o(.text)
    led1_thread_entry                        0x080018ed   Thumb Code    72  main.o(.text)
    .text                                    0x080019cc   Section        0  stm32f10x_it.o(.text)
    .text                                    0x08001a50   Section        0  board.o(.text)
    .text                                    0x08001b18   Section        0  bsp_led.o(.text)
    .text                                    0x08001b78   Section        0  bsp_usart.o(.text)
    .text                                    0x08001cd0   Section        0  bsp_generaltim.o(.text)
    GENERAL_TIM_NVIC_Config                  0x08001cd1   Thumb Code    42  bsp_generaltim.o(.text)
    GENERAL_TIM_GPIO_Config                  0x08001cfb   Thumb Code    32  bsp_generaltim.o(.text)
    GENERAL_TIM_Mode_Config                  0x08001d1b   Thumb Code   110  bsp_generaltim.o(.text)
    .text                                    0x08001da0   Section        0  clock.o(.text)
    .text                                    0x08001e08   Section        0  components.o(.text)
    rti_start                                0x08001e09   Thumb Code     4  components.o(.text)
    rti_board_start                          0x08001e0d   Thumb Code     4  components.o(.text)
    rti_board_end                            0x08001e11   Thumb Code     4  components.o(.text)
    rti_end                                  0x08001e15   Thumb Code     4  components.o(.text)
    .text                                    0x08001ebc   Section        0  idle.o(.text)
    rt_thread_idle_entry                     0x08001f33   Thumb Code     6  idle.o(.text)
    _has_defunct_thread                      0x08001f6d   Thumb Code    16  idle.o(.text)
    .text                                    0x08001f90   Section        0  ipc.o(.text)
    rt_ipc_list_suspend                      0x08001f91   Thumb Code    92  ipc.o(.text)
    rt_ipc_list_resume_all                   0x08001fed   Thumb Code    46  ipc.o(.text)
    rt_list_insert_before                    0x08002b55   Thumb Code    14  ipc.o(.text)
    rt_list_isempty                          0x08002b63   Thumb Code    14  ipc.o(.text)
    rt_ipc_list_resume                       0x08002b71   Thumb Code    14  ipc.o(.text)
    .text                                    0x08002b80   Section        0  irq.o(.text)
    .text                                    0x08002bb8   Section        0  kservice.o(.text)
    print_number                             0x08002e03   Thumb Code   292  kservice.o(.text)
    skip_atoi                                0x080032b1   Thumb Code    40  kservice.o(.text)
    .text                                    0x08003370   Section        0  mem.o(.text)
    plug_holes                               0x08003371   Thumb Code    80  mem.o(.text)
    .text                                    0x08003740   Section        0  object.o(.text)
    rt_list_insert_after                     0x0800387d   Thumb Code    14  object.o(.text)
    rt_list_remove                           0x0800388b   Thumb Code    18  object.o(.text)
    .text                                    0x080038a0   Section        0  scheduler.o(.text)
    .text                                    0x08003a34   Section        0  thread.o(.text)
    _rt_thread_init                          0x08003aa3   Thumb Code   114  thread.o(.text)
    rt_list_insert_after                     0x08003e0b   Thumb Code    26  thread.o(.text)
    rt_list_remove                           0x08003e25   Thumb Code    18  thread.o(.text)
    .text                                    0x08003e38   Section        0  timer.o(.text)
    _rt_timer_init                           0x08003e39   Thumb Code    38  timer.o(.text)
    rt_timer_list_next_timeout               0x08003e5f   Thumb Code    24  timer.o(.text)
    rt_list_insert_after                     0x080040bf   Thumb Code    14  timer.o(.text)
    rt_list_isempty                          0x080040cd   Thumb Code    14  timer.o(.text)
    _rt_timer_remove                         0x080040db   Thumb Code    34  timer.o(.text)
    .text                                    0x08004100   Section      240  context_rvds.o(.text)
    .text                                    0x080041f0   Section        0  cpuport.o(.text)
    .text                                    0x0800443c   Section        0  uidiv.o(.text)
    .text                                    0x08004468   Section       36  init.o(.text)
    i.__0printf$1                            0x0800448c   Section        0  printf1.o(i.__0printf$1)
    i.__scatterload_copy                     0x080044ac   Section       14  handlers.o(i.__scatterload_copy)
    i.__scatterload_null                     0x080044ba   Section        2  handlers.o(i.__scatterload_null)
    i.__scatterload_zeroinit                 0x080044bc   Section       14  handlers.o(i.__scatterload_zeroinit)
    i._printf_core                           0x080044cc   Section        0  printf1.o(i._printf_core)
    _printf_core                             0x080044cd   Thumb Code   336  printf1.o(i._printf_core)
    .constdata                               0x08004620   Section      290  kservice.o(.constdata)
    small_digits                             0x08004720   Data          17  kservice.o(.constdata)
    large_digits                             0x08004731   Data          17  kservice.o(.constdata)
    .rti_fn.0                                0x08004744   Section        4  components.o(.rti_fn.0)
    __tagsym$$used                           0x08004744   Number         0  components.o(.rti_fn.0)
    .rti_fn.0.end                            0x08004748   Section        4  components.o(.rti_fn.0.end)
    __tagsym$$used                           0x08004748   Number         0  components.o(.rti_fn.0.end)
    .rti_fn.1.end                            0x0800474c   Section        4  components.o(.rti_fn.1.end)
    __tagsym$$used                           0x0800474c   Number         0  components.o(.rti_fn.1.end)
    .rti_fn.6.end                            0x08004750   Section        4  components.o(.rti_fn.6.end)
    __tagsym$$used                           0x08004750   Number         0  components.o(.rti_fn.6.end)
    .data                                    0x20000000   Section       20  system_stm32f10x.o(.data)
    .data                                    0x20000014   Section       20  stm32f10x_rcc.o(.data)
    ADCPrescTable                            0x20000014   Data           4  stm32f10x_rcc.o(.data)
    APBAHBPrescTable                         0x20000018   Data          16  stm32f10x_rcc.o(.data)
    .data                                    0x20000028   Section        8  main.o(.data)
    led1_thread                              0x20000028   Data           4  main.o(.data)
    .data                                    0x20000030   Section        6  bsp_generaltim.o(.data)
    .data                                    0x20000038   Section        4  clock.o(.data)
    rt_tick                                  0x20000038   Data           4  clock.o(.data)
    .data                                    0x2000003c   Section        1  irq.o(.data)
    .data                                    0x20000040   Section        4  kservice.o(.data)
    __rt_errno                               0x20000040   Data           4  kservice.o(.data)
    .data                                    0x20000044   Section       24  mem.o(.data)
    heap_ptr                                 0x20000044   Data           4  mem.o(.data)
    heap_end                                 0x20000048   Data           4  mem.o(.data)
    lfree                                    0x2000004c   Data           4  mem.o(.data)
    mem_size_aligned                         0x20000050   Data           4  mem.o(.data)
    used_mem                                 0x20000054   Data           4  mem.o(.data)
    max_mem                                  0x20000058   Data           4  mem.o(.data)
    .data                                    0x2000005c   Section      112  object.o(.data)
    rt_object_container                      0x2000005c   Data         112  object.o(.data)
    .data                                    0x200000cc   Section       20  scheduler.o(.data)
    rt_scheduler_lock_nest                   0x200000ce   Data           2  scheduler.o(.data)
    .data                                    0x200000e0   Section       12  timer.o(.data)
    random_nr                                0x200000e0   Data           4  timer.o(.data)
    rt_timer_list                            0x200000e4   Data           8  timer.o(.data)
    .data                                    0x200000ec   Section        4  cpuport.o(.data)
    rt_exception_hook                        0x200000ec   Data           4  cpuport.o(.data)
    .data                                    0x200000f0   Section        4  cpuport.o(.data)
    .data                                    0x200000f4   Section        4  cpuport.o(.data)
    .data                                    0x200000f8   Section        4  cpuport.o(.data)
    .data                                    0x200000fc   Section        4  stdout.o(.data)
    .bss                                     0x20000100   Section     4096  board.o(.bss)
    rt_heap                                  0x20000100   Data        4096  board.o(.bss)
    .bss                                     0x20001100   Section      384  idle.o(.bss)
    idle                                     0x20001100   Data         128  idle.o(.bss)
    rt_thread_stack                          0x20001180   Data         256  idle.o(.bss)
    .bss                                     0x20001280   Section      128  kservice.o(.bss)
    rt_log_buf                               0x20001280   Data         128  kservice.o(.bss)
    .bss                                     0x20001300   Section       32  mem.o(.bss)
    heap_sem                                 0x20001300   Data          32  mem.o(.bss)
    .bss                                     0x20001320   Section       64  scheduler.o(.bss)
    STACK                                    0x20001360   Section     1024  startup_stm32f10x_hd.o(STACK)

    Global Symbols

    Symbol Name                              Value     Ov Type        Size  Object(Section)

    BuildAttributes$$THM_ISAv4$P$D$K$B$S$PE$A:L22UL41UL21$X:L11$S22US41US21$IEEE1$IW$USESV6$~STKCKD$USESV7$~SHL$OSPACE$ROPI$EBA8$MICROLIB$REQ8$PRES8$EABIv2 0x00000000   Number         0  anon$$obj.o ABSOLUTE
    __ARM_use_no_argv                        0x00000000   Number         0  main.o ABSOLUTE
    _printf_a                                0x00000000   Number         0  stubs.o ABSOLUTE
    _printf_c                                0x00000000   Number         0  stubs.o ABSOLUTE
    _printf_charcount                        0x00000000   Number         0  stubs.o ABSOLUTE
    _printf_d                                0x00000000   Number         0  stubs.o ABSOLUTE
    _printf_e                                0x00000000   Number         0  stubs.o ABSOLUTE
    _printf_f                                0x00000000   Number         0  stubs.o ABSOLUTE
    _printf_flags                            0x00000000   Number         0  stubs.o ABSOLUTE
    _printf_fp_dec                           0x00000000   Number         0  stubs.o ABSOLUTE
    _printf_fp_hex                           0x00000000   Number         0  stubs.o ABSOLUTE
    _printf_g                                0x00000000   Number         0  stubs.o ABSOLUTE
    _printf_i                                0x00000000   Number         0  stubs.o ABSOLUTE
    _printf_int_dec                          0x00000000   Number         0  stubs.o ABSOLUTE
    _printf_l                                0x00000000   Number         0  stubs.o ABSOLUTE
    _printf_lc                               0x00000000   Number         0  stubs.o ABSOLUTE
    _printf_ll                               0x00000000   Number         0  stubs.o ABSOLUTE
    _printf_lld                              0x00000000   Number         0  stubs.o ABSOLUTE
    _printf_lli                              0x00000000   Number         0  stubs.o ABSOLUTE
    _printf_llo                              0x00000000   Number         0  stubs.o ABSOLUTE
    _printf_llu                              0x00000000   Number         0  stubs.o ABSOLUTE
    _printf_llx                              0x00000000   Number         0  stubs.o ABSOLUTE
    _printf_longlong_dec                     0x00000000   Number         0  stubs.o ABSOLUTE
    _printf_longlong_hex                     0x00000000   Number         0  stubs.o ABSOLUTE
    _printf_longlong_oct                     0x00000000   Number         0  stubs.o ABSOLUTE
    _printf_ls                               0x00000000   Number         0  stubs.o ABSOLUTE
    _printf_mbtowc                           0x00000000   Number         0  stubs.o ABSOLUTE
    _printf_n                                0x00000000   Number         0  stubs.o ABSOLUTE
    _printf_o                                0x00000000   Number         0  stubs.o ABSOLUTE
    _printf_p                                0x00000000   Number         0  stubs.o ABSOLUTE
    _printf_percent                          0x00000000   Number         0  stubs.o ABSOLUTE
    _printf_pre_padding                      0x00000000   Number         0  stubs.o ABSOLUTE
    _printf_return_value                     0x00000000   Number         0  stubs.o ABSOLUTE
    _printf_s                                0x00000000   Number         0  stubs.o ABSOLUTE
    _printf_sizespec                         0x00000000   Number         0  stubs.o ABSOLUTE
    _printf_str                              0x00000000   Number         0  stubs.o ABSOLUTE
    _printf_truncate_signed                  0x00000000   Number         0  stubs.o ABSOLUTE
    _printf_truncate_unsigned                0x00000000   Number         0  stubs.o ABSOLUTE
    _printf_u                                0x00000000   Number         0  stubs.o ABSOLUTE
    _printf_wc                               0x00000000   Number         0  stubs.o ABSOLUTE
    _printf_wctomb                           0x00000000   Number         0  stubs.o ABSOLUTE
    _printf_widthprec                        0x00000000   Number         0  stubs.o ABSOLUTE
    _printf_x                                0x00000000   Number         0  stubs.o ABSOLUTE
    __arm_fini_                               - Undefined Weak Reference
    __cpp_initialize__aeabi_                  - Undefined Weak Reference
    __cxa_finalize                            - Undefined Weak Reference
    __decompress                              - Undefined Weak Reference
    _clock_init                               - Undefined Weak Reference
    _microlib_exit                            - Undefined Weak Reference
    __Vectors_Size                           0x00000130   Number         0  startup_stm32f10x_hd.o ABSOLUTE
    __Vectors                                0x08000000   Data           4  startup_stm32f10x_hd.o(RESET)
    __Vectors_End                            0x08000130   Data           0  startup_stm32f10x_hd.o(RESET)
    __main                                   0x08000131   Thumb Code     0  entry.o(.ARM.Collect$$$$00000000)
    _main_stk                                0x08000131   Thumb Code     0  entry2.o(.ARM.Collect$$$$00000001)
    _main_scatterload                        0x08000135   Thumb Code     0  entry5.o(.ARM.Collect$$$$00000004)
    __main_after_scatterload                 0x08000139   Thumb Code     0  entry5.o(.ARM.Collect$$$$00000004)
    _main_clock                              0x08000139   Thumb Code     0  entry7b.o(.ARM.Collect$$$$00000008)
    _main_cpp_init                           0x08000139   Thumb Code     0  entry8b.o(.ARM.Collect$$$$0000000A)
    _main_init                               0x08000139   Thumb Code     0  entry9a.o(.ARM.Collect$$$$0000000B)
    __rt_lib_shutdown_fini                   0x08000141   Thumb Code     0  entry12b.o(.ARM.Collect$$$$0000000E)
    __rt_final_cpp                           0x08000145   Thumb Code     0  entry10a.o(.ARM.Collect$$$$0000000F)
    __rt_final_exit                          0x08000145   Thumb Code     0  entry11a.o(.ARM.Collect$$$$00000011)
    Reset_Handler                            0x08000149   Thumb Code     8  startup_stm32f10x_hd.o(.text)
    NMI_Handler                              0x08000151   Thumb Code     2  startup_stm32f10x_hd.o(.text)
    MemManage_Handler                        0x08000155   Thumb Code     2  startup_stm32f10x_hd.o(.text)
    BusFault_Handler                         0x08000157   Thumb Code     2  startup_stm32f10x_hd.o(.text)
    UsageFault_Handler                       0x08000159   Thumb Code     2  startup_stm32f10x_hd.o(.text)
    SVC_Handler                              0x0800015b   Thumb Code     2  startup_stm32f10x_hd.o(.text)
    DebugMon_Handler                         0x0800015d   Thumb Code     2  startup_stm32f10x_hd.o(.text)
    ADC1_2_IRQHandler                        0x08000163   Thumb Code     0  startup_stm32f10x_hd.o(.text)
    ADC3_IRQHandler                          0x08000163   Thumb Code     0  startup_stm32f10x_hd.o(.text)
    CAN1_RX1_IRQHandler                      0x08000163   Thumb Code     0  startup_stm32f10x_hd.o(.text)
    CAN1_SCE_IRQHandler                      0x08000163   Thumb Code     0  startup_stm32f10x_hd.o(.text)
    DMA1_Channel1_IRQHandler                 0x08000163   Thumb Code     0  startup_stm32f10x_hd.o(.text)
    DMA1_Channel2_IRQHandler                 0x08000163   Thumb Code     0  startup_stm32f10x_hd.o(.text)
    DMA1_Channel3_IRQHandler                 0x08000163   Thumb Code     0  startup_stm32f10x_hd.o(.text)
    DMA1_Channel4_IRQHandler                 0x08000163   Thumb Code     0  startup_stm32f10x_hd.o(.text)
    DMA1_Channel5_IRQHandler                 0x08000163   Thumb Code     0  startup_stm32f10x_hd.o(.text)
    DMA1_Channel6_IRQHandler                 0x08000163   Thumb Code     0  startup_stm32f10x_hd.o(.text)
    DMA1_Channel7_IRQHandler                 0x08000163   Thumb Code     0  startup_stm32f10x_hd.o(.text)
    DMA2_Channel1_IRQHandler                 0x08000163   Thumb Code     0  startup_stm32f10x_hd.o(.text)
    DMA2_Channel2_IRQHandler                 0x08000163   Thumb Code     0  startup_stm32f10x_hd.o(.text)
    DMA2_Channel3_IRQHandler                 0x08000163   Thumb Code     0  startup_stm32f10x_hd.o(.text)
    DMA2_Channel4_5_IRQHandler               0x08000163   Thumb Code     0  startup_stm32f10x_hd.o(.text)
    EXTI0_IRQHandler                         0x08000163   Thumb Code     0  startup_stm32f10x_hd.o(.text)
    EXTI15_10_IRQHandler                     0x08000163   Thumb Code     0  startup_stm32f10x_hd.o(.text)
    EXTI1_IRQHandler                         0x08000163   Thumb Code     0  startup_stm32f10x_hd.o(.text)
    EXTI2_IRQHandler                         0x08000163   Thumb Code     0  startup_stm32f10x_hd.o(.text)
    EXTI3_IRQHandler                         0x08000163   Thumb Code     0  startup_stm32f10x_hd.o(.text)
    EXTI4_IRQHandler                         0x08000163   Thumb Code     0  startup_stm32f10x_hd.o(.text)
    EXTI9_5_IRQHandler                       0x08000163   Thumb Code     0  startup_stm32f10x_hd.o(.text)
    FLASH_IRQHandler                         0x08000163   Thumb Code     0  startup_stm32f10x_hd.o(.text)
    FSMC_IRQHandler                          0x08000163   Thumb Code     0  startup_stm32f10x_hd.o(.text)
    I2C1_ER_IRQHandler                       0x08000163   Thumb Code     0  startup_stm32f10x_hd.o(.text)
    I2C1_EV_IRQHandler                       0x08000163   Thumb Code     0  startup_stm32f10x_hd.o(.text)
    I2C2_ER_IRQHandler                       0x08000163   Thumb Code     0  startup_stm32f10x_hd.o(.text)
    I2C2_EV_IRQHandler                       0x08000163   Thumb Code     0  startup_stm32f10x_hd.o(.text)
    PVD_IRQHandler                           0x08000163   Thumb Code     0  startup_stm32f10x_hd.o(.text)
    RCC_IRQHandler                           0x08000163   Thumb Code     0  startup_stm32f10x_hd.o(.text)
    RTCAlarm_IRQHandler                      0x08000163   Thumb Code     0  startup_stm32f10x_hd.o(.text)
    RTC_IRQHandler                           0x08000163   Thumb Code     0  startup_stm32f10x_hd.o(.text)
    SDIO_IRQHandler                          0x08000163   Thumb Code     0  startup_stm32f10x_hd.o(.text)
    SPI1_IRQHandler                          0x08000163   Thumb Code     0  startup_stm32f10x_hd.o(.text)
    SPI2_IRQHandler                          0x08000163   Thumb Code     0  startup_stm32f10x_hd.o(.text)
    SPI3_IRQHandler                          0x08000163   Thumb Code     0  startup_stm32f10x_hd.o(.text)
    TAMPER_IRQHandler                        0x08000163   Thumb Code     0  startup_stm32f10x_hd.o(.text)
    TIM1_BRK_IRQHandler                      0x08000163   Thumb Code     0  startup_stm32f10x_hd.o(.text)
    TIM1_CC_IRQHandler                       0x08000163   Thumb Code     0  startup_stm32f10x_hd.o(.text)
    TIM1_TRG_COM_IRQHandler                  0x08000163   Thumb Code     0  startup_stm32f10x_hd.o(.text)
    TIM1_UP_IRQHandler                       0x08000163   Thumb Code     0  startup_stm32f10x_hd.o(.text)
    TIM2_IRQHandler                          0x08000163   Thumb Code     0  startup_stm32f10x_hd.o(.text)
    TIM3_IRQHandler                          0x08000163   Thumb Code     0  startup_stm32f10x_hd.o(.text)
    TIM4_IRQHandler                          0x08000163   Thumb Code     0  startup_stm32f10x_hd.o(.text)
    TIM6_IRQHandler                          0x08000163   Thumb Code     0  startup_stm32f10x_hd.o(.text)
    TIM7_IRQHandler                          0x08000163   Thumb Code     0  startup_stm32f10x_hd.o(.text)
    TIM8_BRK_IRQHandler                      0x08000163   Thumb Code     0  startup_stm32f10x_hd.o(.text)
    TIM8_CC_IRQHandler                       0x08000163   Thumb Code     0  startup_stm32f10x_hd.o(.text)
    TIM8_TRG_COM_IRQHandler                  0x08000163   Thumb Code     0  startup_stm32f10x_hd.o(.text)
    TIM8_UP_IRQHandler                       0x08000163   Thumb Code     0  startup_stm32f10x_hd.o(.text)
    UART4_IRQHandler                         0x08000163   Thumb Code     0  startup_stm32f10x_hd.o(.text)
    UART5_IRQHandler                         0x08000163   Thumb Code     0  startup_stm32f10x_hd.o(.text)
    USART1_IRQHandler                        0x08000163   Thumb Code     0  startup_stm32f10x_hd.o(.text)
    USART2_IRQHandler                        0x08000163   Thumb Code     0  startup_stm32f10x_hd.o(.text)
    USART3_IRQHandler                        0x08000163   Thumb Code     0  startup_stm32f10x_hd.o(.text)
    USBWakeUp_IRQHandler                     0x08000163   Thumb Code     0  startup_stm32f10x_hd.o(.text)
    USB_HP_CAN1_TX_IRQHandler                0x08000163   Thumb Code     0  startup_stm32f10x_hd.o(.text)
    USB_LP_CAN1_RX0_IRQHandler               0x08000163   Thumb Code     0  startup_stm32f10x_hd.o(.text)
    WWDG_IRQHandler                          0x08000163   Thumb Code     0  startup_stm32f10x_hd.o(.text)
    SystemInit                               0x08000215   Thumb Code    64  system_stm32f10x.o(.text)
    SystemCoreClockUpdate                    0x08000255   Thumb Code   106  system_stm32f10x.o(.text)
    NVIC_PriorityGroupConfig                 0x080002e1   Thumb Code    10  misc.o(.text)
    NVIC_Init                                0x080002eb   Thumb Code    96  misc.o(.text)
    NVIC_SetVectorTable                      0x0800034b   Thumb Code    14  misc.o(.text)
    NVIC_SystemLPConfig                      0x08000359   Thumb Code    24  misc.o(.text)
    SysTick_CLKSourceConfig                  0x08000371   Thumb Code    28  misc.o(.text)
    GPIO_DeInit                              0x08000399   Thumb Code   188  stm32f10x_gpio.o(.text)
    GPIO_AFIODeInit                          0x08000455   Thumb Code    22  stm32f10x_gpio.o(.text)
    GPIO_Init                                0x0800046b   Thumb Code   166  stm32f10x_gpio.o(.text)
    GPIO_StructInit                          0x08000511   Thumb Code    16  stm32f10x_gpio.o(.text)
    GPIO_ReadInputDataBit                    0x08000521   Thumb Code    14  stm32f10x_gpio.o(.text)
    GPIO_ReadInputData                       0x0800052f   Thumb Code     6  stm32f10x_gpio.o(.text)
    GPIO_ReadOutputDataBit                   0x08000535   Thumb Code    14  stm32f10x_gpio.o(.text)
    GPIO_ReadOutputData                      0x08000543   Thumb Code     6  stm32f10x_gpio.o(.text)
    GPIO_SetBits                             0x08000549   Thumb Code     4  stm32f10x_gpio.o(.text)
    GPIO_ResetBits                           0x0800054d   Thumb Code     4  stm32f10x_gpio.o(.text)
    GPIO_WriteBit                            0x08000551   Thumb Code    12  stm32f10x_gpio.o(.text)
    GPIO_Write                               0x0800055d   Thumb Code     4  stm32f10x_gpio.o(.text)
    GPIO_PinLockConfig                       0x08000561   Thumb Code    16  stm32f10x_gpio.o(.text)
    GPIO_EventOutputConfig                   0x08000571   Thumb Code    22  stm32f10x_gpio.o(.text)
    GPIO_EventOutputCmd                      0x08000587   Thumb Code     6  stm32f10x_gpio.o(.text)
    GPIO_PinRemapConfig                      0x0800058d   Thumb Code    86  stm32f10x_gpio.o(.text)
    GPIO_EXTILineConfig                      0x080005e3   Thumb Code    34  stm32f10x_gpio.o(.text)
    GPIO_ETH_MediaInterfaceConfig            0x08000605   Thumb Code     8  stm32f10x_gpio.o(.text)
    RCC_DeInit                               0x08000631   Thumb Code    50  stm32f10x_rcc.o(.text)
    RCC_HSEConfig                            0x08000663   Thumb Code    50  stm32f10x_rcc.o(.text)
    RCC_GetFlagStatus                        0x08000695   Thumb Code    42  stm32f10x_rcc.o(.text)
    RCC_WaitForHSEStartUp                    0x080006bf   Thumb Code    48  stm32f10x_rcc.o(.text)
    RCC_AdjustHSICalibrationValue            0x080006ef   Thumb Code    16  stm32f10x_rcc.o(.text)
    RCC_HSICmd                               0x080006ff   Thumb Code     6  stm32f10x_rcc.o(.text)
    RCC_PLLConfig                            0x08000705   Thumb Code    16  stm32f10x_rcc.o(.text)
    RCC_PLLCmd                               0x08000715   Thumb Code     6  stm32f10x_rcc.o(.text)
    RCC_SYSCLKConfig                         0x0800071b   Thumb Code    14  stm32f10x_rcc.o(.text)
    RCC_GetSYSCLKSource                      0x08000729   Thumb Code    10  stm32f10x_rcc.o(.text)
    RCC_HCLKConfig                           0x08000733   Thumb Code    14  stm32f10x_rcc.o(.text)
    RCC_PCLK1Config                          0x08000741   Thumb Code    14  stm32f10x_rcc.o(.text)
    RCC_PCLK2Config                          0x0800074f   Thumb Code    16  stm32f10x_rcc.o(.text)
    RCC_ITConfig                             0x0800075f   Thumb Code    22  stm32f10x_rcc.o(.text)
    RCC_USBCLKConfig                         0x08000775   Thumb Code     8  stm32f10x_rcc.o(.text)
    RCC_ADCCLKConfig                         0x0800077d   Thumb Code    14  stm32f10x_rcc.o(.text)
    RCC_LSEConfig                            0x0800078b   Thumb Code    36  stm32f10x_rcc.o(.text)
    RCC_LSICmd                               0x080007af   Thumb Code     6  stm32f10x_rcc.o(.text)
    RCC_RTCCLKConfig                         0x080007b5   Thumb Code    10  stm32f10x_rcc.o(.text)
    RCC_RTCCLKCmd                            0x080007bf   Thumb Code     8  stm32f10x_rcc.o(.text)
    RCC_GetClocksFreq                        0x080007c7   Thumb Code   154  stm32f10x_rcc.o(.text)
    RCC_AHBPeriphClockCmd                    0x08000861   Thumb Code    22  stm32f10x_rcc.o(.text)
    RCC_APB2PeriphClockCmd                   0x08000877   Thumb Code    22  stm32f10x_rcc.o(.text)
    RCC_APB1PeriphClockCmd                   0x0800088d   Thumb Code    22  stm32f10x_rcc.o(.text)
    RCC_APB2PeriphResetCmd                   0x080008a3   Thumb Code    22  stm32f10x_rcc.o(.text)
    RCC_APB1PeriphResetCmd                   0x080008b9   Thumb Code    22  stm32f10x_rcc.o(.text)
    RCC_BackupResetCmd                       0x080008cf   Thumb Code     8  stm32f10x_rcc.o(.text)
    RCC_ClockSecuritySystemCmd               0x080008d7   Thumb Code     6  stm32f10x_rcc.o(.text)
    RCC_MCOConfig                            0x080008dd   Thumb Code     6  stm32f10x_rcc.o(.text)
    RCC_ClearFlag                            0x080008e3   Thumb Code    12  stm32f10x_rcc.o(.text)
    RCC_GetITStatus                          0x080008ef   Thumb Code    16  stm32f10x_rcc.o(.text)
    RCC_ClearITPendingBit                    0x080008ff   Thumb Code     6  stm32f10x_rcc.o(.text)
    TIM_DeInit                               0x08000925   Thumb Code   464  stm32f10x_tim.o(.text)
    TIM_TimeBaseInit                         0x08000af5   Thumb Code   114  stm32f10x_tim.o(.text)
    TIM_OC1Init                              0x08000b67   Thumb Code   114  stm32f10x_tim.o(.text)
    TIM_OC2Init                              0x08000bd9   Thumb Code   128  stm32f10x_tim.o(.text)
    TIM_OC3Init                              0x08000c59   Thumb Code   124  stm32f10x_tim.o(.text)
    TIM_OC4Init                              0x08000cd5   Thumb Code   160  stm32f10x_tim.o(.text)
    TIM_SetIC4Prescaler                      0x08000d75   Thumb Code    24  stm32f10x_tim.o(.text)
    TIM_SetIC3Prescaler                      0x08000df3   Thumb Code    16  stm32f10x_tim.o(.text)
    TIM_SetIC2Prescaler                      0x08000e65   Thumb Code    24  stm32f10x_tim.o(.text)
    TIM_SetIC1Prescaler                      0x08000ee3   Thumb Code    16  stm32f10x_tim.o(.text)
    TIM_ICInit                               0x08000f51   Thumb Code   114  stm32f10x_tim.o(.text)
    TIM_PWMIConfig                           0x08000fc3   Thumb Code   106  stm32f10x_tim.o(.text)
    TIM_BDTRConfig                           0x0800102d   Thumb Code    34  stm32f10x_tim.o(.text)
    TIM_TimeBaseStructInit                   0x0800104f   Thumb Code    18  stm32f10x_tim.o(.text)
    TIM_OCStructInit                         0x08001061   Thumb Code    20  stm32f10x_tim.o(.text)
    TIM_ICStructInit                         0x08001075   Thumb Code    16  stm32f10x_tim.o(.text)
    TIM_BDTRStructInit                       0x08001085   Thumb Code    18  stm32f10x_tim.o(.text)
    TIM_Cmd                                  0x08001097   Thumb Code    24  stm32f10x_tim.o(.text)
    TIM_CtrlPWMOutputs                       0x080010af   Thumb Code    28  stm32f10x_tim.o(.text)
    TIM_ITConfig                             0x080010cb   Thumb Code    20  stm32f10x_tim.o(.text)
    TIM_GenerateEvent                        0x080010df   Thumb Code     4  stm32f10x_tim.o(.text)
    TIM_DMAConfig                            0x080010e3   Thumb Code     8  stm32f10x_tim.o(.text)
    TIM_DMACmd                               0x080010eb   Thumb Code    20  stm32f10x_tim.o(.text)
    TIM_InternalClockConfig                  0x080010ff   Thumb Code    10  stm32f10x_tim.o(.text)
    TIM_SelectInputTrigger                   0x08001109   Thumb Code    12  stm32f10x_tim.o(.text)
    TIM_ITRxExternalClockConfig              0x08001115   Thumb Code    20  stm32f10x_tim.o(.text)
    TIM_TIxExternalClockConfig               0x08001129   Thumb Code    48  stm32f10x_tim.o(.text)
    TIM_ETRConfig                            0x08001159   Thumb Code    24  stm32f10x_tim.o(.text)
    TIM_ETRClockMode1Config                  0x08001171   Thumb Code    52  stm32f10x_tim.o(.text)
    TIM_ETRClockMode2Config                  0x080011a5   Thumb Code    20  stm32f10x_tim.o(.text)
    TIM_PrescalerConfig                      0x080011b9   Thumb Code     6  stm32f10x_tim.o(.text)
    TIM_CounterModeConfig                    0x080011bf   Thumb Code    12  stm32f10x_tim.o(.text)
    TIM_EncoderInterfaceConfig               0x080011cb   Thumb Code    50  stm32f10x_tim.o(.text)
    TIM_ForcedOC1Config                      0x080011fd   Thumb Code    12  stm32f10x_tim.o(.text)
    TIM_ForcedOC2Config                      0x08001209   Thumb Code    20  stm32f10x_tim.o(.text)
    TIM_ForcedOC3Config                      0x0800121d   Thumb Code    12  stm32f10x_tim.o(.text)
    TIM_ForcedOC4Config                      0x08001229   Thumb Code    20  stm32f10x_tim.o(.text)
    TIM_ARRPreloadConfig                     0x0800123d   Thumb Code    24  stm32f10x_tim.o(.text)
    TIM_SelectCOM                            0x08001255   Thumb Code    24  stm32f10x_tim.o(.text)
    TIM_SelectCCDMA                          0x0800126d   Thumb Code    24  stm32f10x_tim.o(.text)
    TIM_CCPreloadControl                     0x08001285   Thumb Code    24  stm32f10x_tim.o(.text)
    TIM_OC1PreloadConfig                     0x0800129d   Thumb Code    12  stm32f10x_tim.o(.text)
    TIM_OC2PreloadConfig                     0x080012a9   Thumb Code    20  stm32f10x_tim.o(.text)
    TIM_OC3PreloadConfig                     0x080012bd   Thumb Code    12  stm32f10x_tim.o(.text)
    TIM_OC4PreloadConfig                     0x080012c9   Thumb Code    20  stm32f10x_tim.o(.text)
    TIM_OC1FastConfig                        0x080012dd   Thumb Code    12  stm32f10x_tim.o(.text)
    TIM_OC2FastConfig                        0x080012e9   Thumb Code    20  stm32f10x_tim.o(.text)
    TIM_OC3FastConfig                        0x080012fd   Thumb Code    12  stm32f10x_tim.o(.text)
    TIM_OC4FastConfig                        0x08001309   Thumb Code    20  stm32f10x_tim.o(.text)
    TIM_ClearOC1Ref                          0x0800131d   Thumb Code    12  stm32f10x_tim.o(.text)
    TIM_ClearOC2Ref                          0x08001329   Thumb Code    20  stm32f10x_tim.o(.text)
    TIM_ClearOC3Ref                          0x0800133d   Thumb Code    12  stm32f10x_tim.o(.text)
    TIM_ClearOC4Ref                          0x08001349   Thumb Code    20  stm32f10x_tim.o(.text)
    TIM_OC1PolarityConfig                    0x0800135d   Thumb Code    12  stm32f10x_tim.o(.text)
    TIM_OC1NPolarityConfig                   0x08001369   Thumb Code    12  stm32f10x_tim.o(.text)
    TIM_OC2PolarityConfig                    0x08001375   Thumb Code    20  stm32f10x_tim.o(.text)
    TIM_OC2NPolarityConfig                   0x08001389   Thumb Code    20  stm32f10x_tim.o(.text)
    TIM_OC3PolarityConfig                    0x0800139d   Thumb Code    20  stm32f10x_tim.o(.text)
    TIM_OC3NPolarityConfig                   0x080013b1   Thumb Code    20  stm32f10x_tim.o(.text)
    TIM_OC4PolarityConfig                    0x080013c5   Thumb Code    20  stm32f10x_tim.o(.text)
    TIM_CCxCmd                               0x080013d9   Thumb Code    22  stm32f10x_tim.o(.text)
    TIM_CCxNCmd                              0x080013ef   Thumb Code    22  stm32f10x_tim.o(.text)
    TIM_SelectOCxM                           0x08001405   Thumb Code    76  stm32f10x_tim.o(.text)
    TIM_UpdateDisableConfig                  0x08001451   Thumb Code    24  stm32f10x_tim.o(.text)
    TIM_UpdateRequestConfig                  0x08001469   Thumb Code    24  stm32f10x_tim.o(.text)
    TIM_SelectHallSensor                     0x08001481   Thumb Code    24  stm32f10x_tim.o(.text)
    TIM_SelectOnePulseMode                   0x08001499   Thumb Code    16  stm32f10x_tim.o(.text)
    TIM_SelectOutputTrigger                  0x080014a9   Thumb Code    16  stm32f10x_tim.o(.text)
    TIM_SelectSlaveMode                      0x080014b9   Thumb Code    16  stm32f10x_tim.o(.text)
    TIM_SelectMasterSlaveMode                0x080014c9   Thumb Code    16  stm32f10x_tim.o(.text)
    TIM_SetCounter                           0x080014d9   Thumb Code     4  stm32f10x_tim.o(.text)
    TIM_SetAutoreload                        0x080014dd   Thumb Code     4  stm32f10x_tim.o(.text)
    TIM_SetCompare1                          0x080014e1   Thumb Code     4  stm32f10x_tim.o(.text)
    TIM_SetCompare2                          0x080014e5   Thumb Code     4  stm32f10x_tim.o(.text)
    TIM_SetCompare3                          0x080014e9   Thumb Code     4  stm32f10x_tim.o(.text)
    TIM_SetCompare4                          0x080014ed   Thumb Code     6  stm32f10x_tim.o(.text)
    TIM_SetClockDivision                     0x080014f3   Thumb Code    16  stm32f10x_tim.o(.text)
    TIM_GetCapture1                          0x08001503   Thumb Code     4  stm32f10x_tim.o(.text)
    TIM_GetCapture2                          0x08001507   Thumb Code     4  stm32f10x_tim.o(.text)
    TIM_GetCapture3                          0x0800150b   Thumb Code     4  stm32f10x_tim.o(.text)
    TIM_GetCapture4                          0x0800150f   Thumb Code     6  stm32f10x_tim.o(.text)
    TIM_GetCounter                           0x08001515   Thumb Code     4  stm32f10x_tim.o(.text)
    TIM_GetPrescaler                         0x08001519   Thumb Code     4  stm32f10x_tim.o(.text)
    TIM_GetFlagStatus                        0x0800151d   Thumb Code    14  stm32f10x_tim.o(.text)
    TIM_ClearFlag                            0x0800152b   Thumb Code     6  stm32f10x_tim.o(.text)
    TIM_GetITStatus                          0x08001531   Thumb Code    24  stm32f10x_tim.o(.text)
    TIM_ClearITPendingBit                    0x08001549   Thumb Code     6  stm32f10x_tim.o(.text)
    USART_DeInit                             0x08001551   Thumb Code   144  stm32f10x_usart.o(.text)
    USART_Init                               0x080015e1   Thumb Code   182  stm32f10x_usart.o(.text)
    USART_StructInit                         0x08001697   Thumb Code    22  stm32f10x_usart.o(.text)
    USART_ClockInit                          0x080016ad   Thumb Code    30  stm32f10x_usart.o(.text)
    USART_ClockStructInit                    0x080016cb   Thumb Code    12  stm32f10x_usart.o(.text)
    USART_Cmd                                0x080016d7   Thumb Code    24  stm32f10x_usart.o(.text)
    USART_ITConfig                           0x080016ef   Thumb Code    54  stm32f10x_usart.o(.text)
    USART_DMACmd                             0x08001725   Thumb Code    20  stm32f10x_usart.o(.text)
    USART_SetAddress                         0x08001739   Thumb Code    16  stm32f10x_usart.o(.text)
    USART_WakeUpConfig                       0x08001749   Thumb Code    16  stm32f10x_usart.o(.text)
    USART_ReceiverWakeUpCmd                  0x08001759   Thumb Code    24  stm32f10x_usart.o(.text)
    USART_LINBreakDetectLengthConfig         0x08001771   Thumb Code    16  stm32f10x_usart.o(.text)
    USART_LINCmd                             0x08001781   Thumb Code    24  stm32f10x_usart.o(.text)
    USART_SendData                           0x08001799   Thumb Code     8  stm32f10x_usart.o(.text)
    USART_ReceiveData                        0x080017a1   Thumb Code     8  stm32f10x_usart.o(.text)
    USART_SendBreak                          0x080017a9   Thumb Code    10  stm32f10x_usart.o(.text)
    USART_SetGuardTime                       0x080017b3   Thumb Code    16  stm32f10x_usart.o(.text)
    USART_SetPrescaler                       0x080017c3   Thumb Code    16  stm32f10x_usart.o(.text)
    USART_SmartCardCmd                       0x080017d3   Thumb Code    24  stm32f10x_usart.o(.text)
    USART_SmartCardNACKCmd                   0x080017eb   Thumb Code    24  stm32f10x_usart.o(.text)
    USART_HalfDuplexCmd                      0x08001803   Thumb Code    24  stm32f10x_usart.o(.text)
    USART_OverSampling8Cmd                   0x0800181b   Thumb Code    24  stm32f10x_usart.o(.text)
    USART_OneBitMethodCmd                    0x08001833   Thumb Code    24  stm32f10x_usart.o(.text)
    USART_IrDAConfig                         0x0800184b   Thumb Code    16  stm32f10x_usart.o(.text)
    USART_IrDACmd                            0x0800185b   Thumb Code    24  stm32f10x_usart.o(.text)
    USART_GetFlagStatus                      0x08001873   Thumb Code    14  stm32f10x_usart.o(.text)
    USART_ClearFlag                          0x08001881   Thumb Code     8  stm32f10x_usart.o(.text)
    USART_GetITStatus                        0x08001889   Thumb Code    64  stm32f10x_usart.o(.text)
    USART_ClearITPendingBit                  0x080018c9   Thumb Code    16  stm32f10x_usart.o(.text)
    $Super$$main                             0x08001935   Thumb Code    64  main.o(.text)
    TIM5_IRQHandler                          0x080019cd   Thumb Code   120  stm32f10x_it.o(.text)
    rt_heap_begin_get                        0x08001a51   Thumb Code     4  board.o(.text)
    rt_heap_end_get                          0x08001a55   Thumb Code     4  board.o(.text)
    rt_hw_board_init                         0x08001a59   Thumb Code    82  board.o(.text)
    SysTick_Handler                          0x08001aab   Thumb Code    18  board.o(.text)
    rt_hw_console_output                     0x08001abd   Thumb Code    72  board.o(.text)
    LED_GPIO_Config                          0x08001b19   Thumb Code    92  bsp_led.o(.text)
    USART_Config                             0x08001b79   Thumb Code   122  bsp_usart.o(.text)
    Usart_SendByte                           0x08001bf3   Thumb Code    24  bsp_usart.o(.text)
    Usart_SendArray                          0x08001c0b   Thumb Code    46  bsp_usart.o(.text)
    Usart_SendString                         0x08001c39   Thumb Code    38  bsp_usart.o(.text)
    Usart_SendHalfWord                       0x08001c5f   Thumb Code    50  bsp_usart.o(.text)
    fputc                                    0x08001c91   Thumb Code    30  bsp_usart.o(.text)
    fgetc                                    0x08001caf   Thumb Code    26  bsp_usart.o(.text)
    GENERAL_TIM_Init                         0x08001d89   Thumb Code    16  bsp_generaltim.o(.text)
    rt_system_tick_init                      0x08001da1   Thumb Code     2  clock.o(.text)
    rt_tick_get                              0x08001da3   Thumb Code     6  clock.o(.text)
    rt_tick_set                              0x08001da9   Thumb Code    20  clock.o(.text)
    rt_tick_increase                         0x08001dbd   Thumb Code    38  clock.o(.text)
    rt_tick_from_millisecond                 0x08001de3   Thumb Code    34  clock.o(.text)
    rt_components_board_init                 0x08001e19   Thumb Code    20  components.o(.text)
    rt_components_init                       0x08001e2d   Thumb Code    20  components.o(.text)
    main_thread_entry                        0x08001e41   Thumb Code    14  components.o(.text)
    rt_application_init                      0x08001e4f   Thumb Code    32  components.o(.text)
    rtthread_startup                         0x08001e6f   Thumb Code    42  components.o(.text)
    main                                     0x08001e99   Thumb Code    14  components.o(.text)
    rt_thread_idle_excute                    0x08001ebd   Thumb Code   118  idle.o(.text)
    rt_thread_idle_init                      0x08001f39   Thumb Code    46  idle.o(.text)
    rt_thread_idle_gethandler                0x08001f67   Thumb Code     6  idle.o(.text)
    rt_sem_init                              0x0800201b   Thumb Code    36  ipc.o(.text)
    rt_sem_detach                            0x0800203f   Thumb Code    22  ipc.o(.text)
    rt_sem_create                            0x08002055   Thumb Code    32  ipc.o(.text)
    rt_sem_delete                            0x08002075   Thumb Code    22  ipc.o(.text)
    rt_sem_take                              0x0800208b   Thumb Code   110  ipc.o(.text)
    rt_sem_trytake                           0x080020f9   Thumb Code     4  ipc.o(.text)
    rt_sem_release                           0x080020fd   Thumb Code    62  ipc.o(.text)
    rt_sem_control                           0x0800213b   Thumb Code    46  ipc.o(.text)
    rt_mutex_init                            0x08002169   Thumb Code    42  ipc.o(.text)
    rt_mutex_detach                          0x08002193   Thumb Code    22  ipc.o(.text)
    rt_mutex_create                          0x080021a9   Thumb Code    42  ipc.o(.text)
    rt_mutex_delete                          0x080021d3   Thumb Code    22  ipc.o(.text)
    rt_mutex_take                            0x080021e9   Thumb Code   184  ipc.o(.text)
    rt_mutex_release                         0x080022a1   Thumb Code   144  ipc.o(.text)
    rt_mutex_control                         0x08002331   Thumb Code     6  ipc.o(.text)
    rt_event_init                            0x08002337   Thumb Code    32  ipc.o(.text)
    rt_event_detach                          0x08002357   Thumb Code    22  ipc.o(.text)
    rt_event_create                          0x0800236d   Thumb Code    32  ipc.o(.text)
    rt_event_delete                          0x0800238d   Thumb Code    22  ipc.o(.text)
    rt_event_send                            0x080023a3   Thumb Code   144  ipc.o(.text)
    rt_event_recv                            0x08002433   Thumb Code   208  ipc.o(.text)
    rt_event_control                         0x08002503   Thumb Code    46  ipc.o(.text)
    rt_mb_init                               0x08002531   Thumb Code    52  ipc.o(.text)
    rt_mb_detach                             0x08002565   Thumb Code    30  ipc.o(.text)
    rt_mb_create                             0x08002583   Thumb Code    76  ipc.o(.text)
    rt_mb_delete                             0x080025cf   Thumb Code    36  ipc.o(.text)
    rt_mb_send_wait                          0x080025f3   Thumb Code   242  ipc.o(.text)
    rt_mb_send                               0x080026e5   Thumb Code     4  ipc.o(.text)
    rt_mb_recv                               0x080026e9   Thumb Code   242  ipc.o(.text)
    rt_mb_control                            0x080027db   Thumb Code    58  ipc.o(.text)
    rt_mq_init                               0x08002815   Thumb Code    98  ipc.o(.text)
    rt_mq_detach                             0x08002877   Thumb Code    22  ipc.o(.text)
    rt_mq_delete                             0x0800288d   Thumb Code    28  ipc.o(.text)
    rt_mq_create                             0x080028a9   Thumb Code   114  ipc.o(.text)
    rt_mq_send                               0x0800291b   Thumb Code   132  ipc.o(.text)
    rt_mq_urgent                             0x0800299f   Thumb Code   126  ipc.o(.text)
    rt_mq_recv                               0x08002a1d   Thumb Code   240  ipc.o(.text)
    rt_mq_control                            0x08002b0d   Thumb Code    72  ipc.o(.text)
    rt_interrupt_enter                       0x08002b81   Thumb Code    22  irq.o(.text)
    rt_interrupt_leave                       0x08002b97   Thumb Code    22  irq.o(.text)
    rt_interrupt_get_nest                    0x08002bad   Thumb Code     6  irq.o(.text)
    rt_get_errno                             0x08002bb9   Thumb Code    28  kservice.o(.text)
    rt_set_errno                             0x08002bd5   Thumb Code    30  kservice.o(.text)
    _rt_errno                                0x08002bf3   Thumb Code    26  kservice.o(.text)
    rt_memset                                0x08002c0d   Thumb Code    70  kservice.o(.text)
    rt_memcpy                                0x08002c53   Thumb Code    78  kservice.o(.text)
    rt_memmove                               0x08002ca1   Thumb Code    52  kservice.o(.text)
    rt_memcmp                                0x08002cd5   Thumb Code    28  kservice.o(.text)
    rt_strlen                                0x08002cf1   Thumb Code    16  kservice.o(.text)
    rt_strstr                                0x08002d01   Thumb Code    60  kservice.o(.text)
    rt_strcasecmp                            0x08002d3d   Thumb Code    42  kservice.o(.text)
    rt_strncpy                               0x08002d67   Thumb Code    38  kservice.o(.text)
    rt_strncmp                               0x08002d8d   Thumb Code    32  kservice.o(.text)
    rt_strcmp                                0x08002dad   Thumb Code    24  kservice.o(.text)
    rt_strnlen                               0x08002dc5   Thumb Code    20  kservice.o(.text)
    rt_strdup                                0x08002dd9   Thumb Code    40  kservice.o(.text)
    rt_vsnprintf                             0x08002f27   Thumb Code   654  kservice.o(.text)
    rt_kprintf                               0x080031b5   Thumb Code    30  kservice.o(.text)
    rt_show_version                          0x080031d3   Thumb Code    38  kservice.o(.text)
    rt_snprintf                              0x080031f9   Thumb Code    18  kservice.o(.text)
    rt_vsprintf                              0x0800320b   Thumb Code    16  kservice.o(.text)
    rt_sprintf                               0x0800321b   Thumb Code    14  kservice.o(.text)
    rt_kputs                                 0x08003229   Thumb Code    12  kservice.o(.text)
    rt_malloc_align                          0x08003235   Thumb Code    50  kservice.o(.text)
    rt_free_align                            0x08003267   Thumb Code     8  kservice.o(.text)
    __rt_ffs                                 0x0800326f   Thumb Code    66  kservice.o(.text)
    rt_system_heap_init                      0x080033c1   Thumb Code   100  mem.o(.text)
    rt_malloc                                0x08003425   Thumb Code   252  mem.o(.text)
    rt_free                                  0x08003521   Thumb Code   112  mem.o(.text)
    rt_realloc                               0x08003591   Thumb Code   224  mem.o(.text)
    rt_calloc                                0x08003671   Thumb Code    28  mem.o(.text)
    rt_memory_info                           0x0800368d   Thumb Code    28  mem.o(.text)
    rt_system_object_init                    0x08003741   Thumb Code     2  object.o(.text)
    rt_object_get_information                0x08003743   Thumb Code    30  object.o(.text)
    rt_object_init                           0x08003761   Thumb Code    60  object.o(.text)
    rt_object_detach                         0x0800379d   Thumb Code    28  object.o(.text)
    rt_object_allocate                       0x080037b9   Thumb Code    74  object.o(.text)
    rt_object_delete                         0x08003803   Thumb Code    34  object.o(.text)
    rt_object_is_systemobject                0x08003825   Thumb Code    14  object.o(.text)
    rt_object_find                           0x08003833   Thumb Code    74  object.o(.text)
    rt_system_scheduler_init                 0x080038a1   Thumb Code    44  scheduler.o(.text)
    rt_system_scheduler_start                0x080038cd   Thumb Code    32  scheduler.o(.text)
    rt_schedule                              0x080038ed   Thumb Code   102  scheduler.o(.text)
    rt_schedule_insert_thread                0x08003953   Thumb Code    68  scheduler.o(.text)
    rt_schedule_remove_thread                0x08003997   Thumb Code    74  scheduler.o(.text)
    rt_enter_critical                        0x080039e1   Thumb Code    22  scheduler.o(.text)
    rt_exit_critical                         0x080039f7   Thumb Code    42  scheduler.o(.text)
    rt_critical_level                        0x08003a21   Thumb Code     8  scheduler.o(.text)
    rt_thread_exit                           0x08003a35   Thumb Code    78  thread.o(.text)
    rt_thread_timeout                        0x08003a83   Thumb Code    32  thread.o(.text)
    rt_thread_init                           0x08003b15   Thumb Code    56  thread.o(.text)
    rt_thread_self                           0x08003b4d   Thumb Code     6  thread.o(.text)
    rt_thread_resume                         0x08003b53   Thumb Code    60  thread.o(.text)
    rt_thread_startup                        0x08003b8f   Thumb Code    38  thread.o(.text)
    rt_thread_detach                         0x08003bb5   Thumb Code    68  thread.o(.text)
    rt_thread_create                         0x08003bf9   Thumb Code    76  thread.o(.text)
    rt_thread_delete                         0x08003c45   Thumb Code    58  thread.o(.text)
    rt_thread_yield                          0x08003c7f   Thumb Code    88  thread.o(.text)
    rt_thread_suspend                        0x08003cd7   Thumb Code    66  thread.o(.text)
    rt_thread_sleep                          0x08003d19   Thumb Code    60  thread.o(.text)
    rt_thread_delay                          0x08003d55   Thumb Code     2  thread.o(.text)
    rt_thread_control                        0x08003d57   Thumb Code   102  thread.o(.text)
    rt_thread_find                           0x08003dbd   Thumb Code    78  thread.o(.text)
    rt_timer_init                            0x08003e77   Thumb Code    42  timer.o(.text)
    rt_timer_detach                          0x08003ea1   Thumb Code    32  timer.o(.text)
    rt_timer_create                          0x08003ec1   Thumb Code    46  timer.o(.text)
    rt_timer_delete                          0x08003eef   Thumb Code    32  timer.o(.text)
    rt_timer_start                           0x08003f0f   Thumb Code   206  timer.o(.text)
    rt_timer_stop                            0x08003fdd   Thumb Code    46  timer.o(.text)
    rt_timer_control                         0x0800400b   Thumb Code    52  timer.o(.text)
    rt_timer_check                           0x0800403f   Thumb Code   102  timer.o(.text)
    rt_timer_next_timeout_tick               0x080040a5   Thumb Code     4  timer.o(.text)
    rt_system_timer_init                     0x080040a9   Thumb Code    20  timer.o(.text)
    rt_system_timer_thread_init              0x080040bd   Thumb Code     2  timer.o(.text)
    rt_hw_interrupt_disable                  0x08004101   Thumb Code     8  context_rvds.o(.text)
    rt_hw_interrupt_enable                   0x08004109   Thumb Code     6  context_rvds.o(.text)
    rt_hw_context_switch                     0x0800410f   Thumb Code    32  context_rvds.o(.text)
    rt_hw_context_switch_interrupt           0x0800410f   Thumb Code     0  context_rvds.o(.text)
    PendSV_Handler                           0x0800412f   Thumb Code    60  context_rvds.o(.text)
    rt_hw_context_switch_to                  0x0800416b   Thumb Code    58  context_rvds.o(.text)
    rt_hw_interrupt_thread_switch            0x080041a5   Thumb Code     2  context_rvds.o(.text)
    HardFault_Handler                        0x080041a7   Thumb Code    48  context_rvds.o(.text)
    rt_hw_stack_init                         0x080041f1   Thumb Code    56  cpuport.o(.text)
    rt_hw_exception_install                  0x08004229   Thumb Code     6  cpuport.o(.text)
    rt_hw_hard_fault_exception               0x0800422f   Thumb Code   180  cpuport.o(.text)
    rt_hw_cpu_shutdown                       0x080042e3   Thumb Code     6  cpuport.o(.text)
    __aeabi_uidiv                            0x0800443d   Thumb Code     0  uidiv.o(.text)
    __aeabi_uidivmod                         0x0800443d   Thumb Code    44  uidiv.o(.text)
    __scatterload                            0x08004469   Thumb Code    28  init.o(.text)
    __scatterload_rt2                        0x08004469   Thumb Code     0  init.o(.text)
    __0printf$1                              0x0800448d   Thumb Code    22  printf1.o(i.__0printf$1)
    __1printf$1                              0x0800448d   Thumb Code     0  printf1.o(i.__0printf$1)
    __2printf                                0x0800448d   Thumb Code     0  printf1.o(i.__0printf$1)
    __scatterload_copy                       0x080044ad   Thumb Code    14  handlers.o(i.__scatterload_copy)
    __scatterload_null                       0x080044bb   Thumb Code     2  handlers.o(i.__scatterload_null)
    __scatterload_zeroinit                   0x080044bd   Thumb Code    14  handlers.o(i.__scatterload_zeroinit)
    __lowest_bit_bitmap                      0x08004620   Data         256  kservice.o(.constdata)
    __rt_init_rti_start                      0x08004744   Data           4  components.o(.rti_fn.0)
    __rt_init_rti_board_start                0x08004748   Data           4  components.o(.rti_fn.0.end)
    __rt_init_rti_board_end                  0x0800474c   Data           4  components.o(.rti_fn.1.end)
    __rt_init_rti_end                        0x08004750   Data           4  components.o(.rti_fn.6.end)
    Region$$Table$$Base                      0x08004754   Number         0  anon$$obj.o(Region$$Table)
    Region$$Table$$Limit                     0x08004774   Number         0  anon$$obj.o(Region$$Table)
    SystemCoreClock                          0x20000000   Data           4  system_stm32f10x.o(.data)
    AHBPrescTable                            0x20000004   Data          16  system_stm32f10x.o(.data)
    test_sem                                 0x2000002c   Data           4  main.o(.data)
    TIM_ICUserValueStructure                 0x20000030   Data           6  bsp_generaltim.o(.data)
    rt_interrupt_nest                        0x2000003c   Data           1  irq.o(.data)
    rt_current_priority                      0x200000cc   Data           1  scheduler.o(.data)
    rt_current_thread                        0x200000d0   Data           4  scheduler.o(.data)
    rt_thread_ready_priority_group           0x200000d4   Data           4  scheduler.o(.data)
    rt_thread_defunct                        0x200000d8   Data           8  scheduler.o(.data)
    rt_interrupt_from_thread                 0x200000f0   Data           4  cpuport.o(.data)
    rt_interrupt_to_thread                   0x200000f4   Data           4  cpuport.o(.data)
    rt_thread_switch_interrupt_flag          0x200000f8   Data           4  cpuport.o(.data)
    __stdout                                 0x200000fc   Data           4  stdout.o(.data)
    rt_thread_priority_table                 0x20001320   Data          64  scheduler.o(.bss)
    __initial_sp                             0x20001760   Data           0  startup_stm32f10x_hd.o(STACK)



==============================================================================

Memory Map of the image

  Image Entry point : 0x08000131

  Load Region LR_IROM1 (Base: 0x08000000, Size: 0x00004874, Max: 0x00080000, ABSOLUTE)

    Execution Region ER_IROM1 (Exec base: 0x08000000, Load base: 0x08000000, Size: 0x00004774, Max: 0x00080000, ABSOLUTE)

    Exec Addr    Load Addr    Size         Type   Attr      Idx    E Section Name        Object

    0x08000000   0x08000000   0x00000130   Data   RO            3    RESET               startup_stm32f10x_hd.o
    0x08000130   0x08000130   0x00000000   Code   RO          828  * .ARM.Collect$$$$00000000  mc_w.l(entry.o)
    0x08000130   0x08000130   0x00000004   Code   RO         1092    .ARM.Collect$$$$00000001  mc_w.l(entry2.o)
    0x08000134   0x08000134   0x00000004   Code   RO         1095    .ARM.Collect$$$$00000004  mc_w.l(entry5.o)
    0x08000138   0x08000138   0x00000000   Code   RO         1097    .ARM.Collect$$$$00000008  mc_w.l(entry7b.o)
    0x08000138   0x08000138   0x00000000   Code   RO         1099    .ARM.Collect$$$$0000000A  mc_w.l(entry8b.o)
    0x08000138   0x08000138   0x00000008   Code   RO         1100    .ARM.Collect$$$$0000000B  mc_w.l(entry9a.o)
    0x08000140   0x08000140   0x00000004   Code   RO         1107    .ARM.Collect$$$$0000000E  mc_w.l(entry12b.o)
    0x08000144   0x08000144   0x00000000   Code   RO         1102    .ARM.Collect$$$$0000000F  mc_w.l(entry10a.o)
    0x08000144   0x08000144   0x00000000   Code   RO         1104    .ARM.Collect$$$$00000011  mc_w.l(entry11a.o)
    0x08000144   0x08000144   0x00000004   Code   RO         1093    .ARM.Collect$$$$00002712  mc_w.l(entry2.o)
    0x08000148   0x08000148   0x00000024   Code   RO            4    .text               startup_stm32f10x_hd.o
    0x0800016c   0x0800016c   0x00000174   Code   RO           24    .text               system_stm32f10x.o
    0x080002e0   0x080002e0   0x000000b8   Code   RO          121    .text               misc.o
    0x08000398   0x08000398   0x00000298   Code   RO          269    .text               stm32f10x_gpio.o
    0x08000630   0x08000630   0x000002f4   Code   RO          317    .text               stm32f10x_rcc.o
    0x08000924   0x08000924   0x00000c2a   Code   RO          367    .text               stm32f10x_tim.o
    0x0800154e   0x0800154e   0x00000002   PAD
    0x08001550   0x08001550   0x0000039c   Code   RO          379    .text               stm32f10x_usart.o
    0x080018ec   0x080018ec   0x000000e0   Code   RO          403    .text               main.o
    0x080019cc   0x080019cc   0x00000084   Code   RO          487    .text               stm32f10x_it.o
    0x08001a50   0x08001a50   0x000000c8   Code   RO          503    .text               board.o
    0x08001b18   0x08001b18   0x00000060   Code   RO          524    .text               bsp_led.o
    0x08001b78   0x08001b78   0x00000158   Code   RO          536    .text               bsp_usart.o
    0x08001cd0   0x08001cd0   0x000000d0   Code   RO          567    .text               bsp_generaltim.o
    0x08001da0   0x08001da0   0x00000068   Code   RO          585    .text               clock.o
    0x08001e08   0x08001e08   0x000000b4   Code   RO          605    .text               components.o
    0x08001ebc   0x08001ebc   0x000000d4   Code   RO          629    .text               idle.o
    0x08001f90   0x08001f90   0x00000bee   Code   RO          647    .text               ipc.o
    0x08002b7e   0x08002b7e   0x00000002   PAD
    0x08002b80   0x08002b80   0x00000038   Code   RO          662    .text               irq.o
    0x08002bb8   0x08002bb8   0x000007b8   Code   RO          677    .text               kservice.o
    0x08003370   0x08003370   0x000003d0   Code   RO          694    .text               mem.o
    0x08003740   0x08003740   0x00000160   Code   RO          721    .text               object.o
    0x080038a0   0x080038a0   0x00000194   Code   RO          738    .text               scheduler.o
    0x08003a34   0x08003a34   0x00000402   Code   RO          773    .text               thread.o
    0x08003e36   0x08003e36   0x00000002   PAD
    0x08003e38   0x08003e38   0x000002c8   Code   RO          789    .text               timer.o
    0x08004100   0x08004100   0x000000f0   Code   RO          806    .text               context_rvds.o
    0x080041f0   0x080041f0   0x0000024c   Code   RO          810    .text               cpuport.o
    0x0800443c   0x0800443c   0x0000002c   Code   RO         1109    .text               mc_w.l(uidiv.o)
    0x08004468   0x08004468   0x00000024   Code   RO         1124    .text               mc_w.l(init.o)
    0x0800448c   0x0800448c   0x00000020   Code   RO          876    i.__0printf$1       mc_w.l(printf1.o)
    0x080044ac   0x080044ac   0x0000000e   Code   RO         1136    i.__scatterload_copy  mc_w.l(handlers.o)
    0x080044ba   0x080044ba   0x00000002   Code   RO         1137    i.__scatterload_null  mc_w.l(handlers.o)
    0x080044bc   0x080044bc   0x0000000e   Code   RO         1138    i.__scatterload_zeroinit  mc_w.l(handlers.o)
    0x080044ca   0x080044ca   0x00000002   PAD
    0x080044cc   0x080044cc   0x00000154   Code   RO          883    i._printf_core      mc_w.l(printf1.o)
    0x08004620   0x08004620   0x00000122   Data   RO          679    .constdata          kservice.o
    0x08004742   0x08004742   0x00000002   PAD
    0x08004744   0x08004744   0x00000004   Data   RO          606    .rti_fn.0           components.o
    0x08004748   0x08004748   0x00000004   Data   RO          607    .rti_fn.0.end       components.o
    0x0800474c   0x0800474c   0x00000004   Data   RO          608    .rti_fn.1.end       components.o
    0x08004750   0x08004750   0x00000004   Data   RO          609    .rti_fn.6.end       components.o
    0x08004754   0x08004754   0x00000020   Data   RO         1134    Region$$Table       anon$$obj.o


    Execution Region RW_IRAM1 (Exec base: 0x20000000, Load base: 0x08004774, Size: 0x00001760, Max: 0x00010000, ABSOLUTE)

    Exec Addr    Load Addr    Size         Type   Attr      Idx    E Section Name        Object

    0x20000000   0x08004774   0x00000014   Data   RW           25    .data               system_stm32f10x.o
    0x20000014   0x08004788   0x00000014   Data   RW          318    .data               stm32f10x_rcc.o
    0x20000028   0x0800479c   0x00000008   Data   RW          404    .data               main.o
    0x20000030   0x080047a4   0x00000006   Data   RW          568    .data               bsp_generaltim.o
    0x20000036   0x080047aa   0x00000002   PAD
    0x20000038   0x080047ac   0x00000004   Data   RW          586    .data               clock.o
    0x2000003c   0x080047b0   0x00000001   Data   RW          663    .data               irq.o
    0x2000003d   0x080047b1   0x00000003   PAD
    0x20000040   0x080047b4   0x00000004   Data   RW          680    .data               kservice.o
    0x20000044   0x080047b8   0x00000018   Data   RW          696    .data               mem.o
    0x2000005c   0x080047d0   0x00000070   Data   RW          722    .data               object.o
    0x200000cc   0x08004840   0x00000014   Data   RW          740    .data               scheduler.o
    0x200000e0   0x08004854   0x0000000c   Data   RW          790    .data               timer.o
    0x200000ec   0x08004860   0x00000004   Data   RW          811    .data               cpuport.o
    0x200000f0   0x08004864   0x00000004   Data   RW          812    .data               cpuport.o
    0x200000f4   0x08004868   0x00000004   Data   RW          813    .data               cpuport.o
    0x200000f8   0x0800486c   0x00000004   Data   RW          814    .data               cpuport.o
    0x200000fc   0x08004870   0x00000004   Data   RW         1108    .data               mc_w.l(stdout.o)
    0x20000100        -       0x00001000   Zero   RW          504    .bss                board.o
    0x20001100        -       0x00000180   Zero   RW          630    .bss                idle.o
    0x20001280        -       0x00000080   Zero   RW          678    .bss                kservice.o
    0x20001300        -       0x00000020   Zero   RW          695    .bss                mem.o
    0x20001320        -       0x00000040   Zero   RW          739    .bss                scheduler.o
    0x20001360        -       0x00000400   Zero   RW            1    STACK               startup_stm32f10x_hd.o


==============================================================================

Image component sizes


      Code (inc. data)   RO Data    RW Data    ZI Data      Debug   Object Name

       200         20          0          0       4096      17553   board.o
       208          8          0          6          0       2930   bsp_generaltim.o
        96          4          0          0          0        674   bsp_led.o
       344          8          0          0          0       4058   bsp_usart.o
       104          4          0          4          0       1840   clock.o
       180         22         16          0          0       3014   components.o
       240         26          0          0          0        892   context_rvds.o
         0          0          0          0          0       4548   core_cm3.o
       588        340          0         16          0       3611   cpuport.o
       212         20          0          0        384       4834   idle.o
      3054          0          0          0          0      20135   ipc.o
        56          6          0          1          0       1854   irq.o
      1976        162        290          4        128      12360   kservice.o
       224         88          0          8          0       7967   main.o
       976        152          0         24         32       4760   mem.o
       184         12          0          0          0       2233   misc.o
       352          4          0        112          0       6647   object.o
       404         12          0         20         64       6416   scheduler.o
        36          8        304          0       1024        968   startup_stm32f10x_hd.o
       664         36          0          0          0       6517   stm32f10x_gpio.o
       132         12          0          0          0        730   stm32f10x_it.o
       756         32          0         20          0       9784   stm32f10x_rcc.o
      3114         84          0          0          0      25408   stm32f10x_tim.o
       924         20          0          0          0       9480   stm32f10x_usart.o
       372         34          0         20          0     251559   system_stm32f10x.o
      1026         12          0          0          0       9321   thread.o
       712          4          0         12          0       8265   timer.o

    ----------------------------------------------------------------------
     17140       1130        644        252       5728     428358   Object Totals
         0          0         32          0          0          0   (incl. Generated)
         6          0          2          5          0          0   (incl. Padding)

    ----------------------------------------------------------------------

      Code (inc. data)   RO Data    RW Data    ZI Data      Debug   Library Member Name

         0          0          0          0          0          0   entry.o
         0          0          0          0          0          0   entry10a.o
         0          0          0          0          0          0   entry11a.o
         4          0          0          0          0          0   entry12b.o
         8          4          0          0          0          0   entry2.o
         4          0          0          0          0          0   entry5.o
         0          0          0          0          0          0   entry7b.o
         0          0          0          0          0          0   entry8b.o
         8          4          0          0          0          0   entry9a.o
        30          0          0          0          0          0   handlers.o
        36          8          0          0          0         68   init.o
       372         14          0          0          0        184   printf1.o
         0          0          0          4          0          0   stdout.o
        44          0          0          0          0         80   uidiv.o

    ----------------------------------------------------------------------
       508         30          0          4          0        332   Library Totals
         2          0          0          0          0          0   (incl. Padding)

    ----------------------------------------------------------------------

      Code (inc. data)   RO Data    RW Data    ZI Data      Debug   Library Name

       506         30          0          4          0        332   mc_w.l

    ----------------------------------------------------------------------
       508         30          0          4          0        332   Library Totals

    ----------------------------------------------------------------------

==============================================================================


      Code (inc. data)   RO Data    RW Data    ZI Data      Debug   

     17648       1160        644        256       5728     426242   Grand Totals
     17648       1160        644        256       5728     426242   ELF Image Totals
     17648       1160        644        256          0          0   ROM Totals

==============================================================================

    Total RO  Size (Code + RO Data)                18292 (  17.86kB)
    Total RW  Size (RW Data + ZI Data)              5984 (   5.84kB)
    Total ROM Size (Code + RO Data + RW Data)      18548 (  18.11kB)

==============================================================================

