<html>
<body>
<pre>
<h1>礦ision Build Log</h1>
<h2>Project:</h2>
D:\工程\工程资料文件\开发板\板子资料\论坛发帖源码\CAN新增加例程\MINI-VET6\PC机通过CAN总线采用主从方式采集总线上的多块MINI板\用MINI板实现数据采集（主从方式）\USER\STM32-DEMO.uvproj
Project File Date:  10/16/2014

<h2>Output:</h2>
Build target 'ADC-DEMO'
assembling startup_stm32f10x_hd.s...
compiling main.c...
compiling stm32f10x_it.c...
compiling adc.c...
compiling can.c...
can.c(85): warning:  #177-D: variable "TxMessage" was declared but never referenced
can.c:     CanTxMsg TxMessage;  
can.c:              ^
can.c: can.c: 1 warning, 0 errors
compiling stm32f10x_gpio.c...
compiling stm32f10x_rcc.c...
compiling stm32f10x_usart.c...
compiling stm32f10x_adc.c...
compiling stm32f10x_dma.c...
compiling stm32f10x_flash.c...
compiling stm32f10x_can.c...
compiling misc.c...
compiling core_cm3.c...
compiling system_stm32f10x.c...
linking...
Program Size: Code=7124 RO-data=336 RW-data=40 ZI-data=912  
FromELF: creating hex file...
"..\Output\STM32-DEMO.axf" - 0 Error(s), 1 Warning(s).
Build target 'ADC-DEMO'
linking...
Program Size: Code=7124 RO-data=336 RW-data=40 ZI-data=912  
FromELF: creating hex file...
"..\Output\STM32-DEMO.axf" - 0 Error(s), 0 Warning(s).
Build target 'ADC-DEMO'
compiling can.c...
can.c(86): warning:  #177-D: variable "TxMessage" was declared but never referenced
can.c:     CanTxMsg TxMessage;  
can.c:              ^
can.c: can.c: 1 warning, 0 errors
linking...
Program Size: Code=7132 RO-data=336 RW-data=44 ZI-data=916  
FromELF: creating hex file...
"..\Output\STM32-DEMO.axf" - 0 Error(s), 1 Warning(s).
Build target 'ADC-DEMO'
linking...
Program Size: Code=7132 RO-data=336 RW-data=44 ZI-data=916  
FromELF: creating hex file...
"..\Output\STM32-DEMO.axf" - 0 Error(s), 0 Warning(s).
Build target 'ADC-DEMO'
linking...
Program Size: Code=7132 RO-data=336 RW-data=44 ZI-data=916  
FromELF: creating hex file...
"..\Output\STM32-DEMO.axf" - 0 Error(s), 0 Warning(s).
Load "..\\Output\\STM32-DEMO.AXF" 
Set JLink Project File to "D:\工程\工程资料文件\开发板\板子资料\论坛发帖源码\CAN新增加例程\MINI-VET6\PC机通过CAN总线采用主从方式采集总线上的多块MINI板\用MINI板实现数据采集（主从方式）\USER\JLinkSettings.ini"
 
JLink info:
------------
DLL: V4.15n, compiled Jun 18 2010 19:55:09
Firmware: J-Link ARM V8 compiled May 20 2010 17:07:46
Hardware: V8.00
S/N : 17935099 
Feature(s) : RDI,FlashDL,FlashBP,JFlash 
 
* JLink Info: Found SWD-DP with ID 0x1BA01477
* JLink Info: TPIU fitted.
* JLink Info: ETM fitted.
* JLink Info:   FPUnit: 6 code (BP) slots and 2 literal slots
ROMTableAddr = 0xE00FF003
 
Target info:
------------
Device: STM32F103C8
VTarget = 3.377V
State of Pins: 
TCK: 0, TDI: 1, TDO: 1, TMS: 0, TRES: 1, TRST: 1
* JLink Info: Found SWD-DP with ID 0x1BA01477
* JLink Info: TPIU fitted.
* JLink Info: ETM fitted.
* JLink Info:   FPUnit: 6 code (BP) slots and 2 literal slots
Hardware-Breakpoints: 6
Software-Breakpoints: 2048
Watchpoints:          4
JTAG speed: 2000 kHz
 
Full Chip Erase Done.
Programming Done.
Verify OK.
* JLink Info: Found SWD-DP with ID 0x1BA01477
* JLink Info: TPIU fitted.
* JLink Info: ETM fitted.
* JLink Info:   FPUnit: 6 code (BP) slots and 2 literal slots
Application running ...
Build target 'ADC-DEMO'
compiling can.c...
can.c(86): warning:  #177-D: variable "TxMessage" was declared but never referenced
can.c:     CanTxMsg TxMessage;  
can.c:              ^
can.c: can.c: 1 warning, 0 errors
linking...
Program Size: Code=7132 RO-data=336 RW-data=44 ZI-data=916  
FromELF: creating hex file...
"..\Output\STM32-DEMO.axf" - 0 Error(s), 1 Warning(s).
Build target 'ADC-DEMO'
linking...
Program Size: Code=7132 RO-data=336 RW-data=44 ZI-data=916  
FromELF: creating hex file...
"..\Output\STM32-DEMO.axf" - 0 Error(s), 0 Warning(s).
Build target 'ADC-DEMO'
linking...
Program Size: Code=7132 RO-data=336 RW-data=44 ZI-data=916  
FromELF: creating hex file...
"..\Output\STM32-DEMO.axf" - 0 Error(s), 0 Warning(s).
Build target 'ADC-DEMO'
linking...
Program Size: Code=7132 RO-data=336 RW-data=44 ZI-data=916  
FromELF: creating hex file...
"..\Output\STM32-DEMO.axf" - 0 Error(s), 0 Warning(s).
Build target 'ADC-DEMO'
linking...
Program Size: Code=7132 RO-data=336 RW-data=44 ZI-data=916  
FromELF: creating hex file...
"..\Output\STM32-DEMO.axf" - 0 Error(s), 0 Warning(s).
Build target 'ADC-DEMO'
linking...
Program Size: Code=7132 RO-data=336 RW-data=44 ZI-data=916  
FromELF: creating hex file...
"..\Output\STM32-DEMO.axf" - 0 Error(s), 0 Warning(s).
Load "..\\Output\\STM32-DEMO.AXF" 
Set JLink Project File to "D:\工程\工程资料文件\开发板\板子资料\论坛发帖源码\CAN新增加例程\MINI-VET6\PC机通过CAN总线采用主从方式采集总线上的多块MINI板\用MINI板实现数据采集（主从方式）\USER\JLinkSettings.ini"
 
JLink info:
------------
DLL: V4.15n, compiled Jun 18 2010 19:55:09
Firmware: J-Link ARM V8 compiled May 20 2010 17:07:46
Hardware: V8.00
S/N : 17935099 
Feature(s) : RDI,FlashDL,FlashBP,JFlash 
 
* JLink Info: Found SWD-DP with ID 0x1BA01477
* JLink Info: TPIU fitted.
* JLink Info: ETM fitted.
* JLink Info:   FPUnit: 6 code (BP) slots and 2 literal slots
ROMTableAddr = 0xE00FF003
 
Target info:
------------
Device: STM32F103C8
VTarget = 3.358V
State of Pins: 
TCK: 0, TDI: 1, TDO: 1, TMS: 0, TRES: 1, TRST: 1
* JLink Info: Found SWD-DP with ID 0x1BA01477
* JLink Info: TPIU fitted.
* JLink Info: ETM fitted.
* JLink Info:   FPUnit: 6 code (BP) slots and 2 literal slots
Hardware-Breakpoints: 6
Software-Breakpoints: 2048
Watchpoints:          4
JTAG speed: 2000 kHz
 
Full Chip Erase Done.
Programming Done.
Verify OK.
* JLink Info: Found SWD-DP with ID 0x1BA01477
* JLink Info: TPIU fitted.
* JLink Info: ETM fitted.
* JLink Info:   FPUnit: 6 code (BP) slots and 2 literal slots
Application running ...
