<html>
<body>
<pre>
<h1>礦ision Build Log</h1>
<h2>Project:</h2>
D:\工程\工程资料文件\开发板\板子资料\STM32F103系列开发板\MINI-VET6\程序\高级例程-基于STM32 USB 虚拟串口 采集ADC\MDK-ARM\VirtualCOMPort.uvproj
Project File Date:  12/31/2012

<h2>Output:</h2>
Build target 'STM3210E-EVAL'
compiling hw_config.c...
compiling main.c...
compiling stm32f10x_it.c...
compiling usb_desc.c...
compiling usb_endp.c...
..\src\usb_endp.c(99): warning:  #550-D: variable "USB_Rx_Cnt" was set but never used
..\src\usb_endp.c:     uint16_t USB_Rx_Cnt;
..\src\usb_endp.c:              ^
..\src\usb_endp.c: ..\src\usb_endp.c: 1 warning, 0 errors
compiling usb_istr.c...
compiling usb_prop.c...
compiling usb_pwr.c...
compiling otgd_fs_cal.c...
compiling otgd_fs_dev.c...
compiling otgd_fs_int.c...
compiling otgd_fs_pcd.c...
compiling usb_core.c...
compiling usb_init.c...
compiling usb_int.c...
compiling usb_mem.c...
compiling usb_regs.c...
compiling usb_sil.c...
compiling misc.c...
compiling stm32f10x_gpio.c...
compiling stm32f10x_dma.c...
compiling stm32f10x_sdio.c...
compiling stm32f10x_adc.c...
compiling stm32f10x_usart.c...
compiling stm32f10x_tim.c...
compiling stm32f10x_spi.c...
compiling stm32f10x_i2c.c...
compiling stm32f10x_exti.c...
compiling stm32f10x_flash.c...
compiling stm32f10x_rcc.c...
assembling startup_stm32f10x_hd.s...
compiling core_cm3.c...
compiling system_stm32f10x.c...
compiling stm32_eval.c...
linking...
Program Size: Code=11064 RO-data=684 RW-data=408 ZI-data=3184  
FromELF: creating hex file...
".\STM3210E-EVAL\STM3210E-EVAL.axf" - 0 Error(s), 1 Warning(s).
Load "D:\\工程\\工程资料文件\\开发板\\板子资料\\STM32F103系列开发板\\MINI-VET6\\程序\\高级例程-基于STM32 USB 虚拟串口 采集ADC\\MDK-ARM\\STM3210E-EVAL\\STM3210E-EVAL.AXF" 
Set JLink Project File to "D:\工程\工程资料文件\开发板\板子资料\STM32F103系列开发板\MINI-VET6\程序\高级例程-基于STM32 USB 虚拟串口 采集ADC\MDK-ARM\JLinkSettings.ini"
 
JLink info:
------------
DLL: V4.15n, compiled Jun 18 2010 19:55:09
Firmware: J-Link ARM V7 compiled Jun 30 2009 11:05:27
Hardware: V7.00
S/N : 20090110 
Feature(s) : RDI, FlashBP, FlashDL, JFlash, GDBFull 
 
* JLink Info: TotalIRLen = 9, IRPrint = 0x0011
* JLink Info: Found Cortex-M3 r1p1, Little endian.
* JLink Info: TPIU fitted.
* JLink Info: ETM fitted.
* JLink Info:   FPUnit: 6 code (BP) slots and 2 literal slots
ROMTableAddr = 0xE00FF003
 
Target info:
------------
Device: STM32F103VE
VTarget = 3.280V
State of Pins: 
TCK: 1, TDI: 0, TDO: 1, TMS: 0, TRES: 1, TRST: 1
* JLink Info: TotalIRLen = 9, IRPrint = 0x0011
* JLink Info: Found Cortex-M3 r1p1, Little endian.
* JLink Info: TPIU fitted.
* JLink Info: ETM fitted.
* JLink Info:   FPUnit: 6 code (BP) slots and 2 literal slots
Hardware-Breakpoints: 6
Software-Breakpoints: 2048
Watchpoints:          4
JTAG speed: 2000 kHz
 
Erase Done.
Programming Done.
Verify OK.
* JLink Info: TotalIRLen = 9, IRPrint = 0x0011
* JLink Info: Found Cortex-M3 r1p1, Little endian.
* JLink Info: TPIU fitted.
* JLink Info: ETM fitted.
* JLink Info:   FPUnit: 6 code (BP) slots and 2 literal slots
Application running ...
Build target 'STM3210E-EVAL'
compiling main.c...
linking...
Program Size: Code=11004 RO-data=684 RW-data=408 ZI-data=3184  
FromELF: creating hex file...
".\STM3210E-EVAL\STM3210E-EVAL.axf" - 0 Error(s), 0 Warning(s).
Load "D:\\工程\\工程资料文件\\开发板\\板子资料\\STM32F103系列开发板\\MINI-VET6\\程序\\高级例程-基于STM32 USB 虚拟串口 采集ADC\\MDK-ARM\\STM3210E-EVAL\\STM3210E-EVAL.AXF" 
Set JLink Project File to "D:\工程\工程资料文件\开发板\板子资料\STM32F103系列开发板\MINI-VET6\程序\高级例程-基于STM32 USB 虚拟串口 采集ADC\MDK-ARM\JLinkSettings.ini"
 
JLink info:
------------
DLL: V4.15n, compiled Jun 18 2010 19:55:09
Firmware: J-Link ARM V7 compiled Jun 30 2009 11:05:27
Hardware: V7.00
S/N : 20090110 
Feature(s) : RDI, FlashBP, FlashDL, JFlash, GDBFull 
 
* JLink Info: TotalIRLen = 9, IRPrint = 0x0011
* JLink Info: Found Cortex-M3 r1p1, Little endian.
* JLink Info: TPIU fitted.
* JLink Info: ETM fitted.
* JLink Info:   FPUnit: 6 code (BP) slots and 2 literal slots
ROMTableAddr = 0xE00FF003
 
Target info:
------------
Device: STM32F103VE
VTarget = 3.280V
State of Pins: 
TCK: 1, TDI: 0, TDO: 1, TMS: 0, TRES: 1, TRST: 1
* JLink Info: TotalIRLen = 9, IRPrint = 0x0011
* JLink Info: Found Cortex-M3 r1p1, Little endian.
* JLink Info: TPIU fitted.
* JLink Info: ETM fitted.
* JLink Info:   FPUnit: 6 code (BP) slots and 2 literal slots
Hardware-Breakpoints: 6
Software-Breakpoints: 2048
Watchpoints:          4
JTAG speed: 2000 kHz
 
Erase Done.
Programming Done.
Verify OK.
* JLink Info: TotalIRLen = 9, IRPrint = 0x0011
* JLink Info: Found Cortex-M3 r1p1, Little endian.
* JLink Info: TPIU fitted.
* JLink Info: ETM fitted.
* JLink Info:   FPUnit: 6 code (BP) slots and 2 literal slots
Application running ...
Build target 'STM3210E-EVAL'
compiling main.c...
linking...
Program Size: Code=11004 RO-data=684 RW-data=408 ZI-data=3184  
FromELF: creating hex file...
".\STM3210E-EVAL\STM3210E-EVAL.axf" - 0 Error(s), 0 Warning(s).
Load "D:\\工程\\工程资料文件\\开发板\\板子资料\\STM32F103系列开发板\\MINI-VET6\\程序\\高级例程-基于STM32 USB 虚拟串口 采集ADC\\MDK-ARM\\STM3210E-EVAL\\STM3210E-EVAL.AXF" 
Set JLink Project File to "D:\工程\工程资料文件\开发板\板子资料\STM32F103系列开发板\MINI-VET6\程序\高级例程-基于STM32 USB 虚拟串口 采集ADC\MDK-ARM\JLinkSettings.ini"
 
JLink info:
------------
DLL: V4.15n, compiled Jun 18 2010 19:55:09
Firmware: J-Link ARM V7 compiled Jun 30 2009 11:05:27
Hardware: V7.00
S/N : 20090110 
Feature(s) : RDI, FlashBP, FlashDL, JFlash, GDBFull 
 
* JLink Info: TotalIRLen = 9, IRPrint = 0x0011
* JLink Info: Found Cortex-M3 r1p1, Little endian.
* JLink Info: TPIU fitted.
* JLink Info: ETM fitted.
* JLink Info:   FPUnit: 6 code (BP) slots and 2 literal slots
ROMTableAddr = 0xE00FF003
 
Target info:
------------
Device: STM32F103VE
VTarget = 3.280V
State of Pins: 
TCK: 1, TDI: 0, TDO: 1, TMS: 0, TRES: 1, TRST: 1
* JLink Info: TotalIRLen = 9, IRPrint = 0x0011
* JLink Info: Found Cortex-M3 r1p1, Little endian.
* JLink Info: TPIU fitted.
* JLink Info: ETM fitted.
* JLink Info:   FPUnit: 6 code (BP) slots and 2 literal slots
Hardware-Breakpoints: 6
Software-Breakpoints: 2048
Watchpoints:          4
JTAG speed: 2000 kHz
 
Erase Done.
Programming Done.
Verify OK.
* JLink Info: TotalIRLen = 9, IRPrint = 0x0011
* JLink Info: Found Cortex-M3 r1p1, Little endian.
* JLink Info: TPIU fitted.
* JLink Info: ETM fitted.
* JLink Info:   FPUnit: 6 code (BP) slots and 2 literal slots
Application running ...
Build target 'STM3210E-EVAL'
compiling main.c...
linking...
Program Size: Code=11004 RO-data=684 RW-data=408 ZI-data=3184  
FromELF: creating hex file...
".\STM3210E-EVAL\STM3210E-EVAL.axf" - 0 Error(s), 0 Warning(s).
Load "D:\\工程\\工程资料文件\\开发板\\板子资料\\STM32F103系列开发板\\MINI-VET6\\程序\\高级例程-基于STM32 USB 虚拟串口 采集ADC\\MDK-ARM\\STM3210E-EVAL\\STM3210E-EVAL.AXF" 
Set JLink Project File to "D:\工程\工程资料文件\开发板\板子资料\STM32F103系列开发板\MINI-VET6\程序\高级例程-基于STM32 USB 虚拟串口 采集ADC\MDK-ARM\JLinkSettings.ini"
 
JLink info:
------------
DLL: V4.15n, compiled Jun 18 2010 19:55:09
Firmware: J-Link ARM V7 compiled Jun 30 2009 11:05:27
Hardware: V7.00
S/N : 20090110 
Feature(s) : RDI, FlashBP, FlashDL, JFlash, GDBFull 
 
* JLink Info: TotalIRLen = 9, IRPrint = 0x0011
* JLink Info: Found Cortex-M3 r1p1, Little endian.
* JLink Info: TPIU fitted.
* JLink Info: ETM fitted.
* JLink Info:   FPUnit: 6 code (BP) slots and 2 literal slots
ROMTableAddr = 0xE00FF003
 
Target info:
------------
Device: STM32F103VE
VTarget = 3.280V
State of Pins: 
TCK: 1, TDI: 0, TDO: 1, TMS: 0, TRES: 1, TRST: 1
* JLink Info: TotalIRLen = 9, IRPrint = 0x0011
* JLink Info: Found Cortex-M3 r1p1, Little endian.
* JLink Info: TPIU fitted.
* JLink Info: ETM fitted.
* JLink Info:   FPUnit: 6 code (BP) slots and 2 literal slots
Hardware-Breakpoints: 6
Software-Breakpoints: 2048
Watchpoints:          4
JTAG speed: 2000 kHz
 
Erase Done.
Programming Done.
Verify OK.
* JLink Info: TotalIRLen = 9, IRPrint = 0x0011
* JLink Info: Found Cortex-M3 r1p1, Little endian.
* JLink Info: TPIU fitted.
* JLink Info: ETM fitted.
* JLink Info:   FPUnit: 6 code (BP) slots and 2 literal slots
Application running ...
