<!doctype html public "-//w3c//dtd html 4.0 transitional//en">
<html><head>
<title>Static Call Graph - [.\OBJ\Update.axf]</title></head>
<body><HR>
<H1>Static Call Graph for image .\OBJ\Update.axf</H1><HR>
<BR><P>#&#060CALLGRAPH&#062# ARM Linker, 5060960: Last Updated: Thu Sep 21 17:27:10 2023
<BR><P>
<H3>Maximum Stack Usage =       1376 bytes + Unknown(Cycles, Untraceable Function Pointers)</H3><H3>
Call chain for Maximum Stack Depth:</H3>
main &rArr; USB_HostMsdTask &rArr; USB_HostMsdFatfsUserReadWrite &rArr; USB_HostMsdFatfsListDirectory &rArr; f_opendir &rArr; follow_path &rArr; dir_find &rArr; dir_next &rArr; create_chain &rArr; put_fat &rArr; move_window &rArr; sync_window &rArr; disk_write &rArr; USB_HostMsdWriteDisk &rArr; USB_HostControllerTaskFunction &rArr; USB_HostKhciTaskFunction &rArr; _USB_HostKhciAttach &rArr; USB_HostAttachDevice &rArr; USB_HostProcessState &rArr; USB_HostNotifyDevice &rArr; USB_HostHubDeviceEvent &rArr;  USB_HostDetachDeviceInternal (Cycle)
<P>
<H3>
Mutually Recursive functions
</H3> <LI><a href="#[1]">NMI_Handler</a>&nbsp;&nbsp;&nbsp;&rArr;&nbsp;&nbsp;&nbsp;<a href="#[1]">NMI_Handler</a><BR>
 <LI><a href="#[2]">HardFault_Handler</a>&nbsp;&nbsp;&nbsp;&rArr;&nbsp;&nbsp;&nbsp;<a href="#[2]">HardFault_Handler</a><BR>
 <LI><a href="#[3]">MemManage_Handler</a>&nbsp;&nbsp;&nbsp;&rArr;&nbsp;&nbsp;&nbsp;<a href="#[3]">MemManage_Handler</a><BR>
 <LI><a href="#[4]">BusFault_Handler</a>&nbsp;&nbsp;&nbsp;&rArr;&nbsp;&nbsp;&nbsp;<a href="#[4]">BusFault_Handler</a><BR>
 <LI><a href="#[5]">UsageFault_Handler</a>&nbsp;&nbsp;&nbsp;&rArr;&nbsp;&nbsp;&nbsp;<a href="#[5]">UsageFault_Handler</a><BR>
 <LI><a href="#[6]">SVC_Handler</a>&nbsp;&nbsp;&nbsp;&rArr;&nbsp;&nbsp;&nbsp;<a href="#[6]">SVC_Handler</a><BR>
 <LI><a href="#[7]">DebugMon_Handler</a>&nbsp;&nbsp;&nbsp;&rArr;&nbsp;&nbsp;&nbsp;<a href="#[7]">DebugMon_Handler</a><BR>
 <LI><a href="#[8]">PendSV_Handler</a>&nbsp;&nbsp;&nbsp;&rArr;&nbsp;&nbsp;&nbsp;<a href="#[8]">PendSV_Handler</a><BR>
 <LI><a href="#[1c]">ADC1_2_IRQHandler</a>&nbsp;&nbsp;&nbsp;&rArr;&nbsp;&nbsp;&nbsp;<a href="#[1c]">ADC1_2_IRQHandler</a><BR>
 <LI><a href="#[a6]">USB_HostHubGetTotalThinkTime</a>&nbsp;&nbsp;&nbsp;&rArr;&nbsp;&nbsp;&nbsp;<a href="#[a5]">USB_HostHelperGetPeripheralInformation</a><BR>
 <LI><a href="#[b1]">USB_HostHubDeviceEvent</a>&nbsp;&nbsp;&nbsp;&rArr;&nbsp;&nbsp;&nbsp;<a href="#[9d]">USB_HostDetachDeviceInternal</a><BR>
</UL>
<P>
<H3>
Function Pointers
</H3><UL>
 <LI><a href="#[1c]">ADC1_2_IRQHandler</a> from startup_mm32f327x_keil.o(.text) referenced from startup_mm32f327x_keil.o(RESET)
 <LI><a href="#[35]">ADC3_IRQHandler</a> from startup_mm32f327x_keil.o(.text) referenced from startup_mm32f327x_keil.o(RESET)
 <LI><a href="#[4]">BusFault_Handler</a> from startup_mm32f327x_keil.o(.text) referenced from startup_mm32f327x_keil.o(RESET)
 <LI><a href="#[1e]">CAN1_RX_IRQHandler</a> from startup_mm32f327x_keil.o(.text) referenced from startup_mm32f327x_keil.o(RESET)
 <LI><a href="#[43]">COMP1_2_IRQHandler</a> from startup_mm32f327x_keil.o(.text) referenced from startup_mm32f327x_keil.o(RESET)
 <LI><a href="#[15]">DMA1_Channel1_IRQHandler</a> from startup_mm32f327x_keil.o(.text) referenced from startup_mm32f327x_keil.o(RESET)
 <LI><a href="#[16]">DMA1_Channel2_IRQHandler</a> from startup_mm32f327x_keil.o(.text) referenced from startup_mm32f327x_keil.o(RESET)
 <LI><a href="#[17]">DMA1_Channel3_IRQHandler</a> from startup_mm32f327x_keil.o(.text) referenced from startup_mm32f327x_keil.o(RESET)
 <LI><a href="#[18]">DMA1_Channel4_IRQHandler</a> from startup_mm32f327x_keil.o(.text) referenced from startup_mm32f327x_keil.o(RESET)
 <LI><a href="#[19]">DMA1_Channel5_IRQHandler</a> from startup_mm32f327x_keil.o(.text) referenced from startup_mm32f327x_keil.o(RESET)
 <LI><a href="#[1a]">DMA1_Channel6_IRQHandler</a> from startup_mm32f327x_keil.o(.text) referenced from startup_mm32f327x_keil.o(RESET)
 <LI><a href="#[1b]">DMA1_Channel7_IRQHandler</a> from startup_mm32f327x_keil.o(.text) referenced from startup_mm32f327x_keil.o(RESET)
 <LI><a href="#[3d]">DMA2_Channel1_IRQHandler</a> from startup_mm32f327x_keil.o(.text) referenced from startup_mm32f327x_keil.o(RESET)
 <LI><a href="#[3e]">DMA2_Channel2_IRQHandler</a> from startup_mm32f327x_keil.o(.text) referenced from startup_mm32f327x_keil.o(RESET)
 <LI><a href="#[3f]">DMA2_Channel3_IRQHandler</a> from startup_mm32f327x_keil.o(.text) referenced from startup_mm32f327x_keil.o(RESET)
 <LI><a href="#[40]">DMA2_Channel4_IRQHandler</a> from startup_mm32f327x_keil.o(.text) referenced from startup_mm32f327x_keil.o(RESET)
 <LI><a href="#[41]">DMA2_Channel5_IRQHandler</a> from startup_mm32f327x_keil.o(.text) referenced from startup_mm32f327x_keil.o(RESET)
 <LI><a href="#[7]">DebugMon_Handler</a> from startup_mm32f327x_keil.o(.text) referenced from startup_mm32f327x_keil.o(RESET)
 <LI><a href="#[42]">ETH_IRQHandler</a> from startup_mm32f327x_keil.o(.text) referenced from startup_mm32f327x_keil.o(RESET)
 <LI><a href="#[10]">EXTI0_IRQHandler</a> from startup_mm32f327x_keil.o(.text) referenced from startup_mm32f327x_keil.o(RESET)
 <LI><a href="#[2e]">EXTI15_10_IRQHandler</a> from startup_mm32f327x_keil.o(.text) referenced from startup_mm32f327x_keil.o(RESET)
 <LI><a href="#[11]">EXTI1_IRQHandler</a> from startup_mm32f327x_keil.o(.text) referenced from startup_mm32f327x_keil.o(RESET)
 <LI><a href="#[12]">EXTI2_IRQHandler</a> from startup_mm32f327x_keil.o(.text) referenced from startup_mm32f327x_keil.o(RESET)
 <LI><a href="#[13]">EXTI3_IRQHandler</a> from startup_mm32f327x_keil.o(.text) referenced from startup_mm32f327x_keil.o(RESET)
 <LI><a href="#[14]">EXTI4_IRQHandler</a> from startup_mm32f327x_keil.o(.text) referenced from startup_mm32f327x_keil.o(RESET)
 <LI><a href="#[1f]">EXTI9_5_IRQHandler</a> from startup_mm32f327x_keil.o(.text) referenced from startup_mm32f327x_keil.o(RESET)
 <LI><a href="#[e]">FLASH_IRQHandler</a> from startup_mm32f327x_keil.o(.text) referenced from startup_mm32f327x_keil.o(RESET)
 <LI><a href="#[1d]">FlashCache_IRQHandler</a> from startup_mm32f327x_keil.o(.text) referenced from startup_mm32f327x_keil.o(RESET)
 <LI><a href="#[2]">HardFault_Handler</a> from startup_mm32f327x_keil.o(.text) referenced from startup_mm32f327x_keil.o(RESET)
 <LI><a href="#[27]">I2C1_IRQHandler</a> from startup_mm32f327x_keil.o(.text) referenced from startup_mm32f327x_keil.o(RESET)
 <LI><a href="#[28]">I2C2_IRQHandler</a> from startup_mm32f327x_keil.o(.text) referenced from startup_mm32f327x_keil.o(RESET)
 <LI><a href="#[3]">MemManage_Handler</a> from startup_mm32f327x_keil.o(.text) referenced from startup_mm32f327x_keil.o(RESET)
 <LI><a href="#[1]">NMI_Handler</a> from startup_mm32f327x_keil.o(.text) referenced from startup_mm32f327x_keil.o(RESET)
 <LI><a href="#[44]">OTG_FS_IRQHandler</a> from app.o(i.OTG_FS_IRQHandler) referenced from startup_mm32f327x_keil.o(RESET)
 <LI><a href="#[30]">OTG_FS_WKUP_IRQHandler</a> from startup_mm32f327x_keil.o(.text) referenced from startup_mm32f327x_keil.o(RESET)
 <LI><a href="#[b]">PVD_IRQHandler</a> from startup_mm32f327x_keil.o(.text) referenced from startup_mm32f327x_keil.o(RESET)
 <LI><a href="#[8]">PendSV_Handler</a> from startup_mm32f327x_keil.o(.text) referenced from startup_mm32f327x_keil.o(RESET)
 <LI><a href="#[f]">RCC_CRS_IRQHandler</a> from startup_mm32f327x_keil.o(.text) referenced from startup_mm32f327x_keil.o(RESET)
 <LI><a href="#[2f]">RTCAlarm_IRQHandler</a> from startup_mm32f327x_keil.o(.text) referenced from startup_mm32f327x_keil.o(RESET)
 <LI><a href="#[d]">RTC_IRQHandler</a> from startup_mm32f327x_keil.o(.text) referenced from startup_mm32f327x_keil.o(RESET)
 <LI><a href="#[0]">Reset_Handler</a> from startup_mm32f327x_keil.o(.text) referenced from startup_mm32f327x_keil.o(RESET)
 <LI><a href="#[36]">SDIO_IRQHandler</a> from startup_mm32f327x_keil.o(.text) referenced from startup_mm32f327x_keil.o(RESET)
 <LI><a href="#[29]">SPI1_IRQHandler</a> from startup_mm32f327x_keil.o(.text) referenced from startup_mm32f327x_keil.o(RESET)
 <LI><a href="#[2a]">SPI2_IRQHandler</a> from startup_mm32f327x_keil.o(.text) referenced from startup_mm32f327x_keil.o(RESET)
 <LI><a href="#[38]">SPI3_IRQHandler</a> from startup_mm32f327x_keil.o(.text) referenced from startup_mm32f327x_keil.o(RESET)
 <LI><a href="#[6]">SVC_Handler</a> from startup_mm32f327x_keil.o(.text) referenced from startup_mm32f327x_keil.o(RESET)
 <LI><a href="#[9]">SysTick_Handler</a> from delay.o(i.SysTick_Handler) referenced from startup_mm32f327x_keil.o(RESET)
 <LI><a href="#[49]">SystemInit</a> from system_mm32f327x.o(i.SystemInit) referenced from startup_mm32f327x_keil.o(.text)
 <LI><a href="#[c]">TAMPER_IRQHandler</a> from startup_mm32f327x_keil.o(.text) referenced from startup_mm32f327x_keil.o(RESET)
 <LI><a href="#[20]">TIM1_BRK_IRQHandler</a> from startup_mm32f327x_keil.o(.text) referenced from startup_mm32f327x_keil.o(RESET)
 <LI><a href="#[23]">TIM1_CC_IRQHandler</a> from startup_mm32f327x_keil.o(.text) referenced from startup_mm32f327x_keil.o(RESET)
 <LI><a href="#[22]">TIM1_TRG_COM_IRQHandler</a> from startup_mm32f327x_keil.o(.text) referenced from startup_mm32f327x_keil.o(RESET)
 <LI><a href="#[21]">TIM1_UP_IRQHandler</a> from startup_mm32f327x_keil.o(.text) referenced from startup_mm32f327x_keil.o(RESET)
 <LI><a href="#[24]">TIM2_IRQHandler</a> from startup_mm32f327x_keil.o(.text) referenced from startup_mm32f327x_keil.o(RESET)
 <LI><a href="#[25]">TIM3_IRQHandler</a> from startup_mm32f327x_keil.o(.text) referenced from startup_mm32f327x_keil.o(RESET)
 <LI><a href="#[26]">TIM4_IRQHandler</a> from startup_mm32f327x_keil.o(.text) referenced from startup_mm32f327x_keil.o(RESET)
 <LI><a href="#[37]">TIM5_IRQHandler</a> from startup_mm32f327x_keil.o(.text) referenced from startup_mm32f327x_keil.o(RESET)
 <LI><a href="#[3b]">TIM6_IRQHandler</a> from startup_mm32f327x_keil.o(.text) referenced from startup_mm32f327x_keil.o(RESET)
 <LI><a href="#[3c]">TIM7_IRQHandler</a> from startup_mm32f327x_keil.o(.text) referenced from startup_mm32f327x_keil.o(RESET)
 <LI><a href="#[31]">TIM8_BRK_IRQHandler</a> from startup_mm32f327x_keil.o(.text) referenced from startup_mm32f327x_keil.o(RESET)
 <LI><a href="#[34]">TIM8_CC_IRQHandler</a> from startup_mm32f327x_keil.o(.text) referenced from startup_mm32f327x_keil.o(RESET)
 <LI><a href="#[33]">TIM8_TRG_COM_IRQHandler</a> from startup_mm32f327x_keil.o(.text) referenced from startup_mm32f327x_keil.o(RESET)
 <LI><a href="#[32]">TIM8_UP_IRQHandler</a> from startup_mm32f327x_keil.o(.text) referenced from startup_mm32f327x_keil.o(RESET)
 <LI><a href="#[2b]">UART1_IRQHandler</a> from startup_mm32f327x_keil.o(.text) referenced from startup_mm32f327x_keil.o(RESET)
 <LI><a href="#[2c]">UART2_IRQHandler</a> from startup_mm32f327x_keil.o(.text) referenced from startup_mm32f327x_keil.o(RESET)
 <LI><a href="#[2d]">UART3_IRQHandler</a> from startup_mm32f327x_keil.o(.text) referenced from startup_mm32f327x_keil.o(RESET)
 <LI><a href="#[39]">UART4_IRQHandler</a> from startup_mm32f327x_keil.o(.text) referenced from startup_mm32f327x_keil.o(RESET)
 <LI><a href="#[3a]">UART5_IRQHandler</a> from startup_mm32f327x_keil.o(.text) referenced from startup_mm32f327x_keil.o(RESET)
 <LI><a href="#[45]">UART6_IRQHandler</a> from startup_mm32f327x_keil.o(.text) referenced from startup_mm32f327x_keil.o(RESET)
 <LI><a href="#[46]">UART7_IRQHandler</a> from startup_mm32f327x_keil.o(.text) referenced from startup_mm32f327x_keil.o(RESET)
 <LI><a href="#[47]">UART8_IRQHandler</a> from startup_mm32f327x_keil.o(.text) referenced from startup_mm32f327x_keil.o(RESET)
 <LI><a href="#[5a]">USB_HostEnumerationTransferCallback</a> from usb_host_devices.o(i.USB_HostEnumerationTransferCallback) referenced from usb_host_devices.o(i.USB_HostProcessState)
 <LI><a href="#[4b]">USB_HostEvent</a> from app.o(i.USB_HostEvent) referenced from app.o(i.USB_HostApplicationInit)
 <LI><a href="#[4c]">USB_HostHubControlCallback</a> from usb_host_hub.o(i.USB_HostHubControlCallback) referenced from usb_host_hub.o(i.USB_HostHubClassRequestCommon)
 <LI><a href="#[4d]">USB_HostHubControlCallback</a> from usb_host_hub_app.o(i.USB_HostHubControlCallback) referenced from usb_host_hub_app.o(i.USB_HostHubDeviceEvent)
 <LI><a href="#[4d]">USB_HostHubControlCallback</a> from usb_host_hub_app.o(i.USB_HostHubControlCallback) referenced from usb_host_hub_app.o(i.USB_HostHubProcess)
 <LI><a href="#[4d]">USB_HostHubControlCallback</a> from usb_host_hub_app.o(i.USB_HostHubControlCallback) referenced from usb_host_hub_app.o(i.USB_HostHubProcessData)
 <LI><a href="#[4d]">USB_HostHubControlCallback</a> from usb_host_hub_app.o(i.USB_HostHubControlCallback) referenced from usb_host_hub_app.o(i.USB_HostHubProcessPortAttach)
 <LI><a href="#[4d]">USB_HostHubControlCallback</a> from usb_host_hub_app.o(i.USB_HostHubControlCallback) referenced from usb_host_hub_app.o(i.USB_HostHubProcessPortDetach)
 <LI><a href="#[4f]">USB_HostHubInPipeCallback</a> from usb_host_hub.o(i.USB_HostHubInPipeCallback) referenced from usb_host_hub.o(i.USB_HostHubInterruptRecv)
 <LI><a href="#[4e]">USB_HostHubInterruptInCallback</a> from usb_host_hub_app.o(i.USB_HostHubInterruptInCallback) referenced from usb_host_hub_app.o(i.USB_HostHubGetInterruptStatus)
 <LI><a href="#[64]">USB_HostKciIoctl</a> from usb_host_khci.o(i.USB_HostKciIoctl) referenced from usb_host_hci.o(.constdata)
 <LI><a href="#[61]">USB_HostKhciClosePipe</a> from usb_host_khci.o(i.USB_HostKhciClosePipe) referenced from usb_host_hci.o(.constdata)
 <LI><a href="#[5e]">USB_HostKhciCreate</a> from usb_host_khci.o(i.USB_HostKhciCreate) referenced from usb_host_hci.o(.constdata)
 <LI><a href="#[5f]">USB_HostKhciDestory</a> from usb_host_khci.o(i.USB_HostKhciDestory) referenced from usb_host_hci.o(.constdata)
 <LI><a href="#[60]">USB_HostKhciOpenPipe</a> from usb_host_khci.o(i.USB_HostKhciOpenPipe) referenced from usb_host_hci.o(.constdata)
 <LI><a href="#[63]">USB_HostKhciReadpipe</a> from usb_host_khci.o(i.USB_HostKhciReadpipe) referenced from usb_host_hci.o(.constdata)
 <LI><a href="#[62]">USB_HostKhciWritePipe</a> from usb_host_khci.o(i.USB_HostKhciWritePipe) referenced from usb_host_hci.o(.constdata)
 <LI><a href="#[55]">USB_HostMsdCbwCallback</a> from usb_host_msd.o(i.USB_HostMsdCbwCallback) referenced from usb_host_msd.o(i.USB_HostMsdProcessCommand)
 <LI><a href="#[50]">USB_HostMsdClearHaltCallback</a> from usb_host_msd.o(i.USB_HostMsdClearHaltCallback) referenced from usb_host_msd.o(i.USB_HostMsdCbwCallback)
 <LI><a href="#[50]">USB_HostMsdClearHaltCallback</a> from usb_host_msd.o(i.USB_HostMsdClearHaltCallback) referenced from usb_host_msd.o(i.USB_HostMsdCswCallback)
 <LI><a href="#[50]">USB_HostMsdClearHaltCallback</a> from usb_host_msd.o(i.USB_HostMsdClearHaltCallback) referenced from usb_host_msd.o(i.USB_HostMsdDataCallback)
 <LI><a href="#[59]">USB_HostMsdControlCallback</a> from host_msd_fatfs.o(i.USB_HostMsdControlCallback) referenced from host_msd_fatfs.o(i.USB_HostMsdTask)
 <LI><a href="#[57]">USB_HostMsdCswCallback</a> from usb_host_msd.o(i.USB_HostMsdCswCallback) referenced from usb_host_msd.o(i.USB_HostMsdProcessCommand)
 <LI><a href="#[56]">USB_HostMsdDataCallback</a> from usb_host_msd.o(i.USB_HostMsdDataCallback) referenced from usb_host_msd.o(i.USB_HostMsdProcessCommand)
 <LI><a href="#[54]">USB_HostMsdMassResetCallback</a> from usb_host_msd.o(i.USB_HostMsdMassResetCallback) referenced from usb_host_msd.o(i.USB_HostMsdMassStorageReset)
 <LI><a href="#[52]">USB_HostMsdMassResetClearInCallback</a> from usb_host_msd.o(i.USB_HostMsdMassResetClearInCallback) referenced from usb_host_msd.o(i.USB_HostMsdMassResetCallback)
 <LI><a href="#[53]">USB_HostMsdMassResetClearOutCallback</a> from usb_host_msd.o(i.USB_HostMsdMassResetClearOutCallback) referenced from usb_host_msd.o(i.USB_HostMsdMassResetClearInCallback)
 <LI><a href="#[58]">USB_HostMsdSetInterfaceCallback</a> from usb_host_msd.o(i.USB_HostMsdSetInterfaceCallback) referenced from usb_host_msd.o(i.USB_HostMsdSetInterface)
 <LI><a href="#[51]">USB_HostMsdUfiCallback</a> from fsl_usb_disk_bm.o(i.USB_HostMsdUfiCallback) referenced from fsl_usb_disk_bm.o(i.USB_HostMsdInitializeDisk)
 <LI><a href="#[51]">USB_HostMsdUfiCallback</a> from fsl_usb_disk_bm.o(i.USB_HostMsdUfiCallback) referenced from fsl_usb_disk_bm.o(i.USB_HostMsdIoctlDisk)
 <LI><a href="#[51]">USB_HostMsdUfiCallback</a> from fsl_usb_disk_bm.o(i.USB_HostMsdUfiCallback) referenced from fsl_usb_disk_bm.o(i.USB_HostMsdReadDisk)
 <LI><a href="#[51]">USB_HostMsdUfiCallback</a> from fsl_usb_disk_bm.o(i.USB_HostMsdUfiCallback) referenced from fsl_usb_disk_bm.o(i.USB_HostMsdWriteDisk)
 <LI><a href="#[5d]">USB_HostProcessCallback</a> from usb_host_devices.o(i.USB_HostProcessCallback) referenced 4 times from usb_host_devices.o(.constdata)
 <LI><a href="#[5]">UsageFault_Handler</a> from startup_mm32f327x_keil.o(.text) referenced from startup_mm32f327x_keil.o(RESET)
 <LI><a href="#[a]">WWDG_IRQHandler</a> from startup_mm32f327x_keil.o(.text) referenced from startup_mm32f327x_keil.o(RESET)
 <LI><a href="#[4a]">__main</a> from entry.o(.ARM.Collect$$$$00000000) referenced from startup_mm32f327x_keil.o(.text)
 <LI><a href="#[5c]">_sputc</a> from printf8.o(i._sputc) referenced from printf8.o(i.__0sprintf$8)
 <LI><a href="#[5b]">fputc</a> from uart.o(i.fputc) referenced from printf8.o(i.__0printf$8)
 <LI><a href="#[48]">main</a> from main.o(i.main) referenced from entry9a.o(.ARM.Collect$$$$0000000B)
</UL>
<P>
<H3>
Global Symbols
</H3>
<P><STRONG><a name="[4a]"></a>__main</STRONG> (Thumb, 0 bytes, Stack size unknown bytes, entry.o(.ARM.Collect$$$$00000000))
<BR>[Address Reference Count : 1]<UL><LI> startup_mm32f327x_keil.o(.text)
</UL>
<P><STRONG><a name="[13b]"></a>_main_stk</STRONG> (Thumb, 0 bytes, Stack size unknown bytes, entry2.o(.ARM.Collect$$$$00000001))

<P><STRONG><a name="[65]"></a>_main_scatterload</STRONG> (Thumb, 0 bytes, Stack size unknown bytes, entry5.o(.ARM.Collect$$$$00000004))
<BR><BR>[Calls]<UL><LI><a href="#[66]">&gt;&gt;</a>&nbsp;&nbsp;&nbsp;__scatterload
</UL>

<P><STRONG><a name="[6a]"></a>__main_after_scatterload</STRONG> (Thumb, 0 bytes, Stack size unknown bytes, entry5.o(.ARM.Collect$$$$00000004))
<BR><BR>[Called By]<UL><LI><a href="#[66]">&gt;&gt;</a>&nbsp;&nbsp;&nbsp;__scatterload
</UL>

<P><STRONG><a name="[13c]"></a>_main_clock</STRONG> (Thumb, 0 bytes, Stack size unknown bytes, entry7b.o(.ARM.Collect$$$$00000008))

<P><STRONG><a name="[13d]"></a>_main_cpp_init</STRONG> (Thumb, 0 bytes, Stack size unknown bytes, entry8b.o(.ARM.Collect$$$$0000000A))

<P><STRONG><a name="[13e]"></a>_main_init</STRONG> (Thumb, 0 bytes, Stack size unknown bytes, entry9a.o(.ARM.Collect$$$$0000000B))

<P><STRONG><a name="[13f]"></a>__rt_lib_shutdown_fini</STRONG> (Thumb, 0 bytes, Stack size unknown bytes, entry12b.o(.ARM.Collect$$$$0000000E))

<P><STRONG><a name="[140]"></a>__rt_final_cpp</STRONG> (Thumb, 0 bytes, Stack size unknown bytes, entry10a.o(.ARM.Collect$$$$0000000F))

<P><STRONG><a name="[141]"></a>__rt_final_exit</STRONG> (Thumb, 0 bytes, Stack size unknown bytes, entry11a.o(.ARM.Collect$$$$00000011))

<P><STRONG><a name="[0]"></a>Reset_Handler</STRONG> (Thumb, 8 bytes, Stack size 0 bytes, startup_mm32f327x_keil.o(.text))
<BR>[Address Reference Count : 1]<UL><LI> startup_mm32f327x_keil.o(RESET)
</UL>
<P><STRONG><a name="[1]"></a>NMI_Handler</STRONG> (Thumb, 2 bytes, Stack size 0 bytes, startup_mm32f327x_keil.o(.text))
<BR><BR>[Calls]<UL><LI><a href="#[1]">&gt;&gt;</a>&nbsp;&nbsp;&nbsp;NMI_Handler
</UL>
<BR>[Called By]<UL><LI><a href="#[1]">&gt;&gt;</a>&nbsp;&nbsp;&nbsp;NMI_Handler
</UL>
<BR>[Address Reference Count : 1]<UL><LI> startup_mm32f327x_keil.o(RESET)
</UL>
<P><STRONG><a name="[2]"></a>HardFault_Handler</STRONG> (Thumb, 2 bytes, Stack size 0 bytes, startup_mm32f327x_keil.o(.text))
<BR><BR>[Calls]<UL><LI><a href="#[2]">&gt;&gt;</a>&nbsp;&nbsp;&nbsp;HardFault_Handler
</UL>
<BR>[Called By]<UL><LI><a href="#[2]">&gt;&gt;</a>&nbsp;&nbsp;&nbsp;HardFault_Handler
</UL>
<BR>[Address Reference Count : 1]<UL><LI> startup_mm32f327x_keil.o(RESET)
</UL>
<P><STRONG><a name="[3]"></a>MemManage_Handler</STRONG> (Thumb, 2 bytes, Stack size 0 bytes, startup_mm32f327x_keil.o(.text))
<BR><BR>[Calls]<UL><LI><a href="#[3]">&gt;&gt;</a>&nbsp;&nbsp;&nbsp;MemManage_Handler
</UL>
<BR>[Called By]<UL><LI><a href="#[3]">&gt;&gt;</a>&nbsp;&nbsp;&nbsp;MemManage_Handler
</UL>
<BR>[Address Reference Count : 1]<UL><LI> startup_mm32f327x_keil.o(RESET)
</UL>
<P><STRONG><a name="[4]"></a>BusFault_Handler</STRONG> (Thumb, 2 bytes, Stack size 0 bytes, startup_mm32f327x_keil.o(.text))
<BR><BR>[Calls]<UL><LI><a href="#[4]">&gt;&gt;</a>&nbsp;&nbsp;&nbsp;BusFault_Handler
</UL>
<BR>[Called By]<UL><LI><a href="#[4]">&gt;&gt;</a>&nbsp;&nbsp;&nbsp;BusFault_Handler
</UL>
<BR>[Address Reference Count : 1]<UL><LI> startup_mm32f327x_keil.o(RESET)
</UL>
<P><STRONG><a name="[5]"></a>UsageFault_Handler</STRONG> (Thumb, 2 bytes, Stack size 0 bytes, startup_mm32f327x_keil.o(.text))
<BR><BR>[Calls]<UL><LI><a href="#[5]">&gt;&gt;</a>&nbsp;&nbsp;&nbsp;UsageFault_Handler
</UL>
<BR>[Called By]<UL><LI><a href="#[5]">&gt;&gt;</a>&nbsp;&nbsp;&nbsp;UsageFault_Handler
</UL>
<BR>[Address Reference Count : 1]<UL><LI> startup_mm32f327x_keil.o(RESET)
</UL>
<P><STRONG><a name="[6]"></a>SVC_Handler</STRONG> (Thumb, 2 bytes, Stack size 0 bytes, startup_mm32f327x_keil.o(.text))
<BR><BR>[Calls]<UL><LI><a href="#[6]">&gt;&gt;</a>&nbsp;&nbsp;&nbsp;SVC_Handler
</UL>
<BR>[Called By]<UL><LI><a href="#[6]">&gt;&gt;</a>&nbsp;&nbsp;&nbsp;SVC_Handler
</UL>
<BR>[Address Reference Count : 1]<UL><LI> startup_mm32f327x_keil.o(RESET)
</UL>
<P><STRONG><a name="[7]"></a>DebugMon_Handler</STRONG> (Thumb, 2 bytes, Stack size 0 bytes, startup_mm32f327x_keil.o(.text))
<BR><BR>[Calls]<UL><LI><a href="#[7]">&gt;&gt;</a>&nbsp;&nbsp;&nbsp;DebugMon_Handler
</UL>
<BR>[Called By]<UL><LI><a href="#[7]">&gt;&gt;</a>&nbsp;&nbsp;&nbsp;DebugMon_Handler
</UL>
<BR>[Address Reference Count : 1]<UL><LI> startup_mm32f327x_keil.o(RESET)
</UL>
<P><STRONG><a name="[8]"></a>PendSV_Handler</STRONG> (Thumb, 2 bytes, Stack size 0 bytes, startup_mm32f327x_keil.o(.text))
<BR><BR>[Calls]<UL><LI><a href="#[8]">&gt;&gt;</a>&nbsp;&nbsp;&nbsp;PendSV_Handler
</UL>
<BR>[Called By]<UL><LI><a href="#[8]">&gt;&gt;</a>&nbsp;&nbsp;&nbsp;PendSV_Handler
</UL>
<BR>[Address Reference Count : 1]<UL><LI> startup_mm32f327x_keil.o(RESET)
</UL>
<P><STRONG><a name="[1c]"></a>ADC1_2_IRQHandler</STRONG> (Thumb, 0 bytes, Stack size 0 bytes, startup_mm32f327x_keil.o(.text))
<BR><BR>[Calls]<UL><LI><a href="#[1c]">&gt;&gt;</a>&nbsp;&nbsp;&nbsp;ADC1_2_IRQHandler
</UL>
<BR>[Called By]<UL><LI><a href="#[1c]">&gt;&gt;</a>&nbsp;&nbsp;&nbsp;ADC1_2_IRQHandler
</UL>
<BR>[Address Reference Count : 1]<UL><LI> startup_mm32f327x_keil.o(RESET)
</UL>
<P><STRONG><a name="[35]"></a>ADC3_IRQHandler</STRONG> (Thumb, 0 bytes, Stack size 0 bytes, startup_mm32f327x_keil.o(.text))
<BR>[Address Reference Count : 1]<UL><LI> startup_mm32f327x_keil.o(RESET)
</UL>
<P><STRONG><a name="[1e]"></a>CAN1_RX_IRQHandler</STRONG> (Thumb, 0 bytes, Stack size 0 bytes, startup_mm32f327x_keil.o(.text))
<BR>[Address Reference Count : 1]<UL><LI> startup_mm32f327x_keil.o(RESET)
</UL>
<P><STRONG><a name="[43]"></a>COMP1_2_IRQHandler</STRONG> (Thumb, 0 bytes, Stack size 0 bytes, startup_mm32f327x_keil.o(.text))
<BR>[Address Reference Count : 1]<UL><LI> startup_mm32f327x_keil.o(RESET)
</UL>
<P><STRONG><a name="[15]"></a>DMA1_Channel1_IRQHandler</STRONG> (Thumb, 0 bytes, Stack size 0 bytes, startup_mm32f327x_keil.o(.text))
<BR>[Address Reference Count : 1]<UL><LI> startup_mm32f327x_keil.o(RESET)
</UL>
<P><STRONG><a name="[16]"></a>DMA1_Channel2_IRQHandler</STRONG> (Thumb, 0 bytes, Stack size 0 bytes, startup_mm32f327x_keil.o(.text))
<BR>[Address Reference Count : 1]<UL><LI> startup_mm32f327x_keil.o(RESET)
</UL>
<P><STRONG><a name="[17]"></a>DMA1_Channel3_IRQHandler</STRONG> (Thumb, 0 bytes, Stack size 0 bytes, startup_mm32f327x_keil.o(.text))
<BR>[Address Reference Count : 1]<UL><LI> startup_mm32f327x_keil.o(RESET)
</UL>
<P><STRONG><a name="[18]"></a>DMA1_Channel4_IRQHandler</STRONG> (Thumb, 0 bytes, Stack size 0 bytes, startup_mm32f327x_keil.o(.text))
<BR>[Address Reference Count : 1]<UL><LI> startup_mm32f327x_keil.o(RESET)
</UL>
<P><STRONG><a name="[19]"></a>DMA1_Channel5_IRQHandler</STRONG> (Thumb, 0 bytes, Stack size 0 bytes, startup_mm32f327x_keil.o(.text))
<BR>[Address Reference Count : 1]<UL><LI> startup_mm32f327x_keil.o(RESET)
</UL>
<P><STRONG><a name="[1a]"></a>DMA1_Channel6_IRQHandler</STRONG> (Thumb, 0 bytes, Stack size 0 bytes, startup_mm32f327x_keil.o(.text))
<BR>[Address Reference Count : 1]<UL><LI> startup_mm32f327x_keil.o(RESET)
</UL>
<P><STRONG><a name="[1b]"></a>DMA1_Channel7_IRQHandler</STRONG> (Thumb, 0 bytes, Stack size 0 bytes, startup_mm32f327x_keil.o(.text))
<BR>[Address Reference Count : 1]<UL><LI> startup_mm32f327x_keil.o(RESET)
</UL>
<P><STRONG><a name="[3d]"></a>DMA2_Channel1_IRQHandler</STRONG> (Thumb, 0 bytes, Stack size 0 bytes, startup_mm32f327x_keil.o(.text))
<BR>[Address Reference Count : 1]<UL><LI> startup_mm32f327x_keil.o(RESET)
</UL>
<P><STRONG><a name="[3e]"></a>DMA2_Channel2_IRQHandler</STRONG> (Thumb, 0 bytes, Stack size 0 bytes, startup_mm32f327x_keil.o(.text))
<BR>[Address Reference Count : 1]<UL><LI> startup_mm32f327x_keil.o(RESET)
</UL>
<P><STRONG><a name="[3f]"></a>DMA2_Channel3_IRQHandler</STRONG> (Thumb, 0 bytes, Stack size 0 bytes, startup_mm32f327x_keil.o(.text))
<BR>[Address Reference Count : 1]<UL><LI> startup_mm32f327x_keil.o(RESET)
</UL>
<P><STRONG><a name="[40]"></a>DMA2_Channel4_IRQHandler</STRONG> (Thumb, 0 bytes, Stack size 0 bytes, startup_mm32f327x_keil.o(.text))
<BR>[Address Reference Count : 1]<UL><LI> startup_mm32f327x_keil.o(RESET)
</UL>
<P><STRONG><a name="[41]"></a>DMA2_Channel5_IRQHandler</STRONG> (Thumb, 0 bytes, Stack size 0 bytes, startup_mm32f327x_keil.o(.text))
<BR>[Address Reference Count : 1]<UL><LI> startup_mm32f327x_keil.o(RESET)
</UL>
<P><STRONG><a name="[42]"></a>ETH_IRQHandler</STRONG> (Thumb, 0 bytes, Stack size 0 bytes, startup_mm32f327x_keil.o(.text))
<BR>[Address Reference Count : 1]<UL><LI> startup_mm32f327x_keil.o(RESET)
</UL>
<P><STRONG><a name="[10]"></a>EXTI0_IRQHandler</STRONG> (Thumb, 0 bytes, Stack size 0 bytes, startup_mm32f327x_keil.o(.text))
<BR>[Address Reference Count : 1]<UL><LI> startup_mm32f327x_keil.o(RESET)
</UL>
<P><STRONG><a name="[2e]"></a>EXTI15_10_IRQHandler</STRONG> (Thumb, 0 bytes, Stack size 0 bytes, startup_mm32f327x_keil.o(.text))
<BR>[Address Reference Count : 1]<UL><LI> startup_mm32f327x_keil.o(RESET)
</UL>
<P><STRONG><a name="[11]"></a>EXTI1_IRQHandler</STRONG> (Thumb, 0 bytes, Stack size 0 bytes, startup_mm32f327x_keil.o(.text))
<BR>[Address Reference Count : 1]<UL><LI> startup_mm32f327x_keil.o(RESET)
</UL>
<P><STRONG><a name="[12]"></a>EXTI2_IRQHandler</STRONG> (Thumb, 0 bytes, Stack size 0 bytes, startup_mm32f327x_keil.o(.text))
<BR>[Address Reference Count : 1]<UL><LI> startup_mm32f327x_keil.o(RESET)
</UL>
<P><STRONG><a name="[13]"></a>EXTI3_IRQHandler</STRONG> (Thumb, 0 bytes, Stack size 0 bytes, startup_mm32f327x_keil.o(.text))
<BR>[Address Reference Count : 1]<UL><LI> startup_mm32f327x_keil.o(RESET)
</UL>
<P><STRONG><a name="[14]"></a>EXTI4_IRQHandler</STRONG> (Thumb, 0 bytes, Stack size 0 bytes, startup_mm32f327x_keil.o(.text))
<BR>[Address Reference Count : 1]<UL><LI> startup_mm32f327x_keil.o(RESET)
</UL>
<P><STRONG><a name="[1f]"></a>EXTI9_5_IRQHandler</STRONG> (Thumb, 0 bytes, Stack size 0 bytes, startup_mm32f327x_keil.o(.text))
<BR>[Address Reference Count : 1]<UL><LI> startup_mm32f327x_keil.o(RESET)
</UL>
<P><STRONG><a name="[e]"></a>FLASH_IRQHandler</STRONG> (Thumb, 0 bytes, Stack size 0 bytes, startup_mm32f327x_keil.o(.text))
<BR>[Address Reference Count : 1]<UL><LI> startup_mm32f327x_keil.o(RESET)
</UL>
<P><STRONG><a name="[1d]"></a>FlashCache_IRQHandler</STRONG> (Thumb, 0 bytes, Stack size 0 bytes, startup_mm32f327x_keil.o(.text))
<BR>[Address Reference Count : 1]<UL><LI> startup_mm32f327x_keil.o(RESET)
</UL>
<P><STRONG><a name="[27]"></a>I2C1_IRQHandler</STRONG> (Thumb, 0 bytes, Stack size 0 bytes, startup_mm32f327x_keil.o(.text))
<BR>[Address Reference Count : 1]<UL><LI> startup_mm32f327x_keil.o(RESET)
</UL>
<P><STRONG><a name="[28]"></a>I2C2_IRQHandler</STRONG> (Thumb, 0 bytes, Stack size 0 bytes, startup_mm32f327x_keil.o(.text))
<BR>[Address Reference Count : 1]<UL><LI> startup_mm32f327x_keil.o(RESET)
</UL>
<P><STRONG><a name="[30]"></a>OTG_FS_WKUP_IRQHandler</STRONG> (Thumb, 0 bytes, Stack size 0 bytes, startup_mm32f327x_keil.o(.text))
<BR>[Address Reference Count : 1]<UL><LI> startup_mm32f327x_keil.o(RESET)
</UL>
<P><STRONG><a name="[b]"></a>PVD_IRQHandler</STRONG> (Thumb, 0 bytes, Stack size 0 bytes, startup_mm32f327x_keil.o(.text))
<BR>[Address Reference Count : 1]<UL><LI> startup_mm32f327x_keil.o(RESET)
</UL>
<P><STRONG><a name="[f]"></a>RCC_CRS_IRQHandler</STRONG> (Thumb, 0 bytes, Stack size 0 bytes, startup_mm32f327x_keil.o(.text))
<BR>[Address Reference Count : 1]<UL><LI> startup_mm32f327x_keil.o(RESET)
</UL>
<P><STRONG><a name="[2f]"></a>RTCAlarm_IRQHandler</STRONG> (Thumb, 0 bytes, Stack size 0 bytes, startup_mm32f327x_keil.o(.text))
<BR>[Address Reference Count : 1]<UL><LI> startup_mm32f327x_keil.o(RESET)
</UL>
<P><STRONG><a name="[d]"></a>RTC_IRQHandler</STRONG> (Thumb, 0 bytes, Stack size 0 bytes, startup_mm32f327x_keil.o(.text))
<BR>[Address Reference Count : 1]<UL><LI> startup_mm32f327x_keil.o(RESET)
</UL>
<P><STRONG><a name="[36]"></a>SDIO_IRQHandler</STRONG> (Thumb, 0 bytes, Stack size 0 bytes, startup_mm32f327x_keil.o(.text))
<BR>[Address Reference Count : 1]<UL><LI> startup_mm32f327x_keil.o(RESET)
</UL>
<P><STRONG><a name="[29]"></a>SPI1_IRQHandler</STRONG> (Thumb, 0 bytes, Stack size 0 bytes, startup_mm32f327x_keil.o(.text))
<BR>[Address Reference Count : 1]<UL><LI> startup_mm32f327x_keil.o(RESET)
</UL>
<P><STRONG><a name="[2a]"></a>SPI2_IRQHandler</STRONG> (Thumb, 0 bytes, Stack size 0 bytes, startup_mm32f327x_keil.o(.text))
<BR>[Address Reference Count : 1]<UL><LI> startup_mm32f327x_keil.o(RESET)
</UL>
<P><STRONG><a name="[38]"></a>SPI3_IRQHandler</STRONG> (Thumb, 0 bytes, Stack size 0 bytes, startup_mm32f327x_keil.o(.text))
<BR>[Address Reference Count : 1]<UL><LI> startup_mm32f327x_keil.o(RESET)
</UL>
<P><STRONG><a name="[c]"></a>TAMPER_IRQHandler</STRONG> (Thumb, 0 bytes, Stack size 0 bytes, startup_mm32f327x_keil.o(.text))
<BR>[Address Reference Count : 1]<UL><LI> startup_mm32f327x_keil.o(RESET)
</UL>
<P><STRONG><a name="[20]"></a>TIM1_BRK_IRQHandler</STRONG> (Thumb, 0 bytes, Stack size 0 bytes, startup_mm32f327x_keil.o(.text))
<BR>[Address Reference Count : 1]<UL><LI> startup_mm32f327x_keil.o(RESET)
</UL>
<P><STRONG><a name="[23]"></a>TIM1_CC_IRQHandler</STRONG> (Thumb, 0 bytes, Stack size 0 bytes, startup_mm32f327x_keil.o(.text))
<BR>[Address Reference Count : 1]<UL><LI> startup_mm32f327x_keil.o(RESET)
</UL>
<P><STRONG><a name="[22]"></a>TIM1_TRG_COM_IRQHandler</STRONG> (Thumb, 0 bytes, Stack size 0 bytes, startup_mm32f327x_keil.o(.text))
<BR>[Address Reference Count : 1]<UL><LI> startup_mm32f327x_keil.o(RESET)
</UL>
<P><STRONG><a name="[21]"></a>TIM1_UP_IRQHandler</STRONG> (Thumb, 0 bytes, Stack size 0 bytes, startup_mm32f327x_keil.o(.text))
<BR>[Address Reference Count : 1]<UL><LI> startup_mm32f327x_keil.o(RESET)
</UL>
<P><STRONG><a name="[24]"></a>TIM2_IRQHandler</STRONG> (Thumb, 0 bytes, Stack size 0 bytes, startup_mm32f327x_keil.o(.text))
<BR>[Address Reference Count : 1]<UL><LI> startup_mm32f327x_keil.o(RESET)
</UL>
<P><STRONG><a name="[25]"></a>TIM3_IRQHandler</STRONG> (Thumb, 0 bytes, Stack size 0 bytes, startup_mm32f327x_keil.o(.text))
<BR>[Address Reference Count : 1]<UL><LI> startup_mm32f327x_keil.o(RESET)
</UL>
<P><STRONG><a name="[26]"></a>TIM4_IRQHandler</STRONG> (Thumb, 0 bytes, Stack size 0 bytes, startup_mm32f327x_keil.o(.text))
<BR>[Address Reference Count : 1]<UL><LI> startup_mm32f327x_keil.o(RESET)
</UL>
<P><STRONG><a name="[37]"></a>TIM5_IRQHandler</STRONG> (Thumb, 0 bytes, Stack size 0 bytes, startup_mm32f327x_keil.o(.text))
<BR>[Address Reference Count : 1]<UL><LI> startup_mm32f327x_keil.o(RESET)
</UL>
<P><STRONG><a name="[3b]"></a>TIM6_IRQHandler</STRONG> (Thumb, 0 bytes, Stack size 0 bytes, startup_mm32f327x_keil.o(.text))
<BR>[Address Reference Count : 1]<UL><LI> startup_mm32f327x_keil.o(RESET)
</UL>
<P><STRONG><a name="[3c]"></a>TIM7_IRQHandler</STRONG> (Thumb, 0 bytes, Stack size 0 bytes, startup_mm32f327x_keil.o(.text))
<BR>[Address Reference Count : 1]<UL><LI> startup_mm32f327x_keil.o(RESET)
</UL>
<P><STRONG><a name="[31]"></a>TIM8_BRK_IRQHandler</STRONG> (Thumb, 0 bytes, Stack size 0 bytes, startup_mm32f327x_keil.o(.text))
<BR>[Address Reference Count : 1]<UL><LI> startup_mm32f327x_keil.o(RESET)
</UL>
<P><STRONG><a name="[34]"></a>TIM8_CC_IRQHandler</STRONG> (Thumb, 0 bytes, Stack size 0 bytes, startup_mm32f327x_keil.o(.text))
<BR>[Address Reference Count : 1]<UL><LI> startup_mm32f327x_keil.o(RESET)
</UL>
<P><STRONG><a name="[33]"></a>TIM8_TRG_COM_IRQHandler</STRONG> (Thumb, 0 bytes, Stack size 0 bytes, startup_mm32f327x_keil.o(.text))
<BR>[Address Reference Count : 1]<UL><LI> startup_mm32f327x_keil.o(RESET)
</UL>
<P><STRONG><a name="[32]"></a>TIM8_UP_IRQHandler</STRONG> (Thumb, 0 bytes, Stack size 0 bytes, startup_mm32f327x_keil.o(.text))
<BR>[Address Reference Count : 1]<UL><LI> startup_mm32f327x_keil.o(RESET)
</UL>
<P><STRONG><a name="[2b]"></a>UART1_IRQHandler</STRONG> (Thumb, 0 bytes, Stack size 0 bytes, startup_mm32f327x_keil.o(.text))
<BR>[Address Reference Count : 1]<UL><LI> startup_mm32f327x_keil.o(RESET)
</UL>
<P><STRONG><a name="[2c]"></a>UART2_IRQHandler</STRONG> (Thumb, 0 bytes, Stack size 0 bytes, startup_mm32f327x_keil.o(.text))
<BR>[Address Reference Count : 1]<UL><LI> startup_mm32f327x_keil.o(RESET)
</UL>
<P><STRONG><a name="[2d]"></a>UART3_IRQHandler</STRONG> (Thumb, 0 bytes, Stack size 0 bytes, startup_mm32f327x_keil.o(.text))
<BR>[Address Reference Count : 1]<UL><LI> startup_mm32f327x_keil.o(RESET)
</UL>
<P><STRONG><a name="[39]"></a>UART4_IRQHandler</STRONG> (Thumb, 0 bytes, Stack size 0 bytes, startup_mm32f327x_keil.o(.text))
<BR>[Address Reference Count : 1]<UL><LI> startup_mm32f327x_keil.o(RESET)
</UL>
<P><STRONG><a name="[3a]"></a>UART5_IRQHandler</STRONG> (Thumb, 0 bytes, Stack size 0 bytes, startup_mm32f327x_keil.o(.text))
<BR>[Address Reference Count : 1]<UL><LI> startup_mm32f327x_keil.o(RESET)
</UL>
<P><STRONG><a name="[45]"></a>UART6_IRQHandler</STRONG> (Thumb, 0 bytes, Stack size 0 bytes, startup_mm32f327x_keil.o(.text))
<BR>[Address Reference Count : 1]<UL><LI> startup_mm32f327x_keil.o(RESET)
</UL>
<P><STRONG><a name="[46]"></a>UART7_IRQHandler</STRONG> (Thumb, 0 bytes, Stack size 0 bytes, startup_mm32f327x_keil.o(.text))
<BR>[Address Reference Count : 1]<UL><LI> startup_mm32f327x_keil.o(RESET)
</UL>
<P><STRONG><a name="[47]"></a>UART8_IRQHandler</STRONG> (Thumb, 0 bytes, Stack size 0 bytes, startup_mm32f327x_keil.o(.text))
<BR>[Address Reference Count : 1]<UL><LI> startup_mm32f327x_keil.o(RESET)
</UL>
<P><STRONG><a name="[a]"></a>WWDG_IRQHandler</STRONG> (Thumb, 0 bytes, Stack size 0 bytes, startup_mm32f327x_keil.o(.text))
<BR>[Address Reference Count : 1]<UL><LI> startup_mm32f327x_keil.o(RESET)
</UL>
<P><STRONG><a name="[67]"></a>__aeabi_uldivmod</STRONG> (Thumb, 98 bytes, Stack size 40 bytes, uldiv.o(.text), UNUSED)
<BR><BR>[Calls]<UL><LI><a href="#[68]">&gt;&gt;</a>&nbsp;&nbsp;&nbsp;__aeabi_llsr
<LI><a href="#[69]">&gt;&gt;</a>&nbsp;&nbsp;&nbsp;__aeabi_llsl
</UL>
<BR>[Called By]<UL><LI><a href="#[10e]">&gt;&gt;</a>&nbsp;&nbsp;&nbsp;_printf_core
</UL>

<P><STRONG><a name="[66]"></a>__scatterload</STRONG> (Thumb, 28 bytes, Stack size 0 bytes, init.o(.text))
<BR><BR>[Calls]<UL><LI><a href="#[6a]">&gt;&gt;</a>&nbsp;&nbsp;&nbsp;__main_after_scatterload
</UL>
<BR>[Called By]<UL><LI><a href="#[65]">&gt;&gt;</a>&nbsp;&nbsp;&nbsp;_main_scatterload
</UL>

<P><STRONG><a name="[142]"></a>__scatterload_rt2</STRONG> (Thumb, 0 bytes, Stack size 0 bytes, init.o(.text), UNUSED)

<P><STRONG><a name="[69]"></a>__aeabi_llsl</STRONG> (Thumb, 30 bytes, Stack size 0 bytes, llshl.o(.text), UNUSED)
<BR><BR>[Called By]<UL><LI><a href="#[67]">&gt;&gt;</a>&nbsp;&nbsp;&nbsp;__aeabi_uldivmod
</UL>

<P><STRONG><a name="[143]"></a>_ll_shift_l</STRONG> (Thumb, 0 bytes, Stack size 0 bytes, llshl.o(.text), UNUSED)

<P><STRONG><a name="[68]"></a>__aeabi_llsr</STRONG> (Thumb, 32 bytes, Stack size 0 bytes, llushr.o(.text), UNUSED)
<BR><BR>[Called By]<UL><LI><a href="#[67]">&gt;&gt;</a>&nbsp;&nbsp;&nbsp;__aeabi_uldivmod
</UL>

<P><STRONG><a name="[144]"></a>_ll_ushift_r</STRONG> (Thumb, 0 bytes, Stack size 0 bytes, llushr.o(.text), UNUSED)

<P><STRONG><a name="[7d]"></a>AutoCalPllFactor</STRONG> (Thumb, 102 bytes, Stack size 28 bytes, system_mm32f327x.o(i.AutoCalPllFactor))
<BR><BR>[Stack]<UL><LI>Max Depth = 28<LI>Call Chain = AutoCalPllFactor
</UL>
<BR>[Called By]<UL><LI><a href="#[7b]">&gt;&gt;</a>&nbsp;&nbsp;&nbsp;SetSysClockToXX
</UL>

<P><STRONG><a name="[ec]"></a>FLASH_ClearFlag</STRONG> (Thumb, 6 bytes, Stack size 0 bytes, hal_flash.o(i.FLASH_ClearFlag))
<BR><BR>[Called By]<UL><LI><a href="#[df]">&gt;&gt;</a>&nbsp;&nbsp;&nbsp;USB_HostMsdFatfsUserReadWrite
</UL>

<P><STRONG><a name="[6b]"></a>FLASH_ErasePage</STRONG> (Thumb, 38 bytes, Stack size 8 bytes, hal_flash.o(i.FLASH_ErasePage))
<BR><BR>[Stack]<UL><LI>Max Depth = 16<LI>Call Chain = FLASH_ErasePage &rArr; FLASH_WaitForLastOperation
</UL>
<BR>[Calls]<UL><LI><a href="#[6c]">&gt;&gt;</a>&nbsp;&nbsp;&nbsp;FLASH_WaitForLastOperation
</UL>
<BR>[Called By]<UL><LI><a href="#[df]">&gt;&gt;</a>&nbsp;&nbsp;&nbsp;USB_HostMsdFatfsUserReadWrite
</UL>

<P><STRONG><a name="[6d]"></a>FLASH_GetStatus</STRONG> (Thumb, 46 bytes, Stack size 0 bytes, hal_flash.o(i.FLASH_GetStatus))
<BR><BR>[Called By]<UL><LI><a href="#[6c]">&gt;&gt;</a>&nbsp;&nbsp;&nbsp;FLASH_WaitForLastOperation
</UL>

<P><STRONG><a name="[ed]"></a>FLASH_Lock</STRONG> (Thumb, 14 bytes, Stack size 0 bytes, hal_flash.o(i.FLASH_Lock))
<BR><BR>[Called By]<UL><LI><a href="#[df]">&gt;&gt;</a>&nbsp;&nbsp;&nbsp;USB_HostMsdFatfsUserReadWrite
</UL>

<P><STRONG><a name="[eb]"></a>FLASH_Unlock</STRONG> (Thumb, 12 bytes, Stack size 0 bytes, hal_flash.o(i.FLASH_Unlock))
<BR><BR>[Called By]<UL><LI><a href="#[df]">&gt;&gt;</a>&nbsp;&nbsp;&nbsp;USB_HostMsdFatfsUserReadWrite
</UL>

<P><STRONG><a name="[6c]"></a>FLASH_WaitForLastOperation</STRONG> (Thumb, 52 bytes, Stack size 8 bytes, hal_flash.o(i.FLASH_WaitForLastOperation))
<BR><BR>[Stack]<UL><LI>Max Depth = 8<LI>Call Chain = FLASH_WaitForLastOperation
</UL>
<BR>[Calls]<UL><LI><a href="#[6d]">&gt;&gt;</a>&nbsp;&nbsp;&nbsp;FLASH_GetStatus
</UL>
<BR>[Called By]<UL><LI><a href="#[6b]">&gt;&gt;</a>&nbsp;&nbsp;&nbsp;FLASH_ErasePage
</UL>

<P><STRONG><a name="[72]"></a>GPIO_Init</STRONG> (Thumb, 170 bytes, Stack size 20 bytes, hal_gpio.o(i.GPIO_Init))
<BR><BR>[Stack]<UL><LI>Max Depth = 20<LI>Call Chain = GPIO_Init
</UL>
<BR>[Called By]<UL><LI><a href="#[7f]">&gt;&gt;</a>&nbsp;&nbsp;&nbsp;UART1_GPIO_Init
<LI><a href="#[106]">&gt;&gt;</a>&nbsp;&nbsp;&nbsp;VBUS_CTR_Init
<LI><a href="#[6e]">&gt;&gt;</a>&nbsp;&nbsp;&nbsp;LED_Init
</UL>

<P><STRONG><a name="[71]"></a>GPIO_PinAFConfig</STRONG> (Thumb, 40 bytes, Stack size 16 bytes, hal_gpio.o(i.GPIO_PinAFConfig))
<BR><BR>[Stack]<UL><LI>Max Depth = 16<LI>Call Chain = GPIO_PinAFConfig
</UL>
<BR>[Called By]<UL><LI><a href="#[7f]">&gt;&gt;</a>&nbsp;&nbsp;&nbsp;UART1_GPIO_Init
<LI><a href="#[6e]">&gt;&gt;</a>&nbsp;&nbsp;&nbsp;LED_Init
</UL>

<P><STRONG><a name="[74]"></a>GPIO_ResetBits</STRONG> (Thumb, 4 bytes, Stack size 0 bytes, hal_gpio.o(i.GPIO_ResetBits))
<BR><BR>[Called By]<UL><LI><a href="#[7f]">&gt;&gt;</a>&nbsp;&nbsp;&nbsp;UART1_GPIO_Init
<LI><a href="#[106]">&gt;&gt;</a>&nbsp;&nbsp;&nbsp;VBUS_CTR_Init
<LI><a href="#[6e]">&gt;&gt;</a>&nbsp;&nbsp;&nbsp;LED_Init
</UL>

<P><STRONG><a name="[73]"></a>GPIO_SetBits</STRONG> (Thumb, 4 bytes, Stack size 0 bytes, hal_gpio.o(i.GPIO_SetBits))
<BR><BR>[Called By]<UL><LI><a href="#[5b]">&gt;&gt;</a>&nbsp;&nbsp;&nbsp;fputc
<LI><a href="#[6e]">&gt;&gt;</a>&nbsp;&nbsp;&nbsp;LED_Init
</UL>

<P><STRONG><a name="[70]"></a>GPIO_StructInit</STRONG> (Thumb, 16 bytes, Stack size 0 bytes, hal_gpio.o(i.GPIO_StructInit))
<BR><BR>[Called By]<UL><LI><a href="#[7f]">&gt;&gt;</a>&nbsp;&nbsp;&nbsp;UART1_GPIO_Init
<LI><a href="#[106]">&gt;&gt;</a>&nbsp;&nbsp;&nbsp;VBUS_CTR_Init
<LI><a href="#[6e]">&gt;&gt;</a>&nbsp;&nbsp;&nbsp;LED_Init
</UL>

<P><STRONG><a name="[6e]"></a>LED_Init</STRONG> (Thumb, 128 bytes, Stack size 8 bytes, led.o(i.LED_Init))
<BR><BR>[Stack]<UL><LI>Max Depth = 28<LI>Call Chain = LED_Init &rArr; GPIO_Init
</UL>
<BR>[Calls]<UL><LI><a href="#[73]">&gt;&gt;</a>&nbsp;&nbsp;&nbsp;GPIO_SetBits
<LI><a href="#[74]">&gt;&gt;</a>&nbsp;&nbsp;&nbsp;GPIO_ResetBits
<LI><a href="#[6f]">&gt;&gt;</a>&nbsp;&nbsp;&nbsp;RCC_AHBPeriphClockCmd
<LI><a href="#[70]">&gt;&gt;</a>&nbsp;&nbsp;&nbsp;GPIO_StructInit
<LI><a href="#[71]">&gt;&gt;</a>&nbsp;&nbsp;&nbsp;GPIO_PinAFConfig
<LI><a href="#[72]">&gt;&gt;</a>&nbsp;&nbsp;&nbsp;GPIO_Init
</UL>
<BR>[Called By]<UL><LI><a href="#[48]">&gt;&gt;</a>&nbsp;&nbsp;&nbsp;main
</UL>

<P><STRONG><a name="[44]"></a>OTG_FS_IRQHandler</STRONG> (Thumb, 12 bytes, Stack size 8 bytes, app.o(i.OTG_FS_IRQHandler))
<BR><BR>[Stack]<UL><LI>Max Depth = 44<LI>Call Chain = OTG_FS_IRQHandler &rArr; USB_HostKhciIsrFunction &rArr; USB_OsaEventSet
</UL>
<BR>[Calls]<UL><LI><a href="#[75]">&gt;&gt;</a>&nbsp;&nbsp;&nbsp;USB_HostKhciIsrFunction
</UL>
<BR>[Address Reference Count : 1]<UL><LI> startup_mm32f327x_keil.o(RESET)
</UL>
<P><STRONG><a name="[6f]"></a>RCC_AHBPeriphClockCmd</STRONG> (Thumb, 26 bytes, Stack size 0 bytes, hal_rcc.o(i.RCC_AHBPeriphClockCmd))
<BR><BR>[Called By]<UL><LI><a href="#[48]">&gt;&gt;</a>&nbsp;&nbsp;&nbsp;main
<LI><a href="#[7f]">&gt;&gt;</a>&nbsp;&nbsp;&nbsp;UART1_GPIO_Init
<LI><a href="#[106]">&gt;&gt;</a>&nbsp;&nbsp;&nbsp;VBUS_CTR_Init
<LI><a href="#[6e]">&gt;&gt;</a>&nbsp;&nbsp;&nbsp;LED_Init
</UL>

<P><STRONG><a name="[81]"></a>RCC_APB2PeriphClockCmd</STRONG> (Thumb, 26 bytes, Stack size 0 bytes, hal_rcc.o(i.RCC_APB2PeriphClockCmd))
<BR><BR>[Called By]<UL><LI><a href="#[80]">&gt;&gt;</a>&nbsp;&nbsp;&nbsp;UART1_Init
</UL>

<P><STRONG><a name="[76]"></a>RCC_GetHCLKFreq</STRONG> (Thumb, 22 bytes, Stack size 4 bytes, hal_rcc.o(i.RCC_GetHCLKFreq))
<BR><BR>[Stack]<UL><LI>Max Depth = 12<LI>Call Chain = RCC_GetHCLKFreq &rArr; RCC_GetSysClockFreq
</UL>
<BR>[Calls]<UL><LI><a href="#[77]">&gt;&gt;</a>&nbsp;&nbsp;&nbsp;RCC_GetSysClockFreq
</UL>
<BR>[Called By]<UL><LI><a href="#[78]">&gt;&gt;</a>&nbsp;&nbsp;&nbsp;RCC_GetPCLK1Freq
<LI><a href="#[79]">&gt;&gt;</a>&nbsp;&nbsp;&nbsp;RCC_GetPCLK2Freq
</UL>

<P><STRONG><a name="[78]"></a>RCC_GetPCLK1Freq</STRONG> (Thumb, 22 bytes, Stack size 4 bytes, hal_rcc.o(i.RCC_GetPCLK1Freq))
<BR><BR>[Stack]<UL><LI>Max Depth = 16<LI>Call Chain = RCC_GetPCLK1Freq &rArr; RCC_GetHCLKFreq &rArr; RCC_GetSysClockFreq
</UL>
<BR>[Calls]<UL><LI><a href="#[76]">&gt;&gt;</a>&nbsp;&nbsp;&nbsp;RCC_GetHCLKFreq
</UL>
<BR>[Called By]<UL><LI><a href="#[83]">&gt;&gt;</a>&nbsp;&nbsp;&nbsp;UART_Init
</UL>

<P><STRONG><a name="[79]"></a>RCC_GetPCLK2Freq</STRONG> (Thumb, 22 bytes, Stack size 4 bytes, hal_rcc.o(i.RCC_GetPCLK2Freq))
<BR><BR>[Stack]<UL><LI>Max Depth = 16<LI>Call Chain = RCC_GetPCLK2Freq &rArr; RCC_GetHCLKFreq &rArr; RCC_GetSysClockFreq
</UL>
<BR>[Calls]<UL><LI><a href="#[76]">&gt;&gt;</a>&nbsp;&nbsp;&nbsp;RCC_GetHCLKFreq
</UL>
<BR>[Called By]<UL><LI><a href="#[83]">&gt;&gt;</a>&nbsp;&nbsp;&nbsp;UART_Init
</UL>

<P><STRONG><a name="[77]"></a>RCC_GetSysClockFreq</STRONG> (Thumb, 102 bytes, Stack size 8 bytes, hal_rcc.o(i.RCC_GetSysClockFreq))
<BR><BR>[Stack]<UL><LI>Max Depth = 8<LI>Call Chain = RCC_GetSysClockFreq
</UL>
<BR>[Called By]<UL><LI><a href="#[76]">&gt;&gt;</a>&nbsp;&nbsp;&nbsp;RCC_GetHCLKFreq
</UL>

<P><STRONG><a name="[9]"></a>SysTick_Handler</STRONG> (Thumb, 8 bytes, Stack size 8 bytes, delay.o(i.SysTick_Handler))
<BR><BR>[Stack]<UL><LI>Max Depth = 8<LI>Call Chain = SysTick_Handler
</UL>
<BR>[Calls]<UL><LI><a href="#[7e]">&gt;&gt;</a>&nbsp;&nbsp;&nbsp;TimingDelayDecrement
</UL>
<BR>[Address Reference Count : 1]<UL><LI> startup_mm32f327x_keil.o(RESET)
</UL>
<P><STRONG><a name="[49]"></a>SystemInit</STRONG> (Thumb, 82 bytes, Stack size 8 bytes, system_mm32f327x.o(i.SystemInit))
<BR><BR>[Stack]<UL><LI>Max Depth = 76<LI>Call Chain = SystemInit &rArr; SetSysClock &rArr; SetSysClockToXX &rArr; AutoCalPllFactor
</UL>
<BR>[Calls]<UL><LI><a href="#[7a]">&gt;&gt;</a>&nbsp;&nbsp;&nbsp;SetSysClock
</UL>
<BR>[Address Reference Count : 1]<UL><LI> startup_mm32f327x_keil.o(.text)
</UL>
<P><STRONG><a name="[7f]"></a>UART1_GPIO_Init</STRONG> (Thumb, 116 bytes, Stack size 8 bytes, uart.o(i.UART1_GPIO_Init))
<BR><BR>[Stack]<UL><LI>Max Depth = 28<LI>Call Chain = UART1_GPIO_Init &rArr; GPIO_Init
</UL>
<BR>[Calls]<UL><LI><a href="#[74]">&gt;&gt;</a>&nbsp;&nbsp;&nbsp;GPIO_ResetBits
<LI><a href="#[6f]">&gt;&gt;</a>&nbsp;&nbsp;&nbsp;RCC_AHBPeriphClockCmd
<LI><a href="#[70]">&gt;&gt;</a>&nbsp;&nbsp;&nbsp;GPIO_StructInit
<LI><a href="#[71]">&gt;&gt;</a>&nbsp;&nbsp;&nbsp;GPIO_PinAFConfig
<LI><a href="#[72]">&gt;&gt;</a>&nbsp;&nbsp;&nbsp;GPIO_Init
</UL>
<BR>[Called By]<UL><LI><a href="#[80]">&gt;&gt;</a>&nbsp;&nbsp;&nbsp;UART1_Init
</UL>

<P><STRONG><a name="[80]"></a>UART1_Init</STRONG> (Thumb, 68 bytes, Stack size 24 bytes, uart.o(i.UART1_Init))
<BR><BR>[Stack]<UL><LI>Max Depth = 56<LI>Call Chain = UART1_Init &rArr; UART_Init &rArr; RCC_GetPCLK1Freq &rArr; RCC_GetHCLKFreq &rArr; RCC_GetSysClockFreq
</UL>
<BR>[Calls]<UL><LI><a href="#[82]">&gt;&gt;</a>&nbsp;&nbsp;&nbsp;UART_StructInit
<LI><a href="#[83]">&gt;&gt;</a>&nbsp;&nbsp;&nbsp;UART_Init
<LI><a href="#[84]">&gt;&gt;</a>&nbsp;&nbsp;&nbsp;UART_Cmd
<LI><a href="#[81]">&gt;&gt;</a>&nbsp;&nbsp;&nbsp;RCC_APB2PeriphClockCmd
<LI><a href="#[7f]">&gt;&gt;</a>&nbsp;&nbsp;&nbsp;UART1_GPIO_Init
</UL>
<BR>[Called By]<UL><LI><a href="#[48]">&gt;&gt;</a>&nbsp;&nbsp;&nbsp;main
</UL>

<P><STRONG><a name="[84]"></a>UART_Cmd</STRONG> (Thumb, 12 bytes, Stack size 0 bytes, hal_uart.o(i.UART_Cmd))
<BR><BR>[Called By]<UL><LI><a href="#[80]">&gt;&gt;</a>&nbsp;&nbsp;&nbsp;UART1_Init
</UL>

<P><STRONG><a name="[83]"></a>UART_Init</STRONG> (Thumb, 112 bytes, Stack size 16 bytes, hal_uart.o(i.UART_Init))
<BR><BR>[Stack]<UL><LI>Max Depth = 32<LI>Call Chain = UART_Init &rArr; RCC_GetPCLK1Freq &rArr; RCC_GetHCLKFreq &rArr; RCC_GetSysClockFreq
</UL>
<BR>[Calls]<UL><LI><a href="#[78]">&gt;&gt;</a>&nbsp;&nbsp;&nbsp;RCC_GetPCLK1Freq
<LI><a href="#[79]">&gt;&gt;</a>&nbsp;&nbsp;&nbsp;RCC_GetPCLK2Freq
</UL>
<BR>[Called By]<UL><LI><a href="#[80]">&gt;&gt;</a>&nbsp;&nbsp;&nbsp;UART1_Init
</UL>

<P><STRONG><a name="[82]"></a>UART_StructInit</STRONG> (Thumb, 26 bytes, Stack size 0 bytes, hal_uart.o(i.UART_StructInit))
<BR><BR>[Called By]<UL><LI><a href="#[80]">&gt;&gt;</a>&nbsp;&nbsp;&nbsp;UART1_Init
</UL>

<P><STRONG><a name="[85]"></a>USB_HostApplicationInit</STRONG> (Thumb, 32 bytes, Stack size 8 bytes, app.o(i.USB_HostApplicationInit))
<BR><BR>[Stack]<UL><LI>Max Depth = 64<LI>Call Chain = USB_HostApplicationInit &rArr; USB_HostInit &rArr; USB_HostGetInstance
</UL>
<BR>[Calls]<UL><LI><a href="#[87]">&gt;&gt;</a>&nbsp;&nbsp;&nbsp;USB_HostInit
<LI><a href="#[88]">&gt;&gt;</a>&nbsp;&nbsp;&nbsp;USB_HostIsrEnable
<LI><a href="#[86]">&gt;&gt;</a>&nbsp;&nbsp;&nbsp;USB_HostClockInit
</UL>
<BR>[Called By]<UL><LI><a href="#[48]">&gt;&gt;</a>&nbsp;&nbsp;&nbsp;main
</UL>

<P><STRONG><a name="[89]"></a>USB_HostAttachDevice</STRONG> (Thumb, 394 bytes, Stack size 56 bytes, usb_host_devices.o(i.USB_HostAttachDevice))
<BR><BR>[Stack]<UL><LI>Max Depth = 312<LI>Call Chain = USB_HostAttachDevice &rArr; USB_HostProcessState &rArr; USB_HostNotifyDevice &rArr; USB_HostHubDeviceEvent &rArr;  USB_HostDetachDeviceInternal (Cycle)
</UL>
<BR>[Calls]<UL><LI><a href="#[90]">&gt;&gt;</a>&nbsp;&nbsp;&nbsp;USB_OsaMutexUnlock
<LI><a href="#[8e]">&gt;&gt;</a>&nbsp;&nbsp;&nbsp;USB_OsaMutexLock
<LI><a href="#[8b]">&gt;&gt;</a>&nbsp;&nbsp;&nbsp;USB_OsaMemoryFree
<LI><a href="#[8a]">&gt;&gt;</a>&nbsp;&nbsp;&nbsp;USB_OsaMemoryAllocate
<LI><a href="#[91]">&gt;&gt;</a>&nbsp;&nbsp;&nbsp;USB_HostOpenPipe
<LI><a href="#[8d]">&gt;&gt;</a>&nbsp;&nbsp;&nbsp;USB_HostHubGetHsHubPort
<LI><a href="#[8c]">&gt;&gt;</a>&nbsp;&nbsp;&nbsp;USB_HostHubGetHsHubNumber
<LI><a href="#[92]">&gt;&gt;</a>&nbsp;&nbsp;&nbsp;USB_HostProcessState
<LI><a href="#[8f]">&gt;&gt;</a>&nbsp;&nbsp;&nbsp;USB_HostAllocateDeviceAddress
</UL>
<BR>[Called By]<UL><LI><a href="#[cd]">&gt;&gt;</a>&nbsp;&nbsp;&nbsp;_USB_HostKhciAttach
<LI><a href="#[bd]">&gt;&gt;</a>&nbsp;&nbsp;&nbsp;USB_HostHubProcessPortAttach
</UL>

<P><STRONG><a name="[9e]"></a>USB_HostCancelTransfer</STRONG> (Thumb, 50 bytes, Stack size 32 bytes, usb_host_hci.o(i.USB_HostCancelTransfer))
<BR><BR>[Stack]<UL><LI>Max Depth = 32<LI>Call Chain = USB_HostCancelTransfer
</UL>
<BR>[Called By]<UL><LI><a href="#[f9]">&gt;&gt;</a>&nbsp;&nbsp;&nbsp;USB_HostMsdSetInterface
<LI><a href="#[d9]">&gt;&gt;</a>&nbsp;&nbsp;&nbsp;USB_HostMsdDeinit
<LI><a href="#[b4]">&gt;&gt;</a>&nbsp;&nbsp;&nbsp;USB_HostHubSetInterface
<LI><a href="#[af]">&gt;&gt;</a>&nbsp;&nbsp;&nbsp;USB_HostHubDeinit
<LI><a href="#[9d]">&gt;&gt;</a>&nbsp;&nbsp;&nbsp;USB_HostDetachDeviceInternal
<LI><a href="#[99]">&gt;&gt;</a>&nbsp;&nbsp;&nbsp;USB_HostReleaseDeviceResource
</UL>

<P><STRONG><a name="[93]"></a>USB_HostCh9RequestCommon</STRONG> (Thumb, 52 bytes, Stack size 24 bytes, usb_host_framework.o(i.USB_HostCh9RequestCommon))
<BR><BR>[Stack]<UL><LI>Max Depth = 48<LI>Call Chain = USB_HostCh9RequestCommon &rArr; USB_HostSendSetup
</UL>
<BR>[Calls]<UL><LI><a href="#[94]">&gt;&gt;</a>&nbsp;&nbsp;&nbsp;USB_HostSendSetup
<LI><a href="#[95]">&gt;&gt;</a>&nbsp;&nbsp;&nbsp;USB_HostFreeTransfer
</UL>
<BR>[Called By]<UL><LI><a href="#[fe]">&gt;&gt;</a>&nbsp;&nbsp;&nbsp;USB_HostStandardSetGetDescriptor
<LI><a href="#[ff]">&gt;&gt;</a>&nbsp;&nbsp;&nbsp;USB_HostStandardSetAddress
<LI><a href="#[92]">&gt;&gt;</a>&nbsp;&nbsp;&nbsp;USB_HostProcessState
</UL>

<P><STRONG><a name="[86]"></a>USB_HostClockInit</STRONG> (Thumb, 34 bytes, Stack size 0 bytes, app.o(i.USB_HostClockInit))
<BR><BR>[Called By]<UL><LI><a href="#[85]">&gt;&gt;</a>&nbsp;&nbsp;&nbsp;USB_HostApplicationInit
</UL>

<P><STRONG><a name="[96]"></a>USB_HostCloseDeviceInterface</STRONG> (Thumb, 250 bytes, Stack size 32 bytes, usb_host_devices.o(i.USB_HostCloseDeviceInterface))
<BR><BR>[Stack]<UL><LI>Max Depth = 80<LI>Call Chain = USB_HostCloseDeviceInterface &rArr; USB_HostReleaseDeviceResource &rArr; USB_HostCancelTransfer
</UL>
<BR>[Calls]<UL><LI><a href="#[90]">&gt;&gt;</a>&nbsp;&nbsp;&nbsp;USB_OsaMutexUnlock
<LI><a href="#[8e]">&gt;&gt;</a>&nbsp;&nbsp;&nbsp;USB_OsaMutexLock
<LI><a href="#[97]">&gt;&gt;</a>&nbsp;&nbsp;&nbsp;USB_HostValidateDevice
<LI><a href="#[98]">&gt;&gt;</a>&nbsp;&nbsp;&nbsp;USB_HostRemoveDeviceInstance
<LI><a href="#[99]">&gt;&gt;</a>&nbsp;&nbsp;&nbsp;USB_HostReleaseDeviceResource
</UL>
<BR>[Called By]<UL><LI><a href="#[d9]">&gt;&gt;</a>&nbsp;&nbsp;&nbsp;USB_HostMsdDeinit
<LI><a href="#[af]">&gt;&gt;</a>&nbsp;&nbsp;&nbsp;USB_HostHubDeinit
</UL>

<P><STRONG><a name="[b0]"></a>USB_HostClosePipe</STRONG> (Thumb, 40 bytes, Stack size 24 bytes, usb_host_hci.o(i.USB_HostClosePipe))
<BR><BR>[Stack]<UL><LI>Max Depth = 24<LI>Call Chain = USB_HostClosePipe
</UL>
<BR>[Called By]<UL><LI><a href="#[d9]">&gt;&gt;</a>&nbsp;&nbsp;&nbsp;USB_HostMsdDeinit
<LI><a href="#[b4]">&gt;&gt;</a>&nbsp;&nbsp;&nbsp;USB_HostHubSetInterface
<LI><a href="#[af]">&gt;&gt;</a>&nbsp;&nbsp;&nbsp;USB_HostHubDeinit
<LI><a href="#[99]">&gt;&gt;</a>&nbsp;&nbsp;&nbsp;USB_HostReleaseDeviceResource
<LI><a href="#[f5]">&gt;&gt;</a>&nbsp;&nbsp;&nbsp;USB_HostMsdOpenInterface
</UL>

<P><STRONG><a name="[9c]"></a>USB_HostDetachDevice</STRONG> (Thumb, 80 bytes, Stack size 24 bytes, usb_host_devices.o(i.USB_HostDetachDevice))
<BR><BR>[Stack]<UL><LI>Max Depth = 272<LI>Call Chain = USB_HostDetachDevice &rArr; USB_HostDetachDeviceInternal &rArr; USB_HostNotifyDevice &rArr; USB_HostHubDeviceEvent &rArr;  USB_HostDetachDeviceInternal (Cycle)
</UL>
<BR>[Calls]<UL><LI><a href="#[90]">&gt;&gt;</a>&nbsp;&nbsp;&nbsp;USB_OsaMutexUnlock
<LI><a href="#[8e]">&gt;&gt;</a>&nbsp;&nbsp;&nbsp;USB_OsaMutexLock
<LI><a href="#[9d]">&gt;&gt;</a>&nbsp;&nbsp;&nbsp;USB_HostDetachDeviceInternal
</UL>
<BR>[Called By]<UL><LI><a href="#[cf]">&gt;&gt;</a>&nbsp;&nbsp;&nbsp;_USB_HostKhciDetach
</UL>

<P><STRONG><a name="[9d]"></a>USB_HostDetachDeviceInternal</STRONG> (Thumb, 92 bytes, Stack size 24 bytes, usb_host_devices.o(i.USB_HostDetachDeviceInternal))
<BR><BR>[Stack]<UL><LI>Max Depth = 248<LI>Call Chain = USB_HostDetachDeviceInternal &rArr; USB_HostNotifyDevice &rArr; USB_HostHubDeviceEvent &rArr;  USB_HostDetachDeviceInternal (Cycle)
</UL>
<BR>[Calls]<UL><LI><a href="#[9e]">&gt;&gt;</a>&nbsp;&nbsp;&nbsp;USB_HostCancelTransfer
<LI><a href="#[98]">&gt;&gt;</a>&nbsp;&nbsp;&nbsp;USB_HostRemoveDeviceInstance
<LI><a href="#[99]">&gt;&gt;</a>&nbsp;&nbsp;&nbsp;USB_HostReleaseDeviceResource
<LI><a href="#[9f]">&gt;&gt;</a>&nbsp;&nbsp;&nbsp;USB_HostNotifyDevice
</UL>
<BR>[Called By]<UL><LI><a href="#[b1]">&gt;&gt;</a>&nbsp;&nbsp;&nbsp;USB_HostHubDeviceEvent
<LI><a href="#[9c]">&gt;&gt;</a>&nbsp;&nbsp;&nbsp;USB_HostDetachDevice
<LI><a href="#[be]">&gt;&gt;</a>&nbsp;&nbsp;&nbsp;USB_HostHubProcessPortDetach
</UL>

<P><STRONG><a name="[95]"></a>USB_HostFreeTransfer</STRONG> (Thumb, 46 bytes, Stack size 16 bytes, usb_host_hci.o(i.USB_HostFreeTransfer))
<BR><BR>[Stack]<UL><LI>Max Depth = 16<LI>Call Chain = USB_HostFreeTransfer
</UL>
<BR>[Calls]<UL><LI><a href="#[90]">&gt;&gt;</a>&nbsp;&nbsp;&nbsp;USB_OsaMutexUnlock
<LI><a href="#[8e]">&gt;&gt;</a>&nbsp;&nbsp;&nbsp;USB_OsaMutexLock
</UL>
<BR>[Called By]<UL><LI><a href="#[f9]">&gt;&gt;</a>&nbsp;&nbsp;&nbsp;USB_HostMsdSetInterface
<LI><a href="#[d9]">&gt;&gt;</a>&nbsp;&nbsp;&nbsp;USB_HostMsdDeinit
<LI><a href="#[b7]">&gt;&gt;</a>&nbsp;&nbsp;&nbsp;USB_HostHubInterruptRecv
<LI><a href="#[4f]">&gt;&gt;</a>&nbsp;&nbsp;&nbsp;USB_HostHubInPipeCallback
<LI><a href="#[4c]">&gt;&gt;</a>&nbsp;&nbsp;&nbsp;USB_HostHubControlCallback
<LI><a href="#[a7]">&gt;&gt;</a>&nbsp;&nbsp;&nbsp;USB_HostHubClassRequestCommon
<LI><a href="#[93]">&gt;&gt;</a>&nbsp;&nbsp;&nbsp;USB_HostCh9RequestCommon
<LI><a href="#[5a]">&gt;&gt;</a>&nbsp;&nbsp;&nbsp;USB_HostEnumerationTransferCallback
<LI><a href="#[58]">&gt;&gt;</a>&nbsp;&nbsp;&nbsp;USB_HostMsdSetInterfaceCallback
<LI><a href="#[53]">&gt;&gt;</a>&nbsp;&nbsp;&nbsp;USB_HostMsdMassResetClearOutCallback
<LI><a href="#[52]">&gt;&gt;</a>&nbsp;&nbsp;&nbsp;USB_HostMsdMassResetClearInCallback
<LI><a href="#[54]">&gt;&gt;</a>&nbsp;&nbsp;&nbsp;USB_HostMsdMassResetCallback
<LI><a href="#[d8]">&gt;&gt;</a>&nbsp;&nbsp;&nbsp;USB_HostMsdControl
<LI><a href="#[d6]">&gt;&gt;</a>&nbsp;&nbsp;&nbsp;USB_HostMsdClearHalt
</UL>

<P><STRONG><a name="[a5]"></a>USB_HostHelperGetPeripheralInformation</STRONG> (Thumb, 198 bytes, Stack size 24 bytes, usb_host_hci.o(i.USB_HostHelperGetPeripheralInformation))
<BR><BR>[Stack]<UL><LI>Max Depth = 48<LI>Call Chain = USB_HostHelperGetPeripheralInformation &rArr; USB_HostHubGetTotalThinkTime &rArr;  USB_HostHelperGetPeripheralInformation (Cycle)
</UL>
<BR>[Calls]<UL><LI><a href="#[a6]">&gt;&gt;</a>&nbsp;&nbsp;&nbsp;USB_HostHubGetTotalThinkTime
</UL>
<BR>[Called By]<UL><LI><a href="#[ee]">&gt;&gt;</a>&nbsp;&nbsp;&nbsp;USB_HostMsdInit
<LI><a href="#[a0]">&gt;&gt;</a>&nbsp;&nbsp;&nbsp;USB_HostMsdEvent
<LI><a href="#[b3]">&gt;&gt;</a>&nbsp;&nbsp;&nbsp;USB_HostHubInit
<LI><a href="#[107]">&gt;&gt;</a>&nbsp;&nbsp;&nbsp;_USB_HostKhciAtomNonblockingTransaction
<LI><a href="#[a6]">&gt;&gt;</a>&nbsp;&nbsp;&nbsp;USB_HostHubGetTotalThinkTime
<LI><a href="#[8d]">&gt;&gt;</a>&nbsp;&nbsp;&nbsp;USB_HostHubGetHsHubPort
<LI><a href="#[8c]">&gt;&gt;</a>&nbsp;&nbsp;&nbsp;USB_HostHubGetHsHubNumber
<LI><a href="#[b1]">&gt;&gt;</a>&nbsp;&nbsp;&nbsp;USB_HostHubDeviceEvent
<LI><a href="#[bd]">&gt;&gt;</a>&nbsp;&nbsp;&nbsp;USB_HostHubProcessPortAttach
<LI><a href="#[ad]">&gt;&gt;</a>&nbsp;&nbsp;&nbsp;USB_HostHubProcess
</UL>

<P><STRONG><a name="[a9]"></a>USB_HostHubClearFeature</STRONG> (Thumb, 40 bytes, Stack size 40 bytes, usb_host_hub.o(i.USB_HostHubClearFeature))
<BR><BR>[Stack]<UL><LI>Max Depth = 104<LI>Call Chain = USB_HostHubClearFeature &rArr; USB_HostHubClassRequestCommon &rArr; USB_HostSendSetup
</UL>
<BR>[Calls]<UL><LI><a href="#[a7]">&gt;&gt;</a>&nbsp;&nbsp;&nbsp;USB_HostHubClassRequestCommon
</UL>
<BR>[Called By]<UL><LI><a href="#[ad]">&gt;&gt;</a>&nbsp;&nbsp;&nbsp;USB_HostHubProcess
</UL>

<P><STRONG><a name="[aa]"></a>USB_HostHubClearPortFeature</STRONG> (Thumb, 48 bytes, Stack size 48 bytes, usb_host_hub.o(i.USB_HostHubClearPortFeature))
<BR><BR>[Stack]<UL><LI>Max Depth = 112<LI>Call Chain = USB_HostHubClearPortFeature &rArr; USB_HostHubClassRequestCommon &rArr; USB_HostSendSetup
</UL>
<BR>[Calls]<UL><LI><a href="#[a7]">&gt;&gt;</a>&nbsp;&nbsp;&nbsp;USB_HostHubClassRequestCommon
</UL>
<BR>[Called By]<UL><LI><a href="#[be]">&gt;&gt;</a>&nbsp;&nbsp;&nbsp;USB_HostHubProcessPortDetach
<LI><a href="#[bd]">&gt;&gt;</a>&nbsp;&nbsp;&nbsp;USB_HostHubProcessPortAttach
</UL>

<P><STRONG><a name="[4d]"></a>USB_HostHubControlCallback</STRONG> (Thumb, 106 bytes, Stack size 32 bytes, usb_host_hub_app.o(i.USB_HostHubControlCallback))
<BR><BR>[Stack]<UL><LI>Max Depth = 400<LI>Call Chain = USB_HostHubControlCallback &rArr; USB_HostHubProcessPort &rArr; USB_HostHubProcessPortAttach &rArr; USB_HostAttachDevice &rArr; USB_HostProcessState &rArr; USB_HostNotifyDevice &rArr; USB_HostHubDeviceEvent &rArr;  USB_HostDetachDeviceInternal (Cycle)
</UL>
<BR>[Calls]<UL><LI><a href="#[ae]">&gt;&gt;</a>&nbsp;&nbsp;&nbsp;USB_HostHubProcessPort
<LI><a href="#[ad]">&gt;&gt;</a>&nbsp;&nbsp;&nbsp;USB_HostHubProcess
<LI><a href="#[ac]">&gt;&gt;</a>&nbsp;&nbsp;&nbsp;USB_HostHubGetInterruptStatus
<LI><a href="#[ab]">&gt;&gt;</a>&nbsp;&nbsp;&nbsp;USB_HostHubGetHubList
</UL>
<BR>[Address Reference Count : 5]<UL><LI> usb_host_hub_app.o(i.USB_HostHubProcessData)
<LI> usb_host_hub_app.o(i.USB_HostHubProcessPortAttach)
<LI> usb_host_hub_app.o(i.USB_HostHubProcessPortDetach)
<LI> usb_host_hub_app.o(i.USB_HostHubDeviceEvent)
<LI> usb_host_hub_app.o(i.USB_HostHubProcess)
</UL>
<P><STRONG><a name="[af]"></a>USB_HostHubDeinit</STRONG> (Thumb, 98 bytes, Stack size 24 bytes, usb_host_hub.o(i.USB_HostHubDeinit))
<BR><BR>[Stack]<UL><LI>Max Depth = 104<LI>Call Chain = USB_HostHubDeinit &rArr; USB_HostCloseDeviceInterface &rArr; USB_HostReleaseDeviceResource &rArr; USB_HostCancelTransfer
</UL>
<BR>[Calls]<UL><LI><a href="#[8b]">&gt;&gt;</a>&nbsp;&nbsp;&nbsp;USB_OsaMemoryFree
<LI><a href="#[b0]">&gt;&gt;</a>&nbsp;&nbsp;&nbsp;USB_HostClosePipe
<LI><a href="#[9e]">&gt;&gt;</a>&nbsp;&nbsp;&nbsp;USB_HostCancelTransfer
<LI><a href="#[96]">&gt;&gt;</a>&nbsp;&nbsp;&nbsp;USB_HostCloseDeviceInterface
</UL>
<BR>[Called By]<UL><LI><a href="#[b1]">&gt;&gt;</a>&nbsp;&nbsp;&nbsp;USB_HostHubDeviceEvent
</UL>

<P><STRONG><a name="[b1]"></a>USB_HostHubDeviceEvent</STRONG> (Thumb, 508 bytes, Stack size 80 bytes, usb_host_hub_app.o(i.USB_HostHubDeviceEvent))
<BR><BR>[Stack]<UL><LI>Max Depth = 184 + In Cycle
<LI>Call Chain = USB_HostHubDeviceEvent &rArr;  USB_HostDetachDeviceInternal (Cycle)
</UL>
<BR>[Calls]<UL><LI><a href="#[a5]">&gt;&gt;</a>&nbsp;&nbsp;&nbsp;USB_HostHelperGetPeripheralInformation
<LI><a href="#[b4]">&gt;&gt;</a>&nbsp;&nbsp;&nbsp;USB_HostHubSetInterface
<LI><a href="#[b3]">&gt;&gt;</a>&nbsp;&nbsp;&nbsp;USB_HostHubInit
<LI><a href="#[af]">&gt;&gt;</a>&nbsp;&nbsp;&nbsp;USB_HostHubDeinit
<LI><a href="#[b5]">&gt;&gt;</a>&nbsp;&nbsp;&nbsp;USB_OsaMutexDestroy
<LI><a href="#[b2]">&gt;&gt;</a>&nbsp;&nbsp;&nbsp;USB_OsaMutexCreate
<LI><a href="#[90]">&gt;&gt;</a>&nbsp;&nbsp;&nbsp;USB_OsaMutexUnlock
<LI><a href="#[8e]">&gt;&gt;</a>&nbsp;&nbsp;&nbsp;USB_OsaMutexLock
<LI><a href="#[8b]">&gt;&gt;</a>&nbsp;&nbsp;&nbsp;USB_OsaMemoryFree
<LI><a href="#[9d]">&gt;&gt;</a>&nbsp;&nbsp;&nbsp;USB_HostDetachDeviceInternal
<LI><a href="#[ab]">&gt;&gt;</a>&nbsp;&nbsp;&nbsp;USB_HostHubGetHubList
<LI><a href="#[a1]">&gt;&gt;</a>&nbsp;&nbsp;&nbsp;__2printf
</UL>
<BR>[Called By]<UL><LI><a href="#[9f]">&gt;&gt;</a>&nbsp;&nbsp;&nbsp;USB_HostNotifyDevice
</UL>

<P><STRONG><a name="[b6]"></a>USB_HostHubGetDescriptor</STRONG> (Thumb, 42 bytes, Stack size 48 bytes, usb_host_hub.o(i.USB_HostHubGetDescriptor))
<BR><BR>[Stack]<UL><LI>Max Depth = 112<LI>Call Chain = USB_HostHubGetDescriptor &rArr; USB_HostHubClassRequestCommon &rArr; USB_HostSendSetup
</UL>
<BR>[Calls]<UL><LI><a href="#[a7]">&gt;&gt;</a>&nbsp;&nbsp;&nbsp;USB_HostHubClassRequestCommon
</UL>
<BR>[Called By]<UL><LI><a href="#[ad]">&gt;&gt;</a>&nbsp;&nbsp;&nbsp;USB_HostHubProcess
</UL>

<P><STRONG><a name="[8c]"></a>USB_HostHubGetHsHubNumber</STRONG> (Thumb, 94 bytes, Stack size 32 bytes, usb_host_hub_app.o(i.USB_HostHubGetHsHubNumber))
<BR><BR>[Stack]<UL><LI>Max Depth = 80<LI>Call Chain = USB_HostHubGetHsHubNumber &rArr; USB_HostHelperGetPeripheralInformation &rArr; USB_HostHubGetTotalThinkTime &rArr;  USB_HostHelperGetPeripheralInformation (Cycle)
</UL>
<BR>[Calls]<UL><LI><a href="#[a5]">&gt;&gt;</a>&nbsp;&nbsp;&nbsp;USB_HostHelperGetPeripheralInformation
<LI><a href="#[ab]">&gt;&gt;</a>&nbsp;&nbsp;&nbsp;USB_HostHubGetHubList
</UL>
<BR>[Called By]<UL><LI><a href="#[89]">&gt;&gt;</a>&nbsp;&nbsp;&nbsp;USB_HostAttachDevice
</UL>

<P><STRONG><a name="[8d]"></a>USB_HostHubGetHsHubPort</STRONG> (Thumb, 96 bytes, Stack size 32 bytes, usb_host_hub_app.o(i.USB_HostHubGetHsHubPort))
<BR><BR>[Stack]<UL><LI>Max Depth = 80<LI>Call Chain = USB_HostHubGetHsHubPort &rArr; USB_HostHelperGetPeripheralInformation &rArr; USB_HostHubGetTotalThinkTime &rArr;  USB_HostHelperGetPeripheralInformation (Cycle)
</UL>
<BR>[Calls]<UL><LI><a href="#[a5]">&gt;&gt;</a>&nbsp;&nbsp;&nbsp;USB_HostHelperGetPeripheralInformation
<LI><a href="#[ab]">&gt;&gt;</a>&nbsp;&nbsp;&nbsp;USB_HostHubGetHubList
</UL>
<BR>[Called By]<UL><LI><a href="#[89]">&gt;&gt;</a>&nbsp;&nbsp;&nbsp;USB_HostAttachDevice
</UL>

<P><STRONG><a name="[b8]"></a>USB_HostHubGetPortStatus</STRONG> (Thumb, 40 bytes, Stack size 48 bytes, usb_host_hub.o(i.USB_HostHubGetPortStatus))
<BR><BR>[Stack]<UL><LI>Max Depth = 112<LI>Call Chain = USB_HostHubGetPortStatus &rArr; USB_HostHubClassRequestCommon &rArr; USB_HostSendSetup
</UL>
<BR>[Calls]<UL><LI><a href="#[a7]">&gt;&gt;</a>&nbsp;&nbsp;&nbsp;USB_HostHubClassRequestCommon
</UL>
<BR>[Called By]<UL><LI><a href="#[be]">&gt;&gt;</a>&nbsp;&nbsp;&nbsp;USB_HostHubProcessPortDetach
<LI><a href="#[bd]">&gt;&gt;</a>&nbsp;&nbsp;&nbsp;USB_HostHubProcessPortAttach
</UL>

<P><STRONG><a name="[b9]"></a>USB_HostHubGetStatus</STRONG> (Thumb, 42 bytes, Stack size 48 bytes, usb_host_hub.o(i.USB_HostHubGetStatus))
<BR><BR>[Stack]<UL><LI>Max Depth = 112<LI>Call Chain = USB_HostHubGetStatus &rArr; USB_HostHubClassRequestCommon &rArr; USB_HostSendSetup
</UL>
<BR>[Calls]<UL><LI><a href="#[a7]">&gt;&gt;</a>&nbsp;&nbsp;&nbsp;USB_HostHubClassRequestCommon
</UL>
<BR>[Called By]<UL><LI><a href="#[ba]">&gt;&gt;</a>&nbsp;&nbsp;&nbsp;USB_HostHubProcessData
</UL>

<P><STRONG><a name="[a6]"></a>USB_HostHubGetTotalThinkTime</STRONG> (Thumb, 60 bytes, Stack size 24 bytes, usb_host_hub_app.o(i.USB_HostHubGetTotalThinkTime))
<BR><BR>[Stack]<UL><LI>Max Depth = 24 + In Cycle
<LI>Call Chain = USB_HostHubGetTotalThinkTime &rArr;  USB_HostHelperGetPeripheralInformation (Cycle)
</UL>
<BR>[Calls]<UL><LI><a href="#[a5]">&gt;&gt;</a>&nbsp;&nbsp;&nbsp;USB_HostHelperGetPeripheralInformation
<LI><a href="#[ab]">&gt;&gt;</a>&nbsp;&nbsp;&nbsp;USB_HostHubGetHubList
</UL>
<BR>[Called By]<UL><LI><a href="#[a5]">&gt;&gt;</a>&nbsp;&nbsp;&nbsp;USB_HostHelperGetPeripheralInformation
</UL>

<P><STRONG><a name="[b3]"></a>USB_HostHubInit</STRONG> (Thumb, 76 bytes, Stack size 24 bytes, usb_host_hub.o(i.USB_HostHubInit))
<BR><BR>[Stack]<UL><LI>Max Depth = 72<LI>Call Chain = USB_HostHubInit &rArr; USB_HostHelperGetPeripheralInformation &rArr; USB_HostHubGetTotalThinkTime &rArr;  USB_HostHelperGetPeripheralInformation (Cycle)
</UL>
<BR>[Calls]<UL><LI><a href="#[a5]">&gt;&gt;</a>&nbsp;&nbsp;&nbsp;USB_HostHelperGetPeripheralInformation
<LI><a href="#[8a]">&gt;&gt;</a>&nbsp;&nbsp;&nbsp;USB_OsaMemoryAllocate
</UL>
<BR>[Called By]<UL><LI><a href="#[b1]">&gt;&gt;</a>&nbsp;&nbsp;&nbsp;USB_HostHubDeviceEvent
</UL>

<P><STRONG><a name="[4e]"></a>USB_HostHubInterruptInCallback</STRONG> (Thumb, 78 bytes, Stack size 32 bytes, usb_host_hub_app.o(i.USB_HostHubInterruptInCallback))
<BR><BR>[Stack]<UL><LI>Max Depth = 424<LI>Call Chain = USB_HostHubInterruptInCallback &rArr; USB_HostHubProcessData &rArr; USB_HostHubProcessPort &rArr; USB_HostHubProcessPortAttach &rArr; USB_HostAttachDevice &rArr; USB_HostProcessState &rArr; USB_HostNotifyDevice &rArr; USB_HostHubDeviceEvent &rArr;  USB_HostDetachDeviceInternal (Cycle)
</UL>
<BR>[Calls]<UL><LI><a href="#[ba]">&gt;&gt;</a>&nbsp;&nbsp;&nbsp;USB_HostHubProcessData
<LI><a href="#[ac]">&gt;&gt;</a>&nbsp;&nbsp;&nbsp;USB_HostHubGetInterruptStatus
<LI><a href="#[ab]">&gt;&gt;</a>&nbsp;&nbsp;&nbsp;USB_HostHubGetHubList
</UL>
<BR>[Address Reference Count : 1]<UL><LI> usb_host_hub_app.o(i.USB_HostHubGetInterruptStatus)
</UL>
<P><STRONG><a name="[b7]"></a>USB_HostHubInterruptRecv</STRONG> (Thumb, 94 bytes, Stack size 32 bytes, usb_host_hub.o(i.USB_HostHubInterruptRecv))
<BR><BR>[Stack]<UL><LI>Max Depth = 56<LI>Call Chain = USB_HostHubInterruptRecv &rArr; USB_HostRecv
</UL>
<BR>[Calls]<UL><LI><a href="#[bb]">&gt;&gt;</a>&nbsp;&nbsp;&nbsp;USB_HostRecv
<LI><a href="#[a8]">&gt;&gt;</a>&nbsp;&nbsp;&nbsp;USB_HostMallocTransfer
<LI><a href="#[95]">&gt;&gt;</a>&nbsp;&nbsp;&nbsp;USB_HostFreeTransfer
</UL>
<BR>[Called By]<UL><LI><a href="#[ac]">&gt;&gt;</a>&nbsp;&nbsp;&nbsp;USB_HostHubGetInterruptStatus
</UL>

<P><STRONG><a name="[b4]"></a>USB_HostHubSetInterface</STRONG> (Thumb, 260 bytes, Stack size 56 bytes, usb_host_hub.o(i.USB_HostHubSetInterface))
<BR><BR>[Stack]<UL><LI>Max Depth = 88<LI>Call Chain = USB_HostHubSetInterface &rArr; USB_HostCancelTransfer
</UL>
<BR>[Calls]<UL><LI><a href="#[91]">&gt;&gt;</a>&nbsp;&nbsp;&nbsp;USB_HostOpenPipe
<LI><a href="#[b0]">&gt;&gt;</a>&nbsp;&nbsp;&nbsp;USB_HostClosePipe
<LI><a href="#[9e]">&gt;&gt;</a>&nbsp;&nbsp;&nbsp;USB_HostCancelTransfer
<LI><a href="#[bf]">&gt;&gt;</a>&nbsp;&nbsp;&nbsp;USB_HostOpenDeviceInterface
</UL>
<BR>[Called By]<UL><LI><a href="#[b1]">&gt;&gt;</a>&nbsp;&nbsp;&nbsp;USB_HostHubDeviceEvent
</UL>

<P><STRONG><a name="[bc]"></a>USB_HostHubSetPortFeature</STRONG> (Thumb, 48 bytes, Stack size 48 bytes, usb_host_hub.o(i.USB_HostHubSetPortFeature))
<BR><BR>[Stack]<UL><LI>Max Depth = 112<LI>Call Chain = USB_HostHubSetPortFeature &rArr; USB_HostHubClassRequestCommon &rArr; USB_HostSendSetup
</UL>
<BR>[Calls]<UL><LI><a href="#[a7]">&gt;&gt;</a>&nbsp;&nbsp;&nbsp;USB_HostHubClassRequestCommon
</UL>
<BR>[Called By]<UL><LI><a href="#[bd]">&gt;&gt;</a>&nbsp;&nbsp;&nbsp;USB_HostHubProcessPortAttach
<LI><a href="#[ad]">&gt;&gt;</a>&nbsp;&nbsp;&nbsp;USB_HostHubProcess
</UL>

<P><STRONG><a name="[87]"></a>USB_HostInit</STRONG> (Thumb, 246 bytes, Stack size 32 bytes, usb_host_hci.o(i.USB_HostInit))
<BR><BR>[Stack]<UL><LI>Max Depth = 56<LI>Call Chain = USB_HostInit &rArr; USB_HostGetInstance
</UL>
<BR>[Calls]<UL><LI><a href="#[b5]">&gt;&gt;</a>&nbsp;&nbsp;&nbsp;USB_OsaMutexDestroy
<LI><a href="#[b2]">&gt;&gt;</a>&nbsp;&nbsp;&nbsp;USB_OsaMutexCreate
<LI><a href="#[c1]">&gt;&gt;</a>&nbsp;&nbsp;&nbsp;USB_HostReleaseInstance
<LI><a href="#[a2]">&gt;&gt;</a>&nbsp;&nbsp;&nbsp;USB_HostGetInstance
<LI><a href="#[c0]">&gt;&gt;</a>&nbsp;&nbsp;&nbsp;USB_HostGetControllerInterface
</UL>
<BR>[Called By]<UL><LI><a href="#[85]">&gt;&gt;</a>&nbsp;&nbsp;&nbsp;USB_HostApplicationInit
</UL>

<P><STRONG><a name="[88]"></a>USB_HostIsrEnable</STRONG> (Thumb, 70 bytes, Stack size 16 bytes, app.o(i.USB_HostIsrEnable))
<BR><BR>[Stack]<UL><LI>Max Depth = 16<LI>Call Chain = USB_HostIsrEnable
</UL>
<BR>[Called By]<UL><LI><a href="#[85]">&gt;&gt;</a>&nbsp;&nbsp;&nbsp;USB_HostApplicationInit
</UL>

<P><STRONG><a name="[64]"></a>USB_HostKciIoctl</STRONG> (Thumb, 96 bytes, Stack size 24 bytes, usb_host_khci.o(i.USB_HostKciIoctl))
<BR><BR>[Stack]<UL><LI>Max Depth = 80<LI>Call Chain = USB_HostKciIoctl &rArr; _USB_HostKhciBusControl &rArr; _USB_HostKhciDelay &rArr; _USB_HostKhciGetFrameCountSum
</UL>
<BR>[Calls]<UL><LI><a href="#[c4]">&gt;&gt;</a>&nbsp;&nbsp;&nbsp;_USB_HostKhciGetFrameCount
<LI><a href="#[c5]">&gt;&gt;</a>&nbsp;&nbsp;&nbsp;_USB_HostKhciDelay
<LI><a href="#[c2]">&gt;&gt;</a>&nbsp;&nbsp;&nbsp;_USB_HostKhciCancelPipe
<LI><a href="#[c3]">&gt;&gt;</a>&nbsp;&nbsp;&nbsp;_USB_HostKhciBusControl
</UL>
<BR>[Address Reference Count : 1]<UL><LI> usb_host_hci.o(.constdata)
</UL>
<P><STRONG><a name="[61]"></a>USB_HostKhciClosePipe</STRONG> (Thumb, 104 bytes, Stack size 32 bytes, usb_host_khci.o(i.USB_HostKhciClosePipe))
<BR><BR>[Stack]<UL><LI>Max Depth = 56<LI>Call Chain = USB_HostKhciClosePipe &rArr; __2printf
</UL>
<BR>[Calls]<UL><LI><a href="#[a4]">&gt;&gt;</a>&nbsp;&nbsp;&nbsp;USB_OsaExitCritical
<LI><a href="#[a3]">&gt;&gt;</a>&nbsp;&nbsp;&nbsp;USB_OsaEnterCritical
<LI><a href="#[8b]">&gt;&gt;</a>&nbsp;&nbsp;&nbsp;USB_OsaMemoryFree
<LI><a href="#[a1]">&gt;&gt;</a>&nbsp;&nbsp;&nbsp;__2printf
</UL>
<BR>[Address Reference Count : 1]<UL><LI> usb_host_hci.o(.constdata)
</UL>
<P><STRONG><a name="[5e]"></a>USB_HostKhciCreate</STRONG> (Thumb, 298 bytes, Stack size 32 bytes, usb_host_khci.o(i.USB_HostKhciCreate))
<BR><BR>[Stack]<UL><LI>Max Depth = 68<LI>Call Chain = USB_HostKhciCreate &rArr; USB_OsaMemoryAllocate &rArr; malloc
</UL>
<BR>[Calls]<UL><LI><a href="#[c6]">&gt;&gt;</a>&nbsp;&nbsp;&nbsp;USB_OsaEventCreate
<LI><a href="#[b2]">&gt;&gt;</a>&nbsp;&nbsp;&nbsp;USB_OsaMutexCreate
<LI><a href="#[5f]">&gt;&gt;</a>&nbsp;&nbsp;&nbsp;USB_HostKhciDestory
<LI><a href="#[8a]">&gt;&gt;</a>&nbsp;&nbsp;&nbsp;USB_OsaMemoryAllocate
<LI><a href="#[a1]">&gt;&gt;</a>&nbsp;&nbsp;&nbsp;__2printf
</UL>
<BR>[Address Reference Count : 1]<UL><LI> usb_host_hci.o(.constdata)
</UL>
<P><STRONG><a name="[5f]"></a>USB_HostKhciDestory</STRONG> (Thumb, 124 bytes, Stack size 16 bytes, usb_host_khci.o(i.USB_HostKhciDestory))
<BR><BR>[Stack]<UL><LI>Max Depth = 32<LI>Call Chain = USB_HostKhciDestory &rArr; USB_OsaEventDestroy
</UL>
<BR>[Calls]<UL><LI><a href="#[c7]">&gt;&gt;</a>&nbsp;&nbsp;&nbsp;USB_OsaEventDestroy
<LI><a href="#[b5]">&gt;&gt;</a>&nbsp;&nbsp;&nbsp;USB_OsaMutexDestroy
<LI><a href="#[8b]">&gt;&gt;</a>&nbsp;&nbsp;&nbsp;USB_OsaMemoryFree
</UL>
<BR>[Called By]<UL><LI><a href="#[5e]">&gt;&gt;</a>&nbsp;&nbsp;&nbsp;USB_HostKhciCreate
</UL>
<BR>[Address Reference Count : 1]<UL><LI> usb_host_hci.o(.constdata)
</UL>
<P><STRONG><a name="[75]"></a>USB_HostKhciIsrFunction</STRONG> (Thumb, 118 bytes, Stack size 16 bytes, usb_host_khci.o(i.USB_HostKhciIsrFunction))
<BR><BR>[Stack]<UL><LI>Max Depth = 36<LI>Call Chain = USB_HostKhciIsrFunction &rArr; USB_OsaEventSet
</UL>
<BR>[Calls]<UL><LI><a href="#[c8]">&gt;&gt;</a>&nbsp;&nbsp;&nbsp;USB_OsaEventSet
</UL>
<BR>[Called By]<UL><LI><a href="#[44]">&gt;&gt;</a>&nbsp;&nbsp;&nbsp;OTG_FS_IRQHandler
</UL>

<P><STRONG><a name="[60]"></a>USB_HostKhciOpenPipe</STRONG> (Thumb, 154 bytes, Stack size 40 bytes, usb_host_khci.o(i.USB_HostKhciOpenPipe))
<BR><BR>[Stack]<UL><LI>Max Depth = 76<LI>Call Chain = USB_HostKhciOpenPipe &rArr; USB_OsaMemoryAllocate &rArr; malloc
</UL>
<BR>[Calls]<UL><LI><a href="#[c9]">&gt;&gt;</a>&nbsp;&nbsp;&nbsp;_USB_HostKhciGetRoundUpPow2
<LI><a href="#[a4]">&gt;&gt;</a>&nbsp;&nbsp;&nbsp;USB_OsaExitCritical
<LI><a href="#[a3]">&gt;&gt;</a>&nbsp;&nbsp;&nbsp;USB_OsaEnterCritical
<LI><a href="#[8b]">&gt;&gt;</a>&nbsp;&nbsp;&nbsp;USB_OsaMemoryFree
<LI><a href="#[8a]">&gt;&gt;</a>&nbsp;&nbsp;&nbsp;USB_OsaMemoryAllocate
</UL>
<BR>[Address Reference Count : 1]<UL><LI> usb_host_hci.o(.constdata)
</UL>
<P><STRONG><a name="[63]"></a>USB_HostKhciReadpipe</STRONG> (Thumb, 108 bytes, Stack size 32 bytes, usb_host_khci.o(i.USB_HostKhciReadpipe))
<BR><BR>[Stack]<UL><LI>Max Depth = 56<LI>Call Chain = USB_HostKhciReadpipe &rArr; _USB_HostKhciLinkTrRequestToList
</UL>
<BR>[Calls]<UL><LI><a href="#[c8]">&gt;&gt;</a>&nbsp;&nbsp;&nbsp;USB_OsaEventSet
<LI><a href="#[cb]">&gt;&gt;</a>&nbsp;&nbsp;&nbsp;_USB_HostKhciLinkTrRequestToList
<LI><a href="#[ca]">&gt;&gt;</a>&nbsp;&nbsp;&nbsp;_USB_HostKhciGetFrameCountSum
</UL>
<BR>[Address Reference Count : 1]<UL><LI> usb_host_hci.o(.constdata)
</UL>
<P><STRONG><a name="[9b]"></a>USB_HostKhciTaskFunction</STRONG> (Thumb, 186 bytes, Stack size 24 bytes, usb_host_khci.o(i.USB_HostKhciTaskFunction))
<BR><BR>[Stack]<UL><LI>Max Depth = 368<LI>Call Chain = USB_HostKhciTaskFunction &rArr; _USB_HostKhciAttach &rArr; USB_HostAttachDevice &rArr; USB_HostProcessState &rArr; USB_HostNotifyDevice &rArr; USB_HostHubDeviceEvent &rArr;  USB_HostDetachDeviceInternal (Cycle)
</UL>
<BR>[Calls]<UL><LI><a href="#[cc]">&gt;&gt;</a>&nbsp;&nbsp;&nbsp;USB_OsaEventWait
<LI><a href="#[d0]">&gt;&gt;</a>&nbsp;&nbsp;&nbsp;_USB_HostKhciTransferStateMachine
<LI><a href="#[d2]">&gt;&gt;</a>&nbsp;&nbsp;&nbsp;_USB_HostKhciTransferClearUp
<LI><a href="#[ce]">&gt;&gt;</a>&nbsp;&nbsp;&nbsp;_USB_HostKhciReset
<LI><a href="#[d1]">&gt;&gt;</a>&nbsp;&nbsp;&nbsp;_USB_HostKhciFinishTranfer
<LI><a href="#[cf]">&gt;&gt;</a>&nbsp;&nbsp;&nbsp;_USB_HostKhciDetach
<LI><a href="#[cd]">&gt;&gt;</a>&nbsp;&nbsp;&nbsp;_USB_HostKhciAttach
</UL>
<BR>[Called By]<UL><LI><a href="#[102]">&gt;&gt;</a>&nbsp;&nbsp;&nbsp;USB_HostTaskFn
<LI><a href="#[9a]">&gt;&gt;</a>&nbsp;&nbsp;&nbsp;USB_HostControllerTaskFunction
</UL>

<P><STRONG><a name="[62]"></a>USB_HostKhciWritePipe</STRONG> (Thumb, 162 bytes, Stack size 32 bytes, usb_host_khci.o(i.USB_HostKhciWritePipe))
<BR><BR>[Stack]<UL><LI>Max Depth = 56<LI>Call Chain = USB_HostKhciWritePipe &rArr; _USB_HostKhciLinkTrRequestToList
</UL>
<BR>[Calls]<UL><LI><a href="#[c8]">&gt;&gt;</a>&nbsp;&nbsp;&nbsp;USB_OsaEventSet
<LI><a href="#[cb]">&gt;&gt;</a>&nbsp;&nbsp;&nbsp;_USB_HostKhciLinkTrRequestToList
<LI><a href="#[ca]">&gt;&gt;</a>&nbsp;&nbsp;&nbsp;_USB_HostKhciGetFrameCountSum
</UL>
<BR>[Address Reference Count : 1]<UL><LI> usb_host_hci.o(.constdata)
</UL>
<P><STRONG><a name="[a8]"></a>USB_HostMallocTransfer</STRONG> (Thumb, 68 bytes, Stack size 16 bytes, usb_host_hci.o(i.USB_HostMallocTransfer))
<BR><BR>[Stack]<UL><LI>Max Depth = 16<LI>Call Chain = USB_HostMallocTransfer
</UL>
<BR>[Calls]<UL><LI><a href="#[90]">&gt;&gt;</a>&nbsp;&nbsp;&nbsp;USB_OsaMutexUnlock
<LI><a href="#[8e]">&gt;&gt;</a>&nbsp;&nbsp;&nbsp;USB_OsaMutexLock
</UL>
<BR>[Called By]<UL><LI><a href="#[f9]">&gt;&gt;</a>&nbsp;&nbsp;&nbsp;USB_HostMsdSetInterface
<LI><a href="#[ee]">&gt;&gt;</a>&nbsp;&nbsp;&nbsp;USB_HostMsdInit
<LI><a href="#[b7]">&gt;&gt;</a>&nbsp;&nbsp;&nbsp;USB_HostHubInterruptRecv
<LI><a href="#[a7]">&gt;&gt;</a>&nbsp;&nbsp;&nbsp;USB_HostHubClassRequestCommon
<LI><a href="#[92]">&gt;&gt;</a>&nbsp;&nbsp;&nbsp;USB_HostProcessState
<LI><a href="#[d3]">&gt;&gt;</a>&nbsp;&nbsp;&nbsp;USB_HostMsdProcessCommand
<LI><a href="#[d8]">&gt;&gt;</a>&nbsp;&nbsp;&nbsp;USB_HostMsdControl
<LI><a href="#[d6]">&gt;&gt;</a>&nbsp;&nbsp;&nbsp;USB_HostMsdClearHalt
</UL>

<P><STRONG><a name="[d7]"></a>USB_HostMsdCommand</STRONG> (Thumb, 144 bytes, Stack size 40 bytes, usb_host_msd.o(i.USB_HostMsdCommand))
<BR><BR>[Stack]<UL><LI>Max Depth = 80<LI>Call Chain = USB_HostMsdCommand &rArr; USB_HostMsdProcessCommand &rArr; USB_HostSend
</UL>
<BR>[Calls]<UL><LI><a href="#[d3]">&gt;&gt;</a>&nbsp;&nbsp;&nbsp;USB_HostMsdProcessCommand
</UL>
<BR>[Called By]<UL><LI><a href="#[fb]">&gt;&gt;</a>&nbsp;&nbsp;&nbsp;USB_HostMsdWrite10
<LI><a href="#[f0]">&gt;&gt;</a>&nbsp;&nbsp;&nbsp;USB_HostMsdTestUnitReady
<LI><a href="#[f1]">&gt;&gt;</a>&nbsp;&nbsp;&nbsp;USB_HostMsdRequestSense
<LI><a href="#[f2]">&gt;&gt;</a>&nbsp;&nbsp;&nbsp;USB_HostMsdReadCapacity
<LI><a href="#[f7]">&gt;&gt;</a>&nbsp;&nbsp;&nbsp;USB_HostMsdRead10
</UL>

<P><STRONG><a name="[59]"></a>USB_HostMsdControlCallback</STRONG> (Thumb, 32 bytes, Stack size 16 bytes, host_msd_fatfs.o(i.USB_HostMsdControlCallback))
<BR><BR>[Stack]<UL><LI>Max Depth = 16<LI>Call Chain = USB_HostMsdControlCallback
</UL>
<BR>[Address Reference Count : 1]<UL><LI> host_msd_fatfs.o(i.USB_HostMsdTask)
</UL>
<P><STRONG><a name="[d9]"></a>USB_HostMsdDeinit</STRONG> (Thumb, 132 bytes, Stack size 24 bytes, usb_host_msd.o(i.USB_HostMsdDeinit))
<BR><BR>[Stack]<UL><LI>Max Depth = 104<LI>Call Chain = USB_HostMsdDeinit &rArr; USB_HostCloseDeviceInterface &rArr; USB_HostReleaseDeviceResource &rArr; USB_HostCancelTransfer
</UL>
<BR>[Calls]<UL><LI><a href="#[8b]">&gt;&gt;</a>&nbsp;&nbsp;&nbsp;USB_OsaMemoryFree
<LI><a href="#[95]">&gt;&gt;</a>&nbsp;&nbsp;&nbsp;USB_HostFreeTransfer
<LI><a href="#[b0]">&gt;&gt;</a>&nbsp;&nbsp;&nbsp;USB_HostClosePipe
<LI><a href="#[9e]">&gt;&gt;</a>&nbsp;&nbsp;&nbsp;USB_HostCancelTransfer
<LI><a href="#[96]">&gt;&gt;</a>&nbsp;&nbsp;&nbsp;USB_HostCloseDeviceInterface
</UL>
<BR>[Called By]<UL><LI><a href="#[fa]">&gt;&gt;</a>&nbsp;&nbsp;&nbsp;USB_HostMsdTask
</UL>

<P><STRONG><a name="[a0]"></a>USB_HostMsdEvent</STRONG> (Thumb, 272 bytes, Stack size 40 bytes, host_msd_fatfs.o(i.USB_HostMsdEvent))
<BR><BR>[Stack]<UL><LI>Max Depth = 88<LI>Call Chain = USB_HostMsdEvent &rArr; USB_HostHelperGetPeripheralInformation &rArr; USB_HostHubGetTotalThinkTime &rArr;  USB_HostHelperGetPeripheralInformation (Cycle)
</UL>
<BR>[Calls]<UL><LI><a href="#[a5]">&gt;&gt;</a>&nbsp;&nbsp;&nbsp;USB_HostHelperGetPeripheralInformation
<LI><a href="#[a1]">&gt;&gt;</a>&nbsp;&nbsp;&nbsp;__2printf
</UL>
<BR>[Called By]<UL><LI><a href="#[4b]">&gt;&gt;</a>&nbsp;&nbsp;&nbsp;USB_HostEvent
</UL>

<P><STRONG><a name="[12d]"></a>USB_HostMsdGetDiskStatus</STRONG> (Thumb, 6 bytes, Stack size 0 bytes, fsl_usb_disk_bm.o(i.USB_HostMsdGetDiskStatus))
<BR><BR>[Called By]<UL><LI><a href="#[12c]">&gt;&gt;</a>&nbsp;&nbsp;&nbsp;disk_status
</UL>

<P><STRONG><a name="[ee]"></a>USB_HostMsdInit</STRONG> (Thumb, 82 bytes, Stack size 24 bytes, usb_host_msd.o(i.USB_HostMsdInit))
<BR><BR>[Stack]<UL><LI>Max Depth = 72<LI>Call Chain = USB_HostMsdInit &rArr; USB_HostHelperGetPeripheralInformation &rArr; USB_HostHubGetTotalThinkTime &rArr;  USB_HostHelperGetPeripheralInformation (Cycle)
</UL>
<BR>[Calls]<UL><LI><a href="#[a5]">&gt;&gt;</a>&nbsp;&nbsp;&nbsp;USB_HostHelperGetPeripheralInformation
<LI><a href="#[8a]">&gt;&gt;</a>&nbsp;&nbsp;&nbsp;USB_OsaMemoryAllocate
<LI><a href="#[a8]">&gt;&gt;</a>&nbsp;&nbsp;&nbsp;USB_HostMallocTransfer
</UL>
<BR>[Called By]<UL><LI><a href="#[fa]">&gt;&gt;</a>&nbsp;&nbsp;&nbsp;USB_HostMsdTask
</UL>

<P><STRONG><a name="[ef]"></a>USB_HostMsdInitializeDisk</STRONG> (Thumb, 230 bytes, Stack size 24 bytes, fsl_usb_disk_bm.o(i.USB_HostMsdInitializeDisk))
<BR><BR>[Stack]<UL><LI>Max Depth = 400<LI>Call Chain = USB_HostMsdInitializeDisk &rArr; USB_HostControllerTaskFunction &rArr; USB_HostKhciTaskFunction &rArr; _USB_HostKhciAttach &rArr; USB_HostAttachDevice &rArr; USB_HostProcessState &rArr; USB_HostNotifyDevice &rArr; USB_HostHubDeviceEvent &rArr;  USB_HostDetachDeviceInternal (Cycle)
</UL>
<BR>[Calls]<UL><LI><a href="#[9a]">&gt;&gt;</a>&nbsp;&nbsp;&nbsp;USB_HostControllerTaskFunction
<LI><a href="#[f0]">&gt;&gt;</a>&nbsp;&nbsp;&nbsp;USB_HostMsdTestUnitReady
<LI><a href="#[f1]">&gt;&gt;</a>&nbsp;&nbsp;&nbsp;USB_HostMsdRequestSense
<LI><a href="#[f2]">&gt;&gt;</a>&nbsp;&nbsp;&nbsp;USB_HostMsdReadCapacity
</UL>
<BR>[Called By]<UL><LI><a href="#[129]">&gt;&gt;</a>&nbsp;&nbsp;&nbsp;disk_initialize
</UL>

<P><STRONG><a name="[f3]"></a>USB_HostMsdIoctlDisk</STRONG> (Thumb, 266 bytes, Stack size 40 bytes, fsl_usb_disk_bm.o(i.USB_HostMsdIoctlDisk))
<BR><BR>[Stack]<UL><LI>Max Depth = 416<LI>Call Chain = USB_HostMsdIoctlDisk &rArr; USB_HostControllerTaskFunction &rArr; USB_HostKhciTaskFunction &rArr; _USB_HostKhciAttach &rArr; USB_HostAttachDevice &rArr; USB_HostProcessState &rArr; USB_HostNotifyDevice &rArr; USB_HostHubDeviceEvent &rArr;  USB_HostDetachDeviceInternal (Cycle)
</UL>
<BR>[Calls]<UL><LI><a href="#[9a]">&gt;&gt;</a>&nbsp;&nbsp;&nbsp;USB_HostControllerTaskFunction
[...]
</UL>
<BR>[Calls]<UL><LI><a href="#[113]">&gt;&gt;</a>&nbsp;&nbsp;&nbsp;move_window
<LI><a href="#[120]">&gt;&gt;</a>&nbsp;&nbsp;&nbsp;dir_next
</UL>
<BR>[Called By]<UL><LI><a href="#[dd]">&gt;&gt;</a>&nbsp;&nbsp;&nbsp;f_readdir
</UL>

<P><STRONG><a name="[127]"></a>dir_register</STRONG> (Thumb, 60 bytes, Stack size 16 bytes, ff.o(i.dir_register))
<BR><BR>[Stack]<UL><LI>Max Depth = 616<LI>Call Chain = dir_register &rArr; dir_alloc &rArr; dir_next &rArr; create_chain &rArr; put_fat &rArr; move_window &rArr; sync_window &rArr; disk_write &rArr; USB_HostMsdWriteDisk &rArr; USB_HostControllerTaskFunction &rArr; USB_HostKhciTaskFunction &rArr; _USB_HostKhciAttach &rArr; USB_HostAttachDevice &rArr; USB_HostProcessState &rArr; USB_HostNotifyDevice &rArr; USB_HostHubDeviceEvent &rArr;  USB_HostDetachDeviceInternal (Cycle)
</UL>
<BR>[Calls]<UL><LI><a href="#[113]">&gt;&gt;</a>&nbsp;&nbsp;&nbsp;move_window
<LI><a href="#[11a]">&gt;&gt;</a>&nbsp;&nbsp;&nbsp;mem_set
<LI><a href="#[128]">&gt;&gt;</a>&nbsp;&nbsp;&nbsp;mem_cpy
<LI><a href="#[11e]">&gt;&gt;</a>&nbsp;&nbsp;&nbsp;dir_alloc
</UL>
<BR>[Called By]<UL><LI><a href="#[e3]">&gt;&gt;</a>&nbsp;&nbsp;&nbsp;f_open
</UL>

<P><STRONG><a name="[11f]"></a>dir_sdi</STRONG> (Thumb, 154 bytes, Stack size 24 bytes, ff.o(i.dir_sdi))
<BR><BR>[Stack]<UL><LI>Max Depth = 544<LI>Call Chain = dir_sdi &rArr; get_fat &rArr; move_window &rArr; sync_window &rArr; disk_write &rArr; USB_HostMsdWriteDisk &rArr; USB_HostControllerTaskFunction &rArr; USB_HostKhciTaskFunction &rArr; _USB_HostKhciAttach &rArr; USB_HostAttachDevice &rArr; USB_HostProcessState &rArr; USB_HostNotifyDevice &rArr; USB_HostHubDeviceEvent &rArr;  USB_HostDetachDeviceInternal (Cycle)
</UL>
<BR>[Calls]<UL><LI><a href="#[117]">&gt;&gt;</a>&nbsp;&nbsp;&nbsp;get_fat
<LI><a href="#[123]">&gt;&gt;</a>&nbsp;&nbsp;&nbsp;clst2sect
</UL>
<BR>[Called By]<UL><LI><a href="#[dd]">&gt;&gt;</a>&nbsp;&nbsp;&nbsp;f_readdir
<LI><a href="#[dc]">&gt;&gt;</a>&nbsp;&nbsp;&nbsp;f_opendir
<LI><a href="#[132]">&gt;&gt;</a>&nbsp;&nbsp;&nbsp;follow_path
<LI><a href="#[125]">&gt;&gt;</a>&nbsp;&nbsp;&nbsp;dir_find
<LI><a href="#[11e]">&gt;&gt;</a>&nbsp;&nbsp;&nbsp;dir_alloc
</UL>

<P><STRONG><a name="[13a]"></a>find_volume</STRONG> (Thumb, 120 bytes, Stack size 40 bytes, ff.o(i.find_volume))
<BR><BR>[Stack]<UL><LI>Max Depth = 552<LI>Call Chain = find_volume &rArr; check_fs &rArr; move_window &rArr; sync_window &rArr; disk_write &rArr; USB_HostMsdWriteDisk &rArr; USB_HostControllerTaskFunction &rArr; USB_HostKhciTaskFunction &rArr; _USB_HostKhciAttach &rArr; USB_HostAttachDevice &rArr; USB_HostProcessState &rArr; USB_HostNotifyDevice &rArr; USB_HostHubDeviceEvent &rArr;  USB_HostDetachDeviceInternal (Cycle)
</UL>
<BR>[Calls]<UL><LI><a href="#[130]">&gt;&gt;</a>&nbsp;&nbsp;&nbsp;ld_dword
<LI><a href="#[112]">&gt;&gt;</a>&nbsp;&nbsp;&nbsp;check_fs
</UL>
<BR>[Called By]<UL><LI><a href="#[12f]">&gt;&gt;</a>&nbsp;&nbsp;&nbsp;mount_volume
</UL>

<P><STRONG><a name="[132]"></a>follow_path</STRONG> (Thumb, 158 bytes, Stack size 32 bytes, ff.o(i.follow_path))
<BR><BR>[Stack]<UL><LI>Max Depth = 632<LI>Call Chain = follow_path &rArr; dir_find &rArr; dir_next &rArr; create_chain &rArr; put_fat &rArr; move_window &rArr; sync_window &rArr; disk_write &rArr; USB_HostMsdWriteDisk &rArr; USB_HostControllerTaskFunction &rArr; USB_HostKhciTaskFunction &rArr; _USB_HostKhciAttach &rArr; USB_HostAttachDevice &rArr; USB_HostProcessState &rArr; USB_HostNotifyDevice &rArr; USB_HostHubDeviceEvent &rArr;  USB_HostDetachDeviceInternal (Cycle)
</UL>
<BR>[Calls]<UL><LI><a href="#[134]">&gt;&gt;</a>&nbsp;&nbsp;&nbsp;ld_clust
<LI><a href="#[11f]">&gt;&gt;</a>&nbsp;&nbsp;&nbsp;dir_sdi
<LI><a href="#[125]">&gt;&gt;</a>&nbsp;&nbsp;&nbsp;dir_find
<LI><a href="#[119]">&gt;&gt;</a>&nbsp;&nbsp;&nbsp;create_name
</UL>
<BR>[Called By]<UL><LI><a href="#[e9]">&gt;&gt;</a>&nbsp;&nbsp;&nbsp;f_utime
<LI><a href="#[ea]">&gt;&gt;</a>&nbsp;&nbsp;&nbsp;f_stat
<LI><a href="#[dc]">&gt;&gt;</a>&nbsp;&nbsp;&nbsp;f_opendir
<LI><a href="#[e3]">&gt;&gt;</a>&nbsp;&nbsp;&nbsp;f_open
</UL>

<P><STRONG><a name="[117]"></a>get_fat</STRONG> (Thumb, 224 bytes, Stack size 32 bytes, ff.o(i.get_fat))
<BR><BR>[Stack]<UL><LI>Max Depth = 520<LI>Call Chain = get_fat &rArr; move_window &rArr; sync_window &rArr; disk_write &rArr; USB_HostMsdWriteDisk &rArr; USB_HostControllerTaskFunction &rArr; USB_HostKhciTaskFunction &rArr; _USB_HostKhciAttach &rArr; USB_HostAttachDevice &rArr; USB_HostProcessState &rArr; USB_HostNotifyDevice &rArr; USB_HostHubDeviceEvent &rArr;  USB_HostDetachDeviceInternal (Cycle)
</UL>
<BR>[Calls]<UL><LI><a href="#[113]">&gt;&gt;</a>&nbsp;&nbsp;&nbsp;move_window
<LI><a href="#[114]">&gt;&gt;</a>&nbsp;&nbsp;&nbsp;ld_word
<LI><a href="#[130]">&gt;&gt;</a>&nbsp;&nbsp;&nbsp;ld_dword
</UL>
<BR>[Called By]<UL><LI><a href="#[e6]">&gt;&gt;</a>&nbsp;&nbsp;&nbsp;f_read
<LI><a href="#[e3]">&gt;&gt;</a>&nbsp;&nbsp;&nbsp;f_open
<LI><a href="#[e4]">&gt;&gt;</a>&nbsp;&nbsp;&nbsp;f_lseek
<LI><a href="#[e2]">&gt;&gt;</a>&nbsp;&nbsp;&nbsp;f_getfree
<LI><a href="#[136]">&gt;&gt;</a>&nbsp;&nbsp;&nbsp;remove_chain
<LI><a href="#[11f]">&gt;&gt;</a>&nbsp;&nbsp;&nbsp;dir_sdi
<LI><a href="#[120]">&gt;&gt;</a>&nbsp;&nbsp;&nbsp;dir_next
<LI><a href="#[116]">&gt;&gt;</a>&nbsp;&nbsp;&nbsp;create_chain
</UL>

<P><STRONG><a name="[137]"></a>get_fileinfo</STRONG> (Thumb, 142 bytes, Stack size 24 bytes, ff.o(i.get_fileinfo))
<BR><BR>[Stack]<UL><LI>Max Depth = 24<LI>Call Chain = get_fileinfo
</UL>
<BR>[Calls]<UL><LI><a href="#[114]">&gt;&gt;</a>&nbsp;&nbsp;&nbsp;ld_word
<LI><a href="#[130]">&gt;&gt;</a>&nbsp;&nbsp;&nbsp;ld_dword
</UL>
<BR>[Called By]<UL><LI><a href="#[ea]">&gt;&gt;</a>&nbsp;&nbsp;&nbsp;f_stat
<LI><a href="#[dd]">&gt;&gt;</a>&nbsp;&nbsp;&nbsp;f_readdir
</UL>

<P><STRONG><a name="[131]"></a>get_ldnumber</STRONG> (Thumb, 78 bytes, Stack size 16 bytes, ff.o(i.get_ldnumber))
<BR><BR>[Stack]<UL><LI>Max Depth = 16<LI>Call Chain = get_ldnumber
</UL>
<BR>[Called By]<UL><LI><a href="#[e1]">&gt;&gt;</a>&nbsp;&nbsp;&nbsp;f_mount
<LI><a href="#[12f]">&gt;&gt;</a>&nbsp;&nbsp;&nbsp;mount_volume
</UL>

<P><STRONG><a name="[134]"></a>ld_clust</STRONG> (Thumb, 38 bytes, Stack size 16 bytes, ff.o(i.ld_clust))
<BR><BR>[Stack]<UL><LI>Max Depth = 16<LI>Call Chain = ld_clust
</UL>
<BR>[Calls]<UL><LI><a href="#[114]">&gt;&gt;</a>&nbsp;&nbsp;&nbsp;ld_word
</UL>
<BR>[Called By]<UL><LI><a href="#[dc]">&gt;&gt;</a>&nbsp;&nbsp;&nbsp;f_opendir
<LI><a href="#[e3]">&gt;&gt;</a>&nbsp;&nbsp;&nbsp;f_open
<LI><a href="#[132]">&gt;&gt;</a>&nbsp;&nbsp;&nbsp;follow_path
</UL>

<P><STRONG><a name="[130]"></a>ld_dword</STRONG> (Thumb, 24 bytes, Stack size 0 bytes, ff.o(i.ld_dword))
<BR><BR>[Called By]<UL><LI><a href="#[e3]">&gt;&gt;</a>&nbsp;&nbsp;&nbsp;f_open
<LI><a href="#[e2]">&gt;&gt;</a>&nbsp;&nbsp;&nbsp;f_getfree
<LI><a href="#[118]">&gt;&gt;</a>&nbsp;&nbsp;&nbsp;put_fat
<LI><a href="#[12f]">&gt;&gt;</a>&nbsp;&nbsp;&nbsp;mount_volume
<LI><a href="#[137]">&gt;&gt;</a>&nbsp;&nbsp;&nbsp;get_fileinfo
<LI><a href="#[117]">&gt;&gt;</a>&nbsp;&nbsp;&nbsp;get_fat
<LI><a href="#[13a]">&gt;&gt;</a>&nbsp;&nbsp;&nbsp;find_volume
</UL>

<P><STRONG><a name="[114]"></a>ld_word</STRONG> (Thumb, 12 bytes, Stack size 0 bytes, ff.o(i.ld_word))
<BR><BR>[Called By]<UL><LI><a href="#[e2]">&gt;&gt;</a>&nbsp;&nbsp;&nbsp;f_getfree
<LI><a href="#[12f]">&gt;&gt;</a>&nbsp;&nbsp;&nbsp;mount_volume
<LI><a href="#[134]">&gt;&gt;</a>&nbsp;&nbsp;&nbsp;ld_clust
<LI><a href="#[137]">&gt;&gt;</a>&nbsp;&nbsp;&nbsp;get_fileinfo
<LI><a href="#[117]">&gt;&gt;</a>&nbsp;&nbsp;&nbsp;get_fat
<LI><a href="#[112]">&gt;&gt;</a>&nbsp;&nbsp;&nbsp;check_fs
</UL>

<P><STRONG><a name="[115]"></a>mem_cmp</STRONG> (Thumb, 36 bytes, Stack size 20 bytes, ff.o(i.mem_cmp))
<BR><BR>[Stack]<UL><LI>Max Depth = 20<LI>Call Chain = mem_cmp
</UL>
<BR>[Called By]<UL><LI><a href="#[125]">&gt;&gt;</a>&nbsp;&nbsp;&nbsp;dir_find
<LI><a href="#[112]">&gt;&gt;</a>&nbsp;&nbsp;&nbsp;check_fs
</UL>

<P><STRONG><a name="[128]"></a>mem_cpy</STRONG> (Thumb, 26 bytes, Stack size 12 bytes, ff.o(i.mem_cpy))
<BR><BR>[Stack]<UL><LI>Max Depth = 12<LI>Call Chain = mem_cpy
</UL>
<BR>[Called By]<UL><LI><a href="#[e7]">&gt;&gt;</a>&nbsp;&nbsp;&nbsp;f_write
<LI><a href="#[e6]">&gt;&gt;</a>&nbsp;&nbsp;&nbsp;f_read
<LI><a href="#[127]">&gt;&gt;</a>&nbsp;&nbsp;&nbsp;dir_register
</UL>

<P><STRONG><a name="[11a]"></a>mem_set</STRONG> (Thumb, 18 bytes, Stack size 8 bytes, ff.o(i.mem_set))
<BR><BR>[Stack]<UL><LI>Max Depth = 8<LI>Call Chain = mem_set
</UL>
<BR>[Called By]<UL><LI><a href="#[e3]">&gt;&gt;</a>&nbsp;&nbsp;&nbsp;f_open
<LI><a href="#[139]">&gt;&gt;</a>&nbsp;&nbsp;&nbsp;sync_fs
<LI><a href="#[127]">&gt;&gt;</a>&nbsp;&nbsp;&nbsp;dir_register
<LI><a href="#[121]">&gt;&gt;</a>&nbsp;&nbsp;&nbsp;dir_clear
<LI><a href="#[119]">&gt;&gt;</a>&nbsp;&nbsp;&nbsp;create_name
</UL>

<P><STRONG><a name="[12f]"></a>mount_volume</STRONG> (Thumb, 658 bytes, Stack size 64 bytes, ff.o(i.mount_volume))
<BR><BR>[Stack]<UL><LI>Max Depth = 616<LI>Call Chain = mount_volume &rArr; find_volume &rArr; check_fs &rArr; move_window &rArr; sync_window &rArr; disk_write &rArr; USB_HostMsdWriteDisk &rArr; USB_HostControllerTaskFunction &rArr; USB_HostKhciTaskFunction &rArr; _USB_HostKhciAttach &rArr; USB_HostAttachDevice &rArr; USB_HostProcessState &rArr; USB_HostNotifyDevice &rArr; USB_HostHubDeviceEvent &rArr;  USB_HostDetachDeviceInternal (Cycle)
</UL>
<BR>[Calls]<UL><LI><a href="#[113]">&gt;&gt;</a>&nbsp;&nbsp;&nbsp;move_window
<LI><a href="#[114]">&gt;&gt;</a>&nbsp;&nbsp;&nbsp;ld_word
<LI><a href="#[130]">&gt;&gt;</a>&nbsp;&nbsp;&nbsp;ld_dword
<LI><a href="#[131]">&gt;&gt;</a>&nbsp;&nbsp;&nbsp;get_ldnumber
<LI><a href="#[13a]">&gt;&gt;</a>&nbsp;&nbsp;&nbsp;find_volume
<LI><a href="#[12c]">&gt;&gt;</a>&nbsp;&nbsp;&nbsp;disk_status
<LI><a href="#[129]">&gt;&gt;</a>&nbsp;&nbsp;&nbsp;disk_initialize
</UL>
<BR>[Called By]<UL><LI><a href="#[e9]">&gt;&gt;</a>&nbsp;&nbsp;&nbsp;f_utime
<LI><a href="#[ea]">&gt;&gt;</a>&nbsp;&nbsp;&nbsp;f_stat
<LI><a href="#[dc]">&gt;&gt;</a>&nbsp;&nbsp;&nbsp;f_opendir
<LI><a href="#[e3]">&gt;&gt;</a>&nbsp;&nbsp;&nbsp;f_open
<LI><a href="#[e1]">&gt;&gt;</a>&nbsp;&nbsp;&nbsp;f_mount
<LI><a href="#[e2]">&gt;&gt;</a>&nbsp;&nbsp;&nbsp;f_getfree
</UL>

<P><STRONG><a name="[113]"></a>move_window</STRONG> (Thumb, 52 bytes, Stack size 16 bytes, ff.o(i.move_window))
<BR><BR>[Stack]<UL><LI>Max Depth = 488<LI>Call Chain = move_window &rArr; sync_window &rArr; disk_write &rArr; USB_HostMsdWriteDisk &rArr; USB_HostControllerTaskFunction &rArr; USB_HostKhciTaskFunction &rArr; _USB_HostKhciAttach &rArr; USB_HostAttachDevice &rArr; USB_HostProcessState &rArr; USB_HostNotifyDevice &rArr; USB_HostHubDeviceEvent &rArr;  USB_HostDetachDeviceInternal (Cycle)
</UL>
<BR>[Calls]<UL><LI><a href="#[122]">&gt;&gt;</a>&nbsp;&nbsp;&nbsp;sync_window
<LI><a href="#[12b]">&gt;&gt;</a>&nbsp;&nbsp;&nbsp;disk_read
</UL>
<BR>[Called By]<UL><LI><a href="#[e8]">&gt;&gt;</a>&nbsp;&nbsp;&nbsp;f_sync
<LI><a href="#[e3]">&gt;&gt;</a>&nbsp;&nbsp;&nbsp;f_open
<LI><a href="#[e2]">&gt;&gt;</a>&nbsp;&nbsp;&nbsp;f_getfree
<LI><a href="#[118]">&gt;&gt;</a>&nbsp;&nbsp;&nbsp;put_fat
<LI><a href="#[12f]">&gt;&gt;</a>&nbsp;&nbsp;&nbsp;mount_volume
<LI><a href="#[117]">&gt;&gt;</a>&nbsp;&nbsp;&nbsp;get_fat
<LI><a href="#[127]">&gt;&gt;</a>&nbsp;&nbsp;&nbsp;dir_register
<LI><a href="#[126]">&gt;&gt;</a>&nbsp;&nbsp;&nbsp;dir_read
<LI><a href="#[125]">&gt;&gt;</a>&nbsp;&nbsp;&nbsp;dir_find
<LI><a href="#[11e]">&gt;&gt;</a>&nbsp;&nbsp;&nbsp;dir_alloc
<LI><a href="#[112]">&gt;&gt;</a>&nbsp;&nbsp;&nbsp;check_fs
</UL>

<P><STRONG><a name="[118]"></a>put_fat</STRONG> (Thumb, 312 bytes, Stack size 32 bytes, ff.o(i.put_fat))
<BR><BR>[Stack]<UL><LI>Max Depth = 520<LI>Call Chain = put_fat &rArr; move_window &rArr; sync_window &rArr; disk_write &rArr; USB_HostMsdWriteDisk &rArr; USB_HostControllerTaskFunction &rArr; USB_HostKhciTaskFunction &rArr; _USB_HostKhciAttach &rArr; USB_HostAttachDevice &rArr; USB_HostProcessState &rArr; USB_HostNotifyDevice &rArr; USB_HostHubDeviceEvent &rArr;  USB_HostDetachDeviceInternal (Cycle)
</UL>
<BR>[Calls]<UL><LI><a href="#[138]">&gt;&gt;</a>&nbsp;&nbsp;&nbsp;st_word
<LI><a href="#[133]">&gt;&gt;</a>&nbsp;&nbsp;&nbsp;st_dword
<LI><a href="#[113]">&gt;&gt;</a>&nbsp;&nbsp;&nbsp;move_window
<LI><a href="#[130]">&gt;&gt;</a>&nbsp;&nbsp;&nbsp;ld_dword
</UL>
<BR>[Called By]<UL><LI><a href="#[136]">&gt;&gt;</a>&nbsp;&nbsp;&nbsp;remove_chain
<LI><a href="#[116]">&gt;&gt;</a>&nbsp;&nbsp;&nbsp;create_chain
</UL>

<P><STRONG><a name="[136]"></a>remove_chain</STRONG> (Thumb, 154 bytes, Stack size 32 bytes, ff.o(i.remove_chain))
<BR><BR>[Stack]<UL><LI>Max Depth = 552<LI>Call Chain = remove_chain &rArr; put_fat &rArr; move_window &rArr; sync_window &rArr; disk_write &rArr; USB_HostMsdWriteDisk &rArr; USB_HostControllerTaskFunction &rArr; USB_HostKhciTaskFunction &rArr; _USB_HostKhciAttach &rArr; USB_HostAttachDevice &rArr; USB_HostProcessState &rArr; USB_HostNotifyDevice &rArr; USB_HostHubDeviceEvent &rArr;  USB_HostDetachDeviceInternal (Cycle)
</UL>
<BR>[Calls]<UL><LI><a href="#[118]">&gt;&gt;</a>&nbsp;&nbsp;&nbsp;put_fat
<LI><a href="#[117]">&gt;&gt;</a>&nbsp;&nbsp;&nbsp;get_fat
</UL>
<BR>[Called By]<UL><LI><a href="#[e3]">&gt;&gt;</a>&nbsp;&nbsp;&nbsp;f_open
</UL>

<P><STRONG><a name="[135]"></a>st_clust</STRONG> (Thumb, 36 bytes, Stack size 16 bytes, ff.o(i.st_clust))
<BR><BR>[Stack]<UL><LI>Max Depth = 16<LI>Call Chain = st_clust
</UL>
<BR>[Calls]<UL><LI><a href="#[138]">&gt;&gt;</a>&nbsp;&nbsp;&nbsp;st_word
</UL>
<BR>[Called By]<UL><LI><a href="#[e8]">&gt;&gt;</a>&nbsp;&nbsp;&nbsp;f_sync
<LI><a href="#[e3]">&gt;&gt;</a>&nbsp;&nbsp;&nbsp;f_open
</UL>

<P><STRONG><a name="[133]"></a>st_dword</STRONG> (Thumb, 24 bytes, Stack size 0 bytes, ff.o(i.st_dword))
<BR><BR>[Called By]<UL><LI><a href="#[e9]">&gt;&gt;</a>&nbsp;&nbsp;&nbsp;f_utime
<LI><a href="#[e8]">&gt;&gt;</a>&nbsp;&nbsp;&nbsp;f_sync
<LI><a href="#[e3]">&gt;&gt;</a>&nbsp;&nbsp;&nbsp;f_open
<LI><a href="#[139]">&gt;&gt;</a>&nbsp;&nbsp;&nbsp;sync_fs
<LI><a href="#[118]">&gt;&gt;</a>&nbsp;&nbsp;&nbsp;put_fat
</UL>

<P><STRONG><a name="[138]"></a>st_word</STRONG> (Thumb, 12 bytes, Stack size 0 bytes, ff.o(i.st_word))
<BR><BR>[Called By]<UL><LI><a href="#[e8]">&gt;&gt;</a>&nbsp;&nbsp;&nbsp;f_sync
<LI><a href="#[139]">&gt;&gt;</a>&nbsp;&nbsp;&nbsp;sync_fs
<LI><a href="#[135]">&gt;&gt;</a>&nbsp;&nbsp;&nbsp;st_clust
<LI><a href="#[118]">&gt;&gt;</a>&nbsp;&nbsp;&nbsp;put_fat
</UL>

<P><STRONG><a name="[139]"></a>sync_fs</STRONG> (Thumb, 134 bytes, Stack size 16 bytes, ff.o(i.sync_fs))
<BR><BR>[Stack]<UL><LI>Max Depth = 488<LI>Call Chain = sync_fs &rArr; sync_window &rArr; disk_write &rArr; USB_HostMsdWriteDisk &rArr; USB_HostControllerTaskFunction &rArr; USB_HostKhciTaskFunction &rArr; _USB_HostKhciAttach &rArr; USB_HostAttachDevice &rArr; USB_HostProcessState &rArr; USB_HostNotifyDevice &rArr; USB_HostHubDeviceEvent &rArr;  USB_HostDetachDeviceInternal (Cycle)
</UL>
<BR>[Calls]<UL><LI><a href="#[122]">&gt;&gt;</a>&nbsp;&nbsp;&nbsp;sync_window
<LI><a href="#[138]">&gt;&gt;</a>&nbsp;&nbsp;&nbsp;st_word
<LI><a href="#[133]">&gt;&gt;</a>&nbsp;&nbsp;&nbsp;st_dword
<LI><a href="#[11a]">&gt;&gt;</a>&nbsp;&nbsp;&nbsp;mem_set
<LI><a href="#[124]">&gt;&gt;</a>&nbsp;&nbsp;&nbsp;disk_write
<LI><a href="#[12a]">&gt;&gt;</a>&nbsp;&nbsp;&nbsp;disk_ioctl
</UL>
<BR>[Called By]<UL><LI><a href="#[e9]">&gt;&gt;</a>&nbsp;&nbsp;&nbsp;f_utime
<LI><a href="#[e8]">&gt;&gt;</a>&nbsp;&nbsp;&nbsp;f_sync
</UL>

<P><STRONG><a name="[122]"></a>sync_window</STRONG> (Thumb, 74 bytes, Stack size 16 bytes, ff.o(i.sync_window))
<BR><BR>[Stack]<UL><LI>Max Depth = 472<LI>Call Chain = sync_window &rArr; disk_write &rArr; USB_HostMsdWriteDisk &rArr; USB_HostControllerTaskFunction &rArr; USB_HostKhciTaskFunction &rArr; _USB_HostKhciAttach &rArr; USB_HostAttachDevice &rArr; USB_HostProcessState &rArr; USB_HostNotifyDevice &rArr; USB_HostHubDeviceEvent &rArr;  USB_HostDetachDeviceInternal (Cycle)
</UL>
<BR>[Calls]<UL><LI><a href="#[124]">&gt;&gt;</a>&nbsp;&nbsp;&nbsp;disk_write
</UL>
<BR>[Called By]<UL><LI><a href="#[139]">&gt;&gt;</a>&nbsp;&nbsp;&nbsp;sync_fs
<LI><a href="#[113]">&gt;&gt;</a>&nbsp;&nbsp;&nbsp;move_window
<LI><a href="#[121]">&gt;&gt;</a>&nbsp;&nbsp;&nbsp;dir_clear
</UL>

<P><STRONG><a name="[12e]"></a>validate</STRONG> (Thumb, 60 bytes, Stack size 16 bytes, ff.o(i.validate))
<BR><BR>[Stack]<UL><LI>Max Depth = 32<LI>Call Chain = validate &rArr; disk_status
</UL>
<BR>[Calls]<UL><LI><a href="#[12c]">&gt;&gt;</a>&nbsp;&nbsp;&nbsp;disk_status
</UL>
<BR>[Called By]<UL><LI><a href="#[e7]">&gt;&gt;</a>&nbsp;&nbsp;&nbsp;f_write
<LI><a href="#[e8]">&gt;&gt;</a>&nbsp;&nbsp;&nbsp;f_sync
<LI><a href="#[dd]">&gt;&gt;</a>&nbsp;&nbsp;&nbsp;f_readdir
<LI><a href="#[e6]">&gt;&gt;</a>&nbsp;&nbsp;&nbsp;f_read
<LI><a href="#[e4]">&gt;&gt;</a>&nbsp;&nbsp;&nbsp;f_lseek
<LI><a href="#[e5]">&gt;&gt;</a>&nbsp;&nbsp;&nbsp;f_close
</UL>

<P><STRONG><a name="[9a]"></a>USB_HostControllerTaskFunction</STRONG> (Thumb, 12 bytes, Stack size 8 bytes, fsl_usb_disk_bm.o(i.USB_HostControllerTaskFunction))
<BR><BR>[Stack]<UL><LI>Max Depth = 376<LI>Call Chain = USB_HostControllerTaskFunction &rArr; USB_HostKhciTaskFunction &rArr; _USB_HostKhciAttach &rArr; USB_HostAttachDevice &rArr; USB_HostProcessState &rArr; USB_HostNotifyDevice &rArr; USB_HostHubDeviceEvent &rArr;  USB_HostDetachDeviceInternal (Cycle)
</UL>
<BR>[Calls]<UL><LI><a href="#[9b]">&gt;&gt;</a>&nbsp;&nbsp;&nbsp;USB_HostKhciTaskFunction
</UL>
<BR>[Called By]<UL><LI><a href="#[fc]">&gt;&gt;</a>&nbsp;&nbsp;&nbsp;USB_HostMsdWriteDisk
<LI><a href="#[f8]">&gt;&gt;</a>&nbsp;&nbsp;&nbsp;USB_HostMsdReadDisk
<LI><a href="#[f3]">&gt;&gt;</a>&nbsp;&nbsp;&nbsp;USB_HostMsdIoctlDisk
<LI><a href="#[ef]">&gt;&gt;</a>&nbsp;&nbsp;&nbsp;USB_HostMsdInitializeDisk
</UL>

<P><STRONG><a name="[51]"></a>USB_HostMsdUfiCallback</STRONG> (Thumb, 14 bytes, Stack size 12 bytes, fsl_usb_disk_bm.o(i.USB_HostMsdUfiCallback))
<BR><BR>[Stack]<UL><LI>Max Depth = 12<LI>Call Chain = USB_HostMsdUfiCallback
</UL>
<BR>[Address Reference Count : 4]<UL><LI> fsl_usb_disk_bm.o(i.USB_HostMsdInitializeDisk)
<LI> fsl_usb_disk_bm.o(i.USB_HostMsdIoctlDisk)
<LI> fsl_usb_disk_bm.o(i.USB_HostMsdReadDisk)
<LI> fsl_usb_disk_bm.o(i.USB_HostMsdWriteDisk)
</UL>
<P><STRONG><a name="[10e]"></a>_printf_core</STRONG> (Thumb, 984 bytes, Stack size 104 bytes, printf8.o(i._printf_core), UNUSED)
<BR><BR>[Calls]<UL><LI><a href="#[67]">&gt;&gt;</a>&nbsp;&nbsp;&nbsp;__aeabi_uldivmod
<LI><a href="#[110]">&gt;&gt;</a>&nbsp;&nbsp;&nbsp;_printf_pre_padding
<LI><a href="#[111]">&gt;&gt;</a>&nbsp;&nbsp;&nbsp;_printf_post_padding
</UL>
<BR>[Called By]<UL><LI><a href="#[10f]">&gt;&gt;</a>&nbsp;&nbsp;&nbsp;__0sprintf$8
<LI><a href="#[10d]">&gt;&gt;</a>&nbsp;&nbsp;&nbsp;__0printf$8
</UL>

<P><STRONG><a name="[111]"></a>_printf_post_padding</STRONG> (Thumb, 36 bytes, Stack size 24 bytes, printf8.o(i._printf_post_padding), UNUSED)
<BR><BR>[Called By]<UL><LI><a href="#[10e]">&gt;&gt;</a>&nbsp;&nbsp;&nbsp;_printf_core
</UL>

<P><STRONG><a name="[110]"></a>_printf_pre_padding</STRONG> (Thumb, 46 bytes, Stack size 24 bytes, printf8.o(i._printf_pre_padding), UNUSED)
<BR><BR>[Called By]<UL><LI><a href="#[10e]">&gt;&gt;</a>&nbsp;&nbsp;&nbsp;_printf_core
</UL>

<P><STRONG><a name="[5c]"></a>_sputc</STRONG> (Thumb, 10 bytes, Stack size 0 bytes, printf8.o(i._sputc))
<BR><BR>[Called By]<UL><LI><a href="#[10f]">&gt;&gt;</a>&nbsp;&nbsp;&nbsp;__0sprintf$8
</UL>
<BR>[Address Reference Count : 1]<UL><LI> printf8.o(i.__0sprintf$8)
</UL><P>
<H3>
Undefined Global Symbols
</H3><HR></body></html>
