<html>
<body>
<pre>
<h1>礦ision Build Log</h1>
<h2>Tool Versions:</h2>
IDE-Version: μVision V5.27.1.0
Copyright (C) 2019 ARM Ltd and ARM Germany GmbH. All rights reserved.
License Information: p k, 1, LIC=UJWP0-B14WX-BS9YX-HMJYL-3JTCG-EC672
 
Tool Versions:
Toolchain:       MDK-ARM Plus  Version: 5.33.0.0
Toolchain Path:  D:\Program Files\Keil_v5\ARM\ARMCC\Bin
C Compiler:      Armcc.exe V5.06 update 7 (build 960)
Assembler:       Armasm.exe V5.06 update 7 (build 960)
Linker/Locator:  ArmLink.exe V5.06 update 7 (build 960)
Library Manager: ArmAr.exe V5.06 update 7 (build 960)
Hex Converter:   FromElf.exe V5.06 update 7 (build 960)
CPU DLL:         SARMCM3.DLL V5.33.0.0
Dialog DLL:      DCM.DLL V1.17.3.0
Target DLL:      Segger\JL2CM3.dll V2.99.38.0
Dialog DLL:      TCM.DLL V1.48.0.0
 
<h2>Project:</h2>
E:\github\Project_Demo\学习例程\USB_Host_U_Disk_串口1打印_V04版硬件\USB_Host_MSD_Application_1206\USB_OTG_FS_Host\KEILPRJ\usb_host_msd.uvprojx
Project File Date:  09/21/2023

<h2>Output:</h2>
*** Using Compiler 'V5.06 update 7 (build 960)', folder: 'D:\Program Files\Keil_v5\ARM\ARMCC\Bin'
Rebuild target 'MM32Series'
assembling startup_mm32f327x_keil.s...
compiling host_msd_fatfs.c...
compiling hal_bkp.c...
compiling system_mm32f327x.c...
compiling delay.c...
compiling app.c...
compiling hal_adc.c...
compiling hal_can.c...
compiling hal_comp.c...
compiling hal_crc.c...
compiling led.c...
compiling hal_dbg.c...
compiling key.c...
compiling uart.c...
compiling sys.c...
compiling hal_exti.c...
compiling hal_dma.c...
compiling main.c...
compiling hal_flash.c...
compiling hal_crs.c...
compiling hal_fsmc.c...
compiling hal_iwdg.c...
compiling hal_misc.c...
compiling hal_dac.c...
compiling hal_rtc.c...
compiling hal_uid.c...
compiling hal_gpio.c...
compiling hal_ver.c...
compiling hal_i2c.c...
compiling usb_host_framework.c...
compiling usb_host_devices.c...
compiling hal_eth.c...
compiling hal_pwr.c...
compiling hal_sdio.c...
compiling hal_uart.c...
compiling hal_spi.c...
compiling hal_rcc.c...
compiling usb_host_hub.c...
compiling hal_tim.c...
compiling usb_host_msd_ufi.c...
compiling ffsystem.c...
compiling usb_host_hub_app.c...
compiling diskio.c...
compiling usb_host_msd.c...
compiling ffunicode.c...
compiling hal_wwdg.c...
compiling fsl_usb_disk_bm.c...
compiling ff.c...
compiling usb_host_hci.c...
compiling usb_host_khci.c...
compiling usb_osa_bm.c...
linking...
Program Size: Code=32752 RO-data=612 RW-data=132 ZI-data=13436  
FromELF: creating hex file...
After Build - User command #1: fromelf --bin -o "E:\github\Project_Demo\学习例程\USB_Host_U_Disk_串口1打印_V04版硬件\USB_Host_MSD_Application_1206\USB_OTG_FS_Host\KEILPRJ\OBJ\Update.axf.bin" "E:\github\Project_Demo\学习例程\USB_Host_U_Disk_串口1打印_V04版硬件\USB_Host_MSD_Application_1206\USB_OTG_FS_Host\KEILPRJ\OBJ\Update.axf"
".\OBJ\Update.axf" - 0 Error(s), 0 Warning(s).

<h2>Software Packages used:</h2>

Package Vendor: MindMotion
                http://www.mindmotion.com.cn/Download/MDK_KEIL/MindMotion.MM32F3270_DFP.1.0.5.pack
                MindMotion.MM32F3270_DFP.1.0.5
                MindMotion MM32F3270 Series Device Support, Drivers and Examples

<h2>Collection of Component include folders:</h2>
  .\RTE\_MM32Series
  D:\Program Files\Keil_v5\MindMotion\MM32F3270_DFP\1.0.5\Device\MM32F327x\Include

<h2>Collection of Component Files used:</h2>
Build Time Elapsed:  00:00:03
</pre>
</body>
</html>
