Component: ARM Compiler 5.06 update 7 (build 960) Tool: armlink [4d3601]

==============================================================================

Section Cross References

    system_mm32f327x.o(i.SetSysClock) refers to system_mm32f327x.o(i.SetSysClockToXX) for SetSysClockToXX
    system_mm32f327x.o(i.SetSysClockToXX) refers to system_mm32f327x.o(i.DELAY_xUs) for DELAY_xUs
    system_mm32f327x.o(i.SetSysClockToXX) refers to system_mm32f327x.o(i.AutoCalPllFactor) for AutoCalPllFactor
    system_mm32f327x.o(i.SetSysClockToXX) refers to system_mm32f327x.o(.data) for SystemCoreClock
    system_mm32f327x.o(i.SystemInit) refers to system_mm32f327x.o(i.SetSysClock) for SetSysClock
    startup_mm32f327x_keil.o(RESET) refers to startup_mm32f327x_keil.o(STACK) for __initial_sp
    startup_mm32f327x_keil.o(RESET) refers to startup_mm32f327x_keil.o(.text) for Reset_Handler
    startup_mm32f327x_keil.o(RESET) refers to delay.o(i.SysTick_Handler) for SysTick_Handler
    startup_mm32f327x_keil.o(RESET) refers to app.o(i.OTG_FS_IRQHandler) for OTG_FS_IRQHandler
    startup_mm32f327x_keil.o(.text) refers to system_mm32f327x.o(i.SystemInit) for SystemInit
    startup_mm32f327x_keil.o(.text) refers to entry.o(.ARM.Collect$$$$00000000) for __main
    key.o(i.KEY_Init) refers to hal_rcc.o(i.RCC_AHBPeriphClockCmd) for RCC_AHBPeriphClockCmd
    key.o(i.KEY_Init) refers to hal_gpio.o(i.GPIO_StructInit) for GPIO_StructInit
    key.o(i.KEY_Init) refers to hal_gpio.o(i.GPIO_Init) for GPIO_Init
    key.o(i.KEY_Init) refers to hal_gpio.o(i.GPIO_PinAFConfig) for GPIO_PinAFConfig
    key.o(i.KEY_Scan) refers to hal_gpio.o(i.GPIO_ReadInputDataBit) for GPIO_ReadInputDataBit
    key.o(i.KEY_Scan) refers to delay.o(i.DELAY_Ms) for DELAY_Ms
    key.o(i.KEY_Scan) refers to key.o(.data) for key_up
    led.o(i.LED_Init) refers to hal_rcc.o(i.RCC_AHBPeriphClockCmd) for RCC_AHBPeriphClockCmd
    led.o(i.LED_Init) refers to hal_gpio.o(i.GPIO_StructInit) for GPIO_StructInit
    led.o(i.LED_Init) refers to hal_gpio.o(i.GPIO_PinAFConfig) for GPIO_PinAFConfig
    led.o(i.LED_Init) refers to hal_gpio.o(i.GPIO_Init) for GPIO_Init
    led.o(i.LED_Init) refers to hal_gpio.o(i.GPIO_SetBits) for GPIO_SetBits
    led.o(i.LED_Init) refers to hal_gpio.o(i.GPIO_ResetBits) for GPIO_ResetBits
    led.o(i.VBUS_CTR_Init) refers to hal_rcc.o(i.RCC_AHBPeriphClockCmd) for RCC_AHBPeriphClockCmd
    led.o(i.VBUS_CTR_Init) refers to hal_gpio.o(i.GPIO_StructInit) for GPIO_StructInit
    led.o(i.VBUS_CTR_Init) refers to hal_gpio.o(i.GPIO_Init) for GPIO_Init
    led.o(i.VBUS_CTR_Init) refers to hal_gpio.o(i.GPIO_ResetBits) for GPIO_ResetBits
    delay.o(i.DELAY_Init) refers to delay.o(i.__NVIC_SetPriority) for __NVIC_SetPriority
    delay.o(i.DELAY_Init) refers to system_mm32f327x.o(.data) for SystemCoreClock
    delay.o(i.DELAY_Ms) refers to delay.o(.data) for sTimingDelay
    delay.o(i.SysTick_Handler) refers to delay.o(i.TimingDelayDecrement) for TimingDelayDecrement
    delay.o(i.TimingDelayDecrement) refers to delay.o(.data) for sTimingDelay
    sys.o(i.SYSCLK_Init) refers to memcpya.o(.text) for __aeabi_memcpy4
    sys.o(i.SYSCLK_Init) refers to sys.o(i.DELAY_Nop) for DELAY_Nop
    sys.o(i.SYSCLK_Init) refers to sys.o(i.exRCC_ClkPrescaler_Init) for exRCC_ClkPrescaler_Init
    sys.o(i.SYSCLK_Init) refers to sys.o(.constdata) for .constdata
    sys.o(i.SYSCLK_Init) refers to sys.o(.data) for gSystemClockValue
    sys.o(i.SystemReInit) refers to sys.o(i.RCC_SetDefault) for RCC_SetDefault
    sys.o(i.SystemReInit) refers to sys.o(i.SYSCLK_Init) for SYSCLK_Init
    sys.o(i.exRCC_ClkPrescaler_Init) refers to sys.o(.constdata) for cRCC_ClockPrescalerTable
    uart.o(i.CONSOLE_Init) refers to hal_rcc.o(i.RCC_APB1PeriphClockCmd) for RCC_APB1PeriphClockCmd
    uart.o(i.CONSOLE_Init) refers to hal_rcc.o(i.RCC_AHBPeriphClockCmd) for RCC_AHBPeriphClockCmd
    uart.o(i.CONSOLE_Init) refers to hal_gpio.o(i.GPIO_PinAFConfig) for GPIO_PinAFConfig
    uart.o(i.CONSOLE_Init) refers to hal_uart.o(i.UART_StructInit) for UART_StructInit
    uart.o(i.CONSOLE_Init) refers to hal_uart.o(i.UART_Init) for UART_Init
    uart.o(i.CONSOLE_Init) refers to hal_uart.o(i.UART_Cmd) for UART_Cmd
    uart.o(i.CONSOLE_Init) refers to hal_gpio.o(i.GPIO_StructInit) for GPIO_StructInit
    uart.o(i.CONSOLE_Init) refers to hal_gpio.o(i.GPIO_Init) for GPIO_Init
    uart.o(i.UART1_GPIO_Init) refers to hal_rcc.o(i.RCC_AHBPeriphClockCmd) for RCC_AHBPeriphClockCmd
    uart.o(i.UART1_GPIO_Init) refers to hal_gpio.o(i.GPIO_PinAFConfig) for GPIO_PinAFConfig
    uart.o(i.UART1_GPIO_Init) refers to hal_gpio.o(i.GPIO_StructInit) for GPIO_StructInit
    uart.o(i.UART1_GPIO_Init) refers to hal_gpio.o(i.GPIO_Init) for GPIO_Init
    uart.o(i.UART1_GPIO_Init) refers to hal_gpio.o(i.GPIO_ResetBits) for GPIO_ResetBits
    uart.o(i.UART1_Init) refers to hal_rcc.o(i.RCC_APB2PeriphClockCmd) for RCC_APB2PeriphClockCmd
    uart.o(i.UART1_Init) refers to hal_uart.o(i.UART_StructInit) for UART_StructInit
[...]
    i.USB_HostMsdTask                        0x08004304   Section        0  host_msd_fatfs.o(i.USB_HostMsdTask)
    i.USB_HostMsdTestUnitReady               0x08004408   Section        0  usb_host_msd_ufi.o(i.USB_HostMsdTestUnitReady)
    i.USB_HostMsdUfiCallback                 0x0800443c   Section        0  fsl_usb_disk_bm.o(i.USB_HostMsdUfiCallback)
    USB_HostMsdUfiCallback                   0x0800443d   Thumb Code    14  fsl_usb_disk_bm.o(i.USB_HostMsdUfiCallback)
    i.USB_HostMsdWrite10                     0x08004454   Section        0  usb_host_msd_ufi.o(i.USB_HostMsdWrite10)
    i.USB_HostMsdWriteDisk                   0x080044c8   Section        0  fsl_usb_disk_bm.o(i.USB_HostMsdWriteDisk)
    i.USB_HostNotifyDevice                   0x0800457c   Section        0  usb_host_devices.o(i.USB_HostNotifyDevice)
    USB_HostNotifyDevice                     0x0800457d   Thumb Code   152  usb_host_devices.o(i.USB_HostNotifyDevice)
    i.USB_HostOpenDeviceInterface            0x08004614   Section        0  usb_host_devices.o(i.USB_HostOpenDeviceInterface)
    i.USB_HostOpenPipe                       0x080046c0   Section        0  usb_host_hci.o(i.USB_HostOpenPipe)
    i.USB_HostParseDeviceConfigurationDescriptor 0x080046ee   Section        0  usb_host_devices.o(i.USB_HostParseDeviceConfigurationDescriptor)
    USB_HostParseDeviceConfigurationDescriptor 0x080046ef   Thumb Code   602  usb_host_devices.o(i.USB_HostParseDeviceConfigurationDescriptor)
    i.USB_HostProcessCallback                0x08004948   Section        0  usb_host_devices.o(i.USB_HostProcessCallback)
    USB_HostProcessCallback                  0x08004949   Thumb Code   274  usb_host_devices.o(i.USB_HostProcessCallback)
    i.USB_HostProcessState                   0x08004a5c   Section        0  usb_host_devices.o(i.USB_HostProcessState)
    USB_HostProcessState                     0x08004a5d   Thumb Code   404  usb_host_devices.o(i.USB_HostProcessState)
    i.USB_HostRecv                           0x08004bf4   Section        0  usb_host_hci.o(i.USB_HostRecv)
    i.USB_HostReleaseDeviceAddress           0x08004c3a   Section        0  usb_host_devices.o(i.USB_HostReleaseDeviceAddress)
    USB_HostReleaseDeviceAddress             0x08004c3b   Thumb Code    56  usb_host_devices.o(i.USB_HostReleaseDeviceAddress)
    i.USB_HostReleaseDeviceResource          0x08004c72   Section        0  usb_host_devices.o(i.USB_HostReleaseDeviceResource)
    USB_HostReleaseDeviceResource            0x08004c73   Thumb Code   122  usb_host_devices.o(i.USB_HostReleaseDeviceResource)
    i.USB_HostReleaseInstance                0x08004cec   Section        0  usb_host_hci.o(i.USB_HostReleaseInstance)
    USB_HostReleaseInstance                  0x08004ced   Thumb Code    24  usb_host_hci.o(i.USB_HostReleaseInstance)
    i.USB_HostRemoveDeviceInstance           0x08004d04   Section        0  usb_host_devices.o(i.USB_HostRemoveDeviceInstance)
    USB_HostRemoveDeviceInstance             0x08004d05   Thumb Code    62  usb_host_devices.o(i.USB_HostRemoveDeviceInstance)
    i.USB_HostSend                           0x08004d42   Section        0  usb_host_hci.o(i.USB_HostSend)
    i.USB_HostSendSetup                      0x08004d86   Section        0  usb_host_hci.o(i.USB_HostSendSetup)
    i.USB_HostStandardSetAddress             0x08004de6   Section        0  usb_host_framework.o(i.USB_HostStandardSetAddress)
    i.USB_HostStandardSetGetDescriptor       0x08004e06   Section        0  usb_host_framework.o(i.USB_HostStandardSetGetDescriptor)
    i.USB_HostTaskFn                         0x08004e34   Section        0  app.o(i.USB_HostTaskFn)
    i.USB_HostValidateDevice                 0x08004e40   Section        0  usb_host_devices.o(i.USB_HostValidateDevice)
    i.USB_OsaEnterCritical                   0x08004e62   Section        0  usb_osa_bm.o(i.USB_OsaEnterCritical)
    i.USB_OsaEventClear                      0x08004e76   Section        0  usb_osa_bm.o(i.USB_OsaEventClear)
    i.USB_OsaEventCreate                     0x08004ea0   Section        0  usb_osa_bm.o(i.USB_OsaEventCreate)
    i.USB_OsaEventDestroy                    0x08004f00   Section        0  usb_osa_bm.o(i.USB_OsaEventDestroy)
    i.USB_OsaEventSet                        0x08004f20   Section        0  usb_osa_bm.o(i.USB_OsaEventSet)
    i.USB_OsaEventWait                       0x08004f44   Section        0  usb_osa_bm.o(i.USB_OsaEventWait)
    i.USB_OsaExitCritical                    0x08004fa8   Section        0  usb_osa_bm.o(i.USB_OsaExitCritical)
    i.USB_OsaMemoryAllocate                  0x08004fb6   Section        0  usb_osa_bm.o(i.USB_OsaMemoryAllocate)
    i.USB_OsaMemoryFree                      0x08004fd8   Section        0  usb_osa_bm.o(i.USB_OsaMemoryFree)
    i.USB_OsaMutexCreate                     0x08004fe4   Section        0  usb_osa_bm.o(i.USB_OsaMutexCreate)
    i.USB_OsaMutexDestroy                    0x08004ff8   Section        0  usb_osa_bm.o(i.USB_OsaMutexDestroy)
    i.USB_OsaMutexLock                       0x08004ffe   Section        0  usb_osa_bm.o(i.USB_OsaMutexLock)
    i.USB_OsaMutexUnlock                     0x08005004   Section        0  usb_osa_bm.o(i.USB_OsaMutexUnlock)
    i.VBUS_CTR_Init                          0x0800500c   Section        0  led.o(i.VBUS_CTR_Init)
    i._USB_HostKhciAtomNonblockingTransaction 0x08005048   Section        0  usb_host_khci.o(i._USB_HostKhciAtomNonblockingTransaction)
    _USB_HostKhciAtomNonblockingTransaction  0x08005049   Thumb Code   566  usb_host_khci.o(i._USB_HostKhciAtomNonblockingTransaction)
    i._USB_HostKhciAttach                    0x08005288   Section        0  usb_host_khci.o(i._USB_HostKhciAttach)
    _USB_HostKhciAttach                      0x08005289   Thumb Code   422  usb_host_khci.o(i._USB_HostKhciAttach)
    i._USB_HostKhciBusControl                0x0800544c   Section        0  usb_host_khci.o(i._USB_HostKhciBusControl)
    _USB_HostKhciBusControl                  0x0800544d   Thumb Code   202  usb_host_khci.o(i._USB_HostKhciBusControl)
    i._USB_HostKhciCancelPipe                0x08005516   Section        0  usb_host_khci.o(i._USB_HostKhciCancelPipe)
    _USB_HostKhciCancelPipe                  0x08005517   Thumb Code    94  usb_host_khci.o(i._USB_HostKhciCancelPipe)
    i._USB_HostKhciDelay                     0x08005574   Section        0  usb_host_khci.o(i._USB_HostKhciDelay)
    _USB_HostKhciDelay                       0x08005575   Thumb Code    36  usb_host_khci.o(i._USB_HostKhciDelay)
    i._USB_HostKhciDetach                    0x08005598   Section        0  usb_host_khci.o(i._USB_HostKhciDetach)
    _USB_HostKhciDetach                      0x08005599   Thumb Code    92  usb_host_khci.o(i._USB_HostKhciDetach)
    i._USB_HostKhciFinishTranfer             0x080055f4   Section        0  usb_host_khci.o(i._USB_HostKhciFinishTranfer)
    _USB_HostKhciFinishTranfer               0x080055f5   Thumb Code   264  usb_host_khci.o(i._USB_HostKhciFinishTranfer)
    i._USB_HostKhciGetFrameCount             0x08005704   Section        0  usb_host_khci.o(i._USB_HostKhciGetFrameCount)
    _USB_HostKhciGetFrameCount               0x08005705   Thumb Code    24  usb_host_khci.o(i._USB_HostKhciGetFrameCount)
    i._USB_HostKhciGetFrameCountSum          0x0800571c   Section        0  usb_host_khci.o(i._USB_HostKhciGetFrameCountSum)
    _USB_HostKhciGetFrameCountSum            0x0800571d   Thumb Code    48  usb_host_khci.o(i._USB_HostKhciGetFrameCountSum)
    i._USB_HostKhciGetRightTrRequest         0x08005754   Section        0  usb_host_khci.o(i._USB_HostKhciGetRightTrRequest)
    _USB_HostKhciGetRightTrRequest           0x08005755   Thumb Code   230  usb_host_khci.o(i._USB_HostKhciGetRightTrRequest)
    i._USB_HostKhciGetRoundUpPow2            0x0800583a   Section        0  usb_host_khci.o(i._USB_HostKhciGetRoundUpPow2)
    _USB_HostKhciGetRoundUpPow2              0x0800583b   Thumb Code    32  usb_host_khci.o(i._USB_HostKhciGetRoundUpPow2)
    i._USB_HostKhciLinkTrRequestToList       0x0800585a   Section        0  usb_host_khci.o(i._USB_HostKhciLinkTrRequestToList)
    _USB_HostKhciLinkTrRequestToList         0x0800585b   Thumb Code   138  usb_host_khci.o(i._USB_HostKhciLinkTrRequestToList)
    i._USB_HostKhciProcessTrCallback         0x080058e4   Section        0  usb_host_khci.o(i._USB_HostKhciProcessTrCallback)
    _USB_HostKhciProcessTrCallback           0x080058e5   Thumb Code   168  usb_host_khci.o(i._USB_HostKhciProcessTrCallback)
    i._USB_HostKhciReset                     0x0800598c   Section        0  usb_host_khci.o(i._USB_HostKhciReset)
    _USB_HostKhciReset                       0x0800598d   Thumb Code   104  usb_host_khci.o(i._USB_HostKhciReset)
    i._USB_HostKhciStartTranfer              0x080059f4   Section        0  usb_host_khci.o(i._USB_HostKhciStartTranfer)
    _USB_HostKhciStartTranfer                0x080059f5   Thumb Code   326  usb_host_khci.o(i._USB_HostKhciStartTranfer)
    i._USB_HostKhciTransactionDone           0x08005b40   Section        0  usb_host_khci.o(i._USB_HostKhciTransactionDone)
    _USB_HostKhciTransactionDone             0x08005b41   Thumb Code   458  usb_host_khci.o(i._USB_HostKhciTransactionDone)
    i._USB_HostKhciTransferClearUp           0x08005d38   Section        0  usb_host_khci.o(i._USB_HostKhciTransferClearUp)
    i._USB_HostKhciTransferStateMachine      0x08005db0   Section        0  usb_host_khci.o(i._USB_HostKhciTransferStateMachine)
    i._USB_HostKhciUnlinkTrRequestFromList   0x08005f30   Section        0  usb_host_khci.o(i._USB_HostKhciUnlinkTrRequestFromList)
    _USB_HostKhciUnlinkTrRequestFromList     0x08005f31   Thumb Code   146  usb_host_khci.o(i._USB_HostKhciUnlinkTrRequestFromList)
    i.__0printf$8                            0x08005fc4   Section        0  printf8.o(i.__0printf$8)
    i.__0sprintf$8                           0x08005fe4   Section        0  printf8.o(i.__0sprintf$8)
    i.__scatterload_copy                     0x0800600c   Section       14  handlers.o(i.__scatterload_copy)
    i.__scatterload_null                     0x0800601a   Section        2  handlers.o(i.__scatterload_null)
    i.__scatterload_zeroinit                 0x0800601c   Section       14  handlers.o(i.__scatterload_zeroinit)
    i._printf_core                           0x0800602c   Section        0  printf8.o(i._printf_core)
    _printf_core                             0x0800602d   Thumb Code   984  printf8.o(i._printf_core)
    i._printf_post_padding                   0x08006430   Section        0  printf8.o(i._printf_post_padding)
    _printf_post_padding                     0x08006431   Thumb Code    36  printf8.o(i._printf_post_padding)
    i._printf_pre_padding                    0x08006454   Section        0  printf8.o(i._printf_pre_padding)
    _printf_pre_padding                      0x08006455   Thumb Code    46  printf8.o(i._printf_pre_padding)
    i._sputc                                 0x08006482   Section        0  printf8.o(i._sputc)
    _sputc                                   0x08006483   Thumb Code    10  printf8.o(i._sputc)
    i.check_fs                               0x0800648c   Section        0  ff.o(i.check_fs)
    check_fs                                 0x0800648d   Thumb Code   180  ff.o(i.check_fs)
    i.chk_chr                                0x0800654c   Section        0  ff.o(i.chk_chr)
    chk_chr                                  0x0800654d   Thumb Code    20  ff.o(i.chk_chr)
    i.clst2sect                              0x08006560   Section        0  ff.o(i.clst2sect)
    clst2sect                                0x08006561   Thumb Code    26  ff.o(i.clst2sect)
    i.create_chain                           0x0800657a   Section        0  ff.o(i.create_chain)
    create_chain                             0x0800657b   Thumb Code   288  ff.o(i.create_chain)
    i.create_name                            0x0800669c   Section        0  ff.o(i.create_name)
    create_name                              0x0800669d   Thumb Code   244  ff.o(i.create_name)
    i.dbc_1st                                0x080067a0   Section        0  ff.o(i.dbc_1st)
    dbc_1st                                  0x080067a1   Thumb Code    46  ff.o(i.dbc_1st)
    i.dbc_2nd                                0x080067d4   Section        0  ff.o(i.dbc_2nd)
    dbc_2nd                                  0x080067d5   Thumb Code    66  ff.o(i.dbc_2nd)
    i.dir_alloc                              0x0800681c   Section        0  ff.o(i.dir_alloc)
    dir_alloc                                0x0800681d   Thumb Code    96  ff.o(i.dir_alloc)
    i.dir_clear                              0x0800687c   Section        0  ff.o(i.dir_clear)
    dir_clear                                0x0800687d   Thumb Code    96  ff.o(i.dir_clear)
    i.dir_find                               0x080068dc   Section        0  ff.o(i.dir_find)
    dir_find                                 0x080068dd   Thumb Code   108  ff.o(i.dir_find)
    i.dir_next                               0x08006948   Section        0  ff.o(i.dir_next)
    dir_next                                 0x08006949   Thumb Code   202  ff.o(i.dir_next)
    i.dir_read                               0x08006a12   Section        0  ff.o(i.dir_read)
    dir_read                                 0x08006a13   Thumb Code   116  ff.o(i.dir_read)
    i.dir_register                           0x08006a86   Section        0  ff.o(i.dir_register)
    dir_register                             0x08006a87   Thumb Code    60  ff.o(i.dir_register)
    i.dir_sdi                                0x08006ac2   Section        0  ff.o(i.dir_sdi)
    dir_sdi                                  0x08006ac3   Thumb Code   154  ff.o(i.dir_sdi)
    i.disk_initialize                        0x08006b5c   Section        0  diskio.o(i.disk_initialize)
    i.disk_ioctl                             0x08006b78   Section        0  diskio.o(i.disk_ioctl)
    i.disk_read                              0x08006ba0   Section        0  diskio.o(i.disk_read)
    i.disk_status                            0x08006bcc   Section        0  diskio.o(i.disk_status)
    i.disk_write                             0x08006be8   Section        0  diskio.o(i.disk_write)
    i.f_close                                0x08006c14   Section        0  ff.o(i.f_close)
    i.f_getfree                              0x08006c36   Section        0  ff.o(i.f_getfree)
    i.f_lseek                                0x08006d2c   Section        0  ff.o(i.f_lseek)
    i.f_mount                                0x08006eb0   Section        0  ff.o(i.f_mount)
    i.f_open                                 0x08006f04   Section        0  ff.o(i.f_open)
    i.f_opendir                              0x080070f8   Section        0  ff.o(i.f_opendir)
    i.f_read                                 0x08007164   Section        0  ff.o(i.f_read)
    i.f_readdir                              0x08007300   Section        0  ff.o(i.f_readdir)
    i.f_stat                                 0x0800734e   Section        0  ff.o(i.f_stat)
    i.f_sync                                 0x0800738c   Section        0  ff.o(i.f_sync)
    i.f_utime                                0x0800742c   Section        0  ff.o(i.f_utime)
    i.f_write                                0x08007486   Section        0  ff.o(i.f_write)
    i.find_volume                            0x08007664   Section        0  ff.o(i.find_volume)
    find_volume                              0x08007665   Thumb Code   120  ff.o(i.find_volume)
    i.follow_path                            0x080076dc   Section        0  ff.o(i.follow_path)
    follow_path                              0x080076dd   Thumb Code   158  ff.o(i.follow_path)
    i.fputc                                  0x0800777c   Section        0  uart.o(i.fputc)
    i.free                                   0x080077b0   Section        0  malloc.o(i.free)
    i.get_fat                                0x08007800   Section        0  ff.o(i.get_fat)
    get_fat                                  0x08007801   Thumb Code   224  ff.o(i.get_fat)
    i.get_fileinfo                           0x080078e0   Section        0  ff.o(i.get_fileinfo)
    get_fileinfo                             0x080078e1   Thumb Code   142  ff.o(i.get_fileinfo)
    i.get_ldnumber                           0x0800796e   Section        0  ff.o(i.get_ldnumber)
    get_ldnumber                             0x0800796f   Thumb Code    78  ff.o(i.get_ldnumber)
    i.ld_clust                               0x080079bc   Section        0  ff.o(i.ld_clust)
    ld_clust                                 0x080079bd   Thumb Code    38  ff.o(i.ld_clust)
    i.ld_dword                               0x080079e2   Section        0  ff.o(i.ld_dword)
    ld_dword                                 0x080079e3   Thumb Code    24  ff.o(i.ld_dword)
    i.ld_word                                0x080079fa   Section        0  ff.o(i.ld_word)
    ld_word                                  0x080079fb   Thumb Code    12  ff.o(i.ld_word)
    i.main                                   0x08007a08   Section        0  main.o(i.main)
    i.malloc                                 0x08007ab4   Section        0  malloc.o(i.malloc)
    i.mem_cmp                                0x08007b20   Section        0  ff.o(i.mem_cmp)
    mem_cmp                                  0x08007b21   Thumb Code    36  ff.o(i.mem_cmp)
    i.mem_cpy                                0x08007b44   Section        0  ff.o(i.mem_cpy)
    mem_cpy                                  0x08007b45   Thumb Code    26  ff.o(i.mem_cpy)
    i.mem_set                                0x08007b5e   Section        0  ff.o(i.mem_set)
    mem_set                                  0x08007b5f   Thumb Code    18  ff.o(i.mem_set)
    i.mount_volume                           0x08007b70   Section        0  ff.o(i.mount_volume)
    mount_volume                             0x08007b71   Thumb Code   658  ff.o(i.mount_volume)
    i.move_window                            0x08007e18   Section        0  ff.o(i.move_window)
    move_window                              0x08007e19   Thumb Code    52  ff.o(i.move_window)
    i.put_fat                                0x08007e4c   Section        0  ff.o(i.put_fat)
    put_fat                                  0x08007e4d   Thumb Code   312  ff.o(i.put_fat)
    i.remove_chain                           0x08007f84   Section        0  ff.o(i.remove_chain)
    remove_chain                             0x08007f85   Thumb Code   154  ff.o(i.remove_chain)
    i.st_clust                               0x0800801e   Section        0  ff.o(i.st_clust)
    st_clust                                 0x0800801f   Thumb Code    36  ff.o(i.st_clust)
    i.st_dword                               0x08008042   Section        0  ff.o(i.st_dword)
    st_dword                                 0x08008043   Thumb Code    24  ff.o(i.st_dword)
    i.st_word                                0x0800805a   Section        0  ff.o(i.st_word)
    st_word                                  0x0800805b   Thumb Code    12  ff.o(i.st_word)
    i.sync_fs                                0x08008068   Section        0  ff.o(i.sync_fs)
    sync_fs                                  0x08008069   Thumb Code   134  ff.o(i.sync_fs)
    i.sync_window                            0x080080f8   Section        0  ff.o(i.sync_window)
    sync_window                              0x080080f9   Thumb Code    74  ff.o(i.sync_window)
    i.validate                               0x08008142   Section        0  ff.o(i.validate)
    validate                                 0x08008143   Thumb Code    60  ff.o(i.validate)
    .constdata                               0x08008180   Section       56  usb_host_devices.o(.constdata)
    s_EnumEntries                            0x08008180   Data          56  usb_host_devices.o(.constdata)
    .constdata                               0x080081b8   Section       28  usb_host_hci.o(.constdata)
    s_KhciInterface                          0x080081b8   Data          28  usb_host_hci.o(.constdata)
    .constdata                               0x080081d4   Section        4  usb_host_khci.o(.constdata)
    .constdata                               0x080081d8   Section       10  ff.o(.constdata)
    DbcTbl                                   0x080081d8   Data          10  ff.o(.constdata)
    .conststring                             0x080081e4   Section       79  host_msd_fatfs.o(.conststring)
    .data                                    0x20000000   Section       20  system_mm32f327x.o(.data)
    .data                                    0x20000014   Section        4  delay.o(.data)
    sTimingDelay                             0x20000014   Data           4  delay.o(.data)
    .data                                    0x20000018   Section        4  app.o(.data)
    .data                                    0x2000001c   Section       22  host_msd_fatfs.o(.data)
    .data                                    0x20000032   Section       16  hal_rcc.o(.data)
    .data                                    0x20000044   Section        4  usb_host_devices.o(.data)
    .data                                    0x20000048   Section       24  usb_host_khci.o(.data)
    totalFrameNumber                         0x2000004c   Data           4  usb_host_khci.o(.data)
    oldFrameNumber                           0x20000050   Data           2  usb_host_khci.o(.data)
    transferResult                           0x20000054   Data           4  usb_host_khci.o(.data)
    transferResult                           0x20000058   Data           4  usb_host_khci.o(.data)
    transfer                                 0x2000005c   Data           4  usb_host_khci.o(.data)
    .data                                    0x20000060   Section        8  usb_host_hub_app.o(.data)
    s_HubDeviceHandle                        0x20000060   Data           4  usb_host_hub_app.o(.data)
    s_HubInterfaceHandle                     0x20000064   Data           4  usb_host_hub_app.o(.data)
    .data                                    0x20000068   Section        2  ff.o(.data)
    Fsid                                     0x20000068   Data           2  ff.o(.data)
    .data                                    0x2000006c   Section       10  fsl_usb_disk_bm.o(.data)
    s_FatfsSectorSize                        0x20000070   Data           4  fsl_usb_disk_bm.o(.data)
    ufiIng                                   0x20000074   Data           1  fsl_usb_disk_bm.o(.data)
    ufiStatus                                0x20000075   Data           1  fsl_usb_disk_bm.o(.data)
    .data                                    0x20000078   Section        4  stdout.o(.data)
    .data                                    0x2000007c   Section        4  mvars.o(.data)
    .data                                    0x20000080   Section        4  mvars.o(.data)
    .bss                                     0x20000084   Section     2128  host_msd_fatfs.o(.bss)
    fatfs                                    0x200004a4   Data         560  host_msd_fatfs.o(.bss)
    testBuffer                               0x200006d4   Data         512  host_msd_fatfs.o(.bss)
    .bss                                     0x200008d4   Section      940  usb_host_hci.o(.bss)
    s_Setupbuffer                            0x20000c00   Data         128  usb_host_hci.o(.bss)
    .bss                                     0x20000e00   Section      512  usb_host_khci.o(.bss)
    bdt                                      0x20000e00   Data         512  usb_host_khci.o(.bss)
    .bss                                     0x20001000   Section       16  usb_host_hub_app.o(.bss)
    s_HubGlobalArray                         0x20001000   Data          16  usb_host_hub_app.o(.bss)
    .bss                                     0x20001010   Section       12  ff.o(.bss)
    FatFs                                    0x20001010   Data          12  ff.o(.bss)
    .bss                                     0x2000101c   Section       20  fsl_usb_disk_bm.o(.bss)
    s_UsbTransferBuffer                      0x2000101c   Data          20  fsl_usb_disk_bm.o(.bss)
    .bss.m_usb_global                        0x20001030   Section      208  usb_osa_bm.o(.bss.m_usb_global)
    s_UsbBmSemStruct                         0x20001030   Data           8  usb_osa_bm.o(.bss.m_usb_global)
    s_UsbBmEventStruct                       0x20001038   Data          48  usb_osa_bm.o(.bss.m_usb_global)
    s_UsbBmMsgqStruct                        0x20001068   Data         152  usb_osa_bm.o(.bss.m_usb_global)
    HEAP                                     0x20001100   Section     3072  startup_mm32f327x_keil.o(HEAP)
    STACK                                    0x20001d00   Section     6144  startup_mm32f327x_keil.o(STACK)

    Global Symbols

    Symbol Name                              Value     Ov Type        Size  Object(Section)

    BuildAttributes$$THM_ISAv4$P$D$K$B$S$PE$A:L22UL41UL21$X:L11$S22US41US21$IEEE1$IW$USESV6$~STKCKD$USESV7$~SHL$OSPACE$ROPI$EBA8$MICROLIB$REQ8$PRES8$EABIv2 0x00000000   Number         0  anon$$obj.o ABSOLUTE
    __ARM_use_no_argv                        0x00000000   Number         0  main.o ABSOLUTE
    _printf_a                                0x00000000   Number         0  stubs.o ABSOLUTE
    _printf_c                                0x00000000   Number         0  stubs.o ABSOLUTE
    _printf_charcount                        0x00000000   Number         0  stubs.o ABSOLUTE
    _printf_d                                0x00000000   Number         0  stubs.o ABSOLUTE
    _printf_e                                0x00000000   Number         0  stubs.o ABSOLUTE
    _printf_f                                0x00000000   Number         0  stubs.o ABSOLUTE
    _printf_flags                            0x00000000   Number         0  stubs.o ABSOLUTE
    _printf_fp_dec                           0x00000000   Number         0  stubs.o ABSOLUTE
    _printf_fp_hex                           0x00000000   Number         0  stubs.o ABSOLUTE
    _printf_g                                0x00000000   Number         0  stubs.o ABSOLUTE
    _printf_i                                0x00000000   Number         0  stubs.o ABSOLUTE
    _printf_int_dec                          0x00000000   Number         0  stubs.o ABSOLUTE
    _printf_l                                0x00000000   Number         0  stubs.o ABSOLUTE
    _printf_lc                               0x00000000   Number         0  stubs.o ABSOLUTE
    _printf_ll                               0x00000000   Number         0  stubs.o ABSOLUTE
    _printf_lld                              0x00000000   Number         0  stubs.o ABSOLUTE
    _printf_lli                              0x00000000   Number         0  stubs.o ABSOLUTE
    _printf_llo                              0x00000000   Number         0  stubs.o ABSOLUTE
    _printf_llu                              0x00000000   Number         0  stubs.o ABSOLUTE
    _printf_llx                              0x00000000   Number         0  stubs.o ABSOLUTE
    _printf_longlong_dec                     0x00000000   Number         0  stubs.o ABSOLUTE
    _printf_longlong_hex                     0x00000000   Number         0  stubs.o ABSOLUTE
    _printf_longlong_oct                     0x00000000   Number         0  stubs.o ABSOLUTE
    _printf_ls                               0x00000000   Number         0  stubs.o ABSOLUTE
    _printf_mbtowc                           0x00000000   Number         0  stubs.o ABSOLUTE
    _printf_n                                0x00000000   Number         0  stubs.o ABSOLUTE
    _printf_o                                0x00000000   Number         0  stubs.o ABSOLUTE
    _printf_p                                0x00000000   Number         0  stubs.o ABSOLUTE
    _printf_percent                          0x00000000   Number         0  stubs.o ABSOLUTE
    _printf_pre_padding                      0x00000000   Number         0  stubs.o ABSOLUTE
    _printf_return_value                     0x00000000   Number         0  stubs.o ABSOLUTE
    _printf_s                                0x00000000   Number         0  stubs.o ABSOLUTE
    _printf_sizespec                         0x00000000   Number         0  stubs.o ABSOLUTE
    _printf_str                              0x00000000   Number         0  stubs.o ABSOLUTE
    _printf_truncate_signed                  0x00000000   Number         0  stubs.o ABSOLUTE
    _printf_truncate_unsigned                0x00000000   Number         0  stubs.o ABSOLUTE
    _printf_u                                0x00000000   Number         0  stubs.o ABSOLUTE
    _printf_wc                               0x00000000   Number         0  stubs.o ABSOLUTE
    _printf_wctomb                           0x00000000   Number         0  stubs.o ABSOLUTE
    _printf_widthprec                        0x00000000   Number         0  stubs.o ABSOLUTE
    _printf_x                                0x00000000   Number         0  stubs.o ABSOLUTE
    __arm_fini_                               - Undefined Weak Reference
    __cpp_initialize__aeabi_                  - Undefined Weak Reference
    __cxa_finalize                            - Undefined Weak Reference
    __decompress                              - Undefined Weak Reference
    _clock_init                               - Undefined Weak Reference
    _microlib_exit                            - Undefined Weak Reference
    __Vectors_Size                           0x00000190   Number         0  startup_mm32f327x_keil.o ABSOLUTE
    __Vectors                                0x08000000   Data           4  startup_mm32f327x_keil.o(RESET)
    __Vectors_End                            0x08000190   Data           0  startup_mm32f327x_keil.o(RESET)
    __main                                   0x08000191   Thumb Code     0  entry.o(.ARM.Collect$$$$00000000)
    _main_stk                                0x08000191   Thumb Code     0  entry2.o(.ARM.Collect$$$$00000001)
    _main_scatterload                        0x08000195   Thumb Code     0  entry5.o(.ARM.Collect$$$$00000004)
    __main_after_scatterload                 0x08000199   Thumb Code     0  entry5.o(.ARM.Collect$$$$00000004)
    _main_clock                              0x08000199   Thumb Code     0  entry7b.o(.ARM.Collect$$$$00000008)
    _main_cpp_init                           0x08000199   Thumb Code     0  entry8b.o(.ARM.Collect$$$$0000000A)
    _main_init                               0x08000199   Thumb Code     0  entry9a.o(.ARM.Collect$$$$0000000B)
    __rt_lib_shutdown_fini                   0x080001a1   Thumb Code     0  entry12b.o(.ARM.Collect$$$$0000000E)
    __rt_final_cpp                           0x080001a5   Thumb Code     0  entry10a.o(.ARM.Collect$$$$0000000F)
    __rt_final_exit                          0x080001a5   Thumb Code     0  entry11a.o(.ARM.Collect$$$$00000011)
    Reset_Handler                            0x080001a9   Thumb Code     8  startup_mm32f327x_keil.o(.text)
    NMI_Handler                              0x080001b1   Thumb Code     2  startup_mm32f327x_keil.o(.text)
    HardFault_Handler                        0x080001b3   Thumb Code     2  startup_mm32f327x_keil.o(.text)
    MemManage_Handler                        0x080001b5   Thumb Code     2  startup_mm32f327x_keil.o(.text)
    BusFault_Handler                         0x080001b7   Thumb Code     2  startup_mm32f327x_keil.o(.text)
    UsageFault_Handler                       0x080001b9   Thumb Code     2  startup_mm32f327x_keil.o(.text)
    SVC_Handler                              0x080001bb   Thumb Code     2  startup_mm32f327x_keil.o(.text)
    DebugMon_Handler                         0x080001bd   Thumb Code     2  startup_mm32f327x_keil.o(.text)
    PendSV_Handler                           0x080001bf   Thumb Code     2  startup_mm32f327x_keil.o(.text)
    ADC1_2_IRQHandler                        0x080001c3   Thumb Code     0  startup_mm32f327x_keil.o(.text)
    ADC3_IRQHandler                          0x080001c3   Thumb Code     0  startup_mm32f327x_keil.o(.text)
    CAN1_RX_IRQHandler                       0x080001c3   Thumb Code     0  startup_mm32f327x_keil.o(.text)
    COMP1_2_IRQHandler                       0x080001c3   Thumb Code     0  startup_mm32f327x_keil.o(.text)
    DMA1_Channel1_IRQHandler                 0x080001c3   Thumb Code     0  startup_mm32f327x_keil.o(.text)
    DMA1_Channel2_IRQHandler                 0x080001c3   Thumb Code     0  startup_mm32f327x_keil.o(.text)
    DMA1_Channel3_IRQHandler                 0x080001c3   Thumb Code     0  startup_mm32f327x_keil.o(.text)
    DMA1_Channel4_IRQHandler                 0x080001c3   Thumb Code     0  startup_mm32f327x_keil.o(.text)
    DMA1_Channel5_IRQHandler                 0x080001c3   Thumb Code     0  startup_mm32f327x_keil.o(.text)
    DMA1_Channel6_IRQHandler                 0x080001c3   Thumb Code     0  startup_mm32f327x_keil.o(.text)
    DMA1_Channel7_IRQHandler                 0x080001c3   Thumb Code     0  startup_mm32f327x_keil.o(.text)
    DMA2_Channel1_IRQHandler                 0x080001c3   Thumb Code     0  startup_mm32f327x_keil.o(.text)
    DMA2_Channel2_IRQHandler                 0x080001c3   Thumb Code     0  startup_mm32f327x_keil.o(.text)
    DMA2_Channel3_IRQHandler                 0x080001c3   Thumb Code     0  startup_mm32f327x_keil.o(.text)
    DMA2_Channel4_IRQHandler                 0x080001c3   Thumb Code     0  startup_mm32f327x_keil.o(.text)
    DMA2_Channel5_IRQHandler                 0x080001c3   Thumb Code     0  startup_mm32f327x_keil.o(.text)
    ETH_IRQHandler                           0x080001c3   Thumb Code     0  startup_mm32f327x_keil.o(.text)
    EXTI0_IRQHandler                         0x080001c3   Thumb Code     0  startup_mm32f327x_keil.o(.text)
    EXTI15_10_IRQHandler                     0x080001c3   Thumb Code     0  startup_mm32f327x_keil.o(.text)
    EXTI1_IRQHandler                         0x080001c3   Thumb Code     0  startup_mm32f327x_keil.o(.text)
    EXTI2_IRQHandler                         0x080001c3   Thumb Code     0  startup_mm32f327x_keil.o(.text)
    EXTI3_IRQHandler                         0x080001c3   Thumb Code     0  startup_mm32f327x_keil.o(.text)
    EXTI4_IRQHandler                         0x080001c3   Thumb Code     0  startup_mm32f327x_keil.o(.text)
    EXTI9_5_IRQHandler                       0x080001c3   Thumb Code     0  startup_mm32f327x_keil.o(.text)
    FLASH_IRQHandler                         0x080001c3   Thumb Code     0  startup_mm32f327x_keil.o(.text)
    FlashCache_IRQHandler                    0x080001c3   Thumb Code     0  startup_mm32f327x_keil.o(.text)
    I2C1_IRQHandler                          0x080001c3   Thumb Code     0  startup_mm32f327x_keil.o(.text)
    I2C2_IRQHandler                          0x080001c3   Thumb Code     0  startup_mm32f327x_keil.o(.text)
    OTG_FS_WKUP_IRQHandler                   0x080001c3   Thumb Code     0  startup_mm32f327x_keil.o(.text)
    PVD_IRQHandler                           0x080001c3   Thumb Code     0  startup_mm32f327x_keil.o(.text)
    RCC_CRS_IRQHandler                       0x080001c3   Thumb Code     0  startup_mm32f327x_keil.o(.text)
    RTCAlarm_IRQHandler                      0x080001c3   Thumb Code     0  startup_mm32f327x_keil.o(.text)
    RTC_IRQHandler                           0x080001c3   Thumb Code     0  startup_mm32f327x_keil.o(.text)
    SDIO_IRQHandler                          0x080001c3   Thumb Code     0  startup_mm32f327x_keil.o(.text)
    SPI1_IRQHandler                          0x080001c3   Thumb Code     0  startup_mm32f327x_keil.o(.text)
    SPI2_IRQHandler                          0x080001c3   Thumb Code     0  startup_mm32f327x_keil.o(.text)
    SPI3_IRQHandler                          0x080001c3   Thumb Code     0  startup_mm32f327x_keil.o(.text)
    TAMPER_IRQHandler                        0x080001c3   Thumb Code     0  startup_mm32f327x_keil.o(.text)
    TIM1_BRK_IRQHandler                      0x080001c3   Thumb Code     0  startup_mm32f327x_keil.o(.text)
    TIM1_CC_IRQHandler                       0x080001c3   Thumb Code     0  startup_mm32f327x_keil.o(.text)
    TIM1_TRG_COM_IRQHandler                  0x080001c3   Thumb Code     0  startup_mm32f327x_keil.o(.text)
    TIM1_UP_IRQHandler                       0x080001c3   Thumb Code     0  startup_mm32f327x_keil.o(.text)
    TIM2_IRQHandler                          0x080001c3   Thumb Code     0  startup_mm32f327x_keil.o(.text)
    TIM3_IRQHandler                          0x080001c3   Thumb Code     0  startup_mm32f327x_keil.o(.text)
    TIM4_IRQHandler                          0x080001c3   Thumb Code     0  startup_mm32f327x_keil.o(.text)
    TIM5_IRQHandler                          0x080001c3   Thumb Code     0  startup_mm32f327x_keil.o(.text)
    TIM6_IRQHandler                          0x080001c3   Thumb Code     0  startup_mm32f327x_keil.o(.text)
    TIM7_IRQHandler                          0x080001c3   Thumb Code     0  startup_mm32f327x_keil.o(.text)
    TIM8_BRK_IRQHandler                      0x080001c3   Thumb Code     0  startup_mm32f327x_keil.o(.text)
    TIM8_CC_IRQHandler                       0x080001c3   Thumb Code     0  startup_mm32f327x_keil.o(.text)
    TIM8_TRG_COM_IRQHandler                  0x080001c3   Thumb Code     0  startup_mm32f327x_keil.o(.text)
    TIM8_UP_IRQHandler                       0x080001c3   Thumb Code     0  startup_mm32f327x_keil.o(.text)
    UART1_IRQHandler                         0x080001c3   Thumb Code     0  startup_mm32f327x_keil.o(.text)
    UART2_IRQHandler                         0x080001c3   Thumb Code     0  startup_mm32f327x_keil.o(.text)
    UART3_IRQHandler                         0x080001c3   Thumb Code     0  startup_mm32f327x_keil.o(.text)
    UART4_IRQHandler                         0x080001c3   Thumb Code     0  startup_mm32f327x_keil.o(.text)
    UART5_IRQHandler                         0x080001c3   Thumb Code     0  startup_mm32f327x_keil.o(.text)
    UART6_IRQHandler                         0x080001c3   Thumb Code     0  startup_mm32f327x_keil.o(.text)
    UART7_IRQHandler                         0x080001c3   Thumb Code     0  startup_mm32f327x_keil.o(.text)
    UART8_IRQHandler                         0x080001c3   Thumb Code     0  startup_mm32f327x_keil.o(.text)
    WWDG_IRQHandler                          0x080001c3   Thumb Code     0  startup_mm32f327x_keil.o(.text)
    __aeabi_uldivmod                         0x080001cd   Thumb Code    98  uldiv.o(.text)
    __scatterload                            0x08000231   Thumb Code    28  init.o(.text)
    __scatterload_rt2                        0x08000231   Thumb Code     0  init.o(.text)
    __aeabi_llsl                             0x08000255   Thumb Code    30  llshl.o(.text)
    _ll_shift_l                              0x08000255   Thumb Code     0  llshl.o(.text)
    __aeabi_llsr                             0x08000273   Thumb Code    32  llushr.o(.text)
    _ll_ushift_r                             0x08000273   Thumb Code     0  llushr.o(.text)
    AutoCalPllFactor                         0x08000293   Thumb Code   102  system_mm32f327x.o(i.AutoCalPllFactor)
    FLASH_ClearFlag                          0x0800033d   Thumb Code     6  hal_flash.o(i.FLASH_ClearFlag)
    FLASH_ErasePage                          0x08000349   Thumb Code    38  hal_flash.o(i.FLASH_ErasePage)
    FLASH_GetStatus                          0x08000375   Thumb Code    46  hal_flash.o(i.FLASH_GetStatus)
    FLASH_Lock                               0x080003a9   Thumb Code    14  hal_flash.o(i.FLASH_Lock)
    FLASH_Unlock                             0x080003bd   Thumb Code    12  hal_flash.o(i.FLASH_Unlock)
    FLASH_WaitForLastOperation               0x080003d5   Thumb Code    52  hal_flash.o(i.FLASH_WaitForLastOperation)
    GPIO_Init                                0x0800040d   Thumb Code   170  hal_gpio.o(i.GPIO_Init)
    GPIO_PinAFConfig                         0x080004b7   Thumb Code    40  hal_gpio.o(i.GPIO_PinAFConfig)
    GPIO_ResetBits                           0x080004df   Thumb Code     4  hal_gpio.o(i.GPIO_ResetBits)
    GPIO_SetBits                             0x080004e3   Thumb Code     4  hal_gpio.o(i.GPIO_SetBits)
    GPIO_StructInit                          0x080004e7   Thumb Code    16  hal_gpio.o(i.GPIO_StructInit)
    LED_Init                                 0x080004f9   Thumb Code   128  led.o(i.LED_Init)
    OTG_FS_IRQHandler                        0x08000581   Thumb Code    12  app.o(i.OTG_FS_IRQHandler)
    RCC_AHBPeriphClockCmd                    0x08000591   Thumb Code    26  hal_rcc.o(i.RCC_AHBPeriphClockCmd)
    RCC_APB2PeriphClockCmd                   0x080005b1   Thumb Code    26  hal_rcc.o(i.RCC_APB2PeriphClockCmd)
    RCC_GetHCLKFreq                          0x080005d1   Thumb Code    22  hal_rcc.o(i.RCC_GetHCLKFreq)
    RCC_GetPCLK1Freq                         0x080005f1   Thumb Code    22  hal_rcc.o(i.RCC_GetPCLK1Freq)
    RCC_GetPCLK2Freq                         0x08000611   Thumb Code    22  hal_rcc.o(i.RCC_GetPCLK2Freq)
    RCC_GetSysClockFreq                      0x08000631   Thumb Code   102  hal_rcc.o(i.RCC_GetSysClockFreq)
    SysTick_Handler                          0x080008f9   Thumb Code     8  delay.o(i.SysTick_Handler)
    SystemInit                               0x08000901   Thumb Code    82  system_mm32f327x.o(i.SystemInit)
    UART1_GPIO_Init                          0x0800097d   Thumb Code   116  uart.o(i.UART1_GPIO_Init)
    UART1_Init                               0x080009f5   Thumb Code    68  uart.o(i.UART1_Init)
    UART_Cmd                                 0x08000a3d   Thumb Code    12  hal_uart.o(i.UART_Cmd)
    UART_Init                                0x08000a49   Thumb Code   112  hal_uart.o(i.UART_Init)
    UART_StructInit                          0x08000abd   Thumb Code    26  hal_uart.o(i.UART_StructInit)
    USB_HostApplicationInit                  0x08000b39   Thumb Code    32  app.o(i.USB_HostApplicationInit)
    USB_HostAttachDevice                     0x08000b61   Thumb Code   394  usb_host_devices.o(i.USB_HostAttachDevice)
    USB_HostCancelTransfer                   0x08000cf1   Thumb Code    50  usb_host_hci.o(i.USB_HostCancelTransfer)
    USB_HostCh9RequestCommon                 0x08000d23   Thumb Code    52  usb_host_framework.o(i.USB_HostCh9RequestCommon)
    USB_HostClockInit                        0x08000d59   Thumb Code    34  app.o(i.USB_HostClockInit)
    USB_HostCloseDeviceInterface             0x08000d81   Thumb Code   250  usb_host_devices.o(i.USB_HostCloseDeviceInterface)
    USB_HostClosePipe                        0x08000e81   Thumb Code    40  usb_host_hci.o(i.USB_HostClosePipe)
    USB_HostDetachDevice                     0x08000ed7   Thumb Code    80  usb_host_devices.o(i.USB_HostDetachDevice)
    USB_HostDetachDeviceInternal             0x08000f27   Thumb Code    92  usb_host_devices.o(i.USB_HostDetachDeviceInternal)
    USB_HostFreeTransfer                     0x08001111   Thumb Code    46  usb_host_hci.o(i.USB_HostFreeTransfer)
    USB_HostHelperGetPeripheralInformation   0x080011ed   Thumb Code   198  usb_host_hci.o(i.USB_HostHelperGetPeripheralInformation)
    USB_HostHubClearFeature                  0x08001349   Thumb Code    40  usb_host_hub.o(i.USB_HostHubClearFeature)
    USB_HostHubClearPortFeature              0x08001371   Thumb Code    48  usb_host_hub.o(i.USB_HostHubClearPortFeature)
    USB_HostHubControlCallback               0x080013cd   Thumb Code   106  usb_host_hub_app.o(i.USB_HostHubControlCallback)
    USB_HostHubDeinit                        0x08001437   Thumb Code    98  usb_host_hub.o(i.USB_HostHubDeinit)
    USB_HostHubDeviceEvent                   0x08001499   Thumb Code   508  usb_host_hub_app.o(i.USB_HostHubDeviceEvent)
    USB_HostHubGetDescriptor                 0x080016e1   Thumb Code    42  usb_host_hub.o(i.USB_HostHubGetDescriptor)
    USB_HostHubGetHsHubNumber                0x0800170b   Thumb Code    94  usb_host_hub_app.o(i.USB_HostHubGetHsHubNumber)
    USB_HostHubGetHsHubPort                  0x08001769   Thumb Code    96  usb_host_hub_app.o(i.USB_HostHubGetHsHubPort)
    USB_HostHubGetPortStatus                 0x0800180d   Thumb Code    40  usb_host_hub.o(i.USB_HostHubGetPortStatus)
    USB_HostHubGetStatus                     0x08001835   Thumb Code    42  usb_host_hub.o(i.USB_HostHubGetStatus)
    USB_HostHubGetTotalThinkTime             0x0800185f   Thumb Code    60  usb_host_hub_app.o(i.USB_HostHubGetTotalThinkTime)
    USB_HostHubInit                          0x080018c3   Thumb Code    76  usb_host_hub.o(i.USB_HostHubInit)
    USB_HostHubInterruptInCallback           0x0800190f   Thumb Code    78  usb_host_hub_app.o(i.USB_HostHubInterruptInCallback)
    USB_HostHubInterruptRecv                 0x0800195d   Thumb Code    94  usb_host_hub.o(i.USB_HostHubInterruptRecv)
    USB_HostHubSetInterface                  0x080020f1   Thumb Code   260  usb_host_hub.o(i.USB_HostHubSetInterface)
    USB_HostHubSetPortFeature                0x080021f5   Thumb Code    48  usb_host_hub.o(i.USB_HostHubSetPortFeature)
    USB_HostInit                             0x08002225   Thumb Code   246  usb_host_hci.o(i.USB_HostInit)
    USB_HostIsrEnable                        0x0800231d   Thumb Code    70  app.o(i.USB_HostIsrEnable)
    USB_HostKciIoctl                         0x0800236d   Thumb Code    96  usb_host_khci.o(i.USB_HostKciIoctl)
    USB_HostKhciClosePipe                    0x080023cd   Thumb Code   104  usb_host_khci.o(i.USB_HostKhciClosePipe)
    USB_HostKhciCreate                       0x08002459   Thumb Code   298  usb_host_khci.o(i.USB_HostKhciCreate)
    USB_HostKhciDestory                      0x080025cd   Thumb Code   124  usb_host_khci.o(i.USB_HostKhciDestory)
    USB_HostKhciIsrFunction                  0x08002649   Thumb Code   118  usb_host_khci.o(i.USB_HostKhciIsrFunction)
    USB_HostKhciOpenPipe                     0x080026bf   Thumb Code   154  usb_host_khci.o(i.USB_HostKhciOpenPipe)
    USB_HostKhciReadpipe                     0x08002759   Thumb Code   108  usb_host_khci.o(i.USB_HostKhciReadpipe)
    USB_HostKhciTaskFunction                 0x080027c5   Thumb Code   186  usb_host_khci.o(i.USB_HostKhciTaskFunction)
    USB_HostKhciWritePipe                    0x08002885   Thumb Code   162  usb_host_khci.o(i.USB_HostKhciWritePipe)
    USB_HostMallocTransfer                   0x08002927   Thumb Code    68  usb_host_hci.o(i.USB_HostMallocTransfer)
    USB_HostMsdCommand                       0x08002b2f   Thumb Code   144  usb_host_msd.o(i.USB_HostMsdCommand)
    USB_HostMsdControlCallback               0x08002c6d   Thumb Code    32  host_msd_fatfs.o(i.USB_HostMsdControlCallback)
    USB_HostMsdDeinit                        0x08002e81   Thumb Code   132  usb_host_msd.o(i.USB_HostMsdDeinit)
    USB_HostMsdEvent                         0x08002f05   Thumb Code   272  host_msd_fatfs.o(i.USB_HostMsdEvent)
    USB_HostMsdGetDiskStatus                 0x08003a5d   Thumb Code     6  fsl_usb_disk_bm.o(i.USB_HostMsdGetDiskStatus)
    USB_HostMsdInit                          0x08003a65   Thumb Code    82  usb_host_msd.o(i.USB_HostMsdInit)
    USB_HostMsdInitializeDisk                0x08003abd   Thumb Code   230  fsl_usb_disk_bm.o(i.USB_HostMsdInitializeDisk)
    USB_HostMsdIoctlDisk                     0x08003bc1   Thumb Code   266  fsl_usb_disk_bm.o(i.USB_HostMsdIoctlDisk)
    USB_HostMsdMassStorageReset              0x08003d85   Thumb Code    44  usb_host_msd.o(i.USB_HostMsdMassStorageReset)
    USB_HostMsdRead10                        0x08003fd9   Thumb Code   104  usb_host_msd_ufi.o(i.USB_HostMsdRead10)
    USB_HostMsdReadCapacity                  0x0800404d   Thumb Code    64  usb_host_msd_ufi.o(i.USB_HostMsdReadCapacity)
    USB_HostMsdReadDisk                      0x08004099   Thumb Code   156  fsl_usb_disk_bm.o(i.USB_HostMsdReadDisk)
    USB_HostMsdRequestSense                  0x0800414d   Thumb Code    70  usb_host_msd_ufi.o(i.USB_HostMsdRequestSense)
    USB_HostMsdSetInterface                  0x080041e5   Thumb Code   228  usb_host_msd.o(i.USB_HostMsdSetInterface)
    USB_HostMsdTask                          0x08004305   Thumb Code   168  host_msd_fatfs.o(i.USB_HostMsdTask)
    USB_HostMsdTestUnitReady                 0x08004409   Thumb Code    52  usb_host_msd_ufi.o(i.USB_HostMsdTestUnitReady)
    USB_HostMsdWrite10                       0x08004455   Thumb Code   104  usb_host_msd_ufi.o(i.USB_HostMsdWrite10)
    USB_HostMsdWriteDisk                     0x080044c9   Thumb Code   156  fsl_usb_disk_bm.o(i.USB_HostMsdWriteDisk)
    USB_HostOpenDeviceInterface              0x08004615   Thumb Code   166  usb_host_devices.o(i.USB_HostOpenDeviceInterface)
    USB_HostOpenPipe                         0x080046c1   Thumb Code    46  usb_host_hci.o(i.USB_HostOpenPipe)
    USB_HostRecv                             0x08004bf5   Thumb Code    70  usb_host_hci.o(i.USB_HostRecv)
    USB_HostSend                             0x08004d43   Thumb Code    68  usb_host_hci.o(i.USB_HostSend)
    USB_HostSendSetup                        0x08004d87   Thumb Code    96  usb_host_hci.o(i.USB_HostSendSetup)
    USB_HostStandardSetAddress               0x08004de7   Thumb Code    32  usb_host_framework.o(i.USB_HostStandardSetAddress)
    USB_HostStandardSetGetDescriptor         0x08004e07   Thumb Code    46  usb_host_framework.o(i.USB_HostStandardSetGetDescriptor)
    USB_HostTaskFn                           0x08004e35   Thumb Code    12  app.o(i.USB_HostTaskFn)
    USB_HostValidateDevice                   0x08004e41   Thumb Code    34  usb_host_devices.o(i.USB_HostValidateDevice)
    USB_OsaEnterCritical                     0x08004e63   Thumb Code    20  usb_osa_bm.o(i.USB_OsaEnterCritical)
    USB_OsaEventClear                        0x08004e77   Thumb Code    42  usb_osa_bm.o(i.USB_OsaEventClear)
    USB_OsaEventCreate                       0x08004ea1   Thumb Code    90  usb_osa_bm.o(i.USB_OsaEventCreate)
    USB_OsaEventDestroy                      0x08004f01   Thumb Code    32  usb_osa_bm.o(i.USB_OsaEventDestroy)
    USB_OsaEventSet                          0x08004f21   Thumb Code    36  usb_osa_bm.o(i.USB_OsaEventSet)
    USB_OsaEventWait                         0x08004f45   Thumb Code   100  usb_osa_bm.o(i.USB_OsaEventWait)
    USB_OsaExitCritical                      0x08004fa9   Thumb Code    14  usb_osa_bm.o(i.USB_OsaExitCritical)
    USB_OsaMemoryAllocate                    0x08004fb7   Thumb Code    34  usb_osa_bm.o(i.USB_OsaMemoryAllocate)
    USB_OsaMemoryFree                        0x08004fd9   Thumb Code    12  usb_osa_bm.o(i.USB_OsaMemoryFree)
    USB_OsaMutexCreate                       0x08004fe5   Thumb Code    16  usb_osa_bm.o(i.USB_OsaMutexCreate)
    USB_OsaMutexDestroy                      0x08004ff9   Thumb Code     6  usb_osa_bm.o(i.USB_OsaMutexDestroy)
    USB_OsaMutexLock                         0x08004fff   Thumb Code     6  usb_osa_bm.o(i.USB_OsaMutexLock)
    USB_OsaMutexUnlock                       0x08005005   Thumb Code     6  usb_osa_bm.o(i.USB_OsaMutexUnlock)
    VBUS_CTR_Init                            0x0800500d   Thumb Code    56  led.o(i.VBUS_CTR_Init)
    _USB_HostKhciTransferClearUp             0x08005d39   Thumb Code   118  usb_host_khci.o(i._USB_HostKhciTransferClearUp)
    _USB_HostKhciTransferStateMachine        0x08005db1   Thumb Code   380  usb_host_khci.o(i._USB_HostKhciTransferStateMachine)
    __0printf$8                              0x08005fc5   Thumb Code    22  printf8.o(i.__0printf$8)
    __1printf$8                              0x08005fc5   Thumb Code     0  printf8.o(i.__0printf$8)
    __2printf                                0x08005fc5   Thumb Code     0  printf8.o(i.__0printf$8)
    __0sprintf$8                             0x08005fe5   Thumb Code    34  printf8.o(i.__0sprintf$8)
    __1sprintf$8                             0x08005fe5   Thumb Code     0  printf8.o(i.__0sprintf$8)
    __2sprintf                               0x08005fe5   Thumb Code     0  printf8.o(i.__0sprintf$8)
    __scatterload_copy                       0x0800600d   Thumb Code    14  handlers.o(i.__scatterload_copy)
    __scatterload_null                       0x0800601b   Thumb Code     2  handlers.o(i.__scatterload_null)
    __scatterload_zeroinit                   0x0800601d   Thumb Code    14  handlers.o(i.__scatterload_zeroinit)
    disk_initialize                          0x08006b5d   Thumb Code    28  diskio.o(i.disk_initialize)
    disk_ioctl                               0x08006b79   Thumb Code    40  diskio.o(i.disk_ioctl)
    disk_read                                0x08006ba1   Thumb Code    44  diskio.o(i.disk_read)
    disk_status                              0x08006bcd   Thumb Code    28  diskio.o(i.disk_status)
    disk_write                               0x08006be9   Thumb Code    44  diskio.o(i.disk_write)
    f_close                                  0x08006c15   Thumb Code    34  ff.o(i.f_close)
    f_getfree                                0x08006c37   Thumb Code   246  ff.o(i.f_getfree)
    f_lseek                                  0x08006d2d   Thumb Code   388  ff.o(i.f_lseek)
    f_mount                                  0x08006eb1   Thumb Code    80  ff.o(i.f_mount)
    f_open                                   0x08006f05   Thumb Code   494  ff.o(i.f_open)
    f_opendir                                0x080070f9   Thumb Code   108  ff.o(i.f_opendir)
    f_read                                   0x08007165   Thumb Code   412  ff.o(i.f_read)
    f_readdir                                0x08007301   Thumb Code    78  ff.o(i.f_readdir)
    f_stat                                   0x0800734f   Thumb Code    62  ff.o(i.f_stat)
    f_sync                                   0x0800738d   Thumb Code   156  ff.o(i.f_sync)
    f_utime                                  0x0800742d   Thumb Code    90  ff.o(i.f_utime)
    f_write                                  0x08007487   Thumb Code   478  ff.o(i.f_write)
    fputc                                    0x0800777d   Thumb Code    42  uart.o(i.fputc)
    free                                     0x080077b1   Thumb Code    76  malloc.o(i.free)
    main                                     0x08007a09   Thumb Code    62  main.o(i.main)
    malloc                                   0x08007ab5   Thumb Code    92  malloc.o(i.malloc)
    Region$$Table$$Base                      0x08008234   Number         0  anon$$obj.o(Region$$Table)
    Region$$Table$$Limit                     0x08008254   Number         0  anon$$obj.o(Region$$Table)
    SystemCoreClock                          0x20000000   Data           4  system_mm32f327x.o(.data)
    AHBPrescTable                            0x20000004   Data          16  system_mm32f327x.o(.data)
    g_HostHandle                             0x20000018   Data           4  app.o(.data)
    Calculation_checksum                     0x2000001c   Data           4  host_msd_fatfs.o(.data)
    Packet_Total_lenth                       0x20000020   Data           4  host_msd_fatfs.o(.data)
    Updatepacketsize                         0x20000024   Data           2  host_msd_fatfs.o(.data)
    Remaining_size                           0x20000028   Data           4  host_msd_fatfs.o(.data)
    Temp_count                               0x2000002c   Data           2  host_msd_fatfs.o(.data)
    Loop_count                               0x2000002e   Data           2  host_msd_fatfs.o(.data)
    controlIng                               0x20000030   Data           1  host_msd_fatfs.o(.data)
    controlStatus                            0x20000031   Data           1  host_msd_fatfs.o(.data)
    tbPresc                                  0x20000032   Data          16  hal_rcc.o(.data)
    g_currentInstance                        0x20000044   Data           4  usb_host_devices.o(.data)
    g_usbHostPointer                         0x20000048   Data           4  usb_host_khci.o(.data)
    g_UsbFatfsClassHandle                    0x2000006c   Data           4  fsl_usb_disk_bm.o(.data)
    __stdout                                 0x20000078   Data           4  stdout.o(.data)
    __microlib_freelist                      0x2000007c   Data           4  mvars.o(.data)
    __microlib_freelist_initialised          0x20000080   Data           4  mvars.o(.data)
    Temp_read_buff                           0x20000084   Data        1024  host_msd_fatfs.o(.bss)
    Version_buff                             0x20000484   Data          12  host_msd_fatfs.o(.bss)
    g_MsdFatfsInstance                       0x20000490   Data          20  host_msd_fatfs.o(.bss)
    g_UsbHostInstance                        0x200008d4   Data         812  usb_host_hci.o(.bss)
    __heap_base                              0x20001100   Data           0  startup_mm32f327x_keil.o(HEAP)
    __heap_limit                             0x20001d00   Data           0  startup_mm32f327x_keil.o(HEAP)
    __initial_sp                             0x20003500   Data           0  startup_mm32f327x_keil.o(STACK)



==============================================================================

Memory Map of the image

  Image Entry point : 0x08000191

  Load Region LR_IROM1 (Base: 0x08000000, Size: 0x000082d8, Max: 0x00078000, ABSOLUTE)

    Execution Region ER_IROM1 (Exec base: 0x08000000, Load base: 0x08000000, Size: 0x00008254, Max: 0x00078000, ABSOLUTE)

    Exec Addr    Load Addr    Size         Type   Attr      Idx    E Section Name        Object

    0x08000000   0x08000000   0x00000190   Data   RO          163    RESET               startup_mm32f327x_keil.o
    0x08000190   0x08000190   0x00000000   Code   RO         6542  * .ARM.Collect$$$$00000000  mc_w.l(entry.o)
    0x08000190   0x08000190   0x00000004   Code   RO         6838    .ARM.Collect$$$$00000001  mc_w.l(entry2.o)
    0x08000194   0x08000194   0x00000004   Code   RO         6841    .ARM.Collect$$$$00000004  mc_w.l(entry5.o)
    0x08000198   0x08000198   0x00000000   Code   RO         6843    .ARM.Collect$$$$00000008  mc_w.l(entry7b.o)
    0x08000198   0x08000198   0x00000000   Code   RO         6845    .ARM.Collect$$$$0000000A  mc_w.l(entry8b.o)
    0x08000198   0x08000198   0x00000008   Code   RO         6846    .ARM.Collect$$$$0000000B  mc_w.l(entry9a.o)
    0x080001a0   0x080001a0   0x00000004   Code   RO         6853    .ARM.Collect$$$$0000000E  mc_w.l(entry12b.o)
    0x080001a4   0x080001a4   0x00000000   Code   RO         6848    .ARM.Collect$$$$0000000F  mc_w.l(entry10a.o)
    0x080001a4   0x080001a4   0x00000000   Code   RO         6850    .ARM.Collect$$$$00000011  mc_w.l(entry11a.o)
    0x080001a4   0x080001a4   0x00000004   Code   RO         6839    .ARM.Collect$$$$00002712  mc_w.l(entry2.o)
    0x080001a8   0x080001a8   0x00000024   Code   RO          164    .text               startup_mm32f327x_keil.o
    0x080001cc   0x080001cc   0x00000062   Code   RO         6857    .text               mc_w.l(uldiv.o)
    0x0800022e   0x0800022e   0x00000002   PAD
    0x08000230   0x08000230   0x00000024   Code   RO         6872    .text               mc_w.l(init.o)
    0x08000254   0x08000254   0x0000001e   Code   RO         6874    .text               mc_w.l(llshl.o)
    0x08000272   0x08000272   0x00000020   Code   RO         6876    .text               mc_w.l(llushr.o)
    0x08000292   0x08000292   0x00000066   Code   RO            4    i.AutoCalPllFactor  system_mm32f327x.o
    0x080002f8   0x080002f8   0x00000042   Code   RO            5    i.DELAY_xUs         system_mm32f327x.o
    0x0800033a   0x0800033a   0x00000002   PAD
    0x0800033c   0x0800033c   0x0000000c   Code   RO         2381    i.FLASH_ClearFlag   hal_flash.o
    0x08000348   0x08000348   0x0000002c   Code   RO         2385    i.FLASH_ErasePage   hal_flash.o
    0x08000374   0x08000374   0x00000034   Code   RO         2388    i.FLASH_GetStatus   hal_flash.o
    0x080003a8   0x080003a8   0x00000014   Code   RO         2393    i.FLASH_Lock        hal_flash.o
    0x080003bc   0x080003bc   0x00000018   Code   RO         2402    i.FLASH_Unlock      hal_flash.o
    0x080003d4   0x080003d4   0x00000038   Code   RO         2404    i.FLASH_WaitForLastOperation  hal_flash.o
    0x0800040c   0x0800040c   0x000000aa   Code   RO         2632    i.GPIO_Init         hal_gpio.o
    0x080004b6   0x080004b6   0x00000028   Code   RO         2633    i.GPIO_PinAFConfig  hal_gpio.o
    0x080004de   0x080004de   0x00000004   Code   RO         2640    i.GPIO_ResetBits    hal_gpio.o
    0x080004e2   0x080004e2   0x00000004   Code   RO         2641    i.GPIO_SetBits      hal_gpio.o
    0x080004e6   0x080004e6   0x00000010   Code   RO         2642    i.GPIO_StructInit   hal_gpio.o
    0x080004f6   0x080004f6   0x00000002   PAD
    0x080004f8   0x080004f8   0x00000088   Code   RO          385    i.LED_Init          led.o
    0x08000580   0x08000580   0x00000010   Code   RO          661    i.OTG_FS_IRQHandler  app.o
    0x08000590   0x08000590   0x00000020   Code   RO         3176    i.RCC_AHBPeriphClockCmd  hal_rcc.o
    0x080005b0   0x080005b0   0x00000020   Code   RO         3182    i.RCC_APB2PeriphClockCmd  hal_rcc.o
    0x080005d0   0x080005d0   0x00000020   Code   RO         3199    i.RCC_GetHCLKFreq   hal_rcc.o
    0x080005f0   0x080005f0   0x00000020   Code   RO         3201    i.RCC_GetPCLK1Freq  hal_rcc.o
    0x08000610   0x08000610   0x00000020   Code   RO         3202    i.RCC_GetPCLK2Freq  hal_rcc.o
    0x08000630   0x08000630   0x00000074   Code   RO         3204    i.RCC_GetSysClockFreq  hal_rcc.o
    0x080006a4   0x080006a4   0x00000030   Code   RO            6    i.SetSysClock       system_mm32f327x.o
    0x080006d4   0x080006d4   0x00000224   Code   RO            7    i.SetSysClockToXX   system_mm32f327x.o
    0x080008f8   0x080008f8   0x00000008   Code   RO          420    i.SysTick_Handler   delay.o
    0x08000900   0x08000900   0x00000064   Code   RO            8    i.SystemInit        system_mm32f327x.o
    0x08000964   0x08000964   0x00000018   Code   RO          421    i.TimingDelayDecrement  delay.o
    0x0800097c   0x0800097c   0x00000078   Code   RO          533    i.UART1_GPIO_Init   uart.o
    0x080009f4   0x080009f4   0x00000048   Code   RO          534    i.UART1_Init        uart.o
    0x08000a3c   0x08000a3c   0x0000000c   Code   RO         4699    i.UART_Cmd          hal_uart.o
    0x08000a48   0x08000a48   0x00000074   Code   RO         4707    i.UART_Init         hal_uart.o
    0x08000abc   0x08000abc   0x0000001a   Code   RO         4720    i.UART_StructInit   hal_uart.o
    0x08000ad6   0x08000ad6   0x00000060   Code   RO         5044    i.USB_HostAllocateDeviceAddress  usb_host_devices.o
    0x08000b36   0x08000b36   0x00000002   PAD
    0x08000b38   0x08000b38   0x00000028   Code   RO          662    i.USB_HostApplicationInit  app.o
    0x08000b60   0x08000b60   0x00000190   Code   RO         5045    i.USB_HostAttachDevice  usb_host_devices.o
    0x08000cf0   0x08000cf0   0x00000032   Code   RO         5225    i.USB_HostCancelTransfer  usb_host_hci.o
    0x08000d22   0x08000d22   0x00000034   Code   RO         5162    i.USB_HostCh9RequestCommon  usb_host_framework.o
    0x08000d56   0x08000d56   0x00000002   PAD
    0x08000d58   0x08000d58   0x00000028   Code   RO          663    i.USB_HostClockInit  app.o
    0x08000d80   0x08000d80   0x00000100   Code   RO         5046    i.USB_HostCloseDeviceInterface  usb_host_devices.o
    0x08000e80   0x08000e80   0x00000028   Code   RO         5226    i.USB_HostClosePipe  usb_host_hci.o
    0x08000ea8   0x08000ea8   0x00000022   Code   RO         5047    i.USB_HostControlBus  usb_host_devices.o
    0x08000eca   0x08000eca   0x0000000c   Code   RO         6491    i.USB_HostControllerTaskFunction  fsl_usb_disk_bm.o
    0x08000ed6   0x08000ed6   0x00000050   Code   RO         5048    i.USB_HostDetachDevice  usb_host_devices.o
    0x08000f26   0x08000f26   0x0000005c   Code   RO         5049    i.USB_HostDetachDeviceInternal  usb_host_devices.o
    0x08000f82   0x08000f82   0x00000002   PAD
    0x08000f84   0x08000f84   0x00000118   Code   RO         5050    i.USB_HostEnumerationTransferCallback  usb_host_devices.o
    0x0800109c   0x0800109c   0x00000074   Code   RO          664    i.USB_HostEvent     app.o
    0x08001110   0x08001110   0x0000002e   Code   RO         5228    i.USB_HostFreeTransfer  usb_host_hci.o
    0x0800113e   0x0800113e   0x00000002   PAD
    0x08001140   0x08001140   0x0000000c   Code   RO         5229    i.USB_HostGetControllerInterface  usb_host_hci.o
    0x0800114c   0x0800114c   0x000000a0   Code   RO         5230    i.USB_HostGetInstance  usb_host_hci.o
    0x080011ec   0x080011ec   0x000000c6   Code   RO         5232    i.USB_HostHelperGetPeripheralInformation  usb_host_hci.o
    0x080012b2   0x080012b2   0x00000002   PAD
    0x080012b4   0x080012b4   0x00000094   Code   RO         5518    i.USB_HostHubClassRequestCommon  usb_host_hub.o
    0x08001348   0x08001348   0x00000028   Code   RO         5519    i.USB_HostHubClearFeature  usb_host_hub.o
    0x08001370   0x08001370   0x00000030   Code   RO         5520    i.USB_HostHubClearPortFeature  usb_host_hub.o
    0x080013a0   0x080013a0   0x0000002c   Code   RO         5521    i.USB_HostHubControlCallback  usb_host_hub.o
    0x080013cc   0x080013cc   0x0000006a   Code   RO         5610    i.USB_HostHubControlCallback  usb_host_hub_app.o
    0x08001436   0x08001436   0x00000062   Code   RO         5522    i.USB_HostHubDeinit  usb_host_hub.o
    0x08001498   0x08001498   0x00000248   Code   RO         5611    i.USB_HostHubDeviceEvent  usb_host_hub_app.o
    0x080016e0   0x080016e0   0x0000002a   Code   RO         5523    i.USB_HostHubGetDescriptor  usb_host_hub.o
    0x0800170a   0x0800170a   0x0000005e   Code   RO         5612    i.USB_HostHubGetHsHubNumber  usb_host_hub_app.o
    0x08001768   0x08001768   0x00000060   Code   RO         5613    i.USB_HostHubGetHsHubPort  usb_host_hub_app.o
    0x080017c8   0x080017c8   0x0000000c   Code   RO         5614    i.USB_HostHubGetHubList  usb_host_hub_app.o
    0x080017d4   0x080017d4   0x00000038   Code   RO         5615    i.USB_HostHubGetInterruptStatus  usb_host_hub_app.o
    0x0800180c   0x0800180c   0x00000028   Code   RO         5524    i.USB_HostHubGetPortStatus  usb_host_hub.o
    0x08001834   0x08001834   0x0000002a   Code   RO         5525    i.USB_HostHubGetStatus  usb_host_hub.o
    0x0800185e   0x0800185e   0x0000003c   Code   RO         5616    i.USB_HostHubGetTotalThinkTime  usb_host_hub_app.o
    0x0800189a   0x0800189a   0x00000028   Code   RO         5526    i.USB_HostHubInPipeCallback  usb_host_hub.o
    0x080018c2   0x080018c2   0x0000004c   Code   RO         5527    i.USB_HostHubInit   usb_host_hub.o
    0x0800190e   0x0800190e   0x0000004e   Code   RO         5617    i.USB_HostHubInterruptInCallback  usb_host_hub_app.o
    0x0800195c   0x0800195c   0x00000064   Code   RO         5528    i.USB_HostHubInterruptRecv  usb_host_hub.o
    0x080019c0   0x080019c0   0x00000204   Code   RO         5618    i.USB_HostHubProcess  usb_host_hub_app.o
    0x08001bc4   0x08001bc4   0x000000b4   Code   RO         5619    i.USB_HostHubProcessData  usb_host_hub_app.o
    0x08001c78   0x08001c78   0x00000024   Code   RO         5620    i.USB_HostHubProcessPort  usb_host_hub_app.o
    0x08001c9c   0x08001c9c   0x000002e0   Code   RO         5621    i.USB_HostHubProcessPortAttach  usb_host_hub_app.o
    0x08001f7c   0x08001f7c   0x00000174   Code   RO         5622    i.USB_HostHubProcessPortDetach  usb_host_hub_app.o
    0x080020f0   0x080020f0   0x00000104   Code   RO         5531    i.USB_HostHubSetInterface  usb_host_hub.o
    0x080021f4   0x080021f4   0x00000030   Code   RO         5532    i.USB_HostHubSetPortFeature  usb_host_hub.o
    0x08002224   0x08002224   0x000000f6   Code   RO         5234    i.USB_HostInit      usb_host_hci.o
    0x0800231a   0x0800231a   0x00000002   PAD
    0x0800231c   0x0800231c   0x00000050   Code   RO          665    i.USB_HostIsrEnable  app.o
    0x0800236c   0x0800236c   0x00000060   Code   RO         5346    i.USB_HostKciIoctl  usb_host_khci.o
    0x080023cc   0x080023cc   0x0000008c   Code   RO         5347    i.USB_HostKhciClosePipe  usb_host_khci.o
    0x08002458   0x08002458   0x00000174   Code   RO         5348    i.USB_HostKhciCreate  usb_host_khci.o
    0x080025cc   0x080025cc   0x0000007c   Code   RO         5349    i.USB_HostKhciDestory  usb_host_khci.o
    0x08002648   0x08002648   0x00000076   Code   RO         5350    i.USB_HostKhciIsrFunction  usb_host_khci.o
    0x080026be   0x080026be   0x0000009a   Code   RO         5351    i.USB_HostKhciOpenPipe  usb_host_khci.o
    0x08002758   0x08002758   0x0000006c   Code   RO         5352    i.USB_HostKhciReadpipe  usb_host_khci.o
    0x080027c4   0x080027c4   0x000000c0   Code   RO         5353    i.USB_HostKhciTaskFunction  usb_host_khci.o
    0x08002884   0x08002884   0x000000a2   Code   RO         5354    i.USB_HostKhciWritePipe  usb_host_khci.o
    0x08002926   0x08002926   0x00000044   Code   RO         5235    i.USB_HostMallocTransfer  usb_host_hci.o
    0x0800296a   0x0800296a   0x00000002   PAD
    0x0800296c   0x0800296c   0x0000011c   Code   RO         5819    i.USB_HostMsdCbwCallback  usb_host_msd.o
    0x08002a88   0x08002a88   0x00000074   Code   RO         5820    i.USB_HostMsdClearHalt  usb_host_msd.o
    0x08002afc   0x08002afc   0x00000032   Code   RO         5821    i.USB_HostMsdClearHaltCallback  usb_host_msd.o
    0x08002b2e   0x08002b2e   0x00000090   Code   RO         5822    i.USB_HostMsdCommand  usb_host_msd.o
    0x08002bbe   0x08002bbe   0x0000001e   Code   RO         5823    i.USB_HostMsdCommandDone  usb_host_msd.o
    0x08002bdc   0x08002bdc   0x0000008e   Code   RO         5824    i.USB_HostMsdControl  usb_host_msd.o
    0x08002c6a   0x08002c6a   0x00000002   PAD
    0x08002c6c   0x08002c6c   0x00000028   Code   RO          748    i.USB_HostMsdControlCallback  host_msd_fatfs.o
    0x08002c94   0x08002c94   0x0000014c   Code   RO         5826    i.USB_HostMsdCswCallback  usb_host_msd.o
    0x08002de0   0x08002de0   0x000000a0   Code   RO         5827    i.USB_HostMsdDataCallback  usb_host_msd.o
    0x08002e80   0x08002e80   0x00000084   Code   RO         5828    i.USB_HostMsdDeinit  usb_host_msd.o
    0x08002f04   0x08002f04   0x00000174   Code   RO          749    i.USB_HostMsdEvent  host_msd_fatfs.o
    0x08003078   0x08003078   0x000000cc   Code   RO          750    i.USB_HostMsdFatfsDisplayFileInfo  host_msd_fatfs.o
    0x08003144   0x08003144   0x00000050   Code   RO          751    i.USB_HostMsdFatfsListDirectory  host_msd_fatfs.o
    0x08003194   0x08003194   0x0000004c   Code   RO          752    i.USB_HostMsdFatfsTestDone  host_msd_fatfs.o
    0x080031e0   0x080031e0   0x0000087c   Code   RO          753    i.USB_HostMsdFatfsUserReadWrite  host_msd_fatfs.o
    0x08003a5c   0x08003a5c   0x00000006   Code   RO         6492    i.USB_HostMsdGetDiskStatus  fsl_usb_disk_bm.o
    0x08003a62   0x08003a62   0x00000002   PAD
    0x08003a64   0x08003a64   0x00000058   Code   RO         5830    i.USB_HostMsdInit   usb_host_msd.o
    0x08003abc   0x08003abc   0x00000104   Code   RO         6493    i.USB_HostMsdInitializeDisk  fsl_usb_disk_bm.o
    0x08003bc0   0x08003bc0   0x00000124   Code   RO         6494    i.USB_HostMsdIoctlDisk  fsl_usb_disk_bm.o
    0x08003ce4   0x08003ce4   0x00000040   Code   RO         5831    i.USB_HostMsdMassResetCallback  usb_host_msd.o
    0x08003d24   0x08003d24   0x0000003c   Code   RO         5832    i.USB_HostMsdMassResetClearInCallback  usb_host_msd.o
    0x08003d60   0x08003d60   0x00000024   Code   RO         5833    i.USB_HostMsdMassResetClearOutCallback  usb_host_msd.o
    0x08003d84   0x08003d84   0x00000030   Code   RO         5834    i.USB_HostMsdMassStorageReset  usb_host_msd.o
    0x08003db4   0x08003db4   0x0000012e   Code   RO         5835    i.USB_HostMsdOpenInterface  usb_host_msd.o
    0x08003ee2   0x08003ee2   0x00000002   PAD
    0x08003ee4   0x08003ee4   0x000000f4   Code   RO         5836    i.USB_HostMsdProcessCommand  usb_host_msd.o
    0x08003fd8   0x08003fd8   0x00000074   Code   RO         5704    i.USB_HostMsdRead10  usb_host_msd_ufi.o
    0x0800404c   0x0800404c   0x0000004c   Code   RO         5706    i.USB_HostMsdReadCapacity  usb_host_msd_ufi.o
    0x08004098   0x08004098   0x000000b4   Code   RO         6495    i.USB_HostMsdReadDisk  fsl_usb_disk_bm.o
    0x0800414c   0x0800414c   0x00000054   Code   RO         5708    i.USB_HostMsdRequestSense  usb_host_msd_ufi.o
    0x080041a0   0x080041a0   0x00000042   Code   RO         5837    i.USB_HostMsdResetDone  usb_host_msd.o
    0x080041e2   0x080041e2   0x00000002   PAD
    0x080041e4   0x080041e4   0x000000e8   Code   RO         5838    i.USB_HostMsdSetInterface  usb_host_msd.o
    0x080042cc   0x080042cc   0x00000036   Code   RO         5839    i.USB_HostMsdSetInterfaceCallback  usb_host_msd.o
    0x08004302   0x08004302   0x00000002   PAD
    0x08004304   0x08004304   0x00000104   Code   RO          754    i.USB_HostMsdTask   host_msd_fatfs.o
    0x08004408   0x08004408   0x00000034   Code   RO         5713    i.USB_HostMsdTestUnitReady  usb_host_msd_ufi.o
    0x0800443c   0x0800443c   0x00000018   Code   RO         6496    i.USB_HostMsdUfiCallback  fsl_usb_disk_bm.o
    0x08004454   0x08004454   0x00000074   Code   RO         5715    i.USB_HostMsdWrite10  usb_host_msd_ufi.o
    0x080044c8   0x080044c8   0x000000b4   Code   RO         6497    i.USB_HostMsdWriteDisk  fsl_usb_disk_bm.o
    0x0800457c   0x0800457c   0x00000098   Code   RO         5052    i.USB_HostNotifyDevice  usb_host_devices.o
    0x08004614   0x08004614   0x000000ac   Code   RO         5053    i.USB_HostOpenDeviceInterface  usb_host_devices.o
    0x080046c0   0x080046c0   0x0000002e   Code   RO         5236    i.USB_HostOpenPipe  usb_host_hci.o
    0x080046ee   0x080046ee   0x0000025a   Code   RO         5054    i.USB_HostParseDeviceConfigurationDescriptor  usb_host_devices.o
    0x08004948   0x08004948   0x00000112   Code   RO         5055    i.USB_HostProcessCallback  usb_host_devices.o
    0x08004a5a   0x08004a5a   0x00000002   PAD
    0x08004a5c   0x08004a5c   0x00000198   Code   RO         5056    i.USB_HostProcessState  usb_host_devices.o
    0x08004bf4   0x08004bf4   0x00000046   Code   RO         5237    i.USB_HostRecv      usb_host_hci.o
    0x08004c3a   0x08004c3a   0x00000038   Code   RO         5057    i.USB_HostReleaseDeviceAddress  usb_host_devices.o
    0x08004c72   0x08004c72   0x0000007a   Code   RO         5058    i.USB_HostReleaseDeviceResource  usb_host_devices.o
    0x08004cec   0x08004cec   0x00000018   Code   RO         5238    i.USB_HostReleaseInstance  usb_host_hci.o
    0x08004d04   0x08004d04   0x0000003e   Code   RO         5060    i.USB_HostRemoveDeviceInstance  usb_host_devices.o
    0x08004d42   0x08004d42   0x00000044   Code   RO         5239    i.USB_HostSend      usb_host_hci.o
    0x08004d86   0x08004d86   0x00000060   Code   RO         5240    i.USB_HostSendSetup  usb_host_hci.o
    0x08004de6   0x08004de6   0x00000020   Code   RO         5166    i.USB_HostStandardSetAddress  usb_host_framework.o
    0x08004e06   0x08004e06   0x0000002e   Code   RO         5168    i.USB_HostStandardSetGetDescriptor  usb_host_framework.o
    0x08004e34   0x08004e34   0x0000000c   Code   RO          666    i.USB_HostTaskFn    app.o
    0x08004e40   0x08004e40   0x00000022   Code   RO         5061    i.USB_HostValidateDevice  usb_host_devices.o
    0x08004e62   0x08004e62   0x00000014   Code   RO         5939    i.USB_OsaEnterCritical  usb_osa_bm.o
    0x08004e76   0x08004e76   0x0000002a   Code   RO         5941    i.USB_OsaEventClear  usb_osa_bm.o
    0x08004ea0   0x08004ea0   0x00000060   Code   RO         5942    i.USB_OsaEventCreate  usb_osa_bm.o
    0x08004f00   0x08004f00   0x00000020   Code   RO         5943    i.USB_OsaEventDestroy  usb_osa_bm.o
    0x08004f20   0x08004f20   0x00000024   Code   RO         5944    i.USB_OsaEventSet   usb_osa_bm.o
    0x08004f44   0x08004f44   0x00000064   Code   RO         5945    i.USB_OsaEventWait  usb_osa_bm.o
    0x08004fa8   0x08004fa8   0x0000000e   Code   RO         5946    i.USB_OsaExitCritical  usb_osa_bm.o
    0x08004fb6   0x08004fb6   0x00000022   Code   RO         5947    i.USB_OsaMemoryAllocate  usb_osa_bm.o
    0x08004fd8   0x08004fd8   0x0000000c   Code   RO         5948    i.USB_OsaMemoryFree  usb_osa_bm.o
    0x08004fe4   0x08004fe4   0x00000014   Code   RO         5954    i.USB_OsaMutexCreate  usb_osa_bm.o
    0x08004ff8   0x08004ff8   0x00000006   Code   RO         5955    i.USB_OsaMutexDestroy  usb_osa_bm.o
    0x08004ffe   0x08004ffe   0x00000006   Code   RO         5956    i.USB_OsaMutexLock  usb_osa_bm.o
    0x08005004   0x08005004   0x00000006   Code   RO         5957    i.USB_OsaMutexUnlock  usb_osa_bm.o
    0x0800500a   0x0800500a   0x00000002   PAD
    0x0800500c   0x0800500c   0x0000003c   Code   RO          386    i.VBUS_CTR_Init     led.o
    0x08005048   0x08005048   0x00000240   Code   RO         5355    i._USB_HostKhciAtomNonblockingTransaction  usb_host_khci.o
    0x08005288   0x08005288   0x000001c4   Code   RO         5356    i._USB_HostKhciAttach  usb_host_khci.o
    0x0800544c   0x0800544c   0x000000ca   Code   RO         5357    i._USB_HostKhciBusControl  usb_host_khci.o
    0x08005516   0x08005516   0x0000005e   Code   RO         5358    i._USB_HostKhciCancelPipe  usb_host_khci.o
    0x08005574   0x08005574   0x00000024   Code   RO         5359    i._USB_HostKhciDelay  usb_host_khci.o
    0x08005598   0x08005598   0x0000005c   Code   RO         5360    i._USB_HostKhciDetach  usb_host_khci.o
    0x080055f4   0x080055f4   0x00000110   Code   RO         5361    i._USB_HostKhciFinishTranfer  usb_host_khci.o
    0x08005704   0x08005704   0x00000018   Code   RO         5362    i._USB_HostKhciGetFrameCount  usb_host_khci.o
    0x0800571c   0x0800571c   0x00000038   Code   RO         5363    i._USB_HostKhciGetFrameCountSum  usb_host_khci.o
    0x08005754   0x08005754   0x000000e6   Code   RO         5364    i._USB_HostKhciGetRightTrRequest  usb_host_khci.o
    0x0800583a   0x0800583a   0x00000020   Code   RO         5365    i._USB_HostKhciGetRoundUpPow2  usb_host_khci.o
    0x0800585a   0x0800585a   0x0000008a   Code   RO         5366    i._USB_HostKhciLinkTrRequestToList  usb_host_khci.o
    0x080058e4   0x080058e4   0x000000a8   Code   RO         5367    i._USB_HostKhciProcessTrCallback  usb_host_khci.o
    0x0800598c   0x0800598c   0x00000068   Code   RO         5368    i._USB_HostKhciReset  usb_host_khci.o
    0x080059f4   0x080059f4   0x0000014c   Code   RO         5369    i._USB_HostKhciStartTranfer  usb_host_khci.o
    0x08005b40   0x08005b40   0x000001f8   Code   RO         5370    i._USB_HostKhciTransactionDone  usb_host_khci.o
    0x08005d38   0x08005d38   0x00000076   Code   RO         5371    i._USB_HostKhciTransferClearUp  usb_host_khci.o
    0x08005dae   0x08005dae   0x00000002   PAD
    0x08005db0   0x08005db0   0x00000180   Code   RO         5372    i._USB_HostKhciTransferStateMachine  usb_host_khci.o
    0x08005f30   0x08005f30   0x00000092   Code   RO         5373    i._USB_HostKhciUnlinkTrRequestFromList  usb_host_khci.o
    0x08005fc2   0x08005fc2   0x00000002   PAD
    0x08005fc4   0x08005fc4   0x00000020   Code   RO         6756    i.__0printf$8       mc_w.l(printf8.o)
    0x08005fe4   0x08005fe4   0x00000028   Code   RO         6758    i.__0sprintf$8      mc_w.l(printf8.o)
    0x0800600c   0x0800600c   0x0000000e   Code   RO         6884    i.__scatterload_copy  mc_w.l(handlers.o)
    0x0800601a   0x0800601a   0x00000002   Code   RO         6885    i.__scatterload_null  mc_w.l(handlers.o)
    0x0800601c   0x0800601c   0x0000000e   Code   RO         6886    i.__scatterload_zeroinit  mc_w.l(handlers.o)
    0x0800602a   0x0800602a   0x00000002   PAD
    0x0800602c   0x0800602c   0x00000404   Code   RO         6763    i._printf_core      mc_w.l(printf8.o)
    0x08006430   0x08006430   0x00000024   Code   RO         6764    i._printf_post_padding  mc_w.l(printf8.o)
    0x08006454   0x08006454   0x0000002e   Code   RO         6765    i._printf_pre_padding  mc_w.l(printf8.o)
    0x08006482   0x08006482   0x0000000a   Code   RO         6767    i._sputc            mc_w.l(printf8.o)
    0x0800648c   0x0800648c   0x000000c0   Code   RO         6139    i.check_fs          ff.o
    0x0800654c   0x0800654c   0x00000014   Code   RO         6140    i.chk_chr           ff.o
    0x08006560   0x08006560   0x0000001a   Code   RO         6141    i.clst2sect         ff.o
    0x0800657a   0x0800657a   0x00000120   Code   RO         6142    i.create_chain      ff.o
    0x0800669a   0x0800669a   0x00000002   PAD
    0x0800669c   0x0800669c   0x00000104   Code   RO         6143    i.create_name       ff.o
    0x080067a0   0x080067a0   0x00000034   Code   RO         6144    i.dbc_1st           ff.o
    0x080067d4   0x080067d4   0x00000048   Code   RO         6145    i.dbc_2nd           ff.o
    0x0800681c   0x0800681c   0x00000060   Code   RO         6146    i.dir_alloc         ff.o
    0x0800687c   0x0800687c   0x00000060   Code   RO         6147    i.dir_clear         ff.o
    0x080068dc   0x080068dc   0x0000006c   Code   RO         6148    i.dir_find          ff.o
    0x08006948   0x08006948   0x000000ca   Code   RO         6149    i.dir_next          ff.o
    0x08006a12   0x08006a12   0x00000074   Code   RO         6150    i.dir_read          ff.o
    0x08006a86   0x08006a86   0x0000003c   Code   RO         6151    i.dir_register      ff.o
    0x08006ac2   0x08006ac2   0x0000009a   Code   RO         6153    i.dir_sdi           ff.o
    0x08006b5c   0x08006b5c   0x0000001c   Code   RO         6100    i.disk_initialize   diskio.o
    0x08006b78   0x08006b78   0x00000028   Code   RO         6101    i.disk_ioctl        diskio.o
    0x08006ba0   0x08006ba0   0x0000002c   Code   RO         6102    i.disk_read         diskio.o
    0x08006bcc   0x08006bcc   0x0000001c   Code   RO         6103    i.disk_status       diskio.o
    0x08006be8   0x08006be8   0x0000002c   Code   RO         6104    i.disk_write        diskio.o
    0x08006c14   0x08006c14   0x00000022   Code   RO         6155    i.f_close           ff.o
    0x08006c36   0x08006c36   0x000000f6   Code   RO         6157    i.f_getfree         ff.o
    0x08006d2c   0x08006d2c   0x00000184   Code   RO         6159    i.f_lseek           ff.o
    0x08006eb0   0x08006eb0   0x00000054   Code   RO         6161    i.f_mount           ff.o
    0x08006f04   0x08006f04   0x000001f4   Code   RO         6162    i.f_open            ff.o
    0x080070f8   0x080070f8   0x0000006c   Code   RO         6163    i.f_opendir         ff.o
    0x08007164   0x08007164   0x0000019c   Code   RO         6167    i.f_read            ff.o
    0x08007300   0x08007300   0x0000004e   Code   RO         6168    i.f_readdir         ff.o
    0x0800734e   0x0800734e   0x0000003e   Code   RO         6170    i.f_stat            ff.o
    0x0800738c   0x0800738c   0x000000a0   Code   RO         6171    i.f_sync            ff.o
    0x0800742c   0x0800742c   0x0000005a   Code   RO         6174    i.f_utime           ff.o
    0x08007486   0x08007486   0x000001de   Code   RO         6175    i.f_write           ff.o
    0x08007664   0x08007664   0x00000078   Code   RO         6176    i.find_volume       ff.o
    0x080076dc   0x080076dc   0x0000009e   Code   RO         6177    i.follow_path       ff.o
    0x0800777a   0x0800777a   0x00000002   PAD
    0x0800777c   0x0800777c   0x00000034   Code   RO          537    i.fputc             uart.o
    0x080077b0   0x080077b0   0x00000050   Code   RO         6810    i.free              mc_w.l(malloc.o)
    0x08007800   0x08007800   0x000000e0   Code   RO         6178    i.get_fat           ff.o
    0x080078e0   0x080078e0   0x0000008e   Code   RO         6179    i.get_fileinfo      ff.o
    0x0800796e   0x0800796e   0x0000004e   Code   RO         6180    i.get_ldnumber      ff.o
    0x080079bc   0x080079bc   0x00000026   Code   RO         6181    i.ld_clust          ff.o
    0x080079e2   0x080079e2   0x00000018   Code   RO         6182    i.ld_dword          ff.o
    0x080079fa   0x080079fa   0x0000000c   Code   RO         6183    i.ld_word           ff.o
    0x08007a06   0x08007a06   0x00000002   PAD
    0x08007a08   0x08007a08   0x000000ac   Code   RO          593    i.main              main.o
    0x08007ab4   0x08007ab4   0x0000006c   Code   RO         6811    i.malloc            mc_w.l(malloc.o)
    0x08007b20   0x08007b20   0x00000024   Code   RO         6184    i.mem_cmp           ff.o
    0x08007b44   0x08007b44   0x0000001a   Code   RO         6185    i.mem_cpy           ff.o
    0x08007b5e   0x08007b5e   0x00000012   Code   RO         6186    i.mem_set           ff.o
    0x08007b70   0x08007b70   0x000002a8   Code   RO         6187    i.mount_volume      ff.o
    0x08007e18   0x08007e18   0x00000034   Code   RO         6188    i.move_window       ff.o
    0x08007e4c   0x08007e4c   0x00000138   Code   RO         6189    i.put_fat           ff.o
    0x08007f84   0x08007f84   0x0000009a   Code   RO         6193    i.remove_chain      ff.o
    0x0800801e   0x0800801e   0x00000024   Code   RO         6194    i.st_clust          ff.o
    0x08008042   0x08008042   0x00000018   Code   RO         6195    i.st_dword          ff.o
    0x0800805a   0x0800805a   0x0000000c   Code   RO         6196    i.st_word           ff.o
    0x08008066   0x08008066   0x00000002   PAD
    0x08008068   0x08008068   0x00000090   Code   RO         6197    i.sync_fs           ff.o
    0x080080f8   0x080080f8   0x0000004a   Code   RO         6198    i.sync_window       ff.o
    0x08008142   0x08008142   0x0000003c   Code   RO         6199    i.validate          ff.o
    0x0800817e   0x0800817e   0x00000002   PAD
    0x08008180   0x08008180   0x00000038   Data   RO         5062    .constdata          usb_host_devices.o
    0x080081b8   0x080081b8   0x0000001c   Data   RO         5242    .constdata          usb_host_hci.o
    0x080081d4   0x080081d4   0x00000004   Data   RO         5375    .constdata          usb_host_khci.o
    0x080081d8   0x080081d8   0x0000000a   Data   RO         6201    .constdata          ff.o
    0x080081e2   0x080081e2   0x00000002   PAD
    0x080081e4   0x080081e4   0x0000004f   Data   RO          756    .conststring        host_msd_fatfs.o
    0x08008233   0x08008233   0x00000001   PAD
    0x08008234   0x08008234   0x00000020   Data   RO         6882    Region$$Table       anon$$obj.o


    Execution Region RW_IRAM1 (Exec base: 0x20000000, Load base: 0x08008254, Size: 0x00003500, Max: 0x00020000, ABSOLUTE)

    Exec Addr    Load Addr    Size         Type   Attr      Idx    E Section Name        Object

    0x20000000   0x08008254   0x00000014   Data   RW            9    .data               system_mm32f327x.o
    0x20000014   0x08008268   0x00000004   Data   RW          423    .data               delay.o
    0x20000018   0x0800826c   0x00000004   Data   RW          667    .data               app.o
    0x2000001c   0x08008270   0x00000016   Data   RW          757    .data               host_msd_fatfs.o
    0x20000032   0x08008286   0x00000010   Data   RW         3230    .data               hal_rcc.o
    0x20000042   0x08008296   0x00000002   PAD
    0x20000044   0x08008298   0x00000004   Data   RW         5063    .data               usb_host_devices.o
    0x20000048   0x0800829c   0x00000018   Data   RW         5376    .data               usb_host_khci.o
    0x20000060   0x080082b4   0x00000008   Data   RW         5625    .data               usb_host_hub_app.o
    0x20000068   0x080082bc   0x00000002   Data   RW         6202    .data               ff.o
    0x2000006a   0x080082be   0x00000002   PAD
    0x2000006c   0x080082c0   0x0000000a   Data   RW         6499    .data               fsl_usb_disk_bm.o
    0x20000076   0x080082ca   0x00000002   PAD
    0x20000078   0x080082cc   0x00000004   Data   RW         6854    .data               mc_w.l(stdout.o)
    0x2000007c   0x080082d0   0x00000004   Data   RW         6859    .data               mc_w.l(mvars.o)
    0x20000080   0x080082d4   0x00000004   Data   RW         6860    .data               mc_w.l(mvars.o)
    0x20000084        -       0x00000850   Zero   RW          755    .bss                host_msd_fatfs.o
    0x200008d4        -       0x000003ac   Zero   RW         5241    .bss                usb_host_hci.o
    0x20000c80   0x080082d8   0x00000180   PAD
    0x20000e00        -       0x00000200   Zero   RW         5374    .bss                usb_host_khci.o
    0x20001000        -       0x00000010   Zero   RW         5624    .bss                usb_host_hub_app.o
    0x20001010        -       0x0000000c   Zero   RW         6200    .bss                ff.o
    0x2000101c        -       0x00000014   Zero   RW         6498    .bss                fsl_usb_disk_bm.o
    0x20001030        -       0x000000d0   Zero   RW         5962    .bss.m_usb_global   usb_osa_bm.o
    0x20001100        -       0x00000c00   Zero   RW          162    HEAP                startup_mm32f327x_keil.o
    0x20001d00        -       0x00001800   Zero   RW          161    STACK               startup_mm32f327x_keil.o


==============================================================================

Image component sizes


      Code (inc. data)   RO Data    RW Data    ZI Data      Debug   Object Name

       304         54          0          4          0      28933   app.o
        32          6          0          4          0       1728   delay.o
       184          0          0          0          0       4210   diskio.o
      6806         86         10          2         12      53746   ff.o
       954        114          0         10         20       7450   fsl_usb_disk_bm.o
       208         40          0          0          0       6751   hal_flash.o
       234          0          0          0          0       6273   hal_gpio.o
       276         56          0         16          0       7489   hal_rcc.o
       154          4          0          0          0       4329   hal_uart.o
      3204       1284         79         22       2128      36665   host_msd_fatfs.o
         0          0          0          0          0       5948   key.o
       196         12          0          0          0       1167   led.o
       172        110          0          0          0      19239   main.o
        36          8        400          0       9216        936   startup_mm32f327x_keil.o
       864         64          0         20          0     153188   system_mm32f327x.o
       244         18          0          0          0       3139   uart.o
      3120         42         56          4          0      21639   usb_host_devices.o
       130          0          0          0          0       2943   usb_host_framework.o
      1124         30         28          0        940      15578   usb_host_hci.o
      1026         10          0          0          0      12368   usb_host_hub.o
      2926        124          0          8         16      14880   usb_host_hub_app.o
      5426        234          4         24        512      25731   usb_host_khci.o
      2584         52          0          0          0      16755   usb_host_msd.o
       444         50          0          0          0       6028   usb_host_msd_ufi.o
       424         10          0          0        208      18036   usb_osa_bm.o

    ----------------------------------------------------------------------
     31118       2408        612        120      13436     475149   Object Totals
         0          0         32          0          0          0   (incl. Generated)
        46          0          3          6        384          0   (incl. Padding)

    ----------------------------------------------------------------------

      Code (inc. data)   RO Data    RW Data    ZI Data      Debug   Library Member Name

         0          0          0          0          0          0   entry.o
         0          0          0          0          0          0   entry10a.o
         0          0          0          0          0          0   entry11a.o
         4          0          0          0          0          0   entry12b.o
         8          4          0          0          0          0   entry2.o
         4          0          0          0          0          0   entry5.o
         0          0          0          0          0          0   entry7b.o
         0          0          0          0          0          0   entry8b.o
         8          4          0          0          0          0   entry9a.o
        30          0          0          0          0          0   handlers.o
        36          8          0          0          0         68   init.o
        30          0          0          0          0         68   llshl.o
        32          0          0          0          0         68   llushr.o
       188         20          0          0          0        160   malloc.o
         0          0          0          8          0          0   mvars.o
      1192         60          0          0          0        504   printf8.o
         0          0          0          4          0          0   stdout.o
        98          0          0          0          0         92   uldiv.o

    ----------------------------------------------------------------------
      1634         96          0         12          0        960   Library Totals
         4          0          0          0          0          0   (incl. Padding)

    ----------------------------------------------------------------------

      Code (inc. data)   RO Data    RW Data    ZI Data      Debug   Library Name

      1630         96          0         12          0        960   mc_w.l

    ----------------------------------------------------------------------
      1634         96          0         12          0        960   Library Totals

    ----------------------------------------------------------------------

==============================================================================


      Code (inc. data)   RO Data    RW Data    ZI Data      Debug   

     32752       2504        612        132      13436     464093   Grand Totals
     32752       2504        612        132      13436     464093   ELF Image Totals
     32752       2504        612        132          0          0   ROM Totals

==============================================================================

    Total RO  Size (Code + RO Data)                33364 (  32.58kB)
    Total RW  Size (RW Data + ZI Data)             13568 (  13.25kB)
    Total ROM Size (Code + RO Data + RW Data)      33496 (  32.71kB)

==============================================================================

