<html>
<body>
<pre>
<h1>µVision Build Log</h1>
<h2>Tool Versions:</h2>
IDE-Version: ¦ÌVision V5.33.0.0
Copyright (C) 2020 ARM Ltd and ARM Germany GmbH. All rights reserved.
License Information: 1 1, 1, LIC=FYKYW-QP0NF-74PS0-BY6X4-56IJR-4GQX0
 
Tool Versions:
Toolchain:       MDK-ARM Plus  Version: 5.33.0.0
Toolchain Path:  D:\Program Files (x86)\keil_v5\ARM\ARMCLANG\Bin
C Compiler:      ArmClang.exe V6.15
Assembler:       Armasm.exe V6.15
Linker/Locator:  ArmLink.exe V6.15
Library Manager: ArmAr.exe V6.15
Hex Converter:   FromElf.exe V6.15
CPU DLL:         SARMCM3.DLL V5.33.0.0
Dialog DLL:      DCM.DLL V1.17.3.0
Target DLL:      Segger\JL2CM3.dll V2.99.38.0
Dialog DLL:      TCM.DLL V1.48.0.0
 
<h2>Project:</h2>
E:\github\P40_about\P40_Demo\MM32F3273_TinyUSB_CDC_Host\ThirdParty\TinyUSB\Samples\CDC_Host\KEILPRJ\CDC_Host.uvprojx
Project File Date:  10/26/2023

<h2>Output:</h2>
*** Using Compiler 'V6.15', folder: 'D:\Program Files (x86)\keil_v5\ARM\ARMCLANG\Bin'
*** Note: Rebuilding project, since 'Options->Output->Create Batch File' is selected.
Rebuild target 'MM32Series'
compiling system_mm32f327x.c...
assembling startup_mm32f327x_keil.s...
compiling led.c...
compiling delay.c...
compiling sys.c...
compiling uart.c...
compiling main.c...
compiling tinyusb_host_cdc.c...
compiling tuh_hcd_port.c...
compiling cdc_app.c...
compiling hal_adc.c...
compiling hal_bkp.c...
compiling hal_can.c...
compiling hal_comp.c...
compiling hal_crc.c...
compiling hal_crs.c...
compiling hal_dac.c...
compiling hal_dbg.c...
compiling hal_dma.c...
compiling hal_eth.c...
compiling hal_exti.c...
compiling hal_flash.c...
compiling hal_fsmc.c...
compiling hal_gpio.c...
compiling hal_i2c.c...
compiling hal_iwdg.c...
compiling hal_misc.c...
compiling hal_pwr.c...
compiling hal_rcc.c...
compiling hal_rtc.c...
compiling hal_sdio.c...
compiling hal_spi.c...
compiling hal_tim.c...
compiling hal_uart.c...
compiling hal_uid.c...
compiling hal_ver.c...
compiling hal_wwdg.c...
compiling hal_usb.c...
compiling tusb.c...
compiling tusb_fifo.c...
compiling hub.c...
compiling usbh.c...
compiling cdc_host.c...
compiling cdc_rndis_host.c...
linking...
Program Size: Code=37454 RO-data=942 RW-data=28 ZI-data=5044  
FromELF: creating hex file...
".\OBJ\MBOUT.axf" - 0 Error(s), 0 Warning(s).

<h2>Software Packages used:</h2>

Package Vendor: MindMotion
                http://www.mindmotion.com.cn/Download/MDK_KEIL/MindMotion.MM32F3270_DFP.1.0.5.pack
                MindMotion.MM32F3270_DFP.1.0.5
                MindMotion MM32F3270 Series Device Support, Drivers and Examples

<h2>Collection of Component include folders:</h2>
  D:\Program Files (x86)\keil_v5\MindMotion\MM32F3270_DFP\1.0.5\Device\MM32F327x\Include

<h2>Collection of Component Files used:</h2>
Build Time Elapsed:  00:00:07
</pre>
</body>
</html>
