<html>
<body>
<pre>
<h1>礦ision Build Log</h1>
<h2>Project:</h2>
D:\工程\工程资料文件\开发板\板子资料\论坛发帖源码\CAN新增加例程\MINI-VET6\PC机通过CAN总线采用主从方式采集总线上的多块MINI板\用MINI板实现CAN转RS232 用于跟PC机串口连接（主从方式）\USER\STM32-DEMO.uvproj
Project File Date:  09/16/2014

<h2>Output:</h2>
Build target 'CAN-Loopback-DEMO'
assembling startup_stm32f10x_hd.s...
compiling main.c...
compiling stm32f10x_it.c...
compiling usart1.c...
compiling can.c...
can.c(85): warning:  #177-D: variable "TxMessage" was declared but never referenced
can.c:     CanTxMsg TxMessage;  
can.c:              ^
can.c: can.c: 1 warning, 0 errors
compiling led.c...
compiling stm32f10x_gpio.c...
compiling stm32f10x_rcc.c...
compiling stm32f10x_usart.c...
compiling stm32f10x_can.c...
compiling misc.c...
compiling core_cm3.c...
compiling system_stm32f10x.c...
linking...
Program Size: Code=8036 RO-data=580 RW-data=24 ZI-data=512  
FromELF: creating hex file...
"..\Output\STM32-DEMO.axf" - 0 Error(s), 1 Warning(s).
Build target 'CAN-Loopback-DEMO'
compiling can.c...
can.c(85): warning:  #177-D: variable "TxMessage" was declared but never referenced
can.c:     CanTxMsg TxMessage;  
can.c:              ^
can.c: can.c: 1 warning, 0 errors
linking...
Program Size: Code=8036 RO-data=580 RW-data=24 ZI-data=512  
FromELF: creating hex file...
"..\Output\STM32-DEMO.axf" - 0 Error(s), 1 Warning(s).
Build target 'CAN-Loopback-DEMO'
compiling can.c...
can.c(85): warning:  #177-D: variable "TxMessage" was declared but never referenced
can.c:     CanTxMsg TxMessage;  
can.c:              ^
can.c: can.c: 1 warning, 0 errors
linking...
Program Size: Code=8036 RO-data=580 RW-data=24 ZI-data=512  
FromELF: creating hex file...
"..\Output\STM32-DEMO.axf" - 0 Error(s), 1 Warning(s).
Load "..\\Output\\STM32-DEMO.AXF" 
Set JLink Project File to "D:\工程\工程资料文件\开发板\板子资料\论坛发帖源码\CAN新增加例程\MINI-VET6\PC机通过CAN总线采用主从方式采集总线上的多块MINI板\用MINI板实现CAN转RS232 用于跟PC机串口连接（主从方式）\USER\JLinkSettings.ini"
 
JLink info:
------------
DLL: V4.15n, compiled Jun 18 2010 19:55:09
Firmware: J-Link ARM V8 compiled May 20 2010 17:07:46
Hardware: V8.00
S/N : 17935099 
Feature(s) : RDI,FlashDL,FlashBP,JFlash 
 
* JLink Info: TotalIRLen = 9, IRPrint = 0x0011
* JLink Info: Found Cortex-M3 r1p1, Little endian.
* JLink Info: TPIU fitted.
* JLink Info: ETM fitted.
* JLink Info:   FPUnit: 6 code (BP) slots and 2 literal slots
ROMTableAddr = 0xE00FF003
 
Target info:
------------
Device: STM32F103VE
VTarget = 3.313V
State of Pins: 
TCK: 1, TDI: 0, TDO: 1, TMS: 0, TRES: 1, TRST: 1
* JLink Info: TotalIRLen = 9, IRPrint = 0x0011
* JLink Info: Found Cortex-M3 r1p1, Little endian.
* JLink Info: TPIU fitted.
* JLink Info: ETM fitted.
* JLink Info:   FPUnit: 6 code (BP) slots and 2 literal slots
Hardware-Breakpoints: 6
Software-Breakpoints: 2048
Watchpoints:          4
JTAG speed: 2000 kHz
 
Full Chip Erase Done.
Programming Done.
Verify OK.
* JLink Info: TotalIRLen = 9, IRPrint = 0x0011
* JLink Info: Found Cortex-M3 r1p1, Little endian.
* JLink Info: TPIU fitted.
* JLink Info: ETM fitted.
* JLink Info:   FPUnit: 6 code (BP) slots and 2 literal slots
Application running ...
Build target 'CAN-Loopback-DEMO'
linking...
Program Size: Code=8036 RO-data=580 RW-data=24 ZI-data=512  
FromELF: creating hex file...
"..\Output\STM32-DEMO.axf" - 0 Error(s), 0 Warning(s).
Load "..\\Output\\STM32-DEMO.AXF" 
Set JLink Project File to "D:\工程\工程资料文件\开发板\板子资料\论坛发帖源码\CAN新增加例程\MINI-VET6\PC机通过CAN总线采用主从方式采集总线上的多块MINI板\用MINI板实现CAN转RS232 用于跟PC机串口连接（主从方式）\USER\JLinkSettings.ini"
 
JLink info:
------------
DLL: V4.15n, compiled Jun 18 2010 19:55:09
Firmware: J-Link ARM V8 compiled May 20 2010 17:07:46
Hardware: V8.00
S/N : 17935099 
Feature(s) : RDI,FlashDL,FlashBP,JFlash 
 
* JLink Info: TotalIRLen = 9, IRPrint = 0x0011
* JLink Info: Found Cortex-M3 r1p1, Little endian.
* JLink Info: TPIU fitted.
* JLink Info: ETM fitted.
* JLink Info:   FPUnit: 6 code (BP) slots and 2 literal slots
ROMTableAddr = 0xE00FF003
 
Target info:
------------
Device: STM32F103VE
VTarget = 3.313V
State of Pins: 
TCK: 1, TDI: 0, TDO: 1, TMS: 0, TRES: 1, TRST: 1
* JLink Info: TotalIRLen = 9, IRPrint = 0x0011
* JLink Info: Found Cortex-M3 r1p1, Little endian.
* JLink Info: TPIU fitted.
* JLink Info: ETM fitted.
* JLink Info:   FPUnit: 6 code (BP) slots and 2 literal slots
Hardware-Breakpoints: 6
Software-Breakpoints: 2048
Watchpoints:          4
JTAG speed: 2000 kHz
 
Full Chip Erase Done.
Programming Done.
Verify OK.
* JLink Info: TotalIRLen = 9, IRPrint = 0x0011
* JLink Info: Found Cortex-M3 r1p1, Little endian.
* JLink Info: TPIU fitted.
* JLink Info: ETM fitted.
* JLink Info:   FPUnit: 6 code (BP) slots and 2 literal slots
Application running ...
