Component: ARM Compiler 5.05 update 1 (build 106) Tool: armlink [4d0efa]

==============================================================================

Section Cross References

    system_mm32f327x.o(i.SetSysClock) refers to system_mm32f327x.o(i.SetSysClockToXX) for SetSysClockToXX
    system_mm32f327x.o(i.SetSysClockToXX) refers to system_mm32f327x.o(i.DELAY_xUs) for DELAY_xUs
    system_mm32f327x.o(i.SetSysClockToXX) refers to system_mm32f327x.o(i.AutoCalPllFactor) for AutoCalPllFactor
    system_mm32f327x.o(i.SetSysClockToXX) refers to system_mm32f327x.o(.data) for .data
    system_mm32f327x.o(i.SystemInit) refers to system_mm32f327x.o(i.SetSysClock) for SetSysClock
    startup_mm32f327x_keil.o(RESET) refers to startup_mm32f327x_keil.o(STACK) for __initial_sp
    startup_mm32f327x_keil.o(RESET) refers to startup_mm32f327x_keil.o(.text) for Reset_Handler
    startup_mm32f327x_keil.o(RESET) refers to delay.o(i.SysTick_Handler) for SysTick_Handler
    startup_mm32f327x_keil.o(RESET) refers to app.o(i.OTG_FS_IRQHandler) for OTG_FS_IRQHandler
    startup_mm32f327x_keil.o(.text) refers to system_mm32f327x.o(i.SystemInit) for SystemInit
    startup_mm32f327x_keil.o(.text) refers to entry.o(.ARM.Collect$$$$00000000) for __main
    key.o(i.KEY_Init) refers to hal_rcc.o(i.RCC_AHBPeriphClockCmd) for RCC_AHBPeriphClockCmd
    key.o(i.KEY_Init) refers to hal_gpio.o(i.GPIO_StructInit) for GPIO_StructInit
    key.o(i.KEY_Init) refers to hal_gpio.o(i.GPIO_Init) for GPIO_Init
    key.o(i.KEY_Init) refers to hal_gpio.o(i.GPIO_PinAFConfig) for GPIO_PinAFConfig
    key.o(i.KEY_Scan) refers to hal_gpio.o(i.GPIO_ReadInputDataBit) for GPIO_ReadInputDataBit
    key.o(i.KEY_Scan) refers to delay.o(i.DELAY_Ms) for DELAY_Ms
    key.o(i.KEY_Scan) refers to key.o(.data) for .data
    led.o(i.LED_Init) refers to hal_rcc.o(i.RCC_AHBPeriphClockCmd) for RCC_AHBPeriphClockCmd
    led.o(i.VBUS_CTR_Init) refers to hal_rcc.o(i.RCC_AHBPeriphClockCmd) for RCC_AHBPeriphClockCmd
    led.o(i.VBUS_CTR_Init) refers to hal_gpio.o(i.GPIO_StructInit) for GPIO_StructInit
    led.o(i.VBUS_CTR_Init) refers to hal_gpio.o(i.GPIO_Init) for GPIO_Init
    led.o(i.VBUS_CTR_Init) refers to hal_gpio.o(i.GPIO_ResetBits) for GPIO_ResetBits
    delay.o(i.DELAY_Init) refers to delay.o(i.__NVIC_SetPriority) for __NVIC_SetPriority
    delay.o(i.DELAY_Init) refers to system_mm32f327x.o(.data) for SystemCoreClock
    delay.o(i.DELAY_Ms) refers to delay.o(.data) for .data
    delay.o(i.DELAY_Ms) refers to main.o(.data) for asd
    delay.o(i.SysTick_Handler) refers to delay.o(i.TimingDelayDecrement) for TimingDelayDecrement
    delay.o(i.TimingDelayDecrement) refers to delay.o(.data) for .data
    sys.o(i.SYSCLK_Init) refers to memcpya.o(.text) for __aeabi_memcpy4
    sys.o(i.SYSCLK_Init) refers to sys.o(i.DELAY_Nop) for DELAY_Nop
    sys.o(i.SYSCLK_Init) refers to sys.o(i.exRCC_ClkPrescaler_Init) for exRCC_ClkPrescaler_Init
    sys.o(i.SYSCLK_Init) refers to sys.o(.constdata) for .constdata
    sys.o(i.SYSCLK_Init) refers to sys.o(.data) for .data
    sys.o(i.SystemReInit) refers to sys.o(i.RCC_SetDefault) for RCC_SetDefault
    sys.o(i.SystemReInit) refers to sys.o(i.SYSCLK_Init) for SYSCLK_Init
    uart.o(i.CONSOLE_Init) refers to hal_rcc.o(i.RCC_APB1PeriphClockCmd) for RCC_APB1PeriphClockCmd
    uart.o(i.CONSOLE_Init) refers to hal_rcc.o(i.RCC_AHBPeriphClockCmd) for RCC_AHBPeriphClockCmd
    uart.o(i.CONSOLE_Init) refers to hal_gpio.o(i.GPIO_PinAFConfig) for GPIO_PinAFConfig
    uart.o(i.CONSOLE_Init) refers to hal_uart.o(i.UART_StructInit) for UART_StructInit
    uart.o(i.CONSOLE_Init) refers to hal_uart.o(i.UART_Init) for UART_Init
    uart.o(i.CONSOLE_Init) refers to hal_uart.o(i.UART_Cmd) for UART_Cmd
    uart.o(i.CONSOLE_Init) refers to hal_gpio.o(i.GPIO_StructInit) for GPIO_StructInit
    uart.o(i.CONSOLE_Init) refers to hal_gpio.o(i.GPIO_Init) for GPIO_Init
    main.o(i.main) refers to uart.o(i.CONSOLE_Init) for CONSOLE_Init
    main.o(i.main) refers to delay.o(i.DELAY_Init) for DELAY_Init
    main.o(i.main) refers to hal_flash.o(i.FLASH_Unlock) for FLASH_Unlock
    main.o(i.main) refers to hal_flash.o(i.FLASH_ClearFlag) for FLASH_ClearFlag
    main.o(i.main) refers to hal_flash.o(i.FLASH_ErasePage) for FLASH_ErasePage
    main.o(i.main) refers to hal_flash.o(i.FLASH_ProgramHalfWord) for FLASH_ProgramHalfWord
    main.o(i.main) refers to hal_flash.o(i.FLASH_Lock) for FLASH_Lock
    main.o(i.main) refers to delay.o(i.DELAY_Ms) for DELAY_Ms
    main.o(i.main) refers to app.o(i.USB_HostApplicationInit) for USB_HostApplicationInit
    main.o(i.main) refers to main.o(i.__NVIC_SystemReset) for __NVIC_SystemReset
    main.o(i.main) refers to host_msd_fatfs.o(i.USB_HostMsdTask) for USB_HostMsdTask
    main.o(i.main) refers to app.o(i.USB_HostTaskFn) for USB_HostTaskFn
    main.o(i.main) refers to main.o(.data) for .data
    main.o(i.main) refers to app.o(.data) for g_HostHandle
    main.o(i.main) refers to host_msd_fatfs.o(.bss) for g_MsdFatfsInstance
[...]
    USB_HostMsdClearHalt                     0x08002315   Thumb Code    94  usb_host_msd.o(i.USB_HostMsdClearHalt)
    i.USB_HostMsdClearHaltCallback           0x08002372   Section        0  usb_host_msd.o(i.USB_HostMsdClearHaltCallback)
    USB_HostMsdClearHaltCallback             0x08002373   Thumb Code    46  usb_host_msd.o(i.USB_HostMsdClearHaltCallback)
    i.USB_HostMsdCommand                     0x080023a0   Section        0  usb_host_msd.o(i.USB_HostMsdCommand)
    i.USB_HostMsdCommandDone                 0x08002418   Section        0  usb_host_msd.o(i.USB_HostMsdCommandDone)
    USB_HostMsdCommandDone                   0x08002419   Thumb Code    28  usb_host_msd.o(i.USB_HostMsdCommandDone)
    i.USB_HostMsdControl                     0x08002434   Section        0  usb_host_msd.o(i.USB_HostMsdControl)
    USB_HostMsdControl                       0x08002435   Thumb Code   130  usb_host_msd.o(i.USB_HostMsdControl)
    i.USB_HostMsdControlCallback             0x080024b8   Section        0  host_msd_fatfs.o(i.USB_HostMsdControlCallback)
    i.USB_HostMsdCswCallback                 0x080024d4   Section        0  usb_host_msd.o(i.USB_HostMsdCswCallback)
    USB_HostMsdCswCallback                   0x080024d5   Thumb Code   316  usb_host_msd.o(i.USB_HostMsdCswCallback)
    i.USB_HostMsdDataCallback                0x08002618   Section        0  usb_host_msd.o(i.USB_HostMsdDataCallback)
    USB_HostMsdDataCallback                  0x08002619   Thumb Code   158  usb_host_msd.o(i.USB_HostMsdDataCallback)
    i.USB_HostMsdDeinit                      0x080026bc   Section        0  usb_host_msd.o(i.USB_HostMsdDeinit)
    i.USB_HostMsdEvent                       0x08002724   Section        0  host_msd_fatfs.o(i.USB_HostMsdEvent)
    i.USB_HostMsdFatfsDisplayFileInfo        0x080027e8   Section        0  host_msd_fatfs.o(i.USB_HostMsdFatfsDisplayFileInfo)
    USB_HostMsdFatfsDisplayFileInfo          0x080027e9   Thumb Code     2  host_msd_fatfs.o(i.USB_HostMsdFatfsDisplayFileInfo)
    i.USB_HostMsdFatfsListDirectory          0x080027ea   Section        0  host_msd_fatfs.o(i.USB_HostMsdFatfsListDirectory)
    USB_HostMsdFatfsListDirectory            0x080027eb   Thumb Code    48  host_msd_fatfs.o(i.USB_HostMsdFatfsListDirectory)
    i.USB_HostMsdFatfsTestDone               0x0800281a   Section        0  host_msd_fatfs.o(i.USB_HostMsdFatfsTestDone)
    USB_HostMsdFatfsTestDone                 0x0800281b   Thumb Code     2  host_msd_fatfs.o(i.USB_HostMsdFatfsTestDone)
    i.USB_HostMsdFatfsUserReadWrite          0x0800281c   Section        0  host_msd_fatfs.o(i.USB_HostMsdFatfsUserReadWrite)
    USB_HostMsdFatfsUserReadWrite            0x0800281d   Thumb Code   496  host_msd_fatfs.o(i.USB_HostMsdFatfsUserReadWrite)
    i.USB_HostMsdGetDiskStatus               0x08002a30   Section        0  fsl_usb_disk_bm.o(i.USB_HostMsdGetDiskStatus)
    i.USB_HostMsdInit                        0x08002a34   Section        0  usb_host_msd.o(i.USB_HostMsdInit)
    i.USB_HostMsdInitializeDisk              0x08002a88   Section        0  fsl_usb_disk_bm.o(i.USB_HostMsdInitializeDisk)
    i.USB_HostMsdIoctlDisk                   0x08002b50   Section        0  fsl_usb_disk_bm.o(i.USB_HostMsdIoctlDisk)
    i.USB_HostMsdMassResetCallback           0x08002c40   Section        0  usb_host_msd.o(i.USB_HostMsdMassResetCallback)
    USB_HostMsdMassResetCallback             0x08002c41   Thumb Code    56  usb_host_msd.o(i.USB_HostMsdMassResetCallback)
    i.USB_HostMsdMassResetClearInCallback    0x08002c7c   Section        0  usb_host_msd.o(i.USB_HostMsdMassResetClearInCallback)
    USB_HostMsdMassResetClearInCallback      0x08002c7d   Thumb Code    52  usb_host_msd.o(i.USB_HostMsdMassResetClearInCallback)
    i.USB_HostMsdMassResetClearOutCallback   0x08002cb4   Section        0  usb_host_msd.o(i.USB_HostMsdMassResetClearOutCallback)
    USB_HostMsdMassResetClearOutCallback     0x08002cb5   Thumb Code    28  usb_host_msd.o(i.USB_HostMsdMassResetClearOutCallback)
    i.USB_HostMsdMassStorageReset            0x08002cd0   Section        0  usb_host_msd.o(i.USB_HostMsdMassStorageReset)
    i.USB_HostMsdOpenInterface               0x08002cf4   Section        0  usb_host_msd.o(i.USB_HostMsdOpenInterface)
    USB_HostMsdOpenInterface                 0x08002cf5   Thumb Code   248  usb_host_msd.o(i.USB_HostMsdOpenInterface)
    i.USB_HostMsdProcessCommand              0x08002dec   Section        0  usb_host_msd.o(i.USB_HostMsdProcessCommand)
    USB_HostMsdProcessCommand                0x08002ded   Thumb Code   206  usb_host_msd.o(i.USB_HostMsdProcessCommand)
    i.USB_HostMsdRead10                      0x08002ec8   Section        0  usb_host_msd_ufi.o(i.USB_HostMsdRead10)
    i.USB_HostMsdReadCapacity                0x08002f34   Section        0  usb_host_msd_ufi.o(i.USB_HostMsdReadCapacity)
    i.USB_HostMsdReadDisk                    0x08002f78   Section        0  fsl_usb_disk_bm.o(i.USB_HostMsdReadDisk)
    i.USB_HostMsdRequestSense                0x08002ff4   Section        0  usb_host_msd_ufi.o(i.USB_HostMsdRequestSense)
    i.USB_HostMsdResetDone                   0x0800303c   Section        0  usb_host_msd.o(i.USB_HostMsdResetDone)
    USB_HostMsdResetDone                     0x0800303d   Thumb Code    64  usb_host_msd.o(i.USB_HostMsdResetDone)
    i.USB_HostMsdSetInterface                0x0800307c   Section        0  usb_host_msd.o(i.USB_HostMsdSetInterface)
    i.USB_HostMsdSetInterfaceCallback        0x08003148   Section        0  usb_host_msd.o(i.USB_HostMsdSetInterfaceCallback)
    USB_HostMsdSetInterfaceCallback          0x08003149   Thumb Code    48  usb_host_msd.o(i.USB_HostMsdSetInterfaceCallback)
    i.USB_HostMsdTask                        0x08003178   Section        0  host_msd_fatfs.o(i.USB_HostMsdTask)
    i.USB_HostMsdTestUnitReady               0x08003204   Section        0  usb_host_msd_ufi.o(i.USB_HostMsdTestUnitReady)
    i.USB_HostMsdUfiCallback                 0x08003230   Section        0  fsl_usb_disk_bm.o(i.USB_HostMsdUfiCallback)
    USB_HostMsdUfiCallback                   0x08003231   Thumb Code    10  fsl_usb_disk_bm.o(i.USB_HostMsdUfiCallback)
    i.USB_HostMsdWrite10                     0x08003240   Section        0  usb_host_msd_ufi.o(i.USB_HostMsdWrite10)
    i.USB_HostMsdWriteDisk                   0x080032ac   Section        0  fsl_usb_disk_bm.o(i.USB_HostMsdWriteDisk)
    i.USB_HostNotifyDevice                   0x08003328   Section        0  usb_host_devices.o(i.USB_HostNotifyDevice)
    USB_HostNotifyDevice                     0x08003329   Thumb Code   128  usb_host_devices.o(i.USB_HostNotifyDevice)
    i.USB_HostOpenDeviceInterface            0x080033a8   Section        0  usb_host_devices.o(i.USB_HostOpenDeviceInterface)
    i.USB_HostOpenPipe                       0x08003438   Section        0  usb_host_hci.o(i.USB_HostOpenPipe)
    i.USB_HostParseDeviceConfigurationDescriptor 0x0800344e   Section        0  usb_host_devices.o(i.USB_HostParseDeviceConfigurationDescriptor)
    USB_HostParseDeviceConfigurationDescriptor 0x0800344f   Thumb Code   496  usb_host_devices.o(i.USB_HostParseDeviceConfigurationDescriptor)
    i.USB_HostProcessCallback                0x0800363e   Section        0  usb_host_devices.o(i.USB_HostProcessCallback)
    USB_HostProcessCallback                  0x0800363f   Thumb Code   242  usb_host_devices.o(i.USB_HostProcessCallback)
    i.USB_HostProcessState                   0x08003730   Section        0  usb_host_devices.o(i.USB_HostProcessState)
    USB_HostProcessState                     0x08003731   Thumb Code   362  usb_host_devices.o(i.USB_HostProcessState)
    i.USB_HostRecv                           0x080038a0   Section        0  usb_host_hci.o(i.USB_HostRecv)
    i.USB_HostReleaseDeviceAddress           0x080038de   Section        0  usb_host_devices.o(i.USB_HostReleaseDeviceAddress)
    USB_HostReleaseDeviceAddress             0x080038df   Thumb Code    46  usb_host_devices.o(i.USB_HostReleaseDeviceAddress)
    i.USB_HostReleaseDeviceResource          0x0800390c   Section        0  usb_host_devices.o(i.USB_HostReleaseDeviceResource)
    USB_HostReleaseDeviceResource            0x0800390d   Thumb Code   110  usb_host_devices.o(i.USB_HostReleaseDeviceResource)
    i.USB_HostReleaseInstance                0x0800397a   Section        0  usb_host_hci.o(i.USB_HostReleaseInstance)
    USB_HostReleaseInstance                  0x0800397b   Thumb Code    24  usb_host_hci.o(i.USB_HostReleaseInstance)
    i.USB_HostRemoveDeviceInstance           0x08003992   Section        0  usb_host_devices.o(i.USB_HostRemoveDeviceInstance)
    USB_HostRemoveDeviceInstance             0x08003993   Thumb Code    56  usb_host_devices.o(i.USB_HostRemoveDeviceInstance)
    i.USB_HostSend                           0x080039ca   Section        0  usb_host_hci.o(i.USB_HostSend)
    i.USB_HostSendSetup                      0x08003a06   Section        0  usb_host_hci.o(i.USB_HostSendSetup)
    i.USB_HostStandardSetAddress             0x08003a58   Section        0  usb_host_framework.o(i.USB_HostStandardSetAddress)
    i.USB_HostStandardSetGetDescriptor       0x08003a66   Section        0  usb_host_framework.o(i.USB_HostStandardSetGetDescriptor)
    i.USB_HostTaskFn                         0x08003a84   Section        0  app.o(i.USB_HostTaskFn)
    i.USB_HostValidateDevice                 0x08003a88   Section        0  usb_host_devices.o(i.USB_HostValidateDevice)
    i.USB_OsaEnterCritical                   0x08003aa8   Section        0  usb_osa_bm.o(i.USB_OsaEnterCritical)
    i.USB_OsaEventClear                      0x08003ab4   Section        0  usb_osa_bm.o(i.USB_OsaEventClear)
    i.USB_OsaEventCreate                     0x08003adc   Section        0  usb_osa_bm.o(i.USB_OsaEventCreate)
    i.USB_OsaEventDestroy                    0x08003b38   Section        0  usb_osa_bm.o(i.USB_OsaEventDestroy)
    i.USB_OsaEventSet                        0x08003b58   Section        0  usb_osa_bm.o(i.USB_OsaEventSet)
    i.USB_OsaEventWait                       0x08003b7c   Section        0  usb_osa_bm.o(i.USB_OsaEventWait)
    i.USB_OsaExitCritical                    0x08003bca   Section        0  usb_osa_bm.o(i.USB_OsaExitCritical)
    i.USB_OsaMemoryAllocate                  0x08003bd0   Section        0  usb_osa_bm.o(i.USB_OsaMemoryAllocate)
    i.USB_OsaMemoryFree                      0x08003bee   Section        0  usb_osa_bm.o(i.USB_OsaMemoryFree)
    i.USB_OsaMutexCreate                     0x08003bf4   Section        0  usb_osa_bm.o(i.USB_OsaMutexCreate)
    i.USB_OsaMutexDestroy                    0x08003c08   Section        0  usb_osa_bm.o(i.USB_OsaMutexDestroy)
    i.USB_OsaMutexLock                       0x08003c0c   Section        0  usb_osa_bm.o(i.USB_OsaMutexLock)
    i.USB_OsaMutexUnlock                     0x08003c10   Section        0  usb_osa_bm.o(i.USB_OsaMutexUnlock)
    i.Verify_firmware_data                   0x08003c14   Section        0  boot.o(i.Verify_firmware_data)
    i._USB_HostKhciAtomNonblockingTransaction 0x08003d3c   Section        0  usb_host_khci.o(i._USB_HostKhciAtomNonblockingTransaction)
    _USB_HostKhciAtomNonblockingTransaction  0x08003d3d   Thumb Code   478  usb_host_khci.o(i._USB_HostKhciAtomNonblockingTransaction)
    i._USB_HostKhciAttach                    0x08003f24   Section        0  usb_host_khci.o(i._USB_HostKhciAttach)
    _USB_HostKhciAttach                      0x08003f25   Thumb Code   340  usb_host_khci.o(i._USB_HostKhciAttach)
    i._USB_HostKhciBusControl                0x08004080   Section        0  usb_host_khci.o(i._USB_HostKhciBusControl)
    _USB_HostKhciBusControl                  0x08004081   Thumb Code   162  usb_host_khci.o(i._USB_HostKhciBusControl)
    i._USB_HostKhciCancelPipe                0x08004122   Section        0  usb_host_khci.o(i._USB_HostKhciCancelPipe)
    _USB_HostKhciCancelPipe                  0x08004123   Thumb Code    74  usb_host_khci.o(i._USB_HostKhciCancelPipe)
    i._USB_HostKhciDelay                     0x0800416c   Section        0  usb_host_khci.o(i._USB_HostKhciDelay)
    _USB_HostKhciDelay                       0x0800416d   Thumb Code    28  usb_host_khci.o(i._USB_HostKhciDelay)
    i._USB_HostKhciDetach                    0x08004188   Section        0  usb_host_khci.o(i._USB_HostKhciDetach)
    _USB_HostKhciDetach                      0x08004189   Thumb Code    80  usb_host_khci.o(i._USB_HostKhciDetach)
    i._USB_HostKhciFinishTranfer             0x080041d8   Section        0  usb_host_khci.o(i._USB_HostKhciFinishTranfer)
    _USB_HostKhciFinishTranfer               0x080041d9   Thumb Code   214  usb_host_khci.o(i._USB_HostKhciFinishTranfer)
    i._USB_HostKhciGetFrameCount             0x080042b8   Section        0  usb_host_khci.o(i._USB_HostKhciGetFrameCount)
    _USB_HostKhciGetFrameCount               0x080042b9   Thumb Code    16  usb_host_khci.o(i._USB_HostKhciGetFrameCount)
    i._USB_HostKhciGetFrameCountSum          0x080042c8   Section        0  usb_host_khci.o(i._USB_HostKhciGetFrameCountSum)
    _USB_HostKhciGetFrameCountSum            0x080042c9   Thumb Code    32  usb_host_khci.o(i._USB_HostKhciGetFrameCountSum)
    i._USB_HostKhciGetRightTrRequest         0x080042ec   Section        0  usb_host_khci.o(i._USB_HostKhciGetRightTrRequest)
    _USB_HostKhciGetRightTrRequest           0x080042ed   Thumb Code   204  usb_host_khci.o(i._USB_HostKhciGetRightTrRequest)
    i._USB_HostKhciGetRoundUpPow2            0x080043b8   Section        0  usb_host_khci.o(i._USB_HostKhciGetRoundUpPow2)
    _USB_HostKhciGetRoundUpPow2              0x080043b9   Thumb Code    26  usb_host_khci.o(i._USB_HostKhciGetRoundUpPow2)
    i._USB_HostKhciLinkTrRequestToList       0x080043d2   Section        0  usb_host_khci.o(i._USB_HostKhciLinkTrRequestToList)
    _USB_HostKhciLinkTrRequestToList         0x080043d3   Thumb Code   120  usb_host_khci.o(i._USB_HostKhciLinkTrRequestToList)
    i._USB_HostKhciProcessTrCallback         0x0800444a   Section        0  usb_host_khci.o(i._USB_HostKhciProcessTrCallback)
    _USB_HostKhciProcessTrCallback           0x0800444b   Thumb Code   126  usb_host_khci.o(i._USB_HostKhciProcessTrCallback)
    i._USB_HostKhciReset                     0x080044c8   Section        0  usb_host_khci.o(i._USB_HostKhciReset)
    _USB_HostKhciReset                       0x080044c9   Thumb Code    86  usb_host_khci.o(i._USB_HostKhciReset)
    i._USB_HostKhciStartTranfer              0x08004520   Section        0  usb_host_khci.o(i._USB_HostKhciStartTranfer)
    _USB_HostKhciStartTranfer                0x08004521   Thumb Code   256  usb_host_khci.o(i._USB_HostKhciStartTranfer)
    i._USB_HostKhciTransactionDone           0x08004624   Section        0  usb_host_khci.o(i._USB_HostKhciTransactionDone)
    _USB_HostKhciTransactionDone             0x08004625   Thumb Code   332  usb_host_khci.o(i._USB_HostKhciTransactionDone)
    i._USB_HostKhciTransferClearUp           0x08004780   Section        0  usb_host_khci.o(i._USB_HostKhciTransferClearUp)
    i._USB_HostKhciTransferStateMachine      0x080047f4   Section        0  usb_host_khci.o(i._USB_HostKhciTransferStateMachine)
    i._USB_HostKhciUnlinkTrRequestFromList   0x08004944   Section        0  usb_host_khci.o(i._USB_HostKhciUnlinkTrRequestFromList)
    _USB_HostKhciUnlinkTrRequestFromList     0x08004945   Thumb Code   126  usb_host_khci.o(i._USB_HostKhciUnlinkTrRequestFromList)
    i.__0sprintf$2                           0x080049c4   Section        0  printf2.o(i.__0sprintf$2)
    i.__NVIC_SetPriority                     0x080049ec   Section        0  delay.o(i.__NVIC_SetPriority)
    __NVIC_SetPriority                       0x080049ed   Thumb Code    32  delay.o(i.__NVIC_SetPriority)
    i.__NVIC_SystemReset                     0x08004a0c   Section        0  main.o(i.__NVIC_SystemReset)
    __NVIC_SystemReset                       0x08004a0d   Thumb Code    26  main.o(i.__NVIC_SystemReset)
    i.__scatterload_copy                     0x08004a30   Section       14  handlers.o(i.__scatterload_copy)
    i.__scatterload_null                     0x08004a3e   Section        2  handlers.o(i.__scatterload_null)
    i.__scatterload_zeroinit                 0x08004a40   Section       14  handlers.o(i.__scatterload_zeroinit)
    i._printf_core                           0x08004a4e   Section        0  printf2.o(i._printf_core)
    _printf_core                             0x08004a4f   Thumb Code   214  printf2.o(i._printf_core)
    i._sputc                                 0x08004b24   Section        0  printf2.o(i._sputc)
    _sputc                                   0x08004b25   Thumb Code    10  printf2.o(i._sputc)
    i.check_fs                               0x08004b30   Section        0  ff.o(i.check_fs)
    check_fs                                 0x08004b31   Thumb Code   164  ff.o(i.check_fs)
    i.chk_chr                                0x08004be0   Section        0  ff.o(i.chk_chr)
    chk_chr                                  0x08004be1   Thumb Code    16  ff.o(i.chk_chr)
    i.clst2sect                              0x08004bf0   Section        0  ff.o(i.clst2sect)
    clst2sect                                0x08004bf1   Thumb Code    24  ff.o(i.clst2sect)
    i.create_chain                           0x08004c08   Section        0  ff.o(i.create_chain)
    create_chain                             0x08004c09   Thumb Code   238  ff.o(i.create_chain)
    i.create_name                            0x08004cf8   Section        0  ff.o(i.create_name)
    create_name                              0x08004cf9   Thumb Code   224  ff.o(i.create_name)
    i.dbc_1st                                0x08004de8   Section        0  ff.o(i.dbc_1st)
    dbc_1st                                  0x08004de9   Thumb Code    26  ff.o(i.dbc_1st)
    i.dbc_2nd                                0x08004e02   Section        0  ff.o(i.dbc_2nd)
    dbc_2nd                                  0x08004e03   Thumb Code    26  ff.o(i.dbc_2nd)
    i.dir_alloc                              0x08004e1c   Section        0  ff.o(i.dir_alloc)
    dir_alloc                                0x08004e1d   Thumb Code    74  ff.o(i.dir_alloc)
    i.dir_clear                              0x08004e66   Section        0  ff.o(i.dir_clear)
    dir_clear                                0x08004e67   Thumb Code    94  ff.o(i.dir_clear)
    i.dir_find                               0x08004ec4   Section        0  ff.o(i.dir_find)
    dir_find                                 0x08004ec5   Thumb Code   128  ff.o(i.dir_find)
    i.dir_next                               0x08004f44   Section        0  ff.o(i.dir_next)
    dir_next                                 0x08004f45   Thumb Code   198  ff.o(i.dir_next)
    i.dir_read                               0x0800500a   Section        0  ff.o(i.dir_read)
    dir_read                                 0x0800500b   Thumb Code    96  ff.o(i.dir_read)
    i.dir_register                           0x0800506a   Section        0  ff.o(i.dir_register)
    dir_register                             0x0800506b   Thumb Code    60  ff.o(i.dir_register)
    i.dir_sdi                                0x080050a6   Section        0  ff.o(i.dir_sdi)
    dir_sdi                                  0x080050a7   Thumb Code   148  ff.o(i.dir_sdi)
    i.disk_initialize                        0x0800513a   Section        0  diskio.o(i.disk_initialize)
    i.disk_ioctl                             0x08005146   Section        0  diskio.o(i.disk_ioctl)
    i.disk_read                              0x08005152   Section        0  diskio.o(i.disk_read)
    i.disk_status                            0x0800515e   Section        0  diskio.o(i.disk_status)
    i.disk_write                             0x0800516a   Section        0  diskio.o(i.disk_write)
    i.f_close                                0x08005176   Section        0  ff.o(i.f_close)
    i.f_getfree                              0x08005196   Section        0  ff.o(i.f_getfree)
    i.f_lseek                                0x08005260   Section        0  ff.o(i.f_lseek)
    i.f_mount                                0x080053c0   Section        0  ff.o(i.f_mount)
    i.f_open                                 0x08005408   Section        0  ff.o(i.f_open)
    i.f_opendir                              0x080055c0   Section        0  ff.o(i.f_opendir)
    i.f_read                                 0x0800562c   Section        0  ff.o(i.f_read)
    i.f_readdir                              0x08005790   Section        0  ff.o(i.f_readdir)
    i.f_stat                                 0x080057da   Section        0  ff.o(i.f_stat)
    i.f_sync                                 0x08005818   Section        0  ff.o(i.f_sync)
    i.find_volume                            0x080058a8   Section        0  ff.o(i.find_volume)
    find_volume                              0x080058a9   Thumb Code    98  ff.o(i.find_volume)
    i.follow_path                            0x0800590a   Section        0  ff.o(i.follow_path)
    follow_path                              0x0800590b   Thumb Code   122  ff.o(i.follow_path)
    i.free                                   0x08005984   Section        0  malloc.o(i.free)
    i.get_fat                                0x080059d4   Section        0  ff.o(i.get_fat)
    get_fat                                  0x080059d5   Thumb Code   196  ff.o(i.get_fat)
    i.get_fileinfo                           0x08005a98   Section        0  ff.o(i.get_fileinfo)
    get_fileinfo                             0x08005a99   Thumb Code   112  ff.o(i.get_fileinfo)
    i.get_ldnumber                           0x08005b08   Section        0  ff.o(i.get_ldnumber)
    get_ldnumber                             0x08005b09   Thumb Code    64  ff.o(i.get_ldnumber)
    i.ld_clust                               0x08005b48   Section        0  ff.o(i.ld_clust)
    ld_clust                                 0x08005b49   Thumb Code    38  ff.o(i.ld_clust)
    i.ld_dword                               0x08005b6e   Section        0  ff.o(i.ld_dword)
    ld_dword                                 0x08005b6f   Thumb Code    22  ff.o(i.ld_dword)
    i.ld_word                                0x08005b84   Section        0  ff.o(i.ld_word)
    ld_word                                  0x08005b85   Thumb Code    10  ff.o(i.ld_word)
    i.main                                   0x08005b90   Section        0  main.o(i.main)
    i.malloc                                 0x08005c94   Section        0  malloc.o(i.malloc)
    i.mem_cmp                                0x08005d00   Section        0  ff.o(i.mem_cmp)
    mem_cmp                                  0x08005d01   Thumb Code    24  ff.o(i.mem_cmp)
    i.mem_cpy                                0x08005d18   Section        0  ff.o(i.mem_cpy)
    mem_cpy                                  0x08005d19   Thumb Code    18  ff.o(i.mem_cpy)
    i.mem_set                                0x08005d2a   Section        0  ff.o(i.mem_set)
    mem_set                                  0x08005d2b   Thumb Code    12  ff.o(i.mem_set)
    i.mount_volume                           0x08005d38   Section        0  ff.o(i.mount_volume)
    mount_volume                             0x08005d39   Thumb Code   560  ff.o(i.mount_volume)
    i.move_window                            0x08005f7c   Section        0  ff.o(i.move_window)
    move_window                              0x08005f7d   Thumb Code    52  ff.o(i.move_window)
    i.put_fat                                0x08005fb0   Section        0  ff.o(i.put_fat)
    put_fat                                  0x08005fb1   Thumb Code   250  ff.o(i.put_fat)
    i.remove_chain                           0x080060aa   Section        0  ff.o(i.remove_chain)
    remove_chain                             0x080060ab   Thumb Code   120  ff.o(i.remove_chain)
    i.st_clust                               0x08006122   Section        0  ff.o(i.st_clust)
    st_clust                                 0x08006123   Thumb Code    40  ff.o(i.st_clust)
    i.st_dword                               0x0800614a   Section        0  ff.o(i.st_dword)
    st_dword                                 0x0800614b   Thumb Code    16  ff.o(i.st_dword)
    i.st_word                                0x0800615a   Section        0  ff.o(i.st_word)
    st_word                                  0x0800615b   Thumb Code     8  ff.o(i.st_word)
    i.sync_fs                                0x08006164   Section        0  ff.o(i.sync_fs)
    sync_fs                                  0x08006165   Thumb Code   128  ff.o(i.sync_fs)
    i.sync_window                            0x080061ec   Section        0  ff.o(i.sync_window)
    sync_window                              0x080061ed   Thumb Code    72  ff.o(i.sync_window)
    i.validate                               0x08006234   Section        0  ff.o(i.validate)
    validate                                 0x08006235   Thumb Code    54  ff.o(i.validate)
    i.verify_Read                            0x0800626a   Section        0  boot.o(i.verify_Read)
    .constdata                               0x0800626c   Section       56  usb_host_devices.o(.constdata)
    s_EnumEntries                            0x0800626c   Data          56  usb_host_devices.o(.constdata)
    .constdata                               0x080062a4   Section       28  usb_host_hci.o(.constdata)
    s_KhciInterface                          0x080062a4   Data          28  usb_host_hci.o(.constdata)
    .constdata                               0x080062c0   Section        4  usb_host_khci.o(.constdata)
    .data                                    0x20000000   Section        4  system_mm32f327x.o(.data)
    .data                                    0x20000004   Section        4  delay.o(.data)
    sTimingDelay                             0x20000004   Data           4  delay.o(.data)
    .data                                    0x20000008   Section       12  main.o(.data)
    .data                                    0x20000014   Section        4  app.o(.data)
    .data                                    0x20000018   Section       28  host_msd_fatfs.o(.data)
    .data                                    0x20000034   Section        4  host_msd_fatfs.o(.data)
    .data                                    0x20000038   Section       16  hal_rcc.o(.data)
    .data                                    0x20000048   Section        4  usb_host_devices.o(.data)
    .data                                    0x2000004c   Section       24  usb_host_khci.o(.data)
    oldFrameNumber                           0x2000004c   Data           2  usb_host_khci.o(.data)
    totalFrameNumber                         0x20000050   Data           4  usb_host_khci.o(.data)
    transferResult                           0x20000054   Data           4  usb_host_khci.o(.data)
    transferResult                           0x20000058   Data           4  usb_host_khci.o(.data)
    transfer                                 0x2000005c   Data           4  usb_host_khci.o(.data)
    .data                                    0x20000064   Section        8  usb_host_hub_app.o(.data)
    s_HubDeviceHandle                        0x20000064   Data           4  usb_host_hub_app.o(.data)
    s_HubInterfaceHandle                     0x20000068   Data           4  usb_host_hub_app.o(.data)
    .data                                    0x2000006c   Section        2  ff.o(.data)
    Fsid                                     0x2000006c   Data           2  ff.o(.data)
    .data                                    0x20000070   Section       12  fsl_usb_disk_bm.o(.data)
    ufiIng                                   0x20000070   Data           1  fsl_usb_disk_bm.o(.data)
    ufiStatus                                0x20000071   Data           1  fsl_usb_disk_bm.o(.data)
    s_FatfsSectorSize                        0x20000078   Data           4  fsl_usb_disk_bm.o(.data)
    .data                                    0x2000007c   Section        8  boot.o(.data)
    .data                                    0x20000084   Section        4  mvars.o(.data)
    .data                                    0x20000088   Section        4  mvars.o(.data)
    .bss                                     0x2000008c   Section     1604  host_msd_fatfs.o(.bss)
    fatfs                                    0x200004a0   Data         560  host_msd_fatfs.o(.bss)
    .bss                                     0x200006d0   Section     1024  host_msd_fatfs.o(.bss)
    .bss                                     0x20000ad0   Section      940  usb_host_hci.o(.bss)
    s_Setupbuffer                            0x20000dfc   Data         128  usb_host_hci.o(.bss)
    .bss                                     0x20001000   Section      512  usb_host_khci.o(.bss)
    bdt                                      0x20001000   Data         512  usb_host_khci.o(.bss)
    .bss                                     0x20001200   Section       16  usb_host_hub_app.o(.bss)
    s_HubGlobalArray                         0x20001200   Data          16  usb_host_hub_app.o(.bss)
    .bss                                     0x20001210   Section       12  ff.o(.bss)
    FatFs                                    0x20001210   Data          12  ff.o(.bss)
    .bss                                     0x2000121c   Section       20  fsl_usb_disk_bm.o(.bss)
    s_UsbTransferBuffer                      0x2000121c   Data          20  fsl_usb_disk_bm.o(.bss)
    .bss.m_usb_global                        0x20001230   Section      208  usb_osa_bm.o(.bss.m_usb_global)
    s_UsbBmSemStruct                         0x20001230   Data           8  usb_osa_bm.o(.bss.m_usb_global)
    s_UsbBmEventStruct                       0x20001238   Data          48  usb_osa_bm.o(.bss.m_usb_global)
    s_UsbBmMsgqStruct                        0x20001268   Data         152  usb_osa_bm.o(.bss.m_usb_global)
    HEAP                                     0x20001300   Section     3072  startup_mm32f327x_keil.o(HEAP)
    STACK                                    0x20001f00   Section     6144  startup_mm32f327x_keil.o(STACK)

    Global Symbols

    Symbol Name                              Value     Ov Type        Size  Object(Section)

    BuildAttributes$$THM_ISAv4$P$D$K$B$S$PE$A:L22UL41UL21$X:L11$S22US41US21$IEEE1$IW$USESV6$~STKCKD$USESV7$~SHL$OSPACE$ROPI$EBA8$MICROLIB$REQ8$PRES8$EABIv2 0x00000000   Number         0  anon$$obj.o ABSOLUTE
    __ARM_use_no_argv                        0x00000000   Number         0  main.o ABSOLUTE
    _printf_a                                0x00000000   Number         0  stubs.o ABSOLUTE
    _printf_c                                0x00000000   Number         0  stubs.o ABSOLUTE
    _printf_charcount                        0x00000000   Number         0  stubs.o ABSOLUTE
    _printf_d                                0x00000000   Number         0  stubs.o ABSOLUTE
    _printf_e                                0x00000000   Number         0  stubs.o ABSOLUTE
    _printf_f                                0x00000000   Number         0  stubs.o ABSOLUTE
    _printf_flags                            0x00000000   Number         0  stubs.o ABSOLUTE
    _printf_fp_dec                           0x00000000   Number         0  stubs.o ABSOLUTE
    _printf_fp_hex                           0x00000000   Number         0  stubs.o ABSOLUTE
    _printf_g                                0x00000000   Number         0  stubs.o ABSOLUTE
    _printf_i                                0x00000000   Number         0  stubs.o ABSOLUTE
    _printf_int_dec                          0x00000000   Number         0  stubs.o ABSOLUTE
    _printf_l                                0x00000000   Number         0  stubs.o ABSOLUTE
    _printf_lc                               0x00000000   Number         0  stubs.o ABSOLUTE
    _printf_ll                               0x00000000   Number         0  stubs.o ABSOLUTE
    _printf_lld                              0x00000000   Number         0  stubs.o ABSOLUTE
    _printf_lli                              0x00000000   Number         0  stubs.o ABSOLUTE
    _printf_llo                              0x00000000   Number         0  stubs.o ABSOLUTE
    _printf_llu                              0x00000000   Number         0  stubs.o ABSOLUTE
    _printf_llx                              0x00000000   Number         0  stubs.o ABSOLUTE
    _printf_longlong_dec                     0x00000000   Number         0  stubs.o ABSOLUTE
    _printf_longlong_hex                     0x00000000   Number         0  stubs.o ABSOLUTE
    _printf_longlong_oct                     0x00000000   Number         0  stubs.o ABSOLUTE
    _printf_ls                               0x00000000   Number         0  stubs.o ABSOLUTE
    _printf_mbtowc                           0x00000000   Number         0  stubs.o ABSOLUTE
    _printf_n                                0x00000000   Number         0  stubs.o ABSOLUTE
    _printf_o                                0x00000000   Number         0  stubs.o ABSOLUTE
    _printf_p                                0x00000000   Number         0  stubs.o ABSOLUTE
    _printf_percent                          0x00000000   Number         0  stubs.o ABSOLUTE
    _printf_pre_padding                      0x00000000   Number         0  stubs.o ABSOLUTE
    _printf_return_value                     0x00000000   Number         0  stubs.o ABSOLUTE
    _printf_s                                0x00000000   Number         0  stubs.o ABSOLUTE
    _printf_sizespec                         0x00000000   Number         0  stubs.o ABSOLUTE
    _printf_str                              0x00000000   Number         0  stubs.o ABSOLUTE
    _printf_truncate_signed                  0x00000000   Number         0  stubs.o ABSOLUTE
    _printf_truncate_unsigned                0x00000000   Number         0  stubs.o ABSOLUTE
    _printf_u                                0x00000000   Number         0  stubs.o ABSOLUTE
    _printf_wc                               0x00000000   Number         0  stubs.o ABSOLUTE
    _printf_wctomb                           0x00000000   Number         0  stubs.o ABSOLUTE
    _printf_widthprec                        0x00000000   Number         0  stubs.o ABSOLUTE
    _printf_x                                0x00000000   Number         0  stubs.o ABSOLUTE
    __cpp_initialize__aeabi_                  - Undefined Weak Reference
    __cxa_finalize                            - Undefined Weak Reference
    __decompress                              - Undefined Weak Reference
    _clock_init                               - Undefined Weak Reference
    _microlib_exit                            - Undefined Weak Reference
    __Vectors_Size                           0x00000190   Number         0  startup_mm32f327x_keil.o ABSOLUTE
    __Vectors                                0x08000000   Data           4  startup_mm32f327x_keil.o(RESET)
    __Vectors_End                            0x08000190   Data           0  startup_mm32f327x_keil.o(RESET)
    __main                                   0x08000191   Thumb Code     0  entry.o(.ARM.Collect$$$$00000000)
    _main_stk                                0x08000191   Thumb Code     0  entry2.o(.ARM.Collect$$$$00000001)
    _main_scatterload                        0x08000195   Thumb Code     0  entry5.o(.ARM.Collect$$$$00000004)
    __main_after_scatterload                 0x08000199   Thumb Code     0  entry5.o(.ARM.Collect$$$$00000004)
    _main_clock                              0x08000199   Thumb Code     0  entry7b.o(.ARM.Collect$$$$00000008)
    _main_cpp_init                           0x08000199   Thumb Code     0  entry8b.o(.ARM.Collect$$$$0000000A)
    _main_init                               0x08000199   Thumb Code     0  entry9a.o(.ARM.Collect$$$$0000000B)
    __rt_final_cpp                           0x080001a1   Thumb Code     0  entry10a.o(.ARM.Collect$$$$0000000D)
    __rt_final_exit                          0x080001a1   Thumb Code     0  entry11a.o(.ARM.Collect$$$$0000000F)
    Reset_Handler                            0x080001a5   Thumb Code     8  startup_mm32f327x_keil.o(.text)
    NMI_Handler                              0x080001ad   Thumb Code     2  startup_mm32f327x_keil.o(.text)
    HardFault_Handler                        0x080001af   Thumb Code     2  startup_mm32f327x_keil.o(.text)
    MemManage_Handler                        0x080001b1   Thumb Code     2  startup_mm32f327x_keil.o(.text)
    BusFault_Handler                         0x080001b3   Thumb Code     2  startup_mm32f327x_keil.o(.text)
    UsageFault_Handler                       0x080001b5   Thumb Code     2  startup_mm32f327x_keil.o(.text)
    SVC_Handler                              0x080001b7   Thumb Code     2  startup_mm32f327x_keil.o(.text)
    DebugMon_Handler                         0x080001b9   Thumb Code     2  startup_mm32f327x_keil.o(.text)
    PendSV_Handler                           0x080001bb   Thumb Code     2  startup_mm32f327x_keil.o(.text)
    ADC1_2_IRQHandler                        0x080001bf   Thumb Code     0  startup_mm32f327x_keil.o(.text)
    ADC3_IRQHandler                          0x080001bf   Thumb Code     0  startup_mm32f327x_keil.o(.text)
    CAN1_RX_IRQHandler                       0x080001bf   Thumb Code     0  startup_mm32f327x_keil.o(.text)
    COMP1_2_IRQHandler                       0x080001bf   Thumb Code     0  startup_mm32f327x_keil.o(.text)
    DMA1_Channel1_IRQHandler                 0x080001bf   Thumb Code     0  startup_mm32f327x_keil.o(.text)
    DMA1_Channel2_IRQHandler                 0x080001bf   Thumb Code     0  startup_mm32f327x_keil.o(.text)
    DMA1_Channel3_IRQHandler                 0x080001bf   Thumb Code     0  startup_mm32f327x_keil.o(.text)
    DMA1_Channel4_IRQHandler                 0x080001bf   Thumb Code     0  startup_mm32f327x_keil.o(.text)
    DMA1_Channel5_IRQHandler                 0x080001bf   Thumb Code     0  startup_mm32f327x_keil.o(.text)
    DMA1_Channel6_IRQHandler                 0x080001bf   Thumb Code     0  startup_mm32f327x_keil.o(.text)
    DMA1_Channel7_IRQHandler                 0x080001bf   Thumb Code     0  startup_mm32f327x_keil.o(.text)
    DMA2_Channel1_IRQHandler                 0x080001bf   Thumb Code     0  startup_mm32f327x_keil.o(.text)
    DMA2_Channel2_IRQHandler                 0x080001bf   Thumb Code     0  startup_mm32f327x_keil.o(.text)
    DMA2_Channel3_IRQHandler                 0x080001bf   Thumb Code     0  startup_mm32f327x_keil.o(.text)
    DMA2_Channel4_IRQHandler                 0x080001bf   Thumb Code     0  startup_mm32f327x_keil.o(.text)
    DMA2_Channel5_IRQHandler                 0x080001bf   Thumb Code     0  startup_mm32f327x_keil.o(.text)
    ETH_IRQHandler                           0x080001bf   Thumb Code     0  startup_mm32f327x_keil.o(.text)
    EXTI0_IRQHandler                         0x080001bf   Thumb Code     0  startup_mm32f327x_keil.o(.text)
    EXTI15_10_IRQHandler                     0x080001bf   Thumb Code     0  startup_mm32f327x_keil.o(.text)
    EXTI1_IRQHandler                         0x080001bf   Thumb Code     0  startup_mm32f327x_keil.o(.text)
    EXTI2_IRQHandler                         0x080001bf   Thumb Code     0  startup_mm32f327x_keil.o(.text)
    EXTI3_IRQHandler                         0x080001bf   Thumb Code     0  startup_mm32f327x_keil.o(.text)
    EXTI4_IRQHandler                         0x080001bf   Thumb Code     0  startup_mm32f327x_keil.o(.text)
    EXTI9_5_IRQHandler                       0x080001bf   Thumb Code     0  startup_mm32f327x_keil.o(.text)
    FLASH_IRQHandler                         0x080001bf   Thumb Code     0  startup_mm32f327x_keil.o(.text)
    FlashCache_IRQHandler                    0x080001bf   Thumb Code     0  startup_mm32f327x_keil.o(.text)
    I2C1_IRQHandler                          0x080001bf   Thumb Code     0  startup_mm32f327x_keil.o(.text)
    I2C2_IRQHandler                          0x080001bf   Thumb Code     0  startup_mm32f327x_keil.o(.text)
    OTG_FS_WKUP_IRQHandler                   0x080001bf   Thumb Code     0  startup_mm32f327x_keil.o(.text)
    PVD_IRQHandler                           0x080001bf   Thumb Code     0  startup_mm32f327x_keil.o(.text)
    RCC_CRS_IRQHandler                       0x080001bf   Thumb Code     0  startup_mm32f327x_keil.o(.text)
    RTCAlarm_IRQHandler                      0x080001bf   Thumb Code     0  startup_mm32f327x_keil.o(.text)
    RTC_IRQHandler                           0x080001bf   Thumb Code     0  startup_mm32f327x_keil.o(.text)
    SDIO_IRQHandler                          0x080001bf   Thumb Code     0  startup_mm32f327x_keil.o(.text)
    SPI1_IRQHandler                          0x080001bf   Thumb Code     0  startup_mm32f327x_keil.o(.text)
    SPI2_IRQHandler                          0x080001bf   Thumb Code     0  startup_mm32f327x_keil.o(.text)
    SPI3_IRQHandler                          0x080001bf   Thumb Code     0  startup_mm32f327x_keil.o(.text)
    TAMPER_IRQHandler                        0x080001bf   Thumb Code     0  startup_mm32f327x_keil.o(.text)
    TIM1_BRK_IRQHandler                      0x080001bf   Thumb Code     0  startup_mm32f327x_keil.o(.text)
    TIM1_CC_IRQHandler                       0x080001bf   Thumb Code     0  startup_mm32f327x_keil.o(.text)
    TIM1_TRG_COM_IRQHandler                  0x080001bf   Thumb Code     0  startup_mm32f327x_keil.o(.text)
    TIM1_UP_IRQHandler                       0x080001bf   Thumb Code     0  startup_mm32f327x_keil.o(.text)
    TIM2_IRQHandler                          0x080001bf   Thumb Code     0  startup_mm32f327x_keil.o(.text)
    TIM3_IRQHandler                          0x080001bf   Thumb Code     0  startup_mm32f327x_keil.o(.text)
    TIM4_IRQHandler                          0x080001bf   Thumb Code     0  startup_mm32f327x_keil.o(.text)
    TIM5_IRQHandler                          0x080001bf   Thumb Code     0  startup_mm32f327x_keil.o(.text)
    TIM6_IRQHandler                          0x080001bf   Thumb Code     0  startup_mm32f327x_keil.o(.text)
    TIM7_IRQHandler                          0x080001bf   Thumb Code     0  startup_mm32f327x_keil.o(.text)
    TIM8_BRK_IRQHandler                      0x080001bf   Thumb Code     0  startup_mm32f327x_keil.o(.text)
    TIM8_CC_IRQHandler                       0x080001bf   Thumb Code     0  startup_mm32f327x_keil.o(.text)
    TIM8_TRG_COM_IRQHandler                  0x080001bf   Thumb Code     0  startup_mm32f327x_keil.o(.text)
    TIM8_UP_IRQHandler                       0x080001bf   Thumb Code     0  startup_mm32f327x_keil.o(.text)
    UART1_IRQHandler                         0x080001bf   Thumb Code     0  startup_mm32f327x_keil.o(.text)
    UART2_IRQHandler                         0x080001bf   Thumb Code     0  startup_mm32f327x_keil.o(.text)
    UART3_IRQHandler                         0x080001bf   Thumb Code     0  startup_mm32f327x_keil.o(.text)
    UART4_IRQHandler                         0x080001bf   Thumb Code     0  startup_mm32f327x_keil.o(.text)
    UART5_IRQHandler                         0x080001bf   Thumb Code     0  startup_mm32f327x_keil.o(.text)
    UART6_IRQHandler                         0x080001bf   Thumb Code     0  startup_mm32f327x_keil.o(.text)
    UART7_IRQHandler                         0x080001bf   Thumb Code     0  startup_mm32f327x_keil.o(.text)
    UART8_IRQHandler                         0x080001bf   Thumb Code     0  startup_mm32f327x_keil.o(.text)
    WWDG_IRQHandler                          0x080001bf   Thumb Code     0  startup_mm32f327x_keil.o(.text)
    __aeabi_memcpy                           0x080001c9   Thumb Code    36  memcpya.o(.text)
    __aeabi_memcpy4                          0x080001c9   Thumb Code     0  memcpya.o(.text)
    __aeabi_memcpy8                          0x080001c9   Thumb Code     0  memcpya.o(.text)
    __scatterload                            0x080001ed   Thumb Code    28  init.o(.text)
    __scatterload_rt2                        0x080001ed   Thumb Code     0  init.o(.text)
    AutoCalPllFactor                         0x08000211   Thumb Code    78  system_mm32f327x.o(i.AutoCalPllFactor)
    Bootloader_Erase_APP                     0x0800025f   Thumb Code    46  boot.o(i.Bootloader_Erase_APP)
    CONSOLE_Init                             0x0800028d   Thumb Code   150  uart.o(i.CONSOLE_Init)
    DELAY_Init                               0x0800032d   Thumb Code    70  delay.o(i.DELAY_Init)
    DELAY_Ms                                 0x08000379   Thumb Code    24  delay.o(i.DELAY_Ms)
    FLASH_ClearFlag                          0x080003c1   Thumb Code     6  hal_flash.o(i.FLASH_ClearFlag)
    FLASH_ErasePage                          0x080003cd   Thumb Code    28  hal_flash.o(i.FLASH_ErasePage)
    FLASH_GetStatus                          0x080003ed   Thumb Code    36  hal_flash.o(i.FLASH_GetStatus)
    FLASH_Lock                               0x08000415   Thumb Code    12  hal_flash.o(i.FLASH_Lock)
    FLASH_ProgramHalfWord                    0x08000425   Thumb Code    18  hal_flash.o(i.FLASH_ProgramHalfWord)
    FLASH_Unlock                             0x0800043d   Thumb Code    12  hal_flash.o(i.FLASH_Unlock)
    FLASH_WaitForLastOperation               0x08000455   Thumb Code    44  hal_flash.o(i.FLASH_WaitForLastOperation)
    FLASH_Writeonepacket                     0x08000485   Thumb Code    46  boot.o(i.FLASH_Writeonepacket)
    GPIO_Init                                0x080004b3   Thumb Code   146  hal_gpio.o(i.GPIO_Init)
    GPIO_PinAFConfig                         0x08000545   Thumb Code    32  hal_gpio.o(i.GPIO_PinAFConfig)
    GPIO_StructInit                          0x08000565   Thumb Code    16  hal_gpio.o(i.GPIO_StructInit)
    OTG_FS_IRQHandler                        0x08000575   Thumb Code     8  app.o(i.OTG_FS_IRQHandler)
    RCC_AHBPeriphClockCmd                    0x08000581   Thumb Code    22  hal_rcc.o(i.RCC_AHBPeriphClockCmd)
    RCC_APB1PeriphClockCmd                   0x0800059d   Thumb Code    22  hal_rcc.o(i.RCC_APB1PeriphClockCmd)
    RCC_GetHCLKFreq                          0x080005b9   Thumb Code    22  hal_rcc.o(i.RCC_GetHCLKFreq)
    RCC_GetPCLK1Freq                         0x080005d9   Thumb Code    22  hal_rcc.o(i.RCC_GetPCLK1Freq)
    RCC_GetPCLK2Freq                         0x080005f9   Thumb Code    22  hal_rcc.o(i.RCC_GetPCLK2Freq)
    RCC_GetSysClockFreq                      0x08000619   Thumb Code    66  hal_rcc.o(i.RCC_GetSysClockFreq)
    SysTick_Handler                          0x08000821   Thumb Code     4  delay.o(i.SysTick_Handler)
    SystemInit                               0x08000825   Thumb Code    60  system_mm32f327x.o(i.SystemInit)
    UART_Cmd                                 0x08000885   Thumb Code    12  hal_uart.o(i.UART_Cmd)
    UART_Init                                0x08000891   Thumb Code   106  hal_uart.o(i.UART_Init)
    UART_StructInit                          0x08000901   Thumb Code    24  hal_uart.o(i.UART_StructInit)
    USB_HostApplicationInit                  0x08000965   Thumb Code    30  app.o(i.USB_HostApplicationInit)
    USB_HostAttachDevice                     0x0800098d   Thumb Code   352  usb_host_devices.o(i.USB_HostAttachDevice)
    USB_HostCancelTransfer                   0x08000af1   Thumb Code    34  usb_host_hci.o(i.USB_HostCancelTransfer)
    USB_HostCh9RequestCommon                 0x08000b13   Thumb Code    44  usb_host_framework.o(i.USB_HostCh9RequestCommon)
    USB_HostClockInit                        0x08000b41   Thumb Code    28  app.o(i.USB_HostClockInit)
    USB_HostCloseDeviceInterface             0x08000b61   Thumb Code   212  usb_host_devices.o(i.USB_HostCloseDeviceInterface)
    USB_HostClosePipe                        0x08000c39   Thumb Code    22  usb_host_hci.o(i.USB_HostClosePipe)
    USB_HostDetachDevice                     0x08000c6b   Thumb Code    78  usb_host_devices.o(i.USB_HostDetachDevice)
    USB_HostDetachDeviceInternal             0x08000cb9   Thumb Code    76  usb_host_devices.o(i.USB_HostDetachDeviceInternal)
    USB_HostFreeTransfer                     0x08000dfd   Thumb Code    46  usb_host_hci.o(i.USB_HostFreeTransfer)
    USB_HostHelperGetPeripheralInformation   0x08000ebd   Thumb Code   186  usb_host_hci.o(i.USB_HostHelperGetPeripheralInformation)
    USB_HostHubClearFeature                  0x08000ffd   Thumb Code    32  usb_host_hub.o(i.USB_HostHubClearFeature)
    USB_HostHubClearPortFeature              0x0800101d   Thumb Code    32  usb_host_hub.o(i.USB_HostHubClearPortFeature)
    USB_HostHubControlCallback               0x08001063   Thumb Code    90  usb_host_hub_app.o(i.USB_HostHubControlCallback)
    USB_HostHubDeinit                        0x080010bd   Thumb Code    82  usb_host_hub.o(i.USB_HostHubDeinit)
    USB_HostHubDeviceEvent                   0x08001111   Thumb Code   410  usb_host_hub_app.o(i.USB_HostHubDeviceEvent)
    USB_HostHubGetDescriptor                 0x080012b5   Thumb Code    32  usb_host_hub.o(i.USB_HostHubGetDescriptor)
    USB_HostHubGetHsHubNumber                0x080012d5   Thumb Code    80  usb_host_hub_app.o(i.USB_HostHubGetHsHubNumber)
    USB_HostHubGetHsHubPort                  0x08001325   Thumb Code    82  usb_host_hub_app.o(i.USB_HostHubGetHsHubPort)
    USB_HostHubGetPortStatus                 0x080013b9   Thumb Code    28  usb_host_hub.o(i.USB_HostHubGetPortStatus)
    USB_HostHubGetStatus                     0x080013d5   Thumb Code    32  usb_host_hub.o(i.USB_HostHubGetStatus)
    USB_HostHubGetTotalThinkTime             0x080013f5   Thumb Code    50  usb_host_hub_app.o(i.USB_HostHubGetTotalThinkTime)
    USB_HostHubInit                          0x08001449   Thumb Code    76  usb_host_hub.o(i.USB_HostHubInit)
    USB_HostHubInterruptInCallback           0x08001495   Thumb Code    66  usb_host_hub_app.o(i.USB_HostHubInterruptInCallback)
    USB_HostHubInterruptRecv                 0x080014d9   Thumb Code    84  usb_host_hub.o(i.USB_HostHubInterruptRecv)
    USB_HostHubSetInterface                  0x08001b6d   Thumb Code   220  usb_host_hub.o(i.USB_HostHubSetInterface)
    USB_HostHubSetPortFeature                0x08001c49   Thumb Code    32  usb_host_hub.o(i.USB_HostHubSetPortFeature)
    USB_HostInit                             0x08001c69   Thumb Code   190  usb_host_hci.o(i.USB_HostInit)
    USB_HostIsrEnable                        0x08001d29   Thumb Code    16  app.o(i.USB_HostIsrEnable)
    USB_HostKciIoctl                         0x08001d41   Thumb Code    70  usb_host_khci.o(i.USB_HostKciIoctl)
    USB_HostKhciClosePipe                    0x08001d87   Thumb Code    80  usb_host_khci.o(i.USB_HostKhciClosePipe)
    USB_HostKhciCreate                       0x08001dd9   Thumb Code   252  usb_host_khci.o(i.USB_HostKhciCreate)
    USB_HostKhciDestory                      0x08001ee1   Thumb Code   100  usb_host_khci.o(i.USB_HostKhciDestory)
    USB_HostKhciIsrFunction                  0x08001f45   Thumb Code    94  usb_host_khci.o(i.USB_HostKhciIsrFunction)
    USB_HostKhciOpenPipe                     0x08001fa3   Thumb Code   144  usb_host_khci.o(i.USB_HostKhciOpenPipe)
    USB_HostKhciReadpipe                     0x08002033   Thumb Code    90  usb_host_khci.o(i.USB_HostKhciReadpipe)
    USB_HostKhciTaskFunction                 0x0800208d   Thumb Code   168  usb_host_khci.o(i.USB_HostKhciTaskFunction)
    USB_HostKhciWritePipe                    0x08002139   Thumb Code   138  usb_host_khci.o(i.USB_HostKhciWritePipe)
    USB_HostMallocTransfer                   0x080021c3   Thumb Code    64  usb_host_hci.o(i.USB_HostMallocTransfer)
    USB_HostMsdCommand                       0x080023a1   Thumb Code   120  usb_host_msd.o(i.USB_HostMsdCommand)
    USB_HostMsdControlCallback               0x080024b9   Thumb Code    22  host_msd_fatfs.o(i.USB_HostMsdControlCallback)
    USB_HostMsdDeinit                        0x080026bd   Thumb Code   102  usb_host_msd.o(i.USB_HostMsdDeinit)
    USB_HostMsdEvent                         0x08002725   Thumb Code   188  host_msd_fatfs.o(i.USB_HostMsdEvent)
    USB_HostMsdGetDiskStatus                 0x08002a31   Thumb Code     4  fsl_usb_disk_bm.o(i.USB_HostMsdGetDiskStatus)
    USB_HostMsdInit                          0x08002a35   Thumb Code    78  usb_host_msd.o(i.USB_HostMsdInit)
    USB_HostMsdInitializeDisk                0x08002a89   Thumb Code   184  fsl_usb_disk_bm.o(i.USB_HostMsdInitializeDisk)
    USB_HostMsdIoctlDisk                     0x08002b51   Thumb Code   222  fsl_usb_disk_bm.o(i.USB_HostMsdIoctlDisk)
    USB_HostMsdMassStorageReset              0x08002cd1   Thumb Code    30  usb_host_msd.o(i.USB_HostMsdMassStorageReset)
    USB_HostMsdRead10                        0x08002ec9   Thumb Code    94  usb_host_msd_ufi.o(i.USB_HostMsdRead10)
    USB_HostMsdReadCapacity                  0x08002f35   Thumb Code    56  usb_host_msd_ufi.o(i.USB_HostMsdReadCapacity)
    USB_HostMsdReadDisk                      0x08002f79   Thumb Code   112  fsl_usb_disk_bm.o(i.USB_HostMsdReadDisk)
    USB_HostMsdRequestSense                  0x08002ff5   Thumb Code    60  usb_host_msd_ufi.o(i.USB_HostMsdRequestSense)
    USB_HostMsdSetInterface                  0x0800307d   Thumb Code   200  usb_host_msd.o(i.USB_HostMsdSetInterface)
    USB_HostMsdTask                          0x08003179   Thumb Code   132  host_msd_fatfs.o(i.USB_HostMsdTask)
    USB_HostMsdTestUnitReady                 0x08003205   Thumb Code    42  usb_host_msd_ufi.o(i.USB_HostMsdTestUnitReady)
    USB_HostMsdWrite10                       0x08003241   Thumb Code    94  usb_host_msd_ufi.o(i.USB_HostMsdWrite10)
    USB_HostMsdWriteDisk                     0x080032ad   Thumb Code   112  fsl_usb_disk_bm.o(i.USB_HostMsdWriteDisk)
    USB_HostOpenDeviceInterface              0x080033a9   Thumb Code   140  usb_host_devices.o(i.USB_HostOpenDeviceInterface)
    USB_HostOpenPipe                         0x08003439   Thumb Code    22  usb_host_hci.o(i.USB_HostOpenPipe)
    USB_HostRecv                             0x080038a1   Thumb Code    62  usb_host_hci.o(i.USB_HostRecv)
    USB_HostSend                             0x080039cb   Thumb Code    60  usb_host_hci.o(i.USB_HostSend)
    USB_HostSendSetup                        0x08003a07   Thumb Code    82  usb_host_hci.o(i.USB_HostSendSetup)
    USB_HostStandardSetAddress               0x08003a59   Thumb Code    14  usb_host_framework.o(i.USB_HostStandardSetAddress)
    USB_HostStandardSetGetDescriptor         0x08003a67   Thumb Code    30  usb_host_framework.o(i.USB_HostStandardSetGetDescriptor)
    USB_HostTaskFn                           0x08003a85   Thumb Code     4  app.o(i.USB_HostTaskFn)
    USB_HostValidateDevice                   0x08003a89   Thumb Code    32  usb_host_devices.o(i.USB_HostValidateDevice)
    USB_OsaEnterCritical                     0x08003aa9   Thumb Code    12  usb_osa_bm.o(i.USB_OsaEnterCritical)
    USB_OsaEventClear                        0x08003ab5   Thumb Code    40  usb_osa_bm.o(i.USB_OsaEventClear)
    USB_OsaEventCreate                       0x08003add   Thumb Code    88  usb_osa_bm.o(i.USB_OsaEventCreate)
    USB_OsaEventDestroy                      0x08003b39   Thumb Code    32  usb_osa_bm.o(i.USB_OsaEventDestroy)
    USB_OsaEventSet                          0x08003b59   Thumb Code    36  usb_osa_bm.o(i.USB_OsaEventSet)
    USB_OsaEventWait                         0x08003b7d   Thumb Code    78  usb_osa_bm.o(i.USB_OsaEventWait)
    USB_OsaExitCritical                      0x08003bcb   Thumb Code     6  usb_osa_bm.o(i.USB_OsaExitCritical)
    USB_OsaMemoryAllocate                    0x08003bd1   Thumb Code    30  usb_osa_bm.o(i.USB_OsaMemoryAllocate)
    USB_OsaMemoryFree                        0x08003bef   Thumb Code     4  usb_osa_bm.o(i.USB_OsaMemoryFree)
    USB_OsaMutexCreate                       0x08003bf5   Thumb Code    16  usb_osa_bm.o(i.USB_OsaMutexCreate)
    USB_OsaMutexDestroy                      0x08003c09   Thumb Code     4  usb_osa_bm.o(i.USB_OsaMutexDestroy)
    USB_OsaMutexLock                         0x08003c0d   Thumb Code     4  usb_osa_bm.o(i.USB_OsaMutexLock)
    USB_OsaMutexUnlock                       0x08003c11   Thumb Code     4  usb_osa_bm.o(i.USB_OsaMutexUnlock)
    Verify_firmware_data                     0x08003c15   Thumb Code   244  boot.o(i.Verify_firmware_data)
    _USB_HostKhciTransferClearUp             0x08004781   Thumb Code   116  usb_host_khci.o(i._USB_HostKhciTransferClearUp)
    _USB_HostKhciTransferStateMachine        0x080047f5   Thumb Code   330  usb_host_khci.o(i._USB_HostKhciTransferStateMachine)
    __0sprintf$2                             0x080049c5   Thumb Code    34  printf2.o(i.__0sprintf$2)
    __1sprintf$2                             0x080049c5   Thumb Code     0  printf2.o(i.__0sprintf$2)
    __2sprintf                               0x080049c5   Thumb Code     0  printf2.o(i.__0sprintf$2)
    __scatterload_copy                       0x08004a31   Thumb Code    14  handlers.o(i.__scatterload_copy)
    __scatterload_null                       0x08004a3f   Thumb Code     2  handlers.o(i.__scatterload_null)
    __scatterload_zeroinit                   0x08004a41   Thumb Code    14  handlers.o(i.__scatterload_zeroinit)
    disk_initialize                          0x0800513b   Thumb Code    12  diskio.o(i.disk_initialize)
    disk_ioctl                               0x08005147   Thumb Code    12  diskio.o(i.disk_ioctl)
    disk_read                                0x08005153   Thumb Code    12  diskio.o(i.disk_read)
    disk_status                              0x0800515f   Thumb Code    12  diskio.o(i.disk_status)
    disk_write                               0x0800516b   Thumb Code    12  diskio.o(i.disk_write)
    f_close                                  0x08005177   Thumb Code    32  ff.o(i.f_close)
    f_getfree                                0x08005197   Thumb Code   202  ff.o(i.f_getfree)
    f_lseek                                  0x08005261   Thumb Code   352  ff.o(i.f_lseek)
    f_mount                                  0x080053c1   Thumb Code    66  ff.o(i.f_mount)
    f_open                                   0x08005409   Thumb Code   436  ff.o(i.f_open)
    f_opendir                                0x080055c1   Thumb Code   108  ff.o(i.f_opendir)
    f_read                                   0x0800562d   Thumb Code   356  ff.o(i.f_read)
    f_readdir                                0x08005791   Thumb Code    74  ff.o(i.f_readdir)
    f_stat                                   0x080057db   Thumb Code    60  ff.o(i.f_stat)
    f_sync                                   0x08005819   Thumb Code   140  ff.o(i.f_sync)
    free                                     0x08005985   Thumb Code    76  malloc.o(i.free)
    main                                     0x08005b91   Thumb Code   234  main.o(i.main)
    malloc                                   0x08005c95   Thumb Code    92  malloc.o(i.malloc)
    verify_Read                              0x0800626b   Thumb Code     2  boot.o(i.verify_Read)
    Region$$Table$$Base                      0x080062c4   Number         0  anon$$obj.o(Region$$Table)
    Region$$Table$$Limit                     0x080062e4   Number         0  anon$$obj.o(Region$$Table)
    SystemCoreClock                          0x20000000   Data           4  system_mm32f327x.o(.data)
    asd                                      0x20000008   Data           4  main.o(.data)
    Jump_To_Application                      0x2000000c   Data           4  main.o(.data)
    JumpAddress                              0x20000010   Data           4  main.o(.data)
    g_HostHandle                             0x20000014   Data           4  app.o(.data)
    controlIng                               0x20000018   Data           1  host_msd_fatfs.o(.data)
    controlStatus                            0x20000019   Data           1  host_msd_fatfs.o(.data)
    Updatepacketsize                         0x2000001a   Data           2  host_msd_fatfs.o(.data)
    Temp_count                               0x2000001c   Data           2  host_msd_fatfs.o(.data)
    Loop_count                               0x2000001e   Data           2  host_msd_fatfs.o(.data)
    Version_buff                             0x20000020   Data           3  host_msd_fatfs.o(.data)
    Calculation_Read_checksum                0x20000024   Data           4  host_msd_fatfs.o(.data)
    Packet_Total_lenth                       0x20000028   Data           4  host_msd_fatfs.o(.data)
    Remaining_size                           0x2000002c   Data           4  host_msd_fatfs.o(.data)
    Operation_address                        0x20000030   Data           4  host_msd_fatfs.o(.data)
    Calculation_Write_checksum               0x20000034   Data           4  host_msd_fatfs.o(.data)
    tbPresc                                  0x20000038   Data          16  hal_rcc.o(.data)
    g_currentInstance                        0x20000048   Data           4  usb_host_devices.o(.data)
    g_usbHostPointer                         0x20000060   Data           4  usb_host_khci.o(.data)
    g_UsbFatfsClassHandle                    0x20000074   Data           4  fsl_usb_disk_bm.o(.data)
    Boot_index                               0x2000007c   Data           2  boot.o(.data)
    IAP_readBuff                             0x20000080   Data           4  boot.o(.data)
    __microlib_freelist                      0x20000084   Data           4  mvars.o(.data)
    __microlib_freelist_initialised          0x20000088   Data           4  mvars.o(.data)
    Temp_read_buff                           0x2000008c   Data        1024  host_msd_fatfs.o(.bss)
    g_MsdFatfsInstance                       0x2000048c   Data          20  host_msd_fatfs.o(.bss)
    Temp_write_buff                          0x200006d0   Data        1024  host_msd_fatfs.o(.bss)
    g_UsbHostInstance                        0x20000ad0   Data         812  usb_host_hci.o(.bss)
    __heap_base                              0x20001300   Data           0  startup_mm32f327x_keil.o(HEAP)
    __heap_limit                             0x20001f00   Data           0  startup_mm32f327x_keil.o(HEAP)
    __initial_sp                             0x20003700   Data           0  startup_mm32f327x_keil.o(STACK)



==============================================================================

Memory Map of the image

  Image Entry point : 0x08000191

  Load Region LR_IROM1 (Base: 0x08000000, Size: 0x00006370, Max: 0x00007c00, ABSOLUTE)

    Execution Region ER_IROM1 (Base: 0x08000000, Size: 0x000062e4, Max: 0x00007c00, ABSOLUTE)

    Base Addr    Size         Type   Attr      Idx    E Section Name        Object

    0x08000000   0x00000190   Data   RO          164    RESET               startup_mm32f327x_keil.o
    0x08000190   0x00000000   Code   RO         6740  * .ARM.Collect$$$$00000000  mc_w.l(entry.o)
    0x08000190   0x00000004   Code   RO         7036    .ARM.Collect$$$$00000001  mc_w.l(entry2.o)
    0x08000194   0x00000004   Code   RO         7039    .ARM.Collect$$$$00000004  mc_w.l(entry5.o)
    0x08000198   0x00000000   Code   RO         7041    .ARM.Collect$$$$00000008  mc_w.l(entry7b.o)
    0x08000198   0x00000000   Code   RO         7043    .ARM.Collect$$$$0000000A  mc_w.l(entry8b.o)
    0x08000198   0x00000008   Code   RO         7044    .ARM.Collect$$$$0000000B  mc_w.l(entry9a.o)
    0x080001a0   0x00000000   Code   RO         7046    .ARM.Collect$$$$0000000D  mc_w.l(entry10a.o)
    0x080001a0   0x00000000   Code   RO         7048    .ARM.Collect$$$$0000000F  mc_w.l(entry11a.o)
    0x080001a0   0x00000004   Code   RO         7037    .ARM.Collect$$$$00002712  mc_w.l(entry2.o)
    0x080001a4   0x00000024   Code   RO          165    .text               startup_mm32f327x_keil.o
    0x080001c8   0x00000024   Code   RO         6743    .text               mc_w.l(memcpya.o)
    0x080001ec   0x00000024   Code   RO         7068    .text               mc_w.l(init.o)
    0x08000210   0x0000004e   Code   RO            4    i.AutoCalPllFactor  system_mm32f327x.o
    0x0800025e   0x0000002e   Code   RO         6687    i.Bootloader_Erase_APP  boot.o
    0x0800028c   0x000000a0   Code   RO          534    i.CONSOLE_Init      uart.o
    0x0800032c   0x0000004c   Code   RO          419    i.DELAY_Init        delay.o
    0x08000378   0x00000020   Code   RO          420    i.DELAY_Ms          delay.o
    0x08000398   0x00000028   Code   RO            5    i.DELAY_xUs         system_mm32f327x.o
    0x080003c0   0x0000000c   Code   RO         2546    i.FLASH_ClearFlag   hal_flash.o
    0x080003cc   0x00000020   Code   RO         2550    i.FLASH_ErasePage   hal_flash.o
    0x080003ec   0x00000028   Code   RO         2553    i.FLASH_GetStatus   hal_flash.o
    0x08000414   0x00000010   Code   RO         2558    i.FLASH_Lock        hal_flash.o
    0x08000424   0x00000018   Code   RO         2561    i.FLASH_ProgramHalfWord  hal_flash.o
    0x0800043c   0x00000018   Code   RO         2567    i.FLASH_Unlock      hal_flash.o
    0x08000454   0x00000030   Code   RO         2569    i.FLASH_WaitForLastOperation  hal_flash.o
    0x08000484   0x0000002e   Code   RO         6688    i.FLASH_Writeonepacket  boot.o
    0x080004b2   0x00000092   Code   RO         2791    i.GPIO_Init         hal_gpio.o
    0x08000544   0x00000020   Code   RO         2792    i.GPIO_PinAFConfig  hal_gpio.o
    0x08000564   0x00000010   Code   RO         2801    i.GPIO_StructInit   hal_gpio.o
    0x08000574   0x0000000c   Code   RO          666    i.OTG_FS_IRQHandler  app.o
    0x08000580   0x0000001c   Code   RO         3332    i.RCC_AHBPeriphClockCmd  hal_rcc.o
    0x0800059c   0x0000001c   Code   RO         3335    i.RCC_APB1PeriphClockCmd  hal_rcc.o
    0x080005b8   0x00000020   Code   RO         3355    i.RCC_GetHCLKFreq   hal_rcc.o
    0x080005d8   0x00000020   Code   RO         3357    i.RCC_GetPCLK1Freq  hal_rcc.o
    0x080005f8   0x00000020   Code   RO         3358    i.RCC_GetPCLK2Freq  hal_rcc.o
    0x08000618   0x00000050   Code   RO         3360    i.RCC_GetSysClockFreq  hal_rcc.o
    0x08000668   0x00000024   Code   RO            6    i.SetSysClock       system_mm32f327x.o
    0x0800068c   0x00000194   Code   RO            7    i.SetSysClockToXX   system_mm32f327x.o
    0x08000820   0x00000004   Code   RO          421    i.SysTick_Handler   delay.o
    0x08000824   0x0000004c   Code   RO            8    i.SystemInit        system_mm32f327x.o
    0x08000870   0x00000014   Code   RO          422    i.TimingDelayDecrement  delay.o
    0x08000884   0x0000000c   Code   RO         4851    i.UART_Cmd          hal_uart.o
    0x08000890   0x00000070   Code   RO         4859    i.UART_Init         hal_uart.o
    0x08000900   0x00000018   Code   RO         4872    i.UART_StructInit   hal_uart.o
    0x08000918   0x0000004c   Code   RO         5190    i.USB_HostAllocateDeviceAddress  usb_host_devices.o
    0x08000964   0x00000028   Code   RO          667    i.USB_HostApplicationInit  app.o
    0x0800098c   0x00000164   Code   RO         5191    i.USB_HostAttachDevice  usb_host_devices.o
    0x08000af0   0x00000022   Code   RO         5371    i.USB_HostCancelTransfer  usb_host_hci.o
    0x08000b12   0x0000002c   Code   RO         5308    i.USB_HostCh9RequestCommon  usb_host_framework.o
    0x08000b3e   0x00000002   PAD
    0x08000b40   0x00000020   Code   RO          668    i.USB_HostClockInit  app.o
    0x08000b60   0x000000d8   Code   RO         5192    i.USB_HostCloseDeviceInterface  usb_host_devices.o
    0x08000c38   0x00000016   Code   RO         5372    i.USB_HostClosePipe  usb_host_hci.o
    0x08000c4e   0x0000001c   Code   RO         5193    i.USB_HostControlBus  usb_host_devices.o
    0x08000c6a   0x0000004e   Code   RO         5194    i.USB_HostDetachDevice  usb_host_devices.o
    0x08000cb8   0x0000004c   Code   RO         5195    i.USB_HostDetachDeviceInternal  usb_host_devices.o
    0x08000d04   0x000000d4   Code   RO         5196    i.USB_HostEnumerationTransferCallback  usb_host_devices.o
    0x08000dd8   0x00000024   Code   RO          669    i.USB_HostEvent     app.o
    0x08000dfc   0x0000002e   Code   RO         5374    i.USB_HostFreeTransfer  usb_host_hci.o
    0x08000e2a   0x00000002   PAD
    0x08000e2c   0x00000010   Code   RO         5375    i.USB_HostGetControllerInterface  usb_host_hci.o
    0x08000e3c   0x00000080   Code   RO         5376    i.USB_HostGetInstance  usb_host_hci.o
    0x08000ebc   0x000000ba   Code   RO         5378    i.USB_HostHelperGetPeripheralInformation  usb_host_hci.o
    0x08000f76   0x00000002   PAD
    0x08000f78   0x00000084   Code   RO         5664    i.USB_HostHubClassRequestCommon  usb_host_hub.o
    0x08000ffc   0x00000020   Code   RO         5665    i.USB_HostHubClearFeature  usb_host_hub.o
    0x0800101c   0x00000020   Code   RO         5666    i.USB_HostHubClearPortFeature  usb_host_hub.o
    0x0800103c   0x00000026   Code   RO         5667    i.USB_HostHubControlCallback  usb_host_hub.o
    0x08001062   0x0000005a   Code   RO         5756    i.USB_HostHubControlCallback  usb_host_hub_app.o
    0x080010bc   0x00000052   Code   RO         5668    i.USB_HostHubDeinit  usb_host_hub.o
    0x0800110e   0x00000002   PAD
    0x08001110   0x000001a4   Code   RO         5757    i.USB_HostHubDeviceEvent  usb_host_hub_app.o
    0x080012b4   0x00000020   Code   RO         5669    i.USB_HostHubGetDescriptor  usb_host_hub.o
    0x080012d4   0x00000050   Code   RO         5758    i.USB_HostHubGetHsHubNumber  usb_host_hub_app.o
    0x08001324   0x00000052   Code   RO         5759    i.USB_HostHubGetHsHubPort  usb_host_hub_app.o
    0x08001376   0x00000002   PAD
    0x08001378   0x00000008   Code   RO         5760    i.USB_HostHubGetHubList  usb_host_hub_app.o
    0x08001380   0x00000038   Code   RO         5761    i.USB_HostHubGetInterruptStatus  usb_host_hub_app.o
    0x080013b8   0x0000001c   Code   RO         5670    i.USB_HostHubGetPortStatus  usb_host_hub.o
    0x080013d4   0x00000020   Code   RO         5671    i.USB_HostHubGetStatus  usb_host_hub.o
    0x080013f4   0x00000032   Code   RO         5762    i.USB_HostHubGetTotalThinkTime  usb_host_hub_app.o
    0x08001426   0x00000022   Code   RO         5672    i.USB_HostHubInPipeCallback  usb_host_hub.o
    0x08001448   0x0000004c   Code   RO         5673    i.USB_HostHubInit   usb_host_hub.o
    0x08001494   0x00000042   Code   RO         5763    i.USB_HostHubInterruptInCallback  usb_host_hub_app.o
    0x080014d6   0x00000002   PAD
    0x080014d8   0x00000058   Code   RO         5674    i.USB_HostHubInterruptRecv  usb_host_hub.o
    0x08001530   0x000001b0   Code   RO         5764    i.USB_HostHubProcess  usb_host_hub_app.o
    0x080016e0   0x000000ac   Code   RO         5765    i.USB_HostHubProcessData  usb_host_hub_app.o
    0x0800178c   0x0000001a   Code   RO         5766    i.USB_HostHubProcessPort  usb_host_hub_app.o
    0x080017a6   0x00000002   PAD
    0x080017a8   0x00000274   Code   RO         5767    i.USB_HostHubProcessPortAttach  usb_host_hub_app.o
    0x08001a1c   0x00000150   Code   RO         5768    i.USB_HostHubProcessPortDetach  usb_host_hub_app.o
    0x08001b6c   0x000000dc   Code   RO         5677    i.USB_HostHubSetInterface  usb_host_hub.o
    0x08001c48   0x00000020   Code   RO         5678    i.USB_HostHubSetPortFeature  usb_host_hub.o
    0x08001c68   0x000000be   Code   RO         5380    i.USB_HostInit      usb_host_hci.o
    0x08001d26   0x00000002   PAD
    0x08001d28   0x00000018   Code   RO          670    i.USB_HostIsrEnable  app.o
    0x08001d40   0x00000046   Code   RO         5492    i.USB_HostKciIoctl  usb_host_khci.o
    0x08001d86   0x00000050   Code   RO         5493    i.USB_HostKhciClosePipe  usb_host_khci.o
    0x08001dd6   0x00000002   PAD
    0x08001dd8   0x00000108   Code   RO         5494    i.USB_HostKhciCreate  usb_host_khci.o
    0x08001ee0   0x00000064   Code   RO         5495    i.USB_HostKhciDestory  usb_host_khci.o
    0x08001f44   0x0000005e   Code   RO         5496    i.USB_HostKhciIsrFunction  usb_host_khci.o
    0x08001fa2   0x00000090   Code   RO         5497    i.USB_HostKhciOpenPipe  usb_host_khci.o
    0x08002032   0x0000005a   Code   RO         5498    i.USB_HostKhciReadpipe  usb_host_khci.o
    0x0800208c   0x000000ac   Code   RO         5499    i.USB_HostKhciTaskFunction  usb_host_khci.o
    0x08002138   0x0000008a   Code   RO         5500    i.USB_HostKhciWritePipe  usb_host_khci.o
    0x080021c2   0x00000040   Code   RO         5381    i.USB_HostMallocTransfer  usb_host_hci.o
    0x08002202   0x00000002   PAD
    0x08002204   0x00000110   Code   RO         5965    i.USB_HostMsdCbwCallback  usb_host_msd.o
    0x08002314   0x0000005e   Code   RO         5966    i.USB_HostMsdClearHalt  usb_host_msd.o
    0x08002372   0x0000002e   Code   RO         5967    i.USB_HostMsdClearHaltCallback  usb_host_msd.o
    0x080023a0   0x00000078   Code   RO         5968    i.USB_HostMsdCommand  usb_host_msd.o
    0x08002418   0x0000001c   Code   RO         5969    i.USB_HostMsdCommandDone  usb_host_msd.o
    0x08002434   0x00000082   Code   RO         5970    i.USB_HostMsdControl  usb_host_msd.o
    0x080024b6   0x00000002   PAD
    0x080024b8   0x0000001c   Code   RO          753    i.USB_HostMsdControlCallback  host_msd_fatfs.o
    0x080024d4   0x00000144   Code   RO         5972    i.USB_HostMsdCswCallback  usb_host_msd.o
    0x08002618   0x000000a4   Code   RO         5973    i.USB_HostMsdDataCallback  usb_host_msd.o
    0x080026bc   0x00000066   Code   RO         5974    i.USB_HostMsdDeinit  usb_host_msd.o
    0x08002722   0x00000002   PAD
    0x08002724   0x000000c4   Code   RO          754    i.USB_HostMsdEvent  host_msd_fatfs.o
    0x080027e8   0x00000002   Code   RO          755    i.USB_HostMsdFatfsDisplayFileInfo  host_msd_fatfs.o
    0x080027ea   0x00000030   Code   RO          756    i.USB_HostMsdFatfsListDirectory  host_msd_fatfs.o
    0x0800281a   0x00000002   Code   RO          757    i.USB_HostMsdFatfsTestDone  host_msd_fatfs.o
    0x0800281c   0x00000214   Code   RO          758    i.USB_HostMsdFatfsUserReadWrite  host_msd_fatfs.o
    0x08002a30   0x00000004   Code   RO         6637    i.USB_HostMsdGetDiskStatus  fsl_usb_disk_bm.o
    0x08002a34   0x00000054   Code   RO         5976    i.USB_HostMsdInit   usb_host_msd.o
    0x08002a88   0x000000c8   Code   RO         6638    i.USB_HostMsdInitializeDisk  fsl_usb_disk_bm.o
    0x08002b50   0x000000f0   Code   RO         6639    i.USB_HostMsdIoctlDisk  fsl_usb_disk_bm.o
    0x08002c40   0x0000003c   Code   RO         5977    i.USB_HostMsdMassResetCallback  usb_host_msd.o
    0x08002c7c   0x00000038   Code   RO         5978    i.USB_HostMsdMassResetClearInCallback  usb_host_msd.o
    0x08002cb4   0x0000001c   Code   RO         5979    i.USB_HostMsdMassResetClearOutCallback  usb_host_msd.o
    0x08002cd0   0x00000024   Code   RO         5980    i.USB_HostMsdMassStorageReset  usb_host_msd.o
    0x08002cf4   0x000000f8   Code   RO         5981    i.USB_HostMsdOpenInterface  usb_host_msd.o
    0x08002dec   0x000000dc   Code   RO         5982    i.USB_HostMsdProcessCommand  usb_host_msd.o
    0x08002ec8   0x0000006c   Code   RO         5850    i.USB_HostMsdRead10  usb_host_msd_ufi.o
    0x08002f34   0x00000044   Code   RO         5852    i.USB_HostMsdReadCapacity  usb_host_msd_ufi.o
    0x08002f78   0x0000007c   Code   RO         6640    i.USB_HostMsdReadDisk  fsl_usb_disk_bm.o
    0x08002ff4   0x00000048   Code   RO         5854    i.USB_HostMsdRequestSense  usb_host_msd_ufi.o
    0x0800303c   0x00000040   Code   RO         5983    i.USB_HostMsdResetDone  usb_host_msd.o
    0x0800307c   0x000000cc   Code   RO         5984    i.USB_HostMsdSetInterface  usb_host_msd.o
    0x08003148   0x00000030   Code   RO         5985    i.USB_HostMsdSetInterfaceCallback  usb_host_msd.o
    0x08003178   0x0000008c   Code   RO          759    i.USB_HostMsdTask   host_msd_fatfs.o
    0x08003204   0x0000002a   Code   RO         5859    i.USB_HostMsdTestUnitReady  usb_host_msd_ufi.o
    0x0800322e   0x00000002   PAD
    0x08003230   0x00000010   Code   RO         6641    i.USB_HostMsdUfiCallback  fsl_usb_disk_bm.o
    0x08003240   0x0000006c   Code   RO         5861    i.USB_HostMsdWrite10  usb_host_msd_ufi.o
    0x080032ac   0x0000007c   Code   RO         6642    i.USB_HostMsdWriteDisk  fsl_usb_disk_bm.o
    0x08003328   0x00000080   Code   RO         5198    i.USB_HostNotifyDevice  usb_host_devices.o
    0x080033a8   0x00000090   Code   RO         5199    i.USB_HostOpenDeviceInterface  usb_host_devices.o
    0x08003438   0x00000016   Code   RO         5382    i.USB_HostOpenPipe  usb_host_hci.o
    0x0800344e   0x000001f0   Code   RO         5200    i.USB_HostParseDeviceConfigurationDescriptor  usb_host_devices.o
    0x0800363e   0x000000f2   Code   RO         5201    i.USB_HostProcessCallback  usb_host_devices.o
    0x08003730   0x00000170   Code   RO         5202    i.USB_HostProcessState  usb_host_devices.o
    0x080038a0   0x0000003e   Code   RO         5383    i.USB_HostRecv      usb_host_hci.o
    0x080038de   0x0000002e   Code   RO         5203    i.USB_HostReleaseDeviceAddress  usb_host_devices.o
    0x0800390c   0x0000006e   Code   RO         5204    i.USB_HostReleaseDeviceResource  usb_host_devices.o
    0x0800397a   0x00000018   Code   RO         5384    i.USB_HostReleaseInstance  usb_host_hci.o
    0x08003992   0x00000038   Code   RO         5206    i.USB_HostRemoveDeviceInstance  usb_host_devices.o
    0x080039ca   0x0000003c   Code   RO         5385    i.USB_HostSend      usb_host_hci.o
    0x08003a06   0x00000052   Code   RO         5386    i.USB_HostSendSetup  usb_host_hci.o
    0x08003a58   0x0000000e   Code   RO         5312    i.USB_HostStandardSetAddress  usb_host_framework.o
    0x08003a66   0x0000001e   Code   RO         5314    i.USB_HostStandardSetGetDescriptor  usb_host_framework.o
    0x08003a84   0x00000004   Code   RO          671    i.USB_HostTaskFn    app.o
    0x08003a88   0x00000020   Code   RO         5207    i.USB_HostValidateDevice  usb_host_devices.o
    0x08003aa8   0x0000000c   Code   RO         6085    i.USB_OsaEnterCritical  usb_osa_bm.o
    0x08003ab4   0x00000028   Code   RO         6087    i.USB_OsaEventClear  usb_osa_bm.o
    0x08003adc   0x0000005c   Code   RO         6088    i.USB_OsaEventCreate  usb_osa_bm.o
    0x08003b38   0x00000020   Code   RO         6089    i.USB_OsaEventDestroy  usb_osa_bm.o
    0x08003b58   0x00000024   Code   RO         6090    i.USB_OsaEventSet   usb_osa_bm.o
    0x08003b7c   0x0000004e   Code   RO         6091    i.USB_OsaEventWait  usb_osa_bm.o
    0x08003bca   0x00000006   Code   RO         6092    i.USB_OsaExitCritical  usb_osa_bm.o
    0x08003bd0   0x0000001e   Code   RO         6093    i.USB_OsaMemoryAllocate  usb_osa_bm.o
    0x08003bee   0x00000004   Code   RO         6094    i.USB_OsaMemoryFree  usb_osa_bm.o
    0x08003bf2   0x00000002   PAD
    0x08003bf4   0x00000014   Code   RO         6100    i.USB_OsaMutexCreate  usb_osa_bm.o
    0x08003c08   0x00000004   Code   RO         6101    i.USB_OsaMutexDestroy  usb_osa_bm.o
    0x08003c0c   0x00000004   Code   RO         6102    i.USB_OsaMutexLock  usb_osa_bm.o
    0x08003c10   0x00000004   Code   RO         6103    i.USB_OsaMutexUnlock  usb_osa_bm.o
    0x08003c14   0x00000128   Code   RO         6690    i.Verify_firmware_data  boot.o
    0x08003d3c   0x000001e8   Code   RO         5501    i._USB_HostKhciAtomNonblockingTransaction  usb_host_khci.o
    0x08003f24   0x0000015c   Code   RO         5502    i._USB_HostKhciAttach  usb_host_khci.o
    0x08004080   0x000000a2   Code   RO         5503    i._USB_HostKhciBusControl  usb_host_khci.o
    0x08004122   0x0000004a   Code   RO         5504    i._USB_HostKhciCancelPipe  usb_host_khci.o
    0x0800416c   0x0000001c   Code   RO         5505    i._USB_HostKhciDelay  usb_host_khci.o
    0x08004188   0x00000050   Code   RO         5506    i._USB_HostKhciDetach  usb_host_khci.o
    0x080041d8   0x000000e0   Code   RO         5507    i._USB_HostKhciFinishTranfer  usb_host_khci.o
    0x080042b8   0x00000010   Code   RO         5508    i._USB_HostKhciGetFrameCount  usb_host_khci.o
    0x080042c8   0x00000024   Code   RO         5509    i._USB_HostKhciGetFrameCountSum  usb_host_khci.o
    0x080042ec   0x000000cc   Code   RO         5510    i._USB_HostKhciGetRightTrRequest  usb_host_khci.o
    0x080043b8   0x0000001a   Code   RO         5511    i._USB_HostKhciGetRoundUpPow2  usb_host_khci.o
    0x080043d2   0x00000078   Code   RO         5512    i._USB_HostKhciLinkTrRequestToList  usb_host_khci.o
    0x0800444a   0x0000007e   Code   RO         5513    i._USB_HostKhciProcessTrCallback  usb_host_khci.o
    0x080044c8   0x00000056   Code   RO         5514    i._USB_HostKhciReset  usb_host_khci.o
    0x0800451e   0x00000002   PAD
    0x08004520   0x00000104   Code   RO         5515    i._USB_HostKhciStartTranfer  usb_host_khci.o
    0x08004624   0x0000015c   Code   RO         5516    i._USB_HostKhciTransactionDone  usb_host_khci.o
    0x08004780   0x00000074   Code   RO         5517    i._USB_HostKhciTransferClearUp  usb_host_khci.o
    0x080047f4   0x00000150   Code   RO         5518    i._USB_HostKhciTransferStateMachine  usb_host_khci.o
    0x08004944   0x0000007e   Code   RO         5519    i._USB_HostKhciUnlinkTrRequestFromList  usb_host_khci.o
    0x080049c2   0x00000002   PAD
    0x080049c4   0x00000028   Code   RO         6816    i.__0sprintf$2      mc_w.l(printf2.o)
    0x080049ec   0x00000020   Code   RO          423    i.__NVIC_SetPriority  delay.o
    0x08004a0c   0x00000024   Code   RO          577    i.__NVIC_SystemReset  main.o
    0x08004a30   0x0000000e   Code   RO         7080    i.__scatterload_copy  mc_w.l(handlers.o)
    0x08004a3e   0x00000002   Code   RO         7081    i.__scatterload_null  mc_w.l(handlers.o)
    0x08004a40   0x0000000e   Code   RO         7082    i.__scatterload_zeroinit  mc_w.l(handlers.o)
    0x08004a4e   0x000000d6   Code   RO         6821    i._printf_core      mc_w.l(printf2.o)
    0x08004b24   0x0000000a   Code   RO         6823    i._sputc            mc_w.l(printf2.o)
    0x08004b2e   0x00000002   PAD
    0x08004b30   0x000000b0   Code   RO         6285    i.check_fs          ff.o
    0x08004be0   0x00000010   Code   RO         6286    i.chk_chr           ff.o
    0x08004bf0   0x00000018   Code   RO         6287    i.clst2sect         ff.o
    0x08004c08   0x000000ee   Code   RO         6288    i.create_chain      ff.o
    0x08004cf6   0x00000002   PAD
    0x08004cf8   0x000000f0   Code   RO         6289    i.create_name       ff.o
    0x08004de8   0x0000001a   Code   RO         6290    i.dbc_1st           ff.o
    0x08004e02   0x0000001a   Code   RO         6291    i.dbc_2nd           ff.o
    0x08004e1c   0x0000004a   Code   RO         6292    i.dir_alloc         ff.o
    0x08004e66   0x0000005e   Code   RO         6293    i.dir_clear         ff.o
    0x08004ec4   0x00000080   Code   RO         6294    i.dir_find          ff.o
    0x08004f44   0x000000c6   Code   RO         6295    i.dir_next          ff.o
    0x0800500a   0x00000060   Code   RO         6296    i.dir_read          ff.o
    0x0800506a   0x0000003c   Code   RO         6297    i.dir_register      ff.o
    0x080050a6   0x00000094   Code   RO         6299    i.dir_sdi           ff.o
    0x0800513a   0x0000000c   Code   RO         6246    i.disk_initialize   diskio.o
    0x08005146   0x0000000c   Code   RO         6247    i.disk_ioctl        diskio.o
    0x08005152   0x0000000c   Code   RO         6248    i.disk_read         diskio.o
    0x0800515e   0x0000000c   Code   RO         6249    i.disk_status       diskio.o
    0x0800516a   0x0000000c   Code   RO         6250    i.disk_write        diskio.o
    0x08005176   0x00000020   Code   RO         6301    i.f_close           ff.o
    0x08005196   0x000000ca   Code   RO         6303    i.f_getfree         ff.o
    0x08005260   0x00000160   Code   RO         6305    i.f_lseek           ff.o
    0x080053c0   0x00000048   Code   RO         6307    i.f_mount           ff.o
    0x08005408   0x000001b8   Code   RO         6308    i.f_open            ff.o
    0x080055c0   0x0000006c   Code   RO         6309    i.f_opendir         ff.o
    0x0800562c   0x00000164   Code   RO         6313    i.f_read            ff.o
    0x08005790   0x0000004a   Code   RO         6314    i.f_readdir         ff.o
    0x080057da   0x0000003c   Code   RO         6316    i.f_stat            ff.o
    0x08005816   0x00000002   PAD
    0x08005818   0x00000090   Code   RO         6317    i.f_sync            ff.o
    0x080058a8   0x00000062   Code   RO         6322    i.find_volume       ff.o
    0x0800590a   0x0000007a   Code   RO         6323    i.follow_path       ff.o
    0x08005984   0x00000050   Code   RO         7008    i.free              mc_w.l(malloc.o)
    0x080059d4   0x000000c4   Code   RO         6324    i.get_fat           ff.o
    0x08005a98   0x00000070   Code   RO         6325    i.get_fileinfo      ff.o
    0x08005b08   0x00000040   Code   RO         6326    i.get_ldnumber      ff.o
    0x08005b48   0x00000026   Code   RO         6327    i.ld_clust          ff.o
    0x08005b6e   0x00000016   Code   RO         6328    i.ld_dword          ff.o
    0x08005b84   0x0000000a   Code   RO         6329    i.ld_word           ff.o
    0x08005b8e   0x00000002   PAD
    0x08005b90   0x00000104   Code   RO          578    i.main              main.o
    0x08005c94   0x0000006c   Code   RO         7009    i.malloc            mc_w.l(malloc.o)
    0x08005d00   0x00000018   Code   RO         6330    i.mem_cmp           ff.o
    0x08005d18   0x00000012   Code   RO         6331    i.mem_cpy           ff.o
    0x08005d2a   0x0000000c   Code   RO         6332    i.mem_set           ff.o
    0x08005d36   0x00000002   PAD
    0x08005d38   0x00000244   Code   RO         6333    i.mount_volume      ff.o
    0x08005f7c   0x00000034   Code   RO         6334    i.move_window       ff.o
    0x08005fb0   0x000000fa   Code   RO         6335    i.put_fat           ff.o
    0x080060aa   0x00000078   Code   RO         6339    i.remove_chain      ff.o
    0x08006122   0x00000028   Code   RO         6340    i.st_clust          ff.o
    0x0800614a   0x00000010   Code   RO         6341    i.st_dword          ff.o
    0x0800615a   0x00000008   Code   RO         6342    i.st_word           ff.o
    0x08006162   0x00000002   PAD
    0x08006164   0x00000088   Code   RO         6343    i.sync_fs           ff.o
    0x080061ec   0x00000048   Code   RO         6344    i.sync_window       ff.o
    0x08006234   0x00000036   Code   RO         6345    i.validate          ff.o
    0x0800626a   0x00000002   Code   RO         6691    i.verify_Read       boot.o
    0x0800626c   0x00000038   Data   RO         5208    .constdata          usb_host_devices.o
    0x080062a4   0x0000001c   Data   RO         5388    .constdata          usb_host_hci.o
    0x080062c0   0x00000004   Data   RO         5521    .constdata          usb_host_khci.o
    0x080062c4   0x00000020   Data   RO         7078    Region$$Table       anon$$obj.o


    Execution Region RW_IRAM1 (Base: 0x20000000, Size: 0x00003700, Max: 0x00020000, ABSOLUTE)

    Base Addr    Size         Type   Attr      Idx    E Section Name        Object

    0x20000000   0x00000004   Data   RW            9    .data               system_mm32f327x.o
    0x20000004   0x00000004   Data   RW          424    .data               delay.o
    0x20000008   0x0000000c   Data   RW          580    .data               main.o
    0x20000014   0x00000004   Data   RW          672    .data               app.o
    0x20000018   0x0000001c   Data   RW          762    .data               host_msd_fatfs.o
    0x20000034   0x00000004   Data   RW          763    .data               host_msd_fatfs.o
    0x20000038   0x00000010   Data   RW         3386    .data               hal_rcc.o
    0x20000048   0x00000004   Data   RW         5209    .data               usb_host_devices.o
    0x2000004c   0x00000018   Data   RW         5522    .data               usb_host_khci.o
    0x20000064   0x00000008   Data   RW         5771    .data               usb_host_hub_app.o
    0x2000006c   0x00000002   Data   RW         6348    .data               ff.o
    0x2000006e   0x00000002   PAD
    0x20000070   0x0000000c   Data   RW         6644    .data               fsl_usb_disk_bm.o
    0x2000007c   0x00000008   Data   RW         6692    .data               boot.o
    0x20000084   0x00000004   Data   RW         7055    .data               mc_w.l(mvars.o)
    0x20000088   0x00000004   Data   RW         7056    .data               mc_w.l(mvars.o)
    0x2000008c   0x00000644   Zero   RW          760    .bss                host_msd_fatfs.o
    0x200006d0   0x00000400   Zero   RW          761    .bss                host_msd_fatfs.o
    0x20000ad0   0x000003ac   Zero   RW         5387    .bss                usb_host_hci.o
    0x20000e7c   0x00000184   PAD
    0x20001000   0x00000200   Zero   RW         5520    .bss                usb_host_khci.o
    0x20001200   0x00000010   Zero   RW         5770    .bss                usb_host_hub_app.o
    0x20001210   0x0000000c   Zero   RW         6346    .bss                ff.o
    0x2000121c   0x00000014   Zero   RW         6643    .bss                fsl_usb_disk_bm.o
    0x20001230   0x000000d0   Zero   RW         6108    .bss.m_usb_global   usb_osa_bm.o
    0x20001300   0x00000c00   Zero   RW          163    HEAP                startup_mm32f327x_keil.o
    0x20001f00   0x00001800   Zero   RW          162    STACK               startup_mm32f327x_keil.o


==============================================================================

Image component sizes


      Code (inc. data)   RO Data    RW Data    ZI Data      Debug   Object Name

       148         26          0          4          0      27925   app.o
       390         52          0          8          0       3073   boot.o
       164         18          0          4          0      27779   delay.o
        60          0          0          0          0       3210   diskio.o
      5428         70          0          2         12      48766   ff.o
       708         64          0         12         20       6478   fsl_usb_disk_bm.o
       196         40          0          0          0       6627   hal_flash.o
       194          0          0          0          0       4637   hal_gpio.o
       232         56          0         16          0       6665   hal_rcc.o
       148          6          0          0          0       3869   hal_uart.o
       948         58          0         32       2628      11028   host_msd_fatfs.o
         0          0          0          0          0       5656   key.o
       296         36          0         12          0      48393   main.o
        36          8        400          0       9216        852   startup_mm32f327x_keil.o
       634         54          0          4          0     151224   system_mm32f327x.o
       160         10          0          0          0        639   uart.o
      2664         38         56          4          0      20515   usb_host_devices.o
        88          0          0          0          0       2467   usb_host_framework.o
       936         32         28          0        940      13882   usb_host_hci.o
       858          8          0          0          0      10764   usb_host_hub.o
      2446         60          0          8         16      13408   usb_host_hub_app.o
      4356         80          4         24        512      23351   usb_host_khci.o
      2328         58          0          0          0      15787   usb_host_msd.o
       398         52          0          0          0       5248   usb_host_msd_ufi.o
       362          8          0          0        208      15932   usb_osa_bm.o

    ----------------------------------------------------------------------
     24220        834        520        132      13940     478175   Object Totals
         0          0         32          0          0          0   (incl. Generated)
        42          0          0          2        388          0   (incl. Padding)

    ----------------------------------------------------------------------

      Code (inc. data)   RO Data    RW Data    ZI Data      Debug   Library Member Name

         0          0          0          0          0          0   entry.o
         0          0          0          0          0          0   entry10a.o
         0          0          0          0          0          0   entry11a.o
         8          4          0          0          0          0   entry2.o
         4          0          0          0          0          0   entry5.o
         0          0          0          0          0          0   entry7b.o
         0          0          0          0          0          0   entry8b.o
         8          4          0          0          0          0   entry9a.o
        30          0          0          0          0          0   handlers.o
        36          8          0          0          0         68   init.o
       188         20          0          0          0        160   malloc.o
        36          0          0          0          0         68   memcpya.o
         0          0          0          8          0          0   mvars.o
       264          6          0          0          0        244   printf2.o

    ----------------------------------------------------------------------
       576         42          0          8          0        540   Library Totals
         2          0          0          0          0          0   (incl. Padding)

    ----------------------------------------------------------------------

      Code (inc. data)   RO Data    RW Data    ZI Data      Debug   Library Name

       574         42          0          8          0        540   mc_w.l

    ----------------------------------------------------------------------
       576         42          0          8          0        540   Library Totals

    ----------------------------------------------------------------------

==============================================================================


      Code (inc. data)   RO Data    RW Data    ZI Data      Debug   

     24796        876        520        140      13940     467011   Grand Totals
     24796        876        520        140      13940     467011   ELF Image Totals
     24796        876        520        140          0          0   ROM Totals

==============================================================================

    Total RO  Size (Code + RO Data)                25316 (  24.72kB)
    Total RW  Size (RW Data + ZI Data)             14080 (  13.75kB)
    Total ROM Size (Code + RO Data + RW Data)      25456 (  24.86kB)

==============================================================================

