<html>
<body>
<pre>
<h1>µVision Build Log</h1>
<h2>Tool Versions:</h2>
IDE-Version: ¦ÌVision V5.14.0.0
Copyright (C) 2015 ARM Ltd and ARM Germany GmbH. All rights reserved.
License Information: a Microsoft, Microsoft, LIC=585FJ-UD4QY-HLXCL-0RR1H-UAXN0-RTDNY
 
Tool Versions:
Toolchain:       MDK-ARM Standard  Version: 5.14.0.0
Toolchain Path:  C:\Keil_v5\ARM\ARMCC\Bin
C Compiler:      Armcc.exe V5.05 update 1 (build 106)
Assembler:       Armasm.exe V5.05 update 1 (build 106)
Linker/Locator:  ArmLink.exe V5.05 update 1 (build 106)
Library Manager: ArmAr.exe V5.05 update 1 (build 106)
Hex Converter:   FromElf.exe V5.05 update 1 (build 106)
CPU DLL:         SARMCM3.DLL V5.14.0.0
Dialog DLL:      DCM.DLL V1.13.1.0
Target DLL:      Segger\JL2CM3.dll V2.99.13.0
Dialog DLL:      TCM.DLL V1.14.4.0
 
<h2>Project:</h2>
E:\Fries\USB\usb\USB_OTG_FS_Host\KEILPRJ\usb_host_msd.uvprojx
Project File Date:  02/06/2023

<h2>Output:</h2>
Rebuild target 'MM32Series'
compiling system_mm32f327x.c...
assembling startup_mm32f327x_keil.s...
compiling key.c...
compiling led.c...
..\HARDWARE\LED\led.c(48): warning:  #177-D: variable "GPIO_InitStruct" was declared but never referenced
      GPIO_InitTypeDef  GPIO_InitStruct;
..\HARDWARE\LED\led.c: 1 warning, 0 errors
compiling delay.c...
compiling sys.c...
compiling uart.c...
compiling main.c...
compiling app.c...
compiling host_msd_fatfs.c...
..\USER\host_msd_fatfs.c(290): warning:  #550-D: variable "fileName" was set but never used
      char *fileName;
..\USER\host_msd_fatfs.c(379): warning:  #177-D: variable "index" was declared but never referenced
      uint32_t index;
..\USER\host_msd_fatfs.c(381): warning:  #177-D: variable "testString" was declared but never referenced
      char *testString;
..\USER\host_msd_fatfs.c(137): warning:  #177-D: variable "testBuffer" was declared but never referenced
  static uint8_t testBuffer[(FF_MAX_SS > 256) ? FF_MAX_SS : 256]; /* normal test buffer */
..\USER\host_msd_fatfs.c: 4 warnings, 0 errors
compiling LCD19264F.c...
compiling hal_adc.c...
compiling hal_bkp.c...
compiling hal_can.c...
compiling hal_comp.c...
compiling hal_crc.c...
compiling hal_crs.c...
compiling hal_dac.c...
compiling hal_dbg.c...
compiling hal_dma.c...
compiling hal_eth.c...
compiling hal_exti.c...
compiling hal_flash.c...
compiling hal_fsmc.c...
compiling hal_gpio.c...
compiling hal_i2c.c...
compiling hal_iwdg.c...
compiling hal_misc.c...
compiling hal_pwr.c...
compiling hal_rcc.c...
compiling hal_rtc.c...
compiling hal_sdio.c...
compiling hal_spi.c...
compiling hal_tim.c...
compiling hal_uart.c...
compiling hal_uid.c...
compiling hal_ver.c...
compiling hal_wwdg.c...
compiling usb_host_devices.c...
compiling usb_host_framework.c...
compiling usb_host_hci.c...
compiling usb_host_khci.c...
compiling usb_host_hub.c...
compiling usb_host_hub_app.c...
compiling usb_host_msd_ufi.c...
compiling usb_host_msd.c...
compiling usb_osa_bm.c...
compiling diskio.c...
compiling ff.c...
compiling ffsystem.c...
compiling ffunicode.c...
compiling fsl_usb_disk_bm.c...
compiling Boot.c...
linking...
Program Size: Code=24796 RO-data=520 RW-data=140 ZI-data=13940  
FromELF: creating hex file...
".\OBJ\BootLoader.axf" - 0 Error(s), 5 Warning(s).

<h2>Collection of Component include folders:</h2>
  E:\Fries\USB\usb\USB_OTG_FS_Host\KEILPRJ\RTE
  C:\Keil_v5\ARM\PACK\MindMotion\MM32F3270_DFP\1.0.5

<h2>Collection of Component Files used:</h2>
</pre>
</body>
</html>
