Component: ARM Compiler 5.06 update 7 (build 960) Tool: armlink [4d3601]

==============================================================================

Section Cross References

    system_bat32g135.o(i.CLK_GetHocoFreq) refers to system_bat32g135.o(i.__ARM_common_switch8) for __ARM_common_switch8
    system_bat32g135.o(i.SystemCoreClockUpdate) refers to system_bat32g135.o(i.CLK_GetHocoFreq) for CLK_GetHocoFreq
    system_bat32g135.o(i.SystemCoreClockUpdate) refers to system_bat32g135.o(.data) for SystemCoreClock
    system_bat32g135.o(i.SystemInit) refers to system_bat32g135.o(i.CLK_GetHocoFreq) for CLK_GetHocoFreq
    system_bat32g135.o(i.SystemInit) refers to system_bat32g135.o(.data) for SystemCoreClock
    startup_bat32g135.o(RESET) refers to startup_bat32g135.o(STACK) for __initial_sp
    startup_bat32g135.o(RESET) refers to startup_bat32g135.o(.text) for Reset_Handler
    startup_bat32g135.o(RESET) refers to sys_clock.o(i.SysTick_Handler) for SysTick_Handler
    startup_bat32g135.o(RESET) refers to appuart.o(i.uart0_interrupt_send) for IRQ10_Handler
    startup_bat32g135.o(RESET) refers to appuart.o(i.uart0_interrupt_receive) for IRQ11_Handler
    startup_bat32g135.o(.text) refers to system_bat32g135.o(i.SystemInit) for SystemInit
    startup_bat32g135.o(.text) refers to entry.o(.ARM.Collect$$$$00000000) for __main
    adc.o(i.ADC_Converse) refers to adc.o(i.INTC_DisableIRQ) for INTC_DisableIRQ
    adc.o(i.ADC_Converse) refers to adc.o(i.INTC_GetPendingIRQ) for INTC_GetPendingIRQ
    adc.o(i.ADC_Converse) refers to adc.o(i.INTC_ClearPendingIRQ) for INTC_ClearPendingIRQ
    adc.o(i.ADC_Converse) refers to uidiv.o(.text) for __aeabi_uidivmod
    adc.o(i.ADC_Init) refers to adc.o(i.INTC_DisableIRQ) for INTC_DisableIRQ
    adc.o(i.ADC_Init) refers to adc.o(i.INTC_ClearPendingIRQ) for INTC_ClearPendingIRQ
    adc.o(i.ADC_Init) refers to adc.o(i.__NVIC_ClearPendingIRQ) for __NVIC_ClearPendingIRQ
    adc.o(i.ADC_MidAvg_Filter) refers to uidiv.o(.text) for __aeabi_uidivmod
    adc.o(i.ADC_SelfTest) refers to adc.o(i.INTC_DisableIRQ) for INTC_DisableIRQ
    adc.o(i.ADC_SelfTest) refers to uidiv.o(.text) for __aeabi_uidivmod
    adc.o(i.ADC_SelfTest) refers to adc.o(i.INTC_GetPendingIRQ) for INTC_GetPendingIRQ
    adc.o(i.ADC_SelfTest) refers to adc.o(i.INTC_ClearPendingIRQ) for INTC_ClearPendingIRQ
    adc.o(i.ADC_Start) refers to adc.o(i.INTC_ClearPendingIRQ) for INTC_ClearPendingIRQ
    adc.o(i.ADC_Start) refers to adc.o(i.__NVIC_ClearPendingIRQ) for __NVIC_ClearPendingIRQ
    adc.o(i.ADC_Stop) refers to adc.o(i.INTC_DisableIRQ) for INTC_DisableIRQ
    adc.o(i.ADC_Stop) refers to adc.o(i.INTC_ClearPendingIRQ) for INTC_ClearPendingIRQ
    adc.o(i.ADC_Stop) refers to adc.o(i.__NVIC_ClearPendingIRQ) for __NVIC_ClearPendingIRQ
    gpio.o(i.PORT_Init) refers to system_bat32g135.o(i.__ARM_common_switch8) for __ARM_common_switch8
    sci.o(i.IIC00_MasterReceive) refers to sci.o(i.IIC00_StartCondition) for IIC00_StartCondition
    sci.o(i.IIC00_MasterReceive) refers to sci.o(i.INTC_ClearPendingIRQ) for INTC_ClearPendingIRQ
    sci.o(i.IIC00_MasterReceive) refers to sci.o(i.__NVIC_ClearPendingIRQ) for __NVIC_ClearPendingIRQ
    sci.o(i.IIC00_MasterReceive) refers to sci.o(i.INTC_EnableIRQ) for INTC_EnableIRQ
    sci.o(i.IIC00_MasterReceive) refers to sci.o(i.__NVIC_SetPriority) for __NVIC_SetPriority
    sci.o(i.IIC00_MasterReceive) refers to sci.o(.data) for g_iic00_master_status_flag
    sci.o(i.IIC00_MasterSend) refers to sci.o(i.IIC00_StartCondition) for IIC00_StartCondition
    sci.o(i.IIC00_MasterSend) refers to sci.o(i.INTC_ClearPendingIRQ) for INTC_ClearPendingIRQ
    sci.o(i.IIC00_MasterSend) refers to sci.o(i.__NVIC_ClearPendingIRQ) for __NVIC_ClearPendingIRQ
    sci.o(i.IIC00_MasterSend) refers to sci.o(i.INTC_EnableIRQ) for INTC_EnableIRQ
    sci.o(i.IIC00_MasterSend) refers to sci.o(i.__NVIC_SetPriority) for __NVIC_SetPriority
    sci.o(i.IIC00_MasterSend) refers to sci.o(.data) for g_iic00_master_status_flag
    sci.o(i.IIC00_Stop) refers to sci.o(i.INTC_DisableIRQ) for INTC_DisableIRQ
    sci.o(i.IIC00_Stop) refers to sci.o(i.INTC_ClearPendingIRQ) for INTC_ClearPendingIRQ
    sci.o(i.IIC00_StopCondition) refers to sci.o(.data) for g_iic00_master_status_flag
    sci.o(i.IIC01_MasterReceive) refers to sci.o(i.IIC01_StartCondition) for IIC01_StartCondition
    sci.o(i.IIC01_MasterReceive) refers to sci.o(i.INTC_ClearPendingIRQ) for INTC_ClearPendingIRQ
    sci.o(i.IIC01_MasterReceive) refers to sci.o(i.__NVIC_ClearPendingIRQ) for __NVIC_ClearPendingIRQ
    sci.o(i.IIC01_MasterReceive) refers to sci.o(i.INTC_EnableIRQ) for INTC_EnableIRQ
    sci.o(i.IIC01_MasterReceive) refers to sci.o(.data) for g_iic01_master_status_flag
    sci.o(i.IIC01_MasterSend) refers to sci.o(i.IIC01_StartCondition) for IIC01_StartCondition
    sci.o(i.IIC01_MasterSend) refers to sci.o(i.INTC_ClearPendingIRQ) for INTC_ClearPendingIRQ
[...]
    Removing sci.o(i.UART2_Stop), (60 bytes).
    Removing sci.o(i.__NVIC_ClearPendingIRQ), (24 bytes).
    Removing sci.o(.data), (276 bytes).
    Removing flash.o(.rev16_text), (4 bytes).
    Removing flash.o(.revsh_text), (4 bytes).
    Removing flash.o(ram_fetch_code), (216 bytes).
    Removing wdt.o(.rev16_text), (4 bytes).
    Removing wdt.o(.revsh_text), (4 bytes).
    Removing retarget.o(.rev16_text), (4 bytes).
    Removing retarget.o(.revsh_text), (4 bytes).
    Removing retarget.o(i._sys_exit), (32 bytes).
    Removing retarget.o(i._ttywrch), (12 bytes).
    Removing retarget.o(i.ferror), (8 bytes).
    Removing retarget.o(i.fgetc), (36 bytes).
    Removing retarget.o(i.fputc), (26 bytes).
    Removing retarget.o(.data), (8 bytes).
    Removing intp.o(.rev16_text), (4 bytes).
    Removing intp.o(.revsh_text), (4 bytes).
    Removing intp.o(i.INTC_ClearPendingIRQ), (16 bytes).
    Removing intp.o(i.INTC_DisableIRQ), (16 bytes).
    Removing intp.o(i.INTC_EnableIRQ), (16 bytes).
    Removing intp.o(i.INTP_Init), (500 bytes).
    Removing intp.o(i.INTP_Start), (86 bytes).
    Removing intp.o(i.INTP_Stop), (86 bytes).
    Removing appuart.o(.rev16_text), (4 bytes).
    Removing appuart.o(.revsh_text), (4 bytes).
    Removing appuart.o(i.UartDisInfo), (2 bytes).
    Removing appuart.o(i.UartInit), (2 bytes).
    Removing appuart.o(i.UartSendString), (6 bytes).
    Removing appuart.o(i.uart_printf1), (52 bytes).
    Removing delay.o(.rev16_text), (4 bytes).
    Removing delay.o(.revsh_text), (4 bytes).
    Removing delay.o(i.delayus), (96 bytes).
    Removing fifo.o(.rev16_text), (4 bytes).
    Removing fifo.o(.revsh_text), (4 bytes).
    Removing fifo.o(i.GetCMD), (6 bytes).
    Removing fifo.o(i.GetCmdLen), (38 bytes).
    Removing fifo.o(i.Uart_data_handle), (38 bytes).
    Removing fifo.o(i.fifo_append_one), (72 bytes).
    Removing fifo.o(i.fifo_clean_all), (16 bytes).
    Removing fifo.o(i.fifo_empty), (20 bytes).
    Removing fifo.o(i.fifo_get_size), (12 bytes).
    Removing fifo.o(i.fifo_is_full), (20 bytes).
    Removing fifo.o(i.fifo_pop), (60 bytes).
    Removing fifo.o(i.fifo_read_strings), (72 bytes).
    Removing fifo.o(.data), (4 bytes).
    Removing ioinit.o(.rev16_text), (4 bytes).
    Removing ioinit.o(.revsh_text), (4 bytes).
    Removing sys_clock.o(.rev16_text), (4 bytes).
    Removing sys_clock.o(.revsh_text), (4 bytes).
    Removing system.o(.rev16_text), (4 bytes).
    Removing system.o(.revsh_text), (4 bytes).
    Removing system.o(i.GetMCUInfor), (80 bytes).
    Removing system.o(i.GetSoftVersion), (28 bytes).
    Removing system.o(i.GetSystemTime), (20 bytes).
    Removing system.o(i.SendHGPriotityMessage), (48 bytes).
    Removing system.o(i.SetSystemTime), (20 bytes).
    Removing system.o(i.TimerStart), (92 bytes).
    Removing system.o(.constdata), (200 bytes).
    Removing system.o(.conststring), (105 bytes).
    Removing task.o(.rev16_text), (4 bytes).
    Removing task.o(.revsh_text), (4 bytes).
    Removing window.o(.rev16_text), (4 bytes).
    Removing window.o(.revsh_text), (4 bytes).
    Removing window.o(i.GetCursorPos), (28 bytes).
    Removing window.o(i.SetCursorPos), (24 bytes).
    Removing keyscan.o(.rev16_text), (4 bytes).
    Removing keyscan.o(.revsh_text), (4 bytes).
    Removing keyscan.o(i.keydownhandle), (176 bytes).
    Removing drvlcd1602.o(.rev16_text), (4 bytes).
    Removing drvlcd1602.o(.revsh_text), (4 bytes).
    Removing drvlcd1602.o(i.LCDWtireCGRAM), (48 bytes).
    Removing drvlcd1602.o(.data), (8 bytes).
    Removing windesktop.o(.rev16_text), (4 bytes).
    Removing windesktop.o(.revsh_text), (4 bytes).
    Removing windesktop.o(i.GetDesktopWin), (8 bytes).
    Removing windesktop.o(i.PowerDwon), (2 bytes).
    Removing winoreration.o(.rev16_text), (4 bytes).
    Removing winoreration.o(.revsh_text), (4 bytes).
    Removing winoreration.o(i.GetOrerationWin), (8 bytes).
    Removing windata.o(.rev16_text), (4 bytes).
    Removing windata.o(.revsh_text), (4 bytes).
    Removing windata.o(i.GetDataWin), (8 bytes).
    Removing winservice.o(.rev16_text), (4 bytes).
    Removing winservice.o(.revsh_text), (4 bytes).
    Removing winservice.o(i.GetServiceWin), (8 bytes).
    Removing winledlevel.o(.rev16_text), (4 bytes).
    Removing winledlevel.o(.revsh_text), (4 bytes).
    Removing winledlevel.o(i.GetLEDLevelWin), (8 bytes).
    Removing wintypesize.o(.rev16_text), (4 bytes).
    Removing wintypesize.o(.revsh_text), (4 bytes).
    Removing wintypesize.o(i.GetTypeSizeWin), (8 bytes).
    Removing windispensecnt.o(.rev16_text), (4 bytes).
    Removing windispensecnt.o(.revsh_text), (4 bytes).
    Removing windispensecnt.o(i.GetDispenseCntWin), (8 bytes).
    Removing main.o(.rev16_text), (4 bytes).
    Removing main.o(.revsh_text), (4 bytes).
    Removing main.o(i.ADCInit), (8 bytes).
    Removing main.o(i.FeedWDT), (2 bytes).
    Removing main.o(i.StartWDT), (2 bytes).
    Removing appsystem.o(.rev16_text), (4 bytes).
    Removing appsystem.o(.revsh_text), (4 bytes).
    Removing appsystem.o(i.Beepring), (2 bytes).
    Removing appsystem.o(i.RestoreFactory), (2 bytes).
    Removing appsystem.o(i.SendDisplayMsg), (6 bytes).
    Removing appsystem.o(i.Standby), (2 bytes).
    Removing displayboard.o(.rev16_text), (4 bytes).
    Removing displayboard.o(.revsh_text), (4 bytes).
    Removing savedata.o(.rev16_text), (4 bytes).
    Removing savedata.o(.revsh_text), (4 bytes).
    Removing savedata.o(i.GetSysSeting), (80 bytes).
    Removing savedata.o(i.SaveSysSeting), (60 bytes).
    Removing savedata.o(i.SysSetingInit), (36 bytes).
    Removing savedata.o(.data), (4 bytes).
    Removing sim_eeprom.o(.rev16_text), (4 bytes).
    Removing sim_eeprom.o(.revsh_text), (4 bytes).
    Removing sim_eeprom.o(i.FLASH_ErasePage), (12 bytes).
    Removing sim_eeprom.o(i.FlashDataRead), (264 bytes).
    Removing sim_eeprom.o(i.FlashDataSave), (150 bytes).
    Removing sim_eeprom.o(i.UserDataCrcCheck), (46 bytes).
    Removing sim_eeprom.o(i.mReadFlash), (24 bytes).
    Removing sim_eeprom.o(i.mWriteFlash), (22 bytes).

262 unused section(s) (total 19899 bytes) removed from the image.

==============================================================================

Image Symbol Table

    Local Symbols

    Symbol Name                              Value     Ov Type        Size  Object(Section)

    RESET                                    0x00000000   Section      192  startup_bat32g135.o(RESET)
    ../clib/microlib/division.c              0x00000000   Number         0  idiv.o ABSOLUTE
    ../clib/microlib/division.c              0x00000000   Number         0  uidiv.o ABSOLUTE
    ../clib/microlib/division.c              0x00000000   Number         0  uldiv.o ABSOLUTE
    ../clib/microlib/init/entry.s            0x00000000   Number         0  entry2.o ABSOLUTE
    ../clib/microlib/init/entry.s            0x00000000   Number         0  entry10a.o ABSOLUTE
    ../clib/microlib/init/entry.s            0x00000000   Number         0  entry8a.o ABSOLUTE
    ../clib/microlib/init/entry.s            0x00000000   Number         0  entry8b.o ABSOLUTE
    ../clib/microlib/init/entry.s            0x00000000   Number         0  entry9a.o ABSOLUTE
    ../clib/microlib/init/entry.s            0x00000000   Number         0  entry9b.o ABSOLUTE
    ../clib/microlib/init/entry.s            0x00000000   Number         0  entry5.o ABSOLUTE
    ../clib/microlib/init/entry.s            0x00000000   Number         0  entry7b.o ABSOLUTE
    ../clib/microlib/init/entry.s            0x00000000   Number         0  entry10b.o ABSOLUTE
    ../clib/microlib/init/entry.s            0x00000000   Number         0  entry11a.o ABSOLUTE
    ../clib/microlib/init/entry.s            0x00000000   Number         0  entry11b.o ABSOLUTE
    ../clib/microlib/init/entry.s            0x00000000   Number         0  entry12a.o ABSOLUTE
    ../clib/microlib/init/entry.s            0x00000000   Number         0  entry12b.o ABSOLUTE
    ../clib/microlib/init/entry.s            0x00000000   Number         0  entry7a.o ABSOLUTE
    ../clib/microlib/init/entry.s            0x00000000   Number         0  entry.o ABSOLUTE
    ../clib/microlib/longlong.c              0x00000000   Number         0  llshl.o ABSOLUTE
    ../clib/microlib/longlong.c              0x00000000   Number         0  llushr.o ABSOLUTE
    ../clib/microlib/longlong.c              0x00000000   Number         0  llsshr.o ABSOLUTE
    ../clib/microlib/malloc/malloc.c         0x00000000   Number         0  mallocra.o ABSOLUTE
    ../clib/microlib/malloc/malloc.c         0x00000000   Number         0  malloca.o ABSOLUTE
    ../clib/microlib/malloc/malloc.c         0x00000000   Number         0  mallocr.o ABSOLUTE
    ../clib/microlib/malloc/malloc.c         0x00000000   Number         0  malloc.o ABSOLUTE
    ../clib/microlib/malloc/mvars.c          0x00000000   Number         0  mvars.o ABSOLUTE
    ../clib/microlib/printf/printf.c         0x00000000   Number         0  printf1.o ABSOLUTE
    ../clib/microlib/printf/printf.c         0x00000000   Number         0  printfb.o ABSOLUTE
    ../clib/microlib/printf/printf.c         0x00000000   Number         0  printf0.o ABSOLUTE
    ../clib/microlib/printf/printf.c         0x00000000   Number         0  printf2.o ABSOLUTE
    ../clib/microlib/printf/printf.c         0x00000000   Number         0  printf3.o ABSOLUTE
    ../clib/microlib/printf/printf.c         0x00000000   Number         0  printf5.o ABSOLUTE
    ../clib/microlib/printf/printf.c         0x00000000   Number         0  printf6.o ABSOLUTE
    ../clib/microlib/printf/printf.c         0x00000000   Number         0  printf8.o ABSOLUTE
    ../clib/microlib/printf/printf.c         0x00000000   Number         0  printfa.o ABSOLUTE
    ../clib/microlib/printf/printf.c         0x00000000   Number         0  printf7.o ABSOLUTE
    ../clib/microlib/printf/printf.c         0x00000000   Number         0  printf4.o ABSOLUTE
    ../clib/microlib/printf/stubs.s          0x00000000   Number         0  stubs.o ABSOLUTE
    ../clib/microlib/string/memcpy.c         0x00000000   Number         0  memcpyb.o ABSOLUTE
    ../clib/microlib/string/memcpy.c         0x00000000   Number         0  memcpya.o ABSOLUTE
    ../clib/microlib/string/memset.c         0x00000000   Number         0  memseta.o ABSOLUTE
    ../clib/microlib/string/strcat.c         0x00000000   Number         0  strcat.o ABSOLUTE
    ../clib/microlib/string/strlen.c         0x00000000   Number         0  strlen.o ABSOLUTE
    ../clib/microlib/stubs.s                 0x00000000   Number         0  iusefp.o ABSOLUTE
    ../clib/microlib/unhosted.c              0x00000000   Number         0  uwrite4.o ABSOLUTE
    ../clib/microlib/unhosted.c              0x00000000   Number         0  uread4.o ABSOLUTE
    ../fplib/microlib/fpadd.c                0x00000000   Number         0  dadd.o ABSOLUTE
    ../fplib/microlib/fpdiv.c                0x00000000   Number         0  ddiv.o ABSOLUTE
    ../fplib/microlib/fpepilogue.c           0x00000000   Number         0  depilogue.o ABSOLUTE
    ../fplib/microlib/fpfix.c                0x00000000   Number         0  dfixul.o ABSOLUTE
    ../fplib/microlib/fpmul.c                0x00000000   Number         0  dmul.o ABSOLUTE
    ..\Library\Device\Source\ARM\startup_BAT32G135.s 0x00000000   Number         0  startup_bat32g135.o ABSOLUTE
    ..\Library\Device\Source\system_BAT32G135.c 0x00000000   Number         0  system_bat32g135.o ABSOLUTE
    ..\Library\Driver\src\adc.c              0x00000000   Number         0  adc.o ABSOLUTE
    ..\Library\Driver\src\flash.c            0x00000000   Number         0  flash.o ABSOLUTE
    ..\Library\Driver\src\gpio.c             0x00000000   Number         0  gpio.o ABSOLUTE
    ..\Library\Driver\src\intp.c             0x00000000   Number         0  intp.o ABSOLUTE
    ..\Library\Driver\src\retarget.c         0x00000000   Number         0  retarget.o ABSOLUTE
    ..\Library\Driver\src\sci.c              0x00000000   Number         0  sci.o ABSOLUTE
    ..\Library\Driver\src\wdt.c              0x00000000   Number         0  wdt.o ABSOLUTE
    ..\\Library\\Device\\Source\\system_BAT32G135.c 0x00000000   Number         0  system_bat32g135.o ABSOLUTE
    ..\\Library\\Driver\\src\\adc.c          0x00000000   Number         0  adc.o ABSOLUTE
    ..\\Library\\Driver\\src\\flash.c        0x00000000   Number         0  flash.o ABSOLUTE
    ..\\Library\\Driver\\src\\gpio.c         0x00000000   Number         0  gpio.o ABSOLUTE
    ..\\Library\\Driver\\src\\intp.c         0x00000000   Number         0  intp.o ABSOLUTE
    ..\\Library\\Driver\\src\\retarget.c     0x00000000   Number         0  retarget.o ABSOLUTE
    ..\\Library\\Driver\\src\\sci.c          0x00000000   Number         0  sci.o ABSOLUTE
    ..\\Library\\Driver\\src\\wdt.c          0x00000000   Number         0  wdt.o ABSOLUTE
    ..\\code\\SysFile\\AppUart.c             0x00000000   Number         0  appuart.o ABSOLUTE
    ..\\code\\SysFile\\IOInit.c              0x00000000   Number         0  ioinit.o ABSOLUTE
    ..\\code\\SysFile\\KeyScan.c             0x00000000   Number         0  keyscan.o ABSOLUTE
    ..\\code\\SysFile\\Task.c                0x00000000   Number         0  task.o ABSOLUTE
    ..\\code\\SysFile\\delay.c               0x00000000   Number         0  delay.o ABSOLUTE
    ..\\code\\SysFile\\fifo.c                0x00000000   Number         0  fifo.o ABSOLUTE
    ..\\code\\SysFile\\sys_clock.c           0x00000000   Number         0  sys_clock.o ABSOLUTE
    ..\\code\\SysFile\\system.c              0x00000000   Number         0  system.o ABSOLUTE
    ..\\code\\SysFile\\window.c              0x00000000   Number         0  window.o ABSOLUTE
    ..\\code\\User\\Displayboard.c           0x00000000   Number         0  displayboard.o ABSOLUTE
    ..\\code\\User\\SaveData.c               0x00000000   Number         0  savedata.o ABSOLUTE
    ..\\code\\User\\appsystem.c              0x00000000   Number         0  appsystem.o ABSOLUTE
    ..\\code\\User\\main.c                   0x00000000   Number         0  main.o ABSOLUTE
    ..\\code\\User\\sim_eeprom.c             0x00000000   Number         0  sim_eeprom.o ABSOLUTE
    ..\\code\\drv\\drvLCD1602.c              0x00000000   Number         0  drvlcd1602.o ABSOLUTE
    ..\\code\\win\\WinData.c                 0x00000000   Number         0  windata.o ABSOLUTE
    ..\\code\\win\\WinDispenseCnt.c          0x00000000   Number         0  windispensecnt.o ABSOLUTE
    ..\\code\\win\\WinLEDLevel.c             0x00000000   Number         0  winledlevel.o ABSOLUTE
    ..\\code\\win\\WinOreration.c            0x00000000   Number         0  winoreration.o ABSOLUTE
    ..\\code\\win\\WinService.c              0x00000000   Number         0  winservice.o ABSOLUTE
    ..\\code\\win\\WinTypeSize.c             0x00000000   Number         0  wintypesize.o ABSOLUTE
    ..\\code\\win\\Windesktop.c              0x00000000   Number         0  windesktop.o ABSOLUTE
    ..\code\SysFile\AppUart.c                0x00000000   Number         0  appuart.o ABSOLUTE
    ..\code\SysFile\IOInit.c                 0x00000000   Number         0  ioinit.o ABSOLUTE
    ..\code\SysFile\KeyScan.c                0x00000000   Number         0  keyscan.o ABSOLUTE
    ..\code\SysFile\Task.c                   0x00000000   Number         0  task.o ABSOLUTE
    ..\code\SysFile\delay.c                  0x00000000   Number         0  delay.o ABSOLUTE
    ..\code\SysFile\fifo.c                   0x00000000   Number         0  fifo.o ABSOLUTE
    ..\code\SysFile\sys_clock.c              0x00000000   Number         0  sys_clock.o ABSOLUTE
    ..\code\SysFile\system.c                 0x00000000   Number         0  system.o ABSOLUTE
    ..\code\SysFile\window.c                 0x00000000   Number         0  window.o ABSOLUTE
    ..\code\User\Displayboard.c              0x00000000   Number         0  displayboard.o ABSOLUTE
    ..\code\User\SaveData.c                  0x00000000   Number         0  savedata.o ABSOLUTE
    ..\code\User\appsystem.c                 0x00000000   Number         0  appsystem.o ABSOLUTE
    ..\code\User\main.c                      0x00000000   Number         0  main.o ABSOLUTE
    ..\code\User\sim_eeprom.c                0x00000000   Number         0  sim_eeprom.o ABSOLUTE
    ..\code\drv\drvLCD1602.c                 0x00000000   Number         0  drvlcd1602.o ABSOLUTE
    ..\code\win\WinData.c                    0x00000000   Number         0  windata.o ABSOLUTE
    ..\code\win\WinDispenseCnt.c             0x00000000   Number         0  windispensecnt.o ABSOLUTE
    ..\code\win\WinLEDLevel.c                0x00000000   Number         0  winledlevel.o ABSOLUTE
    ..\code\win\WinOreration.c               0x00000000   Number         0  winoreration.o ABSOLUTE
    ..\code\win\WinService.c                 0x00000000   Number         0  winservice.o ABSOLUTE
    ..\code\win\WinTypeSize.c                0x00000000   Number         0  wintypesize.o ABSOLUTE
    ..\code\win\Windesktop.c                 0x00000000   Number         0  windesktop.o ABSOLUTE
    cdrcmple.s                               0x00000000   Number         0  cdrcmple.o ABSOLUTE
    dc.s                                     0x00000000   Number         0  dc.o ABSOLUTE
    handlers.s                               0x00000000   Number         0  handlers.o ABSOLUTE
    init.s                                   0x00000000   Number         0  init.o ABSOLUTE
    .ARM.__AT_0x000000C0                     0x000000c0   Section        4  system_bat32g135.o(.ARM.__AT_0x000000C0)
    __tagsym$$used                           0x000000c0   Number         0  system_bat32g135.o(.ARM.__AT_0x000000C0)
    .ARM.Collect$$$$00000000                 0x000000c4   Section        0  entry.o(.ARM.Collect$$$$00000000)
    .ARM.Collect$$$$00000001                 0x000000c4   Section        4  entry2.o(.ARM.Collect$$$$00000001)
    .ARM.Collect$$$$00000004                 0x000000c8   Section        4  entry5.o(.ARM.Collect$$$$00000004)
    .ARM.Collect$$$$00000008                 0x000000cc   Section        0  entry7b.o(.ARM.Collect$$$$00000008)
    .ARM.Collect$$$$0000000A                 0x000000cc   Section        0  entry8b.o(.ARM.Collect$$$$0000000A)
    .ARM.Collect$$$$0000000B                 0x000000cc   Section        8  entry9a.o(.ARM.Collect$$$$0000000B)
    .ARM.Collect$$$$0000000E                 0x000000d4   Section        4  entry12b.o(.ARM.Collect$$$$0000000E)
    .ARM.Collect$$$$0000000F                 0x000000d8   Section        0  entry10a.o(.ARM.Collect$$$$0000000F)
    .ARM.Collect$$$$00000011                 0x000000d8   Section        0  entry11a.o(.ARM.Collect$$$$00000011)
    .ARM.Collect$$$$00002712                 0x000000d8   Section        4  entry2.o(.ARM.Collect$$$$00002712)
    __lit__00000000                          0x000000d8   Data           4  entry2.o(.ARM.Collect$$$$00002712)
    .text                                    0x000000dc   Section      100  startup_bat32g135.o(.text)
    .text                                    0x00000140   Section        0  uidiv.o(.text)
    .text                                    0x0000016c   Section        0  memseta.o(.text)
    .text                                    0x00000190   Section        0  strlen.o(.text)
    .text                                    0x0000019e   Section        0  uread4.o(.text)
    .text                                    0x000001b2   Section        0  uwrite4.o(.text)
    .text                                    0x000001c4   Section        0  uldiv.o(.text)
    .text                                    0x00000224   Section        0  iusefp.o(.text)
    .text                                    0x00000224   Section        0  dadd.o(.text)
    .text                                    0x0000038c   Section        0  dmul.o(.text)
    .text                                    0x0000045c   Section        0  ddiv.o(.text)
    .text                                    0x0000054c   Section        0  dfixul.o(.text)
    .text                                    0x0000058c   Section       40  cdrcmple.o(.text)
    .text                                    0x000005b4   Section       36  init.o(.text)
    .text                                    0x000005d8   Section        0  llshl.o(.text)
    .text                                    0x000005f8   Section        0  llushr.o(.text)
    .text                                    0x0000061a   Section        0  llsshr.o(.text)
    .text                                    0x00000640   Section        0  depilogue.o(.text)
    i.AppSystemInit                          0x000006fe   Section        0  appsystem.o(i.AppSystemInit)
    i.CLK_GetHocoFreq                        0x00000700   Section        0  system_bat32g135.o(i.CLK_GetHocoFreq)
    i.CreatePage                             0x000007b0   Section        0  window.o(i.CreatePage)
    i.DefWindowProc                          0x000007c0   Section        0  window.o(i.DefWindowProc)
    i.DesktopUpdate                          0x00000838   Section        0  windesktop.o(i.DesktopUpdate)
    i.DisplayUpdate                          0x00000a6c   Section        0  appsystem.o(i.DisplayUpdate)
    i.GetActiveWindow                        0x00000a7c   Section        0  window.o(i.GetActiveWindow)
    i.GetDisplayData                         0x00000a88   Section        0  appuart.o(i.GetDisplayData)
    i.GetKeyState                            0x00000ae4   Section        0  keyscan.o(i.GetKeyState)
    i.GetMessage                             0x00000c4c   Section        0  system.o(i.GetMessage)
    i.GetModbusCRC                           0x00000cf4   Section        0  appsystem.o(i.GetModbusCRC)
    i.GetParent                              0x00000d38   Section        0  window.o(i.GetParent)
    i.Getkey                                 0x00000d44   Section        0  keyscan.o(i.Getkey)
    i.HkeytoVkey                             0x00000d8a   Section        0  keyscan.o(i.HkeytoVkey)
    i.INTC_ClearPendingIRQ                   0x00000dcc   Section        0  sci.o(i.INTC_ClearPendingIRQ)
    INTC_ClearPendingIRQ                     0x00000dcd   Thumb Code    12  sci.o(i.INTC_ClearPendingIRQ)
    i.INTC_ClearPendingIRQ                   0x00000ddc   Section        0  appuart.o(i.INTC_ClearPendingIRQ)
    INTC_ClearPendingIRQ                     0x00000ddd   Thumb Code    12  appuart.o(i.INTC_ClearPendingIRQ)
    i.INTC_DisableIRQ                        0x00000dec   Section        0  sci.o(i.INTC_DisableIRQ)
    INTC_DisableIRQ                          0x00000ded   Thumb Code    10  sci.o(i.INTC_DisableIRQ)
    i.INTC_DisableIRQ                        0x00000dfc   Section        0  appuart.o(i.INTC_DisableIRQ)
    INTC_DisableIRQ                          0x00000dfd   Thumb Code    10  appuart.o(i.INTC_DisableIRQ)
    i.INTC_EnableIRQ                         0x00000e0c   Section        0  sci.o(i.INTC_EnableIRQ)
    INTC_EnableIRQ                           0x00000e0d   Thumb Code    10  sci.o(i.INTC_EnableIRQ)
    i.IOInit                                 0x00000e1c   Section        0  ioinit.o(i.IOInit)
    i.KeyContinueHand                        0x00000ec8   Section        0  windesktop.o(i.KeyContinueHand)
    KeyContinueHand                          0x00000ec9   Thumb Code    52  windesktop.o(i.KeyContinueHand)
    i.KeyContinueHand                        0x00000f00   Section        0  winoreration.o(i.KeyContinueHand)
    KeyContinueHand                          0x00000f01   Thumb Code    36  winoreration.o(i.KeyContinueHand)
    i.KeyContinueHand                        0x00000f24   Section        0  windata.o(i.KeyContinueHand)
    KeyContinueHand                          0x00000f25   Thumb Code    36  windata.o(i.KeyContinueHand)
    i.KeyContinueHand                        0x00000f48   Section        0  winservice.o(i.KeyContinueHand)
    KeyContinueHand                          0x00000f49   Thumb Code    36  winservice.o(i.KeyContinueHand)
    i.KeyContinueHand                        0x00000f6c   Section        0  winledlevel.o(i.KeyContinueHand)
    KeyContinueHand                          0x00000f6d   Thumb Code    36  winledlevel.o(i.KeyContinueHand)
    i.KeyContinueHand                        0x00000f90   Section        0  wintypesize.o(i.KeyContinueHand)
    KeyContinueHand                          0x00000f91   Thumb Code    36  wintypesize.o(i.KeyContinueHand)
    i.KeyContinueHand                        0x00000fb4   Section        0  windispensecnt.o(i.KeyContinueHand)
    KeyContinueHand                          0x00000fb5   Thumb Code    36  windispensecnt.o(i.KeyContinueHand)
    i.KeyDownHand                            0x00000fd8   Section        0  windesktop.o(i.KeyDownHand)
    KeyDownHand                              0x00000fd9   Thumb Code   132  windesktop.o(i.KeyDownHand)
    i.KeyDownHand                            0x00001064   Section        0  winoreration.o(i.KeyDownHand)
    KeyDownHand                              0x00001065   Thumb Code   524  winoreration.o(i.KeyDownHand)
    i.KeyDownHand                            0x0000127c   Section        0  windata.o(i.KeyDownHand)
    KeyDownHand                              0x0000127d   Thumb Code   162  windata.o(i.KeyDownHand)
    i.KeyDownHand                            0x00001324   Section        0  winservice.o(i.KeyDownHand)
    KeyDownHand                              0x00001325   Thumb Code   304  winservice.o(i.KeyDownHand)
    i.KeyDownHand                            0x00001460   Section        0  winledlevel.o(i.KeyDownHand)
    KeyDownHand                              0x00001461   Thumb Code    80  winledlevel.o(i.KeyDownHand)
    i.KeyDownHand                            0x000014b8   Section        0  wintypesize.o(i.KeyDownHand)
    KeyDownHand                              0x000014b9   Thumb Code   600  wintypesize.o(i.KeyDownHand)
    i.KeyDownHand                            0x00001724   Section        0  windispensecnt.o(i.KeyDownHand)
    KeyDownHand                              0x00001725   Thumb Code   220  windispensecnt.o(i.KeyDownHand)
    i.KillTimer                              0x00001808   Section        0  system.o(i.KillTimer)
    i.LCDSetCursor                           0x00001884   Section        0  drvlcd1602.o(i.LCDSetCursor)
    i.LcdInit                                0x000018bc   Section        0  drvlcd1602.o(i.LcdInit)
    i.LcdWriteCom                            0x000018de   Section        0  drvlcd1602.o(i.LcdWriteCom)
    i.LcdWriteData                           0x0000191e   Section        0  drvlcd1602.o(i.LcdWriteData)
    i.LcdWriteStrimg                         0x0000195e   Section        0  drvlcd1602.o(i.LcdWriteStrimg)
    i.LongKeyHand                            0x00001988   Section        0  windesktop.o(i.LongKeyHand)
    LongKeyHand                              0x00001989   Thumb Code    30  windesktop.o(i.LongKeyHand)
    i.LongKeyHand                            0x000019a6   Section        0  winoreration.o(i.LongKeyHand)
    LongKeyHand                              0x000019a7   Thumb Code    36  winoreration.o(i.LongKeyHand)
    i.LongKeyHand                            0x000019ca   Section        0  windata.o(i.LongKeyHand)
    LongKeyHand                              0x000019cb   Thumb Code    36  windata.o(i.LongKeyHand)
    i.LongKeyHand                            0x000019ee   Section        0  winservice.o(i.LongKeyHand)
    LongKeyHand                              0x000019ef   Thumb Code    36  winservice.o(i.LongKeyHand)
    i.LongKeyHand                            0x00001a12   Section        0  winledlevel.o(i.LongKeyHand)
    LongKeyHand                              0x00001a13   Thumb Code    36  winledlevel.o(i.LongKeyHand)
    i.LongKeyHand                            0x00001a36   Section        0  wintypesize.o(i.LongKeyHand)
    LongKeyHand                              0x00001a37   Thumb Code    36  wintypesize.o(i.LongKeyHand)
    i.LongKeyHand                            0x00001a5a   Section        0  windispensecnt.o(i.LongKeyHand)
    LongKeyHand                              0x00001a5b   Thumb Code    36  windispensecnt.o(i.LongKeyHand)
    i.LongKeyUpHand                          0x00001a7e   Section        0  windesktop.o(i.LongKeyUpHand)
    LongKeyUpHand                            0x00001a7f   Thumb Code    30  windesktop.o(i.LongKeyUpHand)
    i.MonitorState                           0x00001a9c   Section        0  appsystem.o(i.MonitorState)
    i.MonitorTimer                           0x00001b40   Section        0  system.o(i.MonitorTimer)
    i.PORT_ClrBit                            0x00001c50   Section        0  gpio.o(i.PORT_ClrBit)
    i.PORT_GetBit                            0x00001c60   Section        0  gpio.o(i.PORT_GetBit)
    i.PORT_Init                              0x00001c84   Section        0  gpio.o(i.PORT_Init)
    i.PORT_SetBit                            0x00001df4   Section        0  gpio.o(i.PORT_SetBit)
    i.ParsingDisplayData                     0x00001e04   Section        0  appsystem.o(i.ParsingDisplayData)
    i.PowerOnDisplay                         0x00001e90   Section        0  appsystem.o(i.PowerOnDisplay)
    i.SYSClockInit                           0x00001e94   Section        0  sys_clock.o(i.SYSClockInit)
    i.SYSInit                                0x00001edc   Section        0  system.o(i.SYSInit)
    i.SYS_Init                               0x00001f70   Section        0  main.o(i.SYS_Init)
    i.SendDisplayData                        0x00001fa0   Section        0  appsystem.o(i.SendDisplayData)
    i.SendMessage                            0x0000201c   Section        0  system.o(i.SendMessage)
    i.SetDisplayData                         0x00002088   Section        0  appsystem.o(i.SetDisplayData)
    i.StandbyRestart                         0x000020a8   Section        0  appsystem.o(i.StandbyRestart)
    i.SyStemTimeTask                         0x000020ac   Section        0  system.o(i.SyStemTimeTask)
    i.SysTick_Handler                        0x00002198   Section        0  sys_clock.o(i.SysTick_Handler)
    i.SystemCoreClockUpdate                  0x000022ec   Section        0  system_bat32g135.o(i.SystemCoreClockUpdate)
    i.SystemInit                             0x000022fc   Section        0  system_bat32g135.o(i.SystemInit)
    i.TaskKeySan                             0x00002370   Section        0  keyscan.o(i.TaskKeySan)
    i.TaskProcess                            0x0000240c   Section        0  task.o(i.TaskProcess)
    i.TimeSetEvent                           0x00002444   Section        0  system.o(i.TimeSetEvent)
    i.UART0_BaudRate                         0x00002510   Section        0  sci.o(i.UART0_BaudRate)
    i.UART0_Init                             0x00002574   Section        0  sci.o(i.UART0_Init)
    i.UART0_Start                            0x000026c8   Section        0  sci.o(i.UART0_Start)
    i.UART_BaudRateCal                       0x00002718   Section        0  sci.o(i.UART_BaudRateCal)
    i.UartSendDisplayData                    0x00002790   Section        0  appuart.o(i.UartSendDisplayData)
    i.Update                                 0x000027ec   Section        0  winoreration.o(i.Update)
    Update                                   0x000027ed   Thumb Code   598  winoreration.o(i.Update)
    i.Update                                 0x00002c30   Section        0  windata.o(i.Update)
    Update                                   0x00002c31   Thumb Code   608  windata.o(i.Update)
    i.Update                                 0x000030a8   Section        0  winservice.o(i.Update)
    Update                                   0x000030a9   Thumb Code   440  winservice.o(i.Update)
    i.Update                                 0x000033ac   Section        0  winledlevel.o(i.Update)
    Update                                   0x000033ad   Thumb Code     2  winledlevel.o(i.Update)
    i.Update                                 0x000033b0   Section        0  wintypesize.o(i.Update)
    Update                                   0x000033b1   Thumb Code   606  wintypesize.o(i.Update)
    i.Update                                 0x00003798   Section        0  windispensecnt.o(i.Update)
    Update                                   0x00003799   Thumb Code   620  windispensecnt.o(i.Update)
    i.WDT_Restart                            0x00003b4c   Section        0  wdt.o(i.WDT_Restart)
    i.WinDataInit                            0x00003b58   Section        0  windata.o(i.WinDataInit)
    i.WinDesktopInit                         0x00003b8c   Section        0  windesktop.o(i.WinDesktopInit)
    i.WinDispenseCntInit                     0x00003bc0   Section        0  windispensecnt.o(i.WinDispenseCntInit)
    i.WinInit                                0x00003bf4   Section        0  window.o(i.WinInit)
    i.WinLEDLevelInit                        0x00003c30   Section        0  winledlevel.o(i.WinLEDLevelInit)
    i.WinOrerationInit                       0x00003c64   Section        0  winoreration.o(i.WinOrerationInit)
    i.WinPageInit                            0x00003c98   Section        0  windesktop.o(i.WinPageInit)
    WinPageInit                              0x00003c99   Thumb Code    18  windesktop.o(i.WinPageInit)
    i.WinPageInit                            0x00003cb0   Section        0  winoreration.o(i.WinPageInit)
    WinPageInit                              0x00003cb1   Thumb Code    54  winoreration.o(i.WinPageInit)
    i.WinPageInit                            0x00003cf4   Section        0  windata.o(i.WinPageInit)
    WinPageInit                              0x00003cf5   Thumb Code    28  windata.o(i.WinPageInit)
    i.WinPageInit                            0x00003d18   Section        0  winservice.o(i.WinPageInit)
    WinPageInit                              0x00003d19   Thumb Code    16  winservice.o(i.WinPageInit)
    i.WinPageInit                            0x00003d30   Section        0  winledlevel.o(i.WinPageInit)
    WinPageInit                              0x00003d31   Thumb Code    16  winledlevel.o(i.WinPageInit)
    i.WinPageInit                            0x00003d48   Section        0  wintypesize.o(i.WinPageInit)
    WinPageInit                              0x00003d49   Thumb Code   138  wintypesize.o(i.WinPageInit)
    i.WinPageInit                            0x00003de8   Section        0  windispensecnt.o(i.WinPageInit)
    WinPageInit                              0x00003de9   Thumb Code   138  windispensecnt.o(i.WinPageInit)
    i.WinPageSwitch                          0x00003e88   Section        0  window.o(i.WinPageSwitch)
    i.WinProc                                0x00003ed8   Section        0  windesktop.o(i.WinProc)
    WinProc                                  0x00003ed9   Thumb Code   168  windesktop.o(i.WinProc)
    i.WinProc                                0x00003f88   Section        0  winoreration.o(i.WinProc)
    WinProc                                  0x00003f89   Thumb Code   100  winoreration.o(i.WinProc)
    i.WinProc                                0x00003fec   Section        0  windata.o(i.WinProc)
    WinProc                                  0x00003fed   Thumb Code   100  windata.o(i.WinProc)
    i.WinProc                                0x00004050   Section        0  winservice.o(i.WinProc)
    WinProc                                  0x00004051   Thumb Code   100  winservice.o(i.WinProc)
    i.WinProc                                0x000040b4   Section        0  winledlevel.o(i.WinProc)
    WinProc                                  0x000040b5   Thumb Code   100  winledlevel.o(i.WinProc)
    i.WinProc                                0x00004118   Section        0  wintypesize.o(i.WinProc)
    WinProc                                  0x00004119   Thumb Code   100  wintypesize.o(i.WinProc)
    i.WinProc                                0x0000417c   Section        0  windispensecnt.o(i.WinProc)
    WinProc                                  0x0000417d   Thumb Code   100  windispensecnt.o(i.WinProc)
    i.WinServiceInit                         0x000041e0   Section        0  winservice.o(i.WinServiceInit)
    i.WinTimerOut                            0x00004214   Section        0  appsystem.o(i.WinTimerOut)
    i.WinTypeSizeInit                        0x00004258   Section        0  wintypesize.o(i.WinTypeSizeInit)
    i.WndProc                                0x0000428c   Section        0  window.o(i.WndProc)
    i.WriteData                              0x00004324   Section        0  drvlcd1602.o(i.WriteData)
    i.__0snprintf                            0x000043fc   Section        0  printfa.o(i.__0snprintf)
    i.__ARM_clz                              0x00004434   Section        0  depilogue.o(i.__ARM_clz)
    i.__ARM_common_switch8                   0x00004462   Section        0  system_bat32g135.o(i.__ARM_common_switch8)
    i.__NVIC_EnableIRQ                       0x00004480   Section        0  sci.o(i.__NVIC_EnableIRQ)
    __NVIC_EnableIRQ                         0x00004481   Thumb Code    18  sci.o(i.__NVIC_EnableIRQ)
    i.__NVIC_SetPriority                     0x00004498   Section        0  sci.o(i.__NVIC_SetPriority)
    __NVIC_SetPriority                       0x00004499   Thumb Code   110  sci.o(i.__NVIC_SetPriority)
    i.__NVIC_SetPriority                     0x00004510   Section        0  sys_clock.o(i.__NVIC_SetPriority)
    __NVIC_SetPriority                       0x00004511   Thumb Code   110  sys_clock.o(i.__NVIC_SetPriority)
    i.__scatterload_copy                     0x00004588   Section       14  handlers.o(i.__scatterload_copy)
    i.__scatterload_null                     0x00004596   Section        2  handlers.o(i.__scatterload_null)
    i.__scatterload_zeroinit                 0x00004598   Section       14  handlers.o(i.__scatterload_zeroinit)
    i._fp_digits                             0x000045a8   Section        0  printfa.o(i._fp_digits)
    _fp_digits                               0x000045a9   Thumb Code   344  printfa.o(i._fp_digits)
    i._printf_core                           0x0000471c   Section        0  printfa.o(i._printf_core)
    _printf_core                             0x0000471d   Thumb Code  1760  printfa.o(i._printf_core)
    i._printf_post_padding                   0x00004e0c   Section        0  printfa.o(i._printf_post_padding)
    _printf_post_padding                     0x00004e0d   Thumb Code    32  printfa.o(i._printf_post_padding)
    i._printf_pre_padding                    0x00004e2c   Section        0  printfa.o(i._printf_pre_padding)
    _printf_pre_padding                      0x00004e2d   Thumb Code    44  printfa.o(i._printf_pre_padding)
    i._snputc                                0x00004e58   Section        0  printfa.o(i._snputc)
    _snputc                                  0x00004e59   Thumb Code    22  printfa.o(i._snputc)
    i.delayms                                0x00004e6e   Section        0  delay.o(i.delayms)
    i.fifo_init                              0x00004edc   Section        0  fifo.o(i.fifo_init)
    i.main                                   0x00004eec   Section        0  main.o(i.main)
    i.uart0_interrupt_receive                0x00004f70   Section        0  appuart.o(i.uart0_interrupt_receive)
    i.uart0_interrupt_send                   0x00004fe0   Section        0  appuart.o(i.uart0_interrupt_send)
    .constdata                               0x00005038   Section       32  sci.o(.constdata)
    .constdata                               0x00005058   Section      357  winservice.o(.constdata)
    keyval                                   0x00005058   Data         357  winservice.o(.constdata)
    .constdata                               0x000051bd   Section       75  wintypesize.o(.constdata)
    typetemp                                 0x000051bd   Data          75  wintypesize.o(.constdata)
    .constdata                               0x00005208   Section      252  windispensecnt.o(.constdata)
    typeval                                  0x00005208   Data         252  windispensecnt.o(.constdata)
    .data                                    0x20000000   Section        4  system_bat32g135.o(.data)
    .data                                    0x20000004   Section        6  appuart.o(.data)
    RecFlag                                  0x20000005   Data           1  appuart.o(.data)
    uartcount                                0x20000006   Data           2  appuart.o(.data)
    i                                        0x20000008   Data           2  appuart.o(.data)
    .data                                    0x2000000a   Section        4  system.o(.data)
    .data                                    0x20000010   Section       48  task.o(.data)
    .data                                    0x20000040   Section        8  window.o(.data)
    .data                                    0x20000048   Section       11  keyscan.o(.data)
    u8keystep                                0x20000049   Data           1  keyscan.o(.data)
    u8keytimecount                           0x2000004a   Data           2  keyscan.o(.data)
    u8lastkey                                0x2000004c   Data           1  keyscan.o(.data)
    u8keystate                               0x2000004d   Data           1  keyscan.o(.data)
    keydowncount                             0x2000004e   Data           2  keyscan.o(.data)
    timercount                               0x20000050   Data           2  keyscan.o(.data)
    oldkey                                   0x20000052   Data           1  keyscan.o(.data)
    .data                                    0x20000053   Section        2  windesktop.o(.data)
    .data                                    0x20000055   Section        1  winoreration.o(.data)
    cnt                                      0x20000055   Data           1  winoreration.o(.data)
    .data                                    0x20000056   Section        2  wintypesize.o(.data)
    type                                     0x20000056   Data           1  wintypesize.o(.data)
    Parent                                   0x20000057   Data           1  wintypesize.o(.data)
    .data                                    0x20000058   Section        2  windispensecnt.o(.data)
    type                                     0x20000058   Data           1  windispensecnt.o(.data)
    Parent                                   0x20000059   Data           1  windispensecnt.o(.data)
    .data                                    0x2000005c   Section        4  appsystem.o(.data)
    .bss                                     0x20000060   Section      206  appuart.o(.bss)
    UartGetData                              0x20000060   Data         100  appuart.o(.bss)
    uart0Sendcon                             0x200000c4   Data         106  appuart.o(.bss)
    .bss                                     0x2000012e   Section      106  fifo.o(.bss)
    .bss                                     0x20000198   Section       76  system.o(.bss)
    .bss                                     0x200001e4   Section       36  window.o(.bss)
    .bss                                     0x20000208   Section       11  windesktop.o(.bss)
    .bss                                     0x20000213   Section       11  winoreration.o(.bss)
    .bss                                     0x2000021e   Section       11  windata.o(.bss)
    .bss                                     0x20000229   Section       11  winservice.o(.bss)
    .bss                                     0x20000234   Section       11  winledlevel.o(.bss)
    .bss                                     0x2000023f   Section       11  wintypesize.o(.bss)
    .bss                                     0x2000024a   Section       11  windispensecnt.o(.bss)
    .bss                                     0x20000255   Section      180  appsystem.o(.bss)
    STACK                                    0x20000310   Section     1024  startup_bat32g135.o(STACK)

    Global Symbols

    Symbol Name                              Value     Ov Type        Size  Object(Section)

    BuildAttributes$$THM_ISAv3M$S$PE$A:L22$X:L11$S22$IEEE1$IW$USESV6$~STKCKD$USESV7$~SHL$OSPACE$ROPI$EBA8$MICROLIB$REQ8$PRES8$EABIv2 0x00000000   Number         0  anon$$obj.o ABSOLUTE
    __ARM_use_no_argv                        0x00000000   Number         0  main.o ABSOLUTE
    __Vectors                                0x00000000   Data           4  startup_bat32g135.o(RESET)
    _printf_a                                0x00000000   Number         0  stubs.o ABSOLUTE
    _printf_c                                0x00000000   Number         0  stubs.o ABSOLUTE
    _printf_charcount                        0x00000000   Number         0  stubs.o ABSOLUTE
    _printf_d                                0x00000000   Number         0  stubs.o ABSOLUTE
    _printf_e                                0x00000000   Number         0  stubs.o ABSOLUTE
    _printf_f                                0x00000000   Number         0  stubs.o ABSOLUTE
    _printf_flags                            0x00000000   Number         0  stubs.o ABSOLUTE
    _printf_fp_dec                           0x00000000   Number         0  stubs.o ABSOLUTE
    _printf_fp_hex                           0x00000000   Number         0  stubs.o ABSOLUTE
    _printf_g                                0x00000000   Number         0  stubs.o ABSOLUTE
    _printf_i                                0x00000000   Number         0  stubs.o ABSOLUTE
    _printf_int_dec                          0x00000000   Number         0  stubs.o ABSOLUTE
    _printf_l                                0x00000000   Number         0  stubs.o ABSOLUTE
    _printf_lc                               0x00000000   Number         0  stubs.o ABSOLUTE
    _printf_ll                               0x00000000   Number         0  stubs.o ABSOLUTE
    _printf_lld                              0x00000000   Number         0  stubs.o ABSOLUTE
    _printf_lli                              0x00000000   Number         0  stubs.o ABSOLUTE
    _printf_llo                              0x00000000   Number         0  stubs.o ABSOLUTE
    _printf_llu                              0x00000000   Number         0  stubs.o ABSOLUTE
    _printf_llx                              0x00000000   Number         0  stubs.o ABSOLUTE
    _printf_longlong_dec                     0x00000000   Number         0  stubs.o ABSOLUTE
    _printf_longlong_hex                     0x00000000   Number         0  stubs.o ABSOLUTE
    _printf_longlong_oct                     0x00000000   Number         0  stubs.o ABSOLUTE
    _printf_ls                               0x00000000   Number         0  stubs.o ABSOLUTE
    _printf_mbtowc                           0x00000000   Number         0  stubs.o ABSOLUTE
    _printf_n                                0x00000000   Number         0  stubs.o ABSOLUTE
    _printf_o                                0x00000000   Number         0  stubs.o ABSOLUTE
    _printf_p                                0x00000000   Number         0  stubs.o ABSOLUTE
    _printf_percent                          0x00000000   Number         0  stubs.o ABSOLUTE
    _printf_pre_padding                      0x00000000   Number         0  stubs.o ABSOLUTE
    _printf_return_value                     0x00000000   Number         0  stubs.o ABSOLUTE
    _printf_s                                0x00000000   Number         0  stubs.o ABSOLUTE
    _printf_sizespec                         0x00000000   Number         0  stubs.o ABSOLUTE
    _printf_str                              0x00000000   Number         0  stubs.o ABSOLUTE
    _printf_truncate_signed                  0x00000000   Number         0  stubs.o ABSOLUTE
    _printf_truncate_unsigned                0x00000000   Number         0  stubs.o ABSOLUTE
    _printf_u                                0x00000000   Number         0  stubs.o ABSOLUTE
    _printf_wc                               0x00000000   Number         0  stubs.o ABSOLUTE
    _printf_wctomb                           0x00000000   Number         0  stubs.o ABSOLUTE
    _printf_widthprec                        0x00000000   Number         0  stubs.o ABSOLUTE
    _printf_x                                0x00000000   Number         0  stubs.o ABSOLUTE
    __arm_fini_                               - Undefined Weak Reference
    __cpp_initialize__aeabi_                  - Undefined Weak Reference
    __cxa_finalize                            - Undefined Weak Reference
    __decompress                              - Undefined Weak Reference
    _clock_init                               - Undefined Weak Reference
    _microlib_exit                            - Undefined Weak Reference
    __Vectors_End                            0x000000c0   Data           0  startup_bat32g135.o(RESET)
    __Vectors_Size                           0x000000c0   Number         0  startup_bat32g135.o ABSOLUTE
    user_opt_data                            0x000000c0   Data           4  system_bat32g135.o(.ARM.__AT_0x000000C0)
    __main                                   0x000000c5   Thumb Code     0  entry.o(.ARM.Collect$$$$00000000)
    _main_stk                                0x000000c5   Thumb Code     0  entry2.o(.ARM.Collect$$$$00000001)
    _main_scatterload                        0x000000c9   Thumb Code     0  entry5.o(.ARM.Collect$$$$00000004)
    __main_after_scatterload                 0x000000cd   Thumb Code     0  entry5.o(.ARM.Collect$$$$00000004)
    _main_clock                              0x000000cd   Thumb Code     0  entry7b.o(.ARM.Collect$$$$00000008)
    _main_cpp_init                           0x000000cd   Thumb Code     0  entry8b.o(.ARM.Collect$$$$0000000A)
    _main_init                               0x000000cd   Thumb Code     0  entry9a.o(.ARM.Collect$$$$0000000B)
    __rt_lib_shutdown_fini                   0x000000d5   Thumb Code     0  entry12b.o(.ARM.Collect$$$$0000000E)
    __rt_final_cpp                           0x000000d9   Thumb Code     0  entry10a.o(.ARM.Collect$$$$0000000F)
    __rt_final_exit                          0x000000d9   Thumb Code     0  entry11a.o(.ARM.Collect$$$$00000011)
    Reset_Handler                            0x000000dd   Thumb Code     8  startup_bat32g135.o(.text)
    NMI_Handler                              0x000000e5   Thumb Code     2  startup_bat32g135.o(.text)
    HardFault_Handler                        0x000000e7   Thumb Code     2  startup_bat32g135.o(.text)
    MemManage_Handler                        0x000000e9   Thumb Code     2  startup_bat32g135.o(.text)
    BusFault_Handler                         0x000000eb   Thumb Code     2  startup_bat32g135.o(.text)
    UsageFault_Handler                       0x000000ed   Thumb Code     2  startup_bat32g135.o(.text)
    SVC_Handler                              0x000000ef   Thumb Code     2  startup_bat32g135.o(.text)
    DebugMon_Handler                         0x000000f1   Thumb Code     2  startup_bat32g135.o(.text)
    PendSV_Handler                           0x000000f3   Thumb Code     2  startup_bat32g135.o(.text)
    IRQ00_Handler                            0x000000f7   Thumb Code     2  startup_bat32g135.o(.text)
    IRQ01_Handler                            0x000000f9   Thumb Code     2  startup_bat32g135.o(.text)
    IRQ02_Handler                            0x000000fb   Thumb Code     2  startup_bat32g135.o(.text)
    IRQ03_Handler                            0x000000fd   Thumb Code     2  startup_bat32g135.o(.text)
    IRQ04_Handler                            0x000000ff   Thumb Code     2  startup_bat32g135.o(.text)
    IRQ05_Handler                            0x00000101   Thumb Code     2  startup_bat32g135.o(.text)
    IRQ06_Handler                            0x00000103   Thumb Code     2  startup_bat32g135.o(.text)
    IRQ07_Handler                            0x00000105   Thumb Code     2  startup_bat32g135.o(.text)
    IRQ08_Handler                            0x00000107   Thumb Code     2  startup_bat32g135.o(.text)
    IRQ09_Handler                            0x00000109   Thumb Code     2  startup_bat32g135.o(.text)
    IRQ12_Handler                            0x0000010f   Thumb Code     2  startup_bat32g135.o(.text)
    IRQ13_Handler                            0x00000111   Thumb Code     2  startup_bat32g135.o(.text)
    IRQ14_Handler                            0x00000113   Thumb Code     2  startup_bat32g135.o(.text)
    IRQ15_Handler                            0x00000115   Thumb Code     2  startup_bat32g135.o(.text)
    IRQ16_Handler                            0x00000117   Thumb Code     2  startup_bat32g135.o(.text)
    IRQ17_Handler                            0x00000119   Thumb Code     2  startup_bat32g135.o(.text)
    IRQ18_Handler                            0x0000011b   Thumb Code     2  startup_bat32g135.o(.text)
    IRQ19_Handler                            0x0000011d   Thumb Code     2  startup_bat32g135.o(.text)
    IRQ20_Handler                            0x0000011f   Thumb Code     2  startup_bat32g135.o(.text)
    IRQ21_Handler                            0x00000121   Thumb Code     2  startup_bat32g135.o(.text)
    IRQ22_Handler                            0x00000123   Thumb Code     2  startup_bat32g135.o(.text)
    IRQ23_Handler                            0x00000125   Thumb Code     2  startup_bat32g135.o(.text)
    IRQ24_Handler                            0x00000127   Thumb Code     2  startup_bat32g135.o(.text)
    IRQ25_Handler                            0x00000129   Thumb Code     2  startup_bat32g135.o(.text)
    IRQ26_Handler                            0x0000012b   Thumb Code     2  startup_bat32g135.o(.text)
    IRQ27_Handler                            0x0000012d   Thumb Code     2  startup_bat32g135.o(.text)
    IRQ28_Handler                            0x0000012f   Thumb Code     2  startup_bat32g135.o(.text)
    IRQ29_Handler                            0x00000131   Thumb Code     2  startup_bat32g135.o(.text)
    IRQ30_Handler                            0x00000133   Thumb Code     2  startup_bat32g135.o(.text)
    IRQ31_Handler                            0x00000135   Thumb Code     2  startup_bat32g135.o(.text)
    __aeabi_uidiv                            0x00000141   Thumb Code     0  uidiv.o(.text)
    __aeabi_uidivmod                         0x00000141   Thumb Code    44  uidiv.o(.text)
    __aeabi_memset                           0x0000016d   Thumb Code    14  memseta.o(.text)
    __aeabi_memset4                          0x0000016d   Thumb Code     0  memseta.o(.text)
    __aeabi_memset8                          0x0000016d   Thumb Code     0  memseta.o(.text)
    __aeabi_memclr                           0x0000017b   Thumb Code     4  memseta.o(.text)
    __aeabi_memclr4                          0x0000017b   Thumb Code     0  memseta.o(.text)
    __aeabi_memclr8                          0x0000017b   Thumb Code     0  memseta.o(.text)
    _memset$wrapper                          0x0000017f   Thumb Code    18  memseta.o(.text)
    strlen                                   0x00000191   Thumb Code    14  strlen.o(.text)
    __aeabi_uread4                           0x0000019f   Thumb Code    20  uread4.o(.text)
    __rt_uread4                              0x0000019f   Thumb Code     0  uread4.o(.text)
    _uread4                                  0x0000019f   Thumb Code     0  uread4.o(.text)
    __aeabi_uwrite4                          0x000001b3   Thumb Code    18  uwrite4.o(.text)
    __rt_uwrite4                             0x000001b3   Thumb Code     0  uwrite4.o(.text)
    _uwrite4                                 0x000001b3   Thumb Code     0  uwrite4.o(.text)
    __aeabi_uldivmod                         0x000001c5   Thumb Code    96  uldiv.o(.text)
    __I$use$fp                               0x00000225   Thumb Code     0  iusefp.o(.text)
    __aeabi_dadd                             0x00000225   Thumb Code   330  dadd.o(.text)
    __aeabi_dsub                             0x0000036f   Thumb Code    12  dadd.o(.text)
    __aeabi_drsub                            0x0000037b   Thumb Code    12  dadd.o(.text)
    __aeabi_dmul                             0x0000038d   Thumb Code   202  dmul.o(.text)
    __aeabi_ddiv                             0x0000045d   Thumb Code   234  ddiv.o(.text)
    __aeabi_d2ulz                            0x0000054d   Thumb Code    54  dfixul.o(.text)
    __aeabi_cdrcmple                         0x0000058d   Thumb Code    38  cdrcmple.o(.text)
    __scatterload                            0x000005b5   Thumb Code    28  init.o(.text)
    __scatterload_rt2                        0x000005b5   Thumb Code     0  init.o(.text)
    __aeabi_llsl                             0x000005d9   Thumb Code    32  llshl.o(.text)
    _ll_shift_l                              0x000005d9   Thumb Code     0  llshl.o(.text)
    __aeabi_llsr                             0x000005f9   Thumb Code    34  llushr.o(.text)
    _ll_ushift_r                             0x000005f9   Thumb Code     0  llushr.o(.text)
    __aeabi_lasr                             0x0000061b   Thumb Code    38  llsshr.o(.text)
    _ll_sshift_r                             0x0000061b   Thumb Code     0  llsshr.o(.text)
    _double_round                            0x00000641   Thumb Code    26  depilogue.o(.text)
    _double_epilogue                         0x0000065b   Thumb Code   164  depilogue.o(.text)
    AppSystemInit                            0x000006ff   Thumb Code     2  appsystem.o(i.AppSystemInit)
    CLK_GetHocoFreq                          0x00000701   Thumb Code   122  system_bat32g135.o(i.CLK_GetHocoFreq)
    CreatePage                               0x000007b1   Thumb Code    12  window.o(i.CreatePage)
    DefWindowProc                            0x000007c1   Thumb Code   120  window.o(i.DefWindowProc)
    DesktopUpdate                            0x00000839   Thumb Code   310  windesktop.o(i.DesktopUpdate)
    DisplayUpdate                            0x00000a6d   Thumb Code    14  appsystem.o(i.DisplayUpdate)
    GetActiveWindow                          0x00000a7d   Thumb Code     8  window.o(i.GetActiveWindow)
    GetDisplayData                           0x00000a89   Thumb Code    76  appuart.o(i.GetDisplayData)
    GetKeyState                              0x00000ae5   Thumb Code   344  keyscan.o(i.GetKeyState)
    GetMessage                               0x00000c4d   Thumb Code   162  system.o(i.GetMessage)
    GetModbusCRC                             0x00000cf5   Thumb Code    60  appsystem.o(i.GetModbusCRC)
    GetParent                                0x00000d39   Thumb Code     8  window.o(i.GetParent)
    Getkey                                   0x00000d45   Thumb Code    70  keyscan.o(i.Getkey)
    HkeytoVkey                               0x00000d8b   Thumb Code    66  keyscan.o(i.HkeytoVkey)
    IOInit                                   0x00000e1d   Thumb Code   172  ioinit.o(i.IOInit)
    KillTimer                                0x00001809   Thumb Code   118  system.o(i.KillTimer)
    LCDSetCursor                             0x00001885   Thumb Code    56  drvlcd1602.o(i.LCDSetCursor)
    LcdInit                                  0x000018bd   Thumb Code    34  drvlcd1602.o(i.LcdInit)
    LcdWriteCom                              0x000018df   Thumb Code    64  drvlcd1602.o(i.LcdWriteCom)
    LcdWriteData                             0x0000191f   Thumb Code    64  drvlcd1602.o(i.LcdWriteData)
    LcdWriteStrimg                           0x0000195f   Thumb Code    42  drvlcd1602.o(i.LcdWriteStrimg)
    MonitorState                             0x00001a9d   Thumb Code   156  appsystem.o(i.MonitorState)
    MonitorTimer                             0x00001b41   Thumb Code   266  system.o(i.MonitorTimer)
    PORT_ClrBit                              0x00001c51   Thumb Code    12  gpio.o(i.PORT_ClrBit)
    PORT_GetBit                              0x00001c61   Thumb Code    26  gpio.o(i.PORT_GetBit)
    PORT_Init                                0x00001c85   Thumb Code   364  gpio.o(i.PORT_Init)
    PORT_SetBit                              0x00001df5   Thumb Code    12  gpio.o(i.PORT_SetBit)
    ParsingDisplayData                       0x00001e05   Thumb Code   134  appsystem.o(i.ParsingDisplayData)
    PowerOnDisplay                           0x00001e91   Thumb Code     2  appsystem.o(i.PowerOnDisplay)
    SYSClockInit                             0x00001e95   Thumb Code    60  sys_clock.o(i.SYSClockInit)
    SYSInit                                  0x00001edd   Thumb Code   134  system.o(i.SYSInit)
    SYS_Init                                 0x00001f71   Thumb Code    48  main.o(i.SYS_Init)
    SendDisplayData                          0x00001fa1   Thumb Code   116  appsystem.o(i.SendDisplayData)
    SendMessage                              0x0000201d   Thumb Code   102  system.o(i.SendMessage)
    SetDisplayData                           0x00002089   Thumb Code    28  appsystem.o(i.SetDisplayData)
    StandbyRestart                           0x000020a9   Thumb Code     2  appsystem.o(i.StandbyRestart)
    SyStemTimeTask                           0x000020ad   Thumb Code   232  system.o(i.SyStemTimeTask)
    SysTick_Handler                          0x00002199   Thumb Code   320  sys_clock.o(i.SysTick_Handler)
    SystemCoreClockUpdate                    0x000022ed   Thumb Code    12  system_bat32g135.o(i.SystemCoreClockUpdate)
    SystemInit                               0x000022fd   Thumb Code    88  system_bat32g135.o(i.SystemInit)
    TaskKeySan                               0x00002371   Thumb Code   152  keyscan.o(i.TaskKeySan)
    TaskProcess                              0x0000240d   Thumb Code    52  task.o(i.TaskProcess)
    TimeSetEvent                             0x00002445   Thumb Code   200  system.o(i.TimeSetEvent)
    UART0_BaudRate                           0x00002511   Thumb Code    90  sci.o(i.UART0_BaudRate)
    UART0_Init                               0x00002575   Thumb Code   302  sci.o(i.UART0_Init)
    UART0_Start                              0x000026c9   Thumb Code    76  sci.o(i.UART0_Start)
    UART_BaudRateCal                         0x00002719   Thumb Code   110  sci.o(i.UART_BaudRateCal)
    UartSendDisplayData                      0x00002791   Thumb Code    78  appuart.o(i.UartSendDisplayData)
    WDT_Restart                              0x00003b4d   Thumb Code     8  wdt.o(i.WDT_Restart)
    WinDataInit                              0x00003b59   Thumb Code    38  windata.o(i.WinDataInit)
    WinDesktopInit                           0x00003b8d   Thumb Code    40  windesktop.o(i.WinDesktopInit)
    WinDispenseCntInit                       0x00003bc1   Thumb Code    38  windispensecnt.o(i.WinDispenseCntInit)
    WinInit                                  0x00003bf5   Thumb Code    52  window.o(i.WinInit)
    WinLEDLevelInit                          0x00003c31   Thumb Code    40  winledlevel.o(i.WinLEDLevelInit)
    WinOrerationInit                         0x00003c65   Thumb Code    38  winoreration.o(i.WinOrerationInit)
    WinPageSwitch                            0x00003e89   Thumb Code    68  window.o(i.WinPageSwitch)
    WinServiceInit                           0x000041e1   Thumb Code    38  winservice.o(i.WinServiceInit)
    WinTimerOut                              0x00004215   Thumb Code    62  appsystem.o(i.WinTimerOut)
    WinTypeSizeInit                          0x00004259   Thumb Code    40  wintypesize.o(i.WinTypeSizeInit)
    WndProc                                  0x0000428d   Thumb Code   138  window.o(i.WndProc)
    WriteData                                0x00004325   Thumb Code   214  drvlcd1602.o(i.WriteData)
    __0snprintf                              0x000043fd   Thumb Code    50  printfa.o(i.__0snprintf)
    __1snprintf                              0x000043fd   Thumb Code     0  printfa.o(i.__0snprintf)
    __2snprintf                              0x000043fd   Thumb Code     0  printfa.o(i.__0snprintf)
    __c89snprintf                            0x000043fd   Thumb Code     0  printfa.o(i.__0snprintf)
    snprintf                                 0x000043fd   Thumb Code     0  printfa.o(i.__0snprintf)
    __ARM_clz                                0x00004435   Thumb Code    46  depilogue.o(i.__ARM_clz)
    __ARM_common_switch8                     0x00004463   Thumb Code    28  system_bat32g135.o(i.__ARM_common_switch8)
    __scatterload_copy                       0x00004589   Thumb Code    14  handlers.o(i.__scatterload_copy)
    __scatterload_null                       0x00004597   Thumb Code     2  handlers.o(i.__scatterload_null)
    __scatterload_zeroinit                   0x00004599   Thumb Code    14  handlers.o(i.__scatterload_zeroinit)
    delayms                                  0x00004e6f   Thumb Code   108  delay.o(i.delayms)
    fifo_init                                0x00004edd   Thumb Code    12  fifo.o(i.fifo_init)
    main                                     0x00004eed   Thumb Code   120  main.o(i.main)
    IRQ11_Handler                            0x00004f71   Thumb Code     0  appuart.o(i.uart0_interrupt_receive)
    uart0_interrupt_receive                  0x00004f71   Thumb Code    86  appuart.o(i.uart0_interrupt_receive)
    IRQ10_Handler                            0x00004fe1   Thumb Code     0  appuart.o(i.uart0_interrupt_send)
    uart0_interrupt_send                     0x00004fe1   Thumb Code    78  appuart.o(i.uart0_interrupt_send)
    sps_tbl                                  0x00005038   Data          32  sci.o(.constdata)
    Region$$Table$$Base                      0x00005304   Number         0  anon$$obj.o(Region$$Table)
    Region$$Table$$Limit                     0x00005324   Number         0  anon$$obj.o(Region$$Table)
    SystemCoreClock                          0x20000000   Data           4  system_bat32g135.o(.data)
    uarttimeout                              0x20000004   Data           1  appuart.o(.data)
    sSystemTime                              0x2000000a   Data           4  system.o(.data)
    TaskComps                                0x20000010   Data          48  task.o(.data)
    spWinHand                                0x20000040   Data           4  window.o(.data)
    spWinFatherHand                          0x20000044   Data           4  window.o(.data)
    uartkeyval                               0x20000048   Data           1  keyscan.o(.data)
    equistate                                0x20000053   Data           1  windesktop.o(.data)
    longkeycount                             0x20000054   Data           1  windesktop.o(.data)
    UartDispProc                             0x2000005c   Data           4  appsystem.o(.data)
    fifo_queue                               0x2000012e   Data         106  fifo.o(.bss)
    TaskTimer                                0x20000198   Data          30  system.o(.bss)
    MsgQueue                                 0x200001b6   Data          46  system.o(.bss)
    spWinBuff                                0x200001e4   Data          36  window.o(.bss)
    gWinDesktop                              0x20000208   Data          11  windesktop.o(.bss)
    gWinOreration                            0x20000213   Data          11  winoreration.o(.bss)
    gWinData                                 0x2000021e   Data          11  windata.o(.bss)
    gWinService                              0x20000229   Data          11  winservice.o(.bss)
    gWinLEDLevel                             0x20000234   Data          11  winledlevel.o(.bss)
    gWinTypeSize                             0x2000023f   Data          11  wintypesize.o(.bss)
    gWinDispenseCnt                          0x2000024a   Data          11  windispensecnt.o(.bss)
    RecBuff                                  0x20000255   Data         100  appsystem.o(.bss)
    systemseting                             0x200002b9   Data          14  appsystem.o(.bss)
    gUISet                                   0x200002c7   Data          66  appsystem.o(.bss)
    __initial_sp                             0x20000710   Data           0  startup_bat32g135.o(STACK)



==============================================================================

Memory Map of the image

  Image Entry point : 0x000000c5

  Load Region LR_IROM1 (Base: 0x00000000, Size: 0x00005384, Max: 0x00010000, ABSOLUTE)

    Execution Region ER_IROM1 (Exec base: 0x00000000, Load base: 0x00000000, Size: 0x00005324, Max: 0x00010000, ABSOLUTE)

    Exec Addr    Load Addr    Size         Type   Attr      Idx    E Section Name        Object

    0x00000000   0x00000000   0x000000c0   Data   RO           65    RESET               startup_bat32g135.o
    0x000000c0   0x000000c0   0x00000004   Data   RO            6    .ARM.__AT_0x000000C0  system_bat32g135.o
    0x000000c4   0x000000c4   0x00000000   Code   RO         2695  * .ARM.Collect$$$$00000000  mc_p.l(entry.o)
    0x000000c4   0x000000c4   0x00000004   Code   RO         3005    .ARM.Collect$$$$00000001  mc_p.l(entry2.o)
    0x000000c8   0x000000c8   0x00000004   Code   RO         3008    .ARM.Collect$$$$00000004  mc_p.l(entry5.o)
    0x000000cc   0x000000cc   0x00000000   Code   RO         3010    .ARM.Collect$$$$00000008  mc_p.l(entry7b.o)
    0x000000cc   0x000000cc   0x00000000   Code   RO         3012    .ARM.Collect$$$$0000000A  mc_p.l(entry8b.o)
    0x000000cc   0x000000cc   0x00000008   Code   RO         3013    .ARM.Collect$$$$0000000B  mc_p.l(entry9a.o)
    0x000000d4   0x000000d4   0x00000004   Code   RO         3020    .ARM.Collect$$$$0000000E  mc_p.l(entry12b.o)
    0x000000d8   0x000000d8   0x00000000   Code   RO         3015    .ARM.Collect$$$$0000000F  mc_p.l(entry10a.o)
    0x000000d8   0x000000d8   0x00000000   Code   RO         3017    .ARM.Collect$$$$00000011  mc_p.l(entry11a.o)
    0x000000d8   0x000000d8   0x00000004   Code   RO         3006    .ARM.Collect$$$$00002712  mc_p.l(entry2.o)
    0x000000dc   0x000000dc   0x00000064   Code   RO           66    .text               startup_bat32g135.o
    0x00000140   0x00000140   0x0000002c   Code   RO         2698    .text               mc_p.l(uidiv.o)
    0x0000016c   0x0000016c   0x00000024   Code   RO         2704    .text               mc_p.l(memseta.o)
    0x00000190   0x00000190   0x0000000e   Code   RO         2708    .text               mc_p.l(strlen.o)
    0x0000019e   0x0000019e   0x00000014   Code   RO         3001    .text               mc_p.l(uread4.o)
    0x000001b2   0x000001b2   0x00000012   Code   RO         3003    .text               mc_p.l(uwrite4.o)
    0x000001c4   0x000001c4   0x00000060   Code   RO         3021    .text               mc_p.l(uldiv.o)
    0x00000224   0x00000224   0x00000000   Code   RO         3025    .text               mc_p.l(iusefp.o)
    0x00000224   0x00000224   0x00000168   Code   RO         3026    .text               mf_p.l(dadd.o)
    0x0000038c   0x0000038c   0x000000d0   Code   RO         3028    .text               mf_p.l(dmul.o)
    0x0000045c   0x0000045c   0x000000f0   Code   RO         3030    .text               mf_p.l(ddiv.o)
    0x0000054c   0x0000054c   0x00000040   Code   RO         3032    .text               mf_p.l(dfixul.o)
    0x0000058c   0x0000058c   0x00000028   Code   RO         3034    .text               mf_p.l(cdrcmple.o)
    0x000005b4   0x000005b4   0x00000024   Code   RO         3036    .text               mc_p.l(init.o)
    0x000005d8   0x000005d8   0x00000020   Code   RO         3038    .text               mc_p.l(llshl.o)
    0x000005f8   0x000005f8   0x00000022   Code   RO         3040    .text               mc_p.l(llushr.o)
    0x0000061a   0x0000061a   0x00000026   Code   RO         3042    .text               mc_p.l(llsshr.o)
    0x00000640   0x00000640   0x000000be   Code   RO         3044    .text               mf_p.l(depilogue.o)
    0x000006fe   0x000006fe   0x00000002   Code   RO         2490    i.AppSystemInit     appsystem.o
    0x00000700   0x00000700   0x000000b0   Code   RO            3    i.CLK_GetHocoFreq   system_bat32g135.o
    0x000007b0   0x000007b0   0x00000010   Code   RO         1812    i.CreatePage        window.o
    0x000007c0   0x000007c0   0x00000078   Code   RO         1813    i.DefWindowProc     window.o
    0x00000838   0x00000838   0x00000234   Code   RO         1990    i.DesktopUpdate     windesktop.o
    0x00000a6c   0x00000a6c   0x0000000e   Code   RO         2492    i.DisplayUpdate     appsystem.o
    0x00000a7a   0x00000a7a   0x00000002   PAD
    0x00000a7c   0x00000a7c   0x0000000c   Code   RO         1814    i.GetActiveWindow   window.o
    0x00000a88   0x00000a88   0x0000005c   Code   RO         1180    i.GetDisplayData    appuart.o
    0x00000ae4   0x00000ae4   0x00000168   Code   RO         1884    i.GetKeyState       keyscan.o
    0x00000c4c   0x00000c4c   0x000000a8   Code   RO         1652    i.GetMessage        system.o
    0x00000cf4   0x00000cf4   0x00000044   Code   RO         2493    i.GetModbusCRC      appsystem.o
    0x00000d38   0x00000d38   0x0000000c   Code   RO         1816    i.GetParent         window.o
    0x00000d44   0x00000d44   0x00000046   Code   RO         1885    i.Getkey            keyscan.o
    0x00000d8a   0x00000d8a   0x00000042   Code   RO         1886    i.HkeytoVkey        keyscan.o
    0x00000dcc   0x00000dcc   0x00000010   Code   RO          345    i.INTC_ClearPendingIRQ  sci.o
    0x00000ddc   0x00000ddc   0x00000010   Code   RO         1181    i.INTC_ClearPendingIRQ  appuart.o
    0x00000dec   0x00000dec   0x00000010   Code   RO          346    i.INTC_DisableIRQ   sci.o
    0x00000dfc   0x00000dfc   0x00000010   Code   RO         1182    i.INTC_DisableIRQ   appuart.o
    0x00000e0c   0x00000e0c   0x00000010   Code   RO          347    i.INTC_EnableIRQ    sci.o
    0x00000e1c   0x00000e1c   0x000000ac   Code   RO         1596    i.IOInit            ioinit.o
    0x00000ec8   0x00000ec8   0x00000038   Code   RO         1992    i.KeyContinueHand   windesktop.o
    0x00000f00   0x00000f00   0x00000024   Code   RO         2066    i.KeyContinueHand   winoreration.o
    0x00000f24   0x00000f24   0x00000024   Code   RO         2129    i.KeyContinueHand   windata.o
    0x00000f48   0x00000f48   0x00000024   Code   RO         2191    i.KeyContinueHand   winservice.o
    0x00000f6c   0x00000f6c   0x00000024   Code   RO         2254    i.KeyContinueHand   winledlevel.o
    0x00000f90   0x00000f90   0x00000024   Code   RO         2316    i.KeyContinueHand   wintypesize.o
    0x00000fb4   0x00000fb4   0x00000024   Code   RO         2381    i.KeyContinueHand   windispensecnt.o
    0x00000fd8   0x00000fd8   0x0000008c   Code   RO         1993    i.KeyDownHand       windesktop.o
    0x00001064   0x00001064   0x00000218   Code   RO         2067    i.KeyDownHand       winoreration.o
    0x0000127c   0x0000127c   0x000000a8   Code   RO         2130    i.KeyDownHand       windata.o
    0x00001324   0x00001324   0x0000013c   Code   RO         2192    i.KeyDownHand       winservice.o
    0x00001460   0x00001460   0x00000058   Code   RO         2255    i.KeyDownHand       winledlevel.o
    0x000014b8   0x000014b8   0x0000026c   Code   RO         2317    i.KeyDownHand       wintypesize.o
    0x00001724   0x00001724   0x000000e4   Code   RO         2382    i.KeyDownHand       windispensecnt.o
    0x00001808   0x00001808   0x0000007c   Code   RO         1655    i.KillTimer         system.o
    0x00001884   0x00001884   0x00000038   Code   RO         1931    i.LCDSetCursor      drvlcd1602.o
    0x000018bc   0x000018bc   0x00000022   Code   RO         1933    i.LcdInit           drvlcd1602.o
    0x000018de   0x000018de   0x00000040   Code   RO         1934    i.LcdWriteCom       drvlcd1602.o
    0x0000191e   0x0000191e   0x00000040   Code   RO         1935    i.LcdWriteData      drvlcd1602.o
    0x0000195e   0x0000195e   0x0000002a   Code   RO         1936    i.LcdWriteStrimg    drvlcd1602.o
    0x00001988   0x00001988   0x0000001e   Code   RO         1994    i.LongKeyHand       windesktop.o
    0x000019a6   0x000019a6   0x00000024   Code   RO         2068    i.LongKeyHand       winoreration.o
    0x000019ca   0x000019ca   0x00000024   Code   RO         2131    i.LongKeyHand       windata.o
    0x000019ee   0x000019ee   0x00000024   Code   RO         2193    i.LongKeyHand       winservice.o
    0x00001a12   0x00001a12   0x00000024   Code   RO         2256    i.LongKeyHand       winledlevel.o
    0x00001a36   0x00001a36   0x00000024   Code   RO         2318    i.LongKeyHand       wintypesize.o
    0x00001a5a   0x00001a5a   0x00000024   Code   RO         2383    i.LongKeyHand       windispensecnt.o
    0x00001a7e   0x00001a7e   0x0000001e   Code   RO         1995    i.LongKeyUpHand     windesktop.o
    0x00001a9c   0x00001a9c   0x000000a4   Code   RO         2494    i.MonitorState      appsystem.o
    0x00001b40   0x00001b40   0x00000110   Code   RO         1656    i.MonitorTimer      system.o
    0x00001c50   0x00001c50   0x00000010   Code   RO          195    i.PORT_ClrBit       gpio.o
    0x00001c60   0x00001c60   0x00000024   Code   RO          196    i.PORT_GetBit       gpio.o
    0x00001c84   0x00001c84   0x00000170   Code   RO          197    i.PORT_Init         gpio.o
    0x00001df4   0x00001df4   0x00000010   Code   RO          200    i.PORT_SetBit       gpio.o
    0x00001e04   0x00001e04   0x0000008c   Code   RO         2495    i.ParsingDisplayData  appsystem.o
    0x00001e90   0x00001e90   0x00000002   Code   RO         2496    i.PowerOnDisplay    appsystem.o
    0x00001e92   0x00001e92   0x00000002   PAD
    0x00001e94   0x00001e94   0x00000048   Code   RO         1616    i.SYSClockInit      sys_clock.o
    0x00001edc   0x00001edc   0x00000094   Code   RO         1657    i.SYSInit           system.o
    0x00001f70   0x00001f70   0x00000030   Code   RO         2447    i.SYS_Init          main.o
    0x00001fa0   0x00001fa0   0x0000007c   Code   RO         2498    i.SendDisplayData   appsystem.o
    0x0000201c   0x0000201c   0x0000006c   Code   RO         1659    i.SendMessage       system.o
    0x00002088   0x00002088   0x00000020   Code   RO         2500    i.SetDisplayData    appsystem.o
    0x000020a8   0x000020a8   0x00000002   Code   RO         2502    i.StandbyRestart    appsystem.o
    0x000020aa   0x000020aa   0x00000002   PAD
    0x000020ac   0x000020ac   0x000000ec   Code   RO         1661    i.SyStemTimeTask    system.o
    0x00002198   0x00002198   0x00000154   Code   RO         1617    i.SysTick_Handler   sys_clock.o
    0x000022ec   0x000022ec   0x00000010   Code   RO            4    i.SystemCoreClockUpdate  system_bat32g135.o
    0x000022fc   0x000022fc   0x00000074   Code   RO            5    i.SystemInit        system_bat32g135.o
    0x00002370   0x00002370   0x0000009c   Code   RO         1887    i.TaskKeySan        keyscan.o
    0x0000240c   0x0000240c   0x00000038   Code   RO         1786    i.TaskProcess       task.o
    0x00002444   0x00002444   0x000000cc   Code   RO         1662    i.TimeSetEvent      system.o
    0x00002510   0x00002510   0x00000064   Code   RO          402    i.UART0_BaudRate    sci.o
    0x00002574   0x00002574   0x00000154   Code   RO          403    i.UART0_Init        sci.o
    0x000026c8   0x000026c8   0x00000050   Code   RO          406    i.UART0_Start       sci.o
    0x00002718   0x00002718   0x00000078   Code   RO          419    i.UART_BaudRateCal  sci.o
    0x00002790   0x00002790   0x0000005c   Code   RO         1185    i.UartSendDisplayData  appuart.o
    0x000027ec   0x000027ec   0x00000444   Code   RO         2069    i.Update            winoreration.o
    0x00002c30   0x00002c30   0x00000478   Code   RO         2132    i.Update            windata.o
    0x000030a8   0x000030a8   0x00000304   Code   RO         2194    i.Update            winservice.o
    0x000033ac   0x000033ac   0x00000002   Code   RO         2257    i.Update            winledlevel.o
    0x000033ae   0x000033ae   0x00000002   PAD
    0x000033b0   0x000033b0   0x000003e8   Code   RO         2319    i.Update            wintypesize.o
    0x00003798   0x00003798   0x000003b4   Code   RO         2384    i.Update            windispensecnt.o
    0x00003b4c   0x00003b4c   0x0000000c   Code   RO         1040    i.WDT_Restart       wdt.o
    0x00003b58   0x00003b58   0x00000034   Code   RO         2133    i.WinDataInit       windata.o
    0x00003b8c   0x00003b8c   0x00000034   Code   RO         1997    i.WinDesktopInit    windesktop.o
    0x00003bc0   0x00003bc0   0x00000034   Code   RO         2385    i.WinDispenseCntInit  windispensecnt.o
    0x00003bf4   0x00003bf4   0x0000003c   Code   RO         1818    i.WinInit           window.o
    0x00003c30   0x00003c30   0x00000034   Code   RO         2258    i.WinLEDLevelInit   winledlevel.o
    0x00003c64   0x00003c64   0x00000034   Code   RO         2070    i.WinOrerationInit  winoreration.o
    0x00003c98   0x00003c98   0x00000018   Code   RO         1998    i.WinPageInit       windesktop.o
    0x00003cb0   0x00003cb0   0x00000044   Code   RO         2071    i.WinPageInit       winoreration.o
    0x00003cf4   0x00003cf4   0x00000024   Code   RO         2134    i.WinPageInit       windata.o
    0x00003d18   0x00003d18   0x00000018   Code   RO         2195    i.WinPageInit       winservice.o
    0x00003d30   0x00003d30   0x00000018   Code   RO         2259    i.WinPageInit       winledlevel.o
    0x00003d48   0x00003d48   0x000000a0   Code   RO         2320    i.WinPageInit       wintypesize.o
    0x00003de8   0x00003de8   0x000000a0   Code   RO         2386    i.WinPageInit       windispensecnt.o
    0x00003e88   0x00003e88   0x00000050   Code   RO         1819    i.WinPageSwitch     window.o
    0x00003ed8   0x00003ed8   0x000000b0   Code   RO         1999    i.WinProc           windesktop.o
    0x00003f88   0x00003f88   0x00000064   Code   RO         2072    i.WinProc           winoreration.o
    0x00003fec   0x00003fec   0x00000064   Code   RO         2135    i.WinProc           windata.o
    0x00004050   0x00004050   0x00000064   Code   RO         2196    i.WinProc           winservice.o
    0x000040b4   0x000040b4   0x00000064   Code   RO         2260    i.WinProc           winledlevel.o
    0x00004118   0x00004118   0x00000064   Code   RO         2321    i.WinProc           wintypesize.o
    0x0000417c   0x0000417c   0x00000064   Code   RO         2387    i.WinProc           windispensecnt.o
    0x000041e0   0x000041e0   0x00000034   Code   RO         2197    i.WinServiceInit    winservice.o
    0x00004214   0x00004214   0x00000044   Code   RO         2503    i.WinTimerOut       appsystem.o
    0x00004258   0x00004258   0x00000034   Code   RO         2322    i.WinTypeSizeInit   wintypesize.o
    0x0000428c   0x0000428c   0x00000098   Code   RO         1820    i.WndProc           window.o
    0x00004324   0x00004324   0x000000d6   Code   RO         1937    i.WriteData         drvlcd1602.o
    0x000043fa   0x000043fa   0x00000002   PAD
    0x000043fc   0x000043fc   0x00000038   Code   RO         2946    i.__0snprintf       mc_p.l(printfa.o)
    0x00004434   0x00004434   0x0000002e   Code   RO         3046    i.__ARM_clz         mf_p.l(depilogue.o)
    0x00004462   0x00004462   0x0000001c   Code   RO           35    i.__ARM_common_switch8  system_bat32g135.o
    0x0000447e   0x0000447e   0x00000002   PAD
    0x00004480   0x00004480   0x00000018   Code   RO          421    i.__NVIC_EnableIRQ  sci.o
    0x00004498   0x00004498   0x00000078   Code   RO          422    i.__NVIC_SetPriority  sci.o
    0x00004510   0x00004510   0x00000078   Code   RO         1618    i.__NVIC_SetPriority  sys_clock.o
    0x00004588   0x00004588   0x0000000e   Code   RO         3050    i.__scatterload_copy  mc_p.l(handlers.o)
    0x00004596   0x00004596   0x00000002   Code   RO         3051    i.__scatterload_null  mc_p.l(handlers.o)
    0x00004598   0x00004598   0x0000000e   Code   RO         3052    i.__scatterload_zeroinit  mc_p.l(handlers.o)
    0x000045a6   0x000045a6   0x00000002   PAD
    0x000045a8   0x000045a8   0x00000174   Code   RO         2952    i._fp_digits        mc_p.l(printfa.o)
    0x0000471c   0x0000471c   0x000006f0   Code   RO         2953    i._printf_core      mc_p.l(printfa.o)
    0x00004e0c   0x00004e0c   0x00000020   Code   RO         2954    i._printf_post_padding  mc_p.l(printfa.o)
    0x00004e2c   0x00004e2c   0x0000002c   Code   RO         2955    i._printf_pre_padding  mc_p.l(printfa.o)
    0x00004e58   0x00004e58   0x00000016   Code   RO         2956    i._snputc           mc_p.l(printfa.o)
    0x00004e6e   0x00004e6e   0x0000006c   Code   RO         1353    i.delayms           delay.o
    0x00004eda   0x00004eda   0x00000002   PAD
    0x00004edc   0x00004edc   0x00000010   Code   RO         1397    i.fifo_init         fifo.o
    0x00004eec   0x00004eec   0x00000084   Code   RO         2449    i.main              main.o
    0x00004f70   0x00004f70   0x00000070   Code   RO         1187    i.uart0_interrupt_receive  appuart.o
    0x00004fe0   0x00004fe0   0x00000058   Code   RO         1188    i.uart0_interrupt_send  appuart.o
    0x00005038   0x00005038   0x00000020   Data   RO          423    .constdata          sci.o
    0x00005058   0x00005058   0x00000165   Data   RO         2199    .constdata          winservice.o
    0x000051bd   0x000051bd   0x0000004b   Data   RO         2324    .constdata          wintypesize.o
    0x00005208   0x00005208   0x000000fc   Data   RO         2389    .constdata          windispensecnt.o
    0x00005304   0x00005304   0x00000020   Data   RO         3048    Region$$Table       anon$$obj.o


    Execution Region RW_IRAM1 (Exec base: 0x20000000, Load base: 0x00005324, Size: 0x00000710, Max: 0x00002000, ABSOLUTE)

    Exec Addr    Load Addr    Size         Type   Attr      Idx    E Section Name        Object

    0x20000000   0x00005324   0x00000004   Data   RW            7    .data               system_bat32g135.o
    0x20000004   0x00005328   0x00000006   Data   RW         1191    .data               appuart.o
    0x2000000a   0x0000532e   0x00000004   Data   RW         1667    .data               system.o
    0x2000000e   0x00005332   0x00000002   PAD
    0x20000010   0x00005334   0x00000030   Data   RW         1787    .data               task.o
    0x20000040   0x00005364   0x00000008   Data   RW         1822    .data               window.o
    0x20000048   0x0000536c   0x0000000b   Data   RW         1889    .data               keyscan.o
    0x20000053   0x00005377   0x00000002   Data   RW         2001    .data               windesktop.o
    0x20000055   0x00005379   0x00000001   Data   RW         2074    .data               winoreration.o
    0x20000056   0x0000537a   0x00000002   Data   RW         2325    .data               wintypesize.o
    0x20000058   0x0000537c   0x00000002   Data   RW         2390    .data               windispensecnt.o
    0x2000005a   0x0000537e   0x00000002   PAD
    0x2000005c   0x00005380   0x00000004   Data   RW         2505    .data               appsystem.o
    0x20000060        -       0x000000ce   Zero   RW         1190    .bss                appuart.o
    0x2000012e        -       0x0000006a   Zero   RW         1401    .bss                fifo.o
    0x20000198        -       0x0000004c   Zero   RW         1664    .bss                system.o
    0x200001e4        -       0x00000024   Zero   RW         1821    .bss                window.o
    0x20000208        -       0x0000000b   Zero   RW         2000    .bss                windesktop.o
    0x20000213        -       0x0000000b   Zero   RW         2073    .bss                winoreration.o
    0x2000021e        -       0x0000000b   Zero   RW         2136    .bss                windata.o
    0x20000229        -       0x0000000b   Zero   RW         2198    .bss                winservice.o
    0x20000234        -       0x0000000b   Zero   RW         2261    .bss                winledlevel.o
    0x2000023f        -       0x0000000b   Zero   RW         2323    .bss                wintypesize.o
    0x2000024a        -       0x0000000b   Zero   RW         2388    .bss                windispensecnt.o
    0x20000255        -       0x000000b4   Zero   RW         2504    .bss                appsystem.o
    0x20000309   0x00005384   0x00000007   PAD
    0x20000310        -       0x00000400   Zero   RW           63    STACK               startup_bat32g135.o


==============================================================================

Image component sizes


      Code (inc. data)   RO Data    RW Data    ZI Data      Debug   Object Name

         0          0          0          0          0      16710   adc.o
       616         40          0          4        180       8483   appsystem.o
       416         76          0          6        206       9450   appuart.o
       108          0          0          0          0        686   delay.o
       474          0          0          0          0       3607   drvlcd1602.o
        16          4          0          0        106      19735   fifo.o
       436         32          0          0          0       5594   gpio.o
         0          0          0          0          0       1194   intp.o
       172          0          0          0          0        493   ioinit.o
       652         42          0         11          0       4382   keyscan.o
       180         12          0          0          0       1118   main.o
       832         94         32          0          0      25581   sci.o
       100         10        192          0       1024       2088   startup_bat32g135.o
       532         42          0          0          0       9217   sys_clock.o
      1260         46          0          4         76       7177   system.o
       336         98          4          4          0      53703   system_bat32g135.o
        56          4          0         48          0       1678   task.o
        12          4          0          0          0        458   wdt.o
      1572        564          0          0         11       4373   windata.o
      1072        292          0          2         11       4806   windesktop.o
      1560        372        252          2         11       5229   windispensecnt.o
       452         54          0          8         36       4569   window.o
       338         28          0          0         11       3817   winledlevel.o
      1920        534          0          1         11       4735   winoreration.o
      1336        366        357          0         11       4991   winservice.o
      2004        448         75          2         11       5315   wintypesize.o

    ----------------------------------------------------------------------
     16466       3162        944         96       1712     209189   Object Totals
         0          0         32          0          0          0   (incl. Generated)
        14          0          0          4          7          0   (incl. Padding)

    ----------------------------------------------------------------------

      Code (inc. data)   RO Data    RW Data    ZI Data      Debug   Library Member Name

         0          0          0          0          0          0   entry.o
         0          0          0          0          0          0   entry10a.o
         0          0          0          0          0          0   entry11a.o
         4          0          0          0          0          0   entry12b.o
         8          4          0          0          0          0   entry2.o
         4          0          0          0          0          0   entry5.o
         0          0          0          0          0          0   entry7b.o
         0          0          0          0          0          0   entry8b.o
         8          4          0          0          0          0   entry9a.o
        30          0          0          0          0          0   handlers.o
        36          8          0          0          0         68   init.o
         0          0          0          0          0          0   iusefp.o
        32          0          0          0          0         68   llshl.o
        38          0          0          0          0         68   llsshr.o
        34          0          0          0          0         68   llushr.o
        36          0          0          0          0        100   memseta.o
      2302         96          0          0          0        480   printfa.o
        14          0          0          0          0         60   strlen.o
        44          0          0          0          0         72   uidiv.o
        96          0          0          0          0         84   uldiv.o
        20          0          0          0          0         60   uread4.o
        18          0          0          0          0         60   uwrite4.o
        40          2          0          0          0         68   cdrcmple.o
       360          6          0          0          0        140   dadd.o
       240          6          0          0          0         84   ddiv.o
       236          0          0          0          0        216   depilogue.o
        64         10          0          0          0         68   dfixul.o
       208          6          0          0          0         88   dmul.o

    ----------------------------------------------------------------------
      3874        142          0          0          0       1852   Library Totals
         2          0          0          0          0          0   (incl. Padding)

    ----------------------------------------------------------------------

      Code (inc. data)   RO Data    RW Data    ZI Data      Debug   Library Name

      2724        112          0          0          0       1188   mc_p.l
      1148         30          0          0          0        664   mf_p.l

    ----------------------------------------------------------------------
      3874        142          0          0          0       1852   Library Totals

    ----------------------------------------------------------------------

==============================================================================


      Code (inc. data)   RO Data    RW Data    ZI Data      Debug   

     20340       3304        944         96       1712     205377   Grand Totals
     20340       3304        944         96       1712     205377   ELF Image Totals
     20340       3304        944         96          0          0   ROM Totals

==============================================================================

    Total RO  Size (Code + RO Data)                21284 (  20.79kB)
    Total RW  Size (RW Data + ZI Data)              1808 (   1.77kB)
    Total ROM Size (Code + RO Data + RW Data)      21380 (  20.88kB)

==============================================================================

