Component: ARM Compiler 5.06 update 7 (build 960) Tool: armlink [4d3601]

==============================================================================

Section Cross References

    system_bat32g137.o(i.CLK_GetCoreFreq) refers to system_bat32g137.o(i.__ARM_common_switch8) for __ARM_common_switch8
    system_bat32g137.o(i.SystemCoreClockUpdate) refers to system_bat32g137.o(i.CLK_GetCoreFreq) for CLK_GetCoreFreq
    system_bat32g137.o(i.SystemCoreClockUpdate) refers to system_bat32g137.o(.data) for SystemCoreClock
    system_bat32g137.o(i.SystemInit) refers to system_bat32g137.o(i.CLK_GetCoreFreq) for CLK_GetCoreFreq
    system_bat32g137.o(i.SystemInit) refers to system_bat32g137.o(.data) for SystemCoreClock
    startup_bat32g137_1.o(RESET) refers to startup_bat32g137_1.o(STACK) for __initial_sp
    startup_bat32g137_1.o(RESET) refers to startup_bat32g137_1.o(.text) for Reset_Handler
    startup_bat32g137_1.o(RESET) refers to sys_clock.o(i.SysTick_Handler) for SysTick_Handler
    startup_bat32g137_1.o(RESET) refers to waterflow.o(i.intp_0_6_interrupt) for IRQ01_Handler
    startup_bat32g137_1.o(RESET) refers to appuart.o(i.uart2_interrupt_send) for IRQ07_Handler
    startup_bat32g137_1.o(RESET) refers to appuart.o(i.uart2_interrupt_receive) for IRQ08_Handler
    startup_bat32g137_1.o(RESET) refers to appuart.o(i.uart0_interrupt_send) for IRQ10_Handler
    startup_bat32g137_1.o(RESET) refers to appuart.o(i.uart0_interrupt_receive) for IRQ11_Handler
    startup_bat32g137_1.o(RESET) refers to appuart.o(i.uart1_interrupt_send) for IRQ13_Handler
    startup_bat32g137_1.o(RESET) refers to appuart.o(i.uart1_interrupt_receive) for IRQ14_Handler
    startup_bat32g137_1.o(RESET) refers to waterflow.o(i.IRQ26_Handler) for IRQ26_Handler
    startup_bat32g137_1.o(.text) refers to system_bat32g137.o(i.SystemInit) for SystemInit
    startup_bat32g137_1.o(.text) refers to entry.o(.ARM.Collect$$$$00000000) for __main
    adc.o(i.ADC_Converse) refers to adc.o(i.INTC_DisableIRQ) for INTC_DisableIRQ
    adc.o(i.ADC_Converse) refers to adc.o(i.INTC_ClearPendingIRQ) for INTC_ClearPendingIRQ
    adc.o(i.ADC_Converse) refers to adc.o(i.INTC_GetPendingIRQ) for INTC_GetPendingIRQ
    adc.o(i.ADC_Converse) refers to uidiv.o(.text) for __aeabi_uidivmod
    adc.o(i.ADC_Init) refers to adc.o(i.INTC_DisableIRQ) for INTC_DisableIRQ
    adc.o(i.ADC_Init) refers to adc.o(i.INTC_ClearPendingIRQ) for INTC_ClearPendingIRQ
    adc.o(i.ADC_MidAvg_Filter) refers to uidiv.o(.text) for __aeabi_uidivmod
    adc.o(i.ADC_SelfTest) refers to adc.o(i.INTC_DisableIRQ) for INTC_DisableIRQ
    adc.o(i.ADC_SelfTest) refers to uidiv.o(.text) for __aeabi_uidivmod
    adc.o(i.ADC_SelfTest) refers to adc.o(i.INTC_GetPendingIRQ) for INTC_GetPendingIRQ
    adc.o(i.ADC_SelfTest) refers to adc.o(i.INTC_ClearPendingIRQ) for INTC_ClearPendingIRQ
    adc.o(i.ADC_Start1) refers to adc.o(i.INTC_ClearPendingIRQ) for INTC_ClearPendingIRQ
    adc.o(i.ADC_Stop) refers to adc.o(i.INTC_DisableIRQ) for INTC_DisableIRQ
    adc.o(i.ADC_Stop) refers to adc.o(i.INTC_ClearPendingIRQ) for INTC_ClearPendingIRQ
    gpio.o(i.PORT_Init) refers to system_bat32g137.o(i.__ARM_common_switch8) for __ARM_common_switch8
    sci.o(i.IIC00_MasterReceive) refers to sci.o(i.IIC00_StartCondition) for IIC00_StartCondition
    sci.o(i.IIC00_MasterReceive) refers to sci.o(i.INTC_ClearPendingIRQ) for INTC_ClearPendingIRQ
    sci.o(i.IIC00_MasterReceive) refers to sci.o(i.INTC_EnableIRQ) for INTC_EnableIRQ
    sci.o(i.IIC00_MasterReceive) refers to sci.o(i.__NVIC_EnableIRQ) for __NVIC_EnableIRQ
    sci.o(i.IIC00_MasterReceive) refers to sci.o(i.__NVIC_SetPriority) for __NVIC_SetPriority
    sci.o(i.IIC00_MasterReceive) refers to sci.o(.data) for g_iic00_master_status_flag
    sci.o(i.IIC00_MasterSend) refers to sci.o(i.IIC00_StartCondition) for IIC00_StartCondition
    sci.o(i.IIC00_MasterSend) refers to sci.o(i.INTC_ClearPendingIRQ) for INTC_ClearPendingIRQ
    sci.o(i.IIC00_MasterSend) refers to sci.o(i.INTC_EnableIRQ) for INTC_EnableIRQ
    sci.o(i.IIC00_MasterSend) refers to sci.o(i.__NVIC_EnableIRQ) for __NVIC_EnableIRQ
    sci.o(i.IIC00_MasterSend) refers to sci.o(i.__NVIC_SetPriority) for __NVIC_SetPriority
    sci.o(i.IIC00_MasterSend) refers to sci.o(.data) for g_iic00_master_status_flag
    sci.o(i.IIC00_Stop) refers to sci.o(i.INTC_DisableIRQ) for INTC_DisableIRQ
    sci.o(i.IIC00_Stop) refers to sci.o(i.INTC_ClearPendingIRQ) for INTC_ClearPendingIRQ
    sci.o(i.IIC00_StopCondition) refers to sci.o(.data) for g_iic00_master_status_flag
    sci.o(i.IIC01_MasterReceive) refers to sci.o(i.IIC01_StartCondition) for IIC01_StartCondition
    sci.o(i.IIC01_MasterReceive) refers to sci.o(i.INTC_ClearPendingIRQ) for INTC_ClearPendingIRQ
    sci.o(i.IIC01_MasterReceive) refers to sci.o(i.INTC_EnableIRQ) for INTC_EnableIRQ
    sci.o(i.IIC01_MasterReceive) refers to sci.o(i.__NVIC_EnableIRQ) for __NVIC_EnableIRQ
    sci.o(i.IIC01_MasterReceive) refers to sci.o(.data) for g_iic01_master_status_flag
[...]
    _printf_p                                0x00000000   Number         0  stubs.o ABSOLUTE
    _printf_percent                          0x00000000   Number         0  stubs.o ABSOLUTE
    _printf_pre_padding                      0x00000000   Number         0  stubs.o ABSOLUTE
    _printf_return_value                     0x00000000   Number         0  stubs.o ABSOLUTE
    _printf_s                                0x00000000   Number         0  stubs.o ABSOLUTE
    _printf_sizespec                         0x00000000   Number         0  stubs.o ABSOLUTE
    _printf_str                              0x00000000   Number         0  stubs.o ABSOLUTE
    _printf_truncate_signed                  0x00000000   Number         0  stubs.o ABSOLUTE
    _printf_truncate_unsigned                0x00000000   Number         0  stubs.o ABSOLUTE
    _printf_u                                0x00000000   Number         0  stubs.o ABSOLUTE
    _printf_wc                               0x00000000   Number         0  stubs.o ABSOLUTE
    _printf_wctomb                           0x00000000   Number         0  stubs.o ABSOLUTE
    _printf_widthprec                        0x00000000   Number         0  stubs.o ABSOLUTE
    _printf_x                                0x00000000   Number         0  stubs.o ABSOLUTE
    __arm_fini_                               - Undefined Weak Reference
    __cpp_initialize__aeabi_                  - Undefined Weak Reference
    __cxa_finalize                            - Undefined Weak Reference
    _clock_init                               - Undefined Weak Reference
    _microlib_exit                            - Undefined Weak Reference
    _scanf_longlong                           - Undefined Weak Reference
    _scanf_real                               - Undefined Weak Reference
    _scanf_string                             - Undefined Weak Reference
    __Vectors_End                            0x000000c0   Data           0  startup_bat32g137_1.o(RESET)
    __Vectors_Size                           0x000000c0   Number         0  startup_bat32g137_1.o ABSOLUTE
    user_opt_data                            0x000000c0   Data           4  system_bat32g137.o(.ARM.__AT_0x000000C0)
    __main                                   0x000000c5   Thumb Code     0  entry.o(.ARM.Collect$$$$00000000)
    _main_stk                                0x000000c5   Thumb Code     0  entry2.o(.ARM.Collect$$$$00000001)
    _main_scatterload                        0x000000c9   Thumb Code     0  entry5.o(.ARM.Collect$$$$00000004)
    __main_after_scatterload                 0x000000cd   Thumb Code     0  entry5.o(.ARM.Collect$$$$00000004)
    _main_clock                              0x000000cd   Thumb Code     0  entry7b.o(.ARM.Collect$$$$00000008)
    _main_cpp_init                           0x000000cd   Thumb Code     0  entry8b.o(.ARM.Collect$$$$0000000A)
    _main_init                               0x000000cd   Thumb Code     0  entry9a.o(.ARM.Collect$$$$0000000B)
    __rt_lib_shutdown_fini                   0x000000d5   Thumb Code     0  entry12b.o(.ARM.Collect$$$$0000000E)
    __rt_final_cpp                           0x000000d9   Thumb Code     0  entry10a.o(.ARM.Collect$$$$0000000F)
    __rt_final_exit                          0x000000d9   Thumb Code     0  entry11a.o(.ARM.Collect$$$$00000011)
    Reset_Handler                            0x000000dd   Thumb Code     8  startup_bat32g137_1.o(.text)
    NMI_Handler                              0x000000e5   Thumb Code     2  startup_bat32g137_1.o(.text)
    HardFault_Handler                        0x000000e7   Thumb Code     2  startup_bat32g137_1.o(.text)
    MemManage_Handler                        0x000000e9   Thumb Code     2  startup_bat32g137_1.o(.text)
    BusFault_Handler                         0x000000eb   Thumb Code     2  startup_bat32g137_1.o(.text)
    UsageFault_Handler                       0x000000ed   Thumb Code     2  startup_bat32g137_1.o(.text)
    SVC_Handler                              0x000000ef   Thumb Code     2  startup_bat32g137_1.o(.text)
    DebugMon_Handler                         0x000000f1   Thumb Code     2  startup_bat32g137_1.o(.text)
    PendSV_Handler                           0x000000f3   Thumb Code     2  startup_bat32g137_1.o(.text)
    IRQ00_Handler                            0x000000f7   Thumb Code     2  startup_bat32g137_1.o(.text)
    IRQ02_Handler                            0x000000fb   Thumb Code     2  startup_bat32g137_1.o(.text)
    IRQ03_Handler                            0x000000fd   Thumb Code     2  startup_bat32g137_1.o(.text)
    IRQ04_Handler                            0x000000ff   Thumb Code     2  startup_bat32g137_1.o(.text)
    IRQ05_Handler                            0x00000101   Thumb Code     2  startup_bat32g137_1.o(.text)
    IRQ06_Handler                            0x00000103   Thumb Code     2  startup_bat32g137_1.o(.text)
    IRQ09_Handler                            0x00000109   Thumb Code     2  startup_bat32g137_1.o(.text)
    IRQ12_Handler                            0x0000010f   Thumb Code     2  startup_bat32g137_1.o(.text)
    IRQ15_Handler                            0x00000115   Thumb Code     2  startup_bat32g137_1.o(.text)
    IRQ16_Handler                            0x00000117   Thumb Code     2  startup_bat32g137_1.o(.text)
    IRQ17_Handler                            0x00000119   Thumb Code     2  startup_bat32g137_1.o(.text)
    IRQ18_Handler                            0x0000011b   Thumb Code     2  startup_bat32g137_1.o(.text)
    IRQ19_Handler                            0x0000011d   Thumb Code     2  startup_bat32g137_1.o(.text)
    IRQ20_Handler                            0x0000011f   Thumb Code     2  startup_bat32g137_1.o(.text)
    IRQ21_Handler                            0x00000121   Thumb Code     2  startup_bat32g137_1.o(.text)
    IRQ22_Handler                            0x00000123   Thumb Code     2  startup_bat32g137_1.o(.text)
    IRQ23_Handler                            0x00000125   Thumb Code     2  startup_bat32g137_1.o(.text)
    IRQ24_Handler                            0x00000127   Thumb Code     2  startup_bat32g137_1.o(.text)
    IRQ25_Handler                            0x00000129   Thumb Code     2  startup_bat32g137_1.o(.text)
    IRQ27_Handler                            0x0000012d   Thumb Code     2  startup_bat32g137_1.o(.text)
    IRQ28_Handler                            0x0000012f   Thumb Code     2  startup_bat32g137_1.o(.text)
    IRQ29_Handler                            0x00000131   Thumb Code     2  startup_bat32g137_1.o(.text)
    IRQ30_Handler                            0x00000133   Thumb Code     2  startup_bat32g137_1.o(.text)
    IRQ31_Handler                            0x00000135   Thumb Code     2  startup_bat32g137_1.o(.text)
    __aeabi_uidiv                            0x00000141   Thumb Code     0  uidiv.o(.text)
    __aeabi_uidivmod                         0x00000141   Thumb Code    44  uidiv.o(.text)
    __aeabi_idiv                             0x0000016d   Thumb Code     0  idiv.o(.text)
    __aeabi_idivmod                          0x0000016d   Thumb Code    40  idiv.o(.text)
    __aeabi_memcpy                           0x00000195   Thumb Code    36  memcpya.o(.text)
    __aeabi_memcpy4                          0x00000195   Thumb Code     0  memcpya.o(.text)
    __aeabi_memcpy8                          0x00000195   Thumb Code     0  memcpya.o(.text)
    __aeabi_memset                           0x000001b9   Thumb Code    14  memseta.o(.text)
    __aeabi_memset4                          0x000001b9   Thumb Code     0  memseta.o(.text)
    __aeabi_memset8                          0x000001b9   Thumb Code     0  memseta.o(.text)
    __aeabi_memclr                           0x000001c7   Thumb Code     4  memseta.o(.text)
    __aeabi_memclr4                          0x000001c7   Thumb Code     0  memseta.o(.text)
    __aeabi_memclr8                          0x000001c7   Thumb Code     0  memseta.o(.text)
    _memset$wrapper                          0x000001cb   Thumb Code    18  memseta.o(.text)
    strstr                                   0x000001dd   Thumb Code    40  strstr.o(.text)
    strlen                                   0x00000205   Thumb Code    14  strlen.o(.text)
    strcpy                                   0x00000213   Thumb Code    18  strcpy.o(.text)
    __aeabi_uread4                           0x00000225   Thumb Code    20  uread4.o(.text)
    __rt_uread4                              0x00000225   Thumb Code     0  uread4.o(.text)
    _uread4                                  0x00000225   Thumb Code     0  uread4.o(.text)
    __aeabi_uwrite4                          0x00000239   Thumb Code    18  uwrite4.o(.text)
    __rt_uwrite4                             0x00000239   Thumb Code     0  uwrite4.o(.text)
    _uwrite4                                 0x00000239   Thumb Code     0  uwrite4.o(.text)
    __0sscanf                                0x0000024d   Thumb Code    50  __0sscanf.o(.text)
    _scanf_int                               0x00000289   Thumb Code   330  _scanf_int.o(.text)
    __aeabi_fadd                             0x000003d3   Thumb Code   162  fadd.o(.text)
    __aeabi_fsub                             0x00000475   Thumb Code     8  fadd.o(.text)
    __aeabi_frsub                            0x0000047d   Thumb Code     8  fadd.o(.text)
    __aeabi_fmul                             0x00000485   Thumb Code   122  fmul.o(.text)
    __aeabi_fdiv                             0x000004ff   Thumb Code   124  fdiv.o(.text)
    __aeabi_dadd                             0x0000057d   Thumb Code   330  dadd.o(.text)
    __aeabi_dsub                             0x000006c7   Thumb Code    12  dadd.o(.text)
    __aeabi_drsub                            0x000006d3   Thumb Code    12  dadd.o(.text)
    __aeabi_dmul                             0x000006e5   Thumb Code   202  dmul.o(.text)
    __aeabi_ddiv                             0x000007b5   Thumb Code   234  ddiv.o(.text)
    __aeabi_ui2f                             0x000008a5   Thumb Code    14  ffltui.o(.text)
    __aeabi_i2d                              0x000008b5   Thumb Code    34  dflti.o(.text)
    __aeabi_ui2d                             0x000008dd   Thumb Code    24  dfltui.o(.text)
    __aeabi_f2iz                             0x000008f9   Thumb Code    50  ffixi.o(.text)
    __aeabi_f2uiz                            0x0000092b   Thumb Code    40  ffixui.o(.text)
    __aeabi_d2iz                             0x00000955   Thumb Code    62  dfixi.o(.text)
    __aeabi_f2d                              0x0000099d   Thumb Code    40  f2d.o(.text)
    __aeabi_cdcmpeq                          0x000009c5   Thumb Code     0  cdcmple.o(.text)
    __aeabi_cdcmple                          0x000009c5   Thumb Code    38  cdcmple.o(.text)
    __aeabi_cdrcmple                         0x000009ed   Thumb Code    38  cdrcmple.o(.text)
    __aeabi_d2f                              0x00000a15   Thumb Code    56  d2f.o(.text)
    __aeabi_llsl                             0x00000a4d   Thumb Code    32  llshl.o(.text)
    _ll_shift_l                              0x00000a4d   Thumb Code     0  llshl.o(.text)
    __aeabi_llsr                             0x00000a6d   Thumb Code    34  llushr.o(.text)
    _ll_ushift_r                             0x00000a6d   Thumb Code     0  llushr.o(.text)
    __aeabi_lasr                             0x00000a8f   Thumb Code    38  llsshr.o(.text)
    _ll_sshift_r                             0x00000a8f   Thumb Code     0  llsshr.o(.text)
    _chval                                   0x00000ab5   Thumb Code    30  _chval.o(.text)
    __vfscanf_char                           0x00000ae1   Thumb Code    24  scanf_char.o(.text)
    _sgetc                                   0x00000b01   Thumb Code    32  _sgetc.o(.text)
    _sbackspace                              0x00000b21   Thumb Code    36  _sgetc.o(.text)
    __I$use$fp                               0x00000b45   Thumb Code     0  iusefp.o(.text)
    _float_round                             0x00000b45   Thumb Code    16  fepilogue.o(.text)
    _float_epilogue                          0x00000b55   Thumb Code   114  fepilogue.o(.text)
    _double_round                            0x00000bc7   Thumb Code    26  depilogue.o(.text)
    _double_epilogue                         0x00000be1   Thumb Code   164  depilogue.o(.text)
    __ARM_scalbn                             0x00000c85   Thumb Code    44  dscalb.o(.text)
    scalbn                                   0x00000c85   Thumb Code     0  dscalb.o(.text)
    __scatterload                            0x00000cb1   Thumb Code    28  init.o(.text)
    __scatterload_rt2                        0x00000cb1   Thumb Code     0  init.o(.text)
    isspace                                  0x00000cd5   Thumb Code    14  isspace_c.o(.text)
    __vfscanf                                0x00000ce5   Thumb Code   814  _scanf.o(.text)
    _dsqrt                                   0x00001021   Thumb Code   162  dsqrt.o(.text)
    __ctype_lookup                           0x000010c5   Thumb Code    32  ctype_c.o(.text)
    __decompress                             0x000010e9   Thumb Code     0  __dczerorl2.o(.text)
    __decompress1                            0x000010e9   Thumb Code    86  __dczerorl2.o(.text)
    ADCInit                                  0x0000113f   Thumb Code     8  main.o(i.ADCInit)
    ADC_Converse                             0x00001149   Thumb Code   130  adc.o(i.ADC_Converse)
    ADC_Init                                 0x000011d1   Thumb Code   184  adc.o(i.ADC_Init)
    ADC_Start                                0x00001299   Thumb Code     6  drvadc.o(i.ADC_Start)
    ASCII2Hex                                0x000012a5   Thumb Code    90  wifi.o(i.ASCII2Hex)
    AllLedFlashTimes                         0x00001305   Thumb Code   696  windesktop.o(i.AllLedFlashTimes)
    AppADCInit                               0x000015c1   Thumb Code   120  appadc.o(i.AppADCInit)
    AppADCStart                              0x00001655   Thumb Code    12  appadc.o(i.AppADCStart)
    AppADCStop                               0x00001665   Thumb Code    12  appadc.o(i.AppADCStop)
    AppSystemInit                            0x00001675   Thumb Code   104  appsystem.o(i.AppSystemInit)
    Beepring                                 0x000016e9   Thumb Code    86  appsystem.o(i.Beepring)
    CLK_GetCoreFreq                          0x00001749   Thumb Code   122  system_bat32g137.o(i.CLK_GetCoreFreq)
    CalculateTemp                            0x000017f5   Thumb Code   476  drvtds.o(i.CalculateTemp)
    CheckFlushState                          0x00001a79   Thumb Code    72  appsystem.o(i.CheckFlushState)
    ClearLongTimeWorkFlag                    0x00001ac5   Thumb Code    34  appsystem.o(i.ClearLongTimeWorkFlag)
    CloseAllPeripheral                       0x00001af1   Thumb Code   116  appsystem.o(i.CloseAllPeripheral)
    ClosePump                                0x00001b75   Thumb Code    10  appsystem.o(i.ClosePump)
    CmdREGHandle                             0x00001b81   Thumb Code   318  modbus.o(i.CmdREGHandle)
    CreatePage                               0x00001cc9   Thumb Code    12  window.o(i.CreatePage)
    DefWindowProc                            0x00001cd9   Thumb Code   120  window.o(i.DefWindowProc)
    DesktopUpdate                            0x00001d51   Thumb Code   492  appsystem.o(i.DesktopUpdate)
    DisplayError                             0x00001f49   Thumb Code   134  appsystem.o(i.DisplayError)
    DisplayUpdate                            0x00001fd9   Thumb Code    80  appsystem.o(i.DisplayUpdate)
    EQUI_EnterWifiNetwork                    0x0000202d   Thumb Code    32  wifi.o(i.EQUI_EnterWifiNetwork)
    EQUI_SendAlarmInfo                       0x0000205d   Thumb Code    60  wifi.o(i.EQUI_SendAlarmInfo)
    EQUI_SendWifiNetwork                     0x000020a1   Thumb Code    26  wifi.o(i.EQUI_SendWifiNetwork)
    EQUI_UpdataState                         0x000020c1   Thumb Code   864  wifi.o(i.EQUI_UpdataState)
    EnterAutoFlushing                        0x00002431   Thumb Code    64  appsystem.o(i.EnterAutoFlushing)
    EnterBackFlowMode                        0x00002481   Thumb Code    48  appsystem.o(i.EnterBackFlowMode)
    EnterErrorMode                           0x000024c1   Thumb Code    36  appsystem.o(i.EnterErrorMode)
    EnterFCTMode                             0x000024e9   Thumb Code    30  appsystem.o(i.EnterFCTMode)
    EnterFactoryMode                         0x00002511   Thumb Code    80  factorymode.o(i.EnterFactoryMode)
    EnterLiveMode                            0x00002569   Thumb Code    20  appsystem.o(i.EnterLiveMode)
    EnterLockWaterMode                       0x00002581   Thumb Code    36  appsystem.o(i.EnterLockWaterMode)
    EnterLongTimeWork                        0x000025a9   Thumb Code    48  appsystem.o(i.EnterLongTimeWork)
    EnterManualFlush                         0x000025dd   Thumb Code    54  appsystem.o(i.EnterManualFlush)
    EnterPowerOnFlushing                     0x00002625   Thumb Code    54  appsystem.o(i.EnterPowerOnFlushing)
    EnterProc                                0x0000266d   Thumb Code   434  appsystem.o(i.EnterProc)
    EnterStandby                             0x00002829   Thumb Code    10  appsystem.o(i.EnterStandby)
    EnterWorkMode                            0x00002839   Thumb Code    54  appsystem.o(i.EnterWorkMode)
    ExitAutoFlushing                         0x0000287d   Thumb Code    46  appsystem.o(i.ExitAutoFlushing)
    ExitBackFlowMode                         0x000028b5   Thumb Code    54  appsystem.o(i.ExitBackFlowMode)
    ExitErrorMode                            0x000028f5   Thumb Code    12  appsystem.o(i.ExitErrorMode)
    ExitFCTMode                              0x00002905   Thumb Code    38  appsystem.o(i.ExitFCTMode)
    ExitFactoryMode                          0x00002939   Thumb Code    56  factorymode.o(i.ExitFactoryMode)
    ExitFilterFast                           0x00002975   Thumb Code    38  factorymode.o(i.ExitFilterFast)
    ExitGasDetection                         0x000029a5   Thumb Code    46  factorymode.o(i.ExitGasDetection)
    ExitLiveMode                             0x000029dd   Thumb Code    32  appsystem.o(i.ExitLiveMode)
    ExitLockWaterMode                        0x00002a05   Thumb Code    12  appsystem.o(i.ExitLockWaterMode)
    ExitLongTimeWork                         0x00002a15   Thumb Code    22  appsystem.o(i.ExitLongTimeWork)
    ExitManualFlush                          0x00002a31   Thumb Code    86  appsystem.o(i.ExitManualFlush)
    ExitPowerOnFlushing                      0x00002a91   Thumb Code    44  appsystem.o(i.ExitPowerOnFlushing)
    ExitProc                                 0x00002ac5   Thumb Code   298  appsystem.o(i.ExitProc)
    ExitTimer                                0x00002bf9   Thumb Code    36  appsystem.o(i.ExitTimer)
    ExitWaterDetection                       0x00002c1d   Thumb Code    52  factorymode.o(i.ExitWaterDetection)
    ExitWorkMode                             0x00002c59   Thumb Code    78  appsystem.o(i.ExitWorkMode)
    ExternalInterruptInit                    0x00002cb5   Thumb Code    52  waterflow.o(i.ExternalInterruptInit)
    FCT_FaucetDataProc                       0x00002ce9   Thumb Code    40  fct.o(i.FCT_FaucetDataProc)
    FCT_LeakRes                              0x00002d1d   Thumb Code    34  fct.o(i.FCT_LeakRes)
    FCT_ModeInit                             0x00002d49   Thumb Code   126  fct.o(i.FCT_ModeInit)
    FCT_Monitor                              0x00002dd9   Thumb Code   274  fct.o(i.FCT_Monitor)
    FCT_NTC2Res                              0x00002f09   Thumb Code    34  fct.o(i.FCT_NTC2Res)
    FCT_NTCRes                               0x00002f35   Thumb Code    34  fct.o(i.FCT_NTCRes)
    FCT_PumpADC                              0x00002f61   Thumb Code    34  fct.o(i.FCT_PumpADC)
    FCT_netTDSRes                            0x00002f8d   Thumb Code    50  fct.o(i.FCT_netTDSRes)
    FCT_rawTDSRes                            0x00002fc9   Thumb Code    50  fct.o(i.FCT_rawTDSRes)
    FLASH_ErasePage                          0x00003005   Thumb Code    12  sim_eeprom.o(i.FLASH_ErasePage)
    Faucet_Display                           0x00003011   Thumb Code   304  faucet.o(i.Faucet_Display)
    Faucet_PowneOnDisplay                    0x0000314d   Thumb Code   126  faucet.o(i.Faucet_PowneOnDisplay)
    Faucet_proc                              0x000031d5   Thumb Code   112  faucet.o(i.Faucet_proc)
    Faucet_workstate                         0x00003249   Thumb Code   174  faucet.o(i.Faucet_workstate)
    FilterDetection                          0x00003301   Thumb Code    72  factorymode.o(i.FilterDetection)
    FilterFast                               0x0000335d   Thumb Code   178  factorymode.o(i.FilterFast)
    FilterLifeCalculate                      0x0000342d   Thumb Code   160  appsystem.o(i.FilterLifeCalculate)
    FilterLifeLive                           0x000034e5   Thumb Code   124  appsystem.o(i.FilterLifeLive)
    FilterReset_PCB                          0x00003581   Thumb Code    26  appsystem.o(i.FilterReset_PCB)
    FilterReset_RO                           0x000035a1   Thumb Code    26  appsystem.o(i.FilterReset_RO)
    FlashDataRead                            0x000035c1   Thumb Code   264  sim_eeprom.o(i.FlashDataRead)
    FlashDataSave                            0x000036c9   Thumb Code   150  sim_eeprom.o(i.FlashDataSave)
    GasDetection                             0x00003761   Thumb Code    48  factorymode.o(i.GasDetection)
    GetADCValues                             0x0000379d   Thumb Code    22  drvadc.o(i.GetADCValues)
    GetAllError                              0x000037b9   Thumb Code   212  wifi.o(i.GetAllError)
    GetChannalADCVal                         0x0000388d   Thumb Code   232  appadc.o(i.GetChannalADCVal)
    GetCommData                              0x0000397d   Thumb Code    44  wifi.o(i.GetCommData)
    GetEncryptionFlag                        0x000039a9   Thumb Code    12  wifi.o(i.GetEncryptionFlag)
    GetFaucetData                            0x000039b5   Thumb Code    76  appuart.o(i.GetFaucetData)
    GetFlowMeterPulse                        0x00003a11   Thumb Code    76  waterflow.o(i.GetFlowMeterPulse)
    GetHVSstate                              0x00003a61   Thumb Code    90  appsystem.o(i.GetHVSstate)
    GetKeyState                              0x00003ac9   Thumb Code   344  keyscan.o(i.GetKeyState)
    GetLeakADC                               0x00003c31   Thumb Code    70  appsystem.o(i.GetLeakADC)
    GetLeakRes                               0x00003c89   Thumb Code    52  fct.o(i.GetLeakRes)
    GetMessage                               0x00003cc5   Thumb Code   162  system.o(i.GetMessage)
    GetModbusCRC                             0x00003d6d   Thumb Code    60  modbus.o(i.GetModbusCRC)
    GetNTCResVal                             0x00003db1   Thumb Code    52  drvtds.o(i.GetNTCResVal)
    GetNTCTemp                               0x00003ded   Thumb Code   144  drvtds.o(i.GetNTCTemp)
    GetNTCTemp2                              0x00003e99   Thumb Code   144  drvtds.o(i.GetNTCTemp2)
    GetOperationMode                         0x00003f45   Thumb Code    66  wifi.o(i.GetOperationMode)
    GetPumpADC                               0x00003f89   Thumb Code    96  appsystem.o(i.GetPumpADC)
    GetSum                                   0x00004015   Thumb Code    28  wifi.o(i.GetSum)
    GetSysSeting                             0x00004031   Thumb Code   358  savedata.o(i.GetSysSeting)
    GetSystemTime                            0x000041a9   Thumb Code    16  system.o(i.GetSystemTime)
    GetTDSRes                                0x000041bd   Thumb Code    52  fct.o(i.GetTDSRes)
    GetTDS_net                               0x000041f9   Thumb Code    10  drvtds.o(i.GetTDS_net)
    GetTDS_raw                               0x00004203   Thumb Code    10  drvtds.o(i.GetTDS_raw)
    GetTDS_temp                              0x0000420d   Thumb Code    10  drvtds.o(i.GetTDS_temp)
    GetVoltageValue                          0x00004217   Thumb Code    36  appadc.o(i.GetVoltageValue)
    GetWifiData                              0x0000423d   Thumb Code    76  appuart.o(i.GetWifiData)
    Getkey                                   0x00004299   Thumb Code    36  keyscan.o(i.Getkey)
    GetnetTDS                                0x000042bd   Thumb Code    68  drvtds.o(i.GetnetTDS)
    GetrawTDS                                0x00004309   Thumb Code    58  drvtds.o(i.GetrawTDS)
    HkeytoVkey                               0x0000434d   Thumb Code    88  keyscan.o(i.HkeytoVkey)
    I2C_ReadKey                              0x000043a5   Thumb Code   128  drvi2c.o(i.I2C_ReadKey)
    I2C_SendDisplay                          0x0000442d   Thumb Code    50  drvi2c.o(i.I2C_SendDisplay)
    IIC_Init                                 0x0000445f   Thumb Code    32  drvi2c.o(i.IIC_Init)
    IIC_RecvACK                              0x0000447f   Thumb Code    68  drvi2c.o(i.IIC_RecvACK)
    IIC_RecvByte                             0x000044c3   Thumb Code   108  drvi2c.o(i.IIC_RecvByte)
    IIC_SendACK                              0x0000452f   Thumb Code    56  drvi2c.o(i.IIC_SendACK)
    IIC_SendByte                             0x00004567   Thumb Code   108  drvi2c.o(i.IIC_SendByte)
    IIC_Start                                0x000045d3   Thumb Code    54  drvi2c.o(i.IIC_Start)
    IIC_Stop                                 0x00004609   Thumb Code    40  drvi2c.o(i.IIC_Stop)
    INTP_Init                                0x000049cd   Thumb Code  1260  intp.o(i.INTP_Init)
    INTP_Start                               0x00004ec5   Thumb Code    58  intp.o(i.INTP_Start)
    IOInit                                   0x00004eff   Thumb Code   296  ioinit.o(i.IOInit)
    IRQ26_Handler                            0x00005029   Thumb Code   112  waterflow.o(i.IRQ26_Handler)
    KillTimer                                0x00005191   Thumb Code   118  system.o(i.KillTimer)
    LEDLight                                 0x0000520d   Thumb Code    86  appsystem.o(i.LEDLight)
    MA                                       0x00005391   Thumb Code    46  appadc.o(i.MA)
    ModbusProc                               0x000053c1   Thumb Code   316  modbus.o(i.ModbusProc)
    Modbus_SetReg                            0x00005501   Thumb Code    10  modbus.o(i.Modbus_SetReg)
    MonitorAppADC                            0x00005515   Thumb Code   176  appadc.o(i.MonitorAppADC)
    MonitorBigData                           0x000055c9   Thumb Code    92  wifi.o(i.MonitorBigData)
    MonitorHVS_Faucet                        0x00005629   Thumb Code   306  appsystem.o(i.MonitorHVS_Faucet)
    MonitorState                             0x00005769   Thumb Code   154  appsystem.o(i.MonitorState)
    MonitorTDS                               0x00005815   Thumb Code   150  drvtds.o(i.MonitorTDS)
    MonitorTimer                             0x000058b9   Thumb Code   266  system.o(i.MonitorTimer)
    MonitorWater                             0x000059c9   Thumb Code   478  appsystem.o(i.MonitorWater)
    MonitrorAlarm                            0x00005bd1   Thumb Code   194  wifi.o(i.MonitrorAlarm)
    NetworkTimer                             0x00005cb1   Thumb Code   142  wifi.o(i.NetworkTimer)
    OpenPump                                 0x00005d4d   Thumb Code    38  appsystem.o(i.OpenPump)
    OpenPump_InletValve2                     0x00005d7d   Thumb Code    16  appsystem.o(i.OpenPump_InletValve2)
    PORT_ClrBit                              0x00005d8d   Thumb Code    32  gpio.o(i.PORT_ClrBit)
    PORT_GetBit                              0x00005db1   Thumb Code    26  gpio.o(i.PORT_GetBit)
    PORT_Init                                0x00005dd1   Thumb Code   402  gpio.o(i.PORT_Init)
    PORT_SetBit                              0x00005f69   Thumb Code    32  gpio.o(i.PORT_SetBit)
    ParsingDisplayData                       0x00005f8d   Thumb Code    54  appsystem.o(i.ParsingDisplayData)
    PowerDownCheck                           0x00005fc5   Thumb Code    86  appsystem.o(i.PowerDownCheck)
    PowerOnDisplay                           0x00006029   Thumb Code   100  appsystem.o(i.PowerOnDisplay)
    ResetPowerOnFlushFlag                    0x00006099   Thumb Code    14  appsystem.o(i.ResetPowerOnFlushFlag)
    RestFilter                               0x000060ad   Thumb Code    24  winfilterset.o(i.RestFilter)
    RestoreFactory                           0x000060c5   Thumb Code   266  appsystem.o(i.RestoreFactory)
    ReturnWriteMultiRegOK                    0x000061dd   Thumb Code    66  modbus.o(i.ReturnWriteMultiRegOK)
    SYSClockInit                             0x00006221   Thumb Code    60  sys_clock.o(i.SYSClockInit)
    SYSInit                                  0x00006269   Thumb Code   134  system.o(i.SYSInit)
    SYS_Init                                 0x000062fd   Thumb Code    48  main.o(i.SYS_Init)
    SaveSysSeting                            0x0000632d   Thumb Code   358  savedata.o(i.SaveSysSeting)
    SendMessage                              0x000064a5   Thumb Code   102  system.o(i.SendMessage)
    SendModbusError                          0x00006511   Thumb Code    54  modbus.o(i.SendModbusError)
    SendModbusRegData                        0x00006549   Thumb Code   136  modbus.o(i.SendModbusRegData)
    SetAutoFlushFlag                         0x000065d5   Thumb Code    20  appsystem.o(i.SetAutoFlushFlag)
    SetBoosterPump                           0x000065ed   Thumb Code   144  appsystem.o(i.SetBoosterPump)
    SetInletValve                            0x0000667d   Thumb Code    28  appsystem.o(i.SetInletValve)
    SetInletValve2                           0x00006699   Thumb Code    28  appsystem.o(i.SetInletValve2)
    SetSystemTime                            0x000066b5   Thumb Code    16  system.o(i.SetSystemTime)
    SetTDSUpdataEN                           0x000066c9   Thumb Code     6  drvtds.o(i.SetTDSUpdataEN)
    SetWasteWaterValve                       0x000066d5   Thumb Code    28  appsystem.o(i.SetWasteWaterValve)
    Small2BigMode                            0x000066f1   Thumb Code    12  modbus.o(i.Small2BigMode)
    SmallMode2BitMode                        0x000066fd   Thumb Code    30  wifi.o(i.SmallMode2BitMode)
    Standby                                  0x0000671d   Thumb Code    58  appsystem.o(i.Standby)
    StandbyRestart                           0x00006761   Thumb Code    48  appsystem.o(i.StandbyRestart)
    SyStemTimeTask                           0x0000679d   Thumb Code   232  system.o(i.SyStemTimeTask)
    SysSetingInit                            0x00006889   Thumb Code    96  savedata.o(i.SysSetingInit)
    SysTick_Handler                          0x000068f5   Thumb Code   398  sys_clock.o(i.SysTick_Handler)
    SystemCoreClockUpdate                    0x00006aad   Thumb Code    12  system_bat32g137.o(i.SystemCoreClockUpdate)
    SystemInit                               0x00006abd   Thumb Code    88  system_bat32g137.o(i.SystemInit)
    TaskKeySan                               0x00006b31   Thumb Code   134  keyscan.o(i.TaskKeySan)
    TaskProcess                              0x00006bb9   Thumb Code    52  task.o(i.TaskProcess)
    TemperatureCompensation                  0x00006bf1   Thumb Code   128  drvtds.o(i.TemperatureCompensation)
    TimeSetEvent                             0x00006c7d   Thumb Code   200  system.o(i.TimeSetEvent)
    UART0_BaudRate                           0x00006d49   Thumb Code    90  sci.o(i.UART0_BaudRate)
    UART0_Init                               0x00006dad   Thumb Code   292  sci.o(i.UART0_Init)
    UART0_Start                              0x00006ef9   Thumb Code    76  sci.o(i.UART0_Start)
    UART2_BaudRate                           0x00006f49   Thumb Code    72  sci.o(i.UART2_BaudRate)
    UART2_Init                               0x00006f99   Thumb Code   298  sci.o(i.UART2_Init)
    UART2_Start                              0x000070ed   Thumb Code    76  sci.o(i.UART2_Start)
    UART_BaudRateCal                         0x0000713d   Thumb Code   216  sci.o(i.UART_BaudRateCal)
    UartSendDisplayData                      0x00007221   Thumb Code    72  appuart.o(i.UartSendDisplayData)
    UartSendFaucetData                       0x00007271   Thumb Code    72  appuart.o(i.UartSendFaucetData)
    UartSendWifiData                         0x000072c1   Thumb Code    72  appuart.o(i.UartSendWifiData)
    UpdataFlowMeterWaterVolume               0x00007311   Thumb Code   422  waterflow.o(i.UpdataFlowMeterWaterVolume)
    UpdateFilterLife                         0x000075dd   Thumb Code   154  appsystem.o(i.UpdateFilterLife)
    WDT_Restart                              0x0000783d   Thumb Code     8  wdt.o(i.WDT_Restart)
    WIFI_AddData2protocol                    0x00007849   Thumb Code   174  wifi.o(i.WIFI_AddData2protocol)
    WIFI_ControlHand                         0x000078fd   Thumb Code   200  wifi.o(i.WIFI_ControlHand)
    WIFI_GetWifiStatus                       0x000079cd   Thumb Code   126  wifi.o(i.WIFI_GetWifiStatus)
    WIFI_SendTypeID                          0x00007a5d   Thumb Code    90  wifi.o(i.WIFI_SendTypeID)
    WIFI_SetBigDataHeartbeat                 0x00007ac1   Thumb Code    82  wifi.o(i.WIFI_SetBigDataHeartbeat)
    WIFI_SetHeartbeat                        0x00007b21   Thumb Code    88  wifi.o(i.WIFI_SetHeartbeat)
    WIFI_SetPriFilterReset                   0x00007b85   Thumb Code    18  wifi.o(i.WIFI_SetPriFilterReset)
    WIFI_SetRoFilterReset                    0x00007b97   Thumb Code    18  wifi.o(i.WIFI_SetRoFilterReset)
    WIFI_SetTime                             0x00007ba9   Thumb Code   106  wifi.o(i.WIFI_SetTime)
    WIIF_SendEquiVersion                     0x00007c15   Thumb Code    70  wifi.o(i.WIIF_SendEquiVersion)
    WaterCounter                             0x00007c89   Thumb Code    72  appsystem.o(i.WaterCounter)
    WaterDetection                           0x00007cdd   Thumb Code    54  factorymode.o(i.WaterDetection)
    WifiMsgProc                              0x00007d25   Thumb Code   472  wifi.o(i.WifiMsgProc)
    WinDesktopInit                           0x00007f09   Thumb Code    38  windesktop.o(i.WinDesktopInit)
    WinFilterSetInit                         0x00007f3d   Thumb Code    40  winfilterset.o(i.WinFilterSetInit)
    WinInit                                  0x00007f71   Thumb Code    32  window.o(i.WinInit)
    WinPageSwitch                            0x00007fad   Thumb Code    68  window.o(i.WinPageSwitch)
    WinTimerOut                              0x00008125   Thumb Code    52  appsystem.o(i.WinTimerOut)
    WndProc                                  0x0000815d   Thumb Code   136  window.o(i.WndProc)
    WriteRegData                             0x000081f1   Thumb Code    46  modbus.o(i.WriteRegData)
    __ARM_clz                                0x00008225   Thumb Code    46  depilogue.o(i.__ARM_clz)
    __ARM_common_switch8                     0x00008253   Thumb Code    28  system_bat32g137.o(i.__ARM_common_switch8)
    __ARM_fpclassify                         0x00008271   Thumb Code    40  fpclassify.o(i.__ARM_fpclassify)
    __kernel_poly                            0x00008405   Thumb Code   172  poly.o(i.__kernel_poly)
    __mathlib_dbl_divzero                    0x000084b1   Thumb Code    16  dunder.o(i.__mathlib_dbl_divzero)
    __mathlib_dbl_infnan2                    0x000084c5   Thumb Code     8  dunder.o(i.__mathlib_dbl_infnan2)
    __mathlib_dbl_invalid                    0x000084cd   Thumb Code    16  dunder.o(i.__mathlib_dbl_invalid)
    __mathlib_dbl_overflow                   0x000084dd   Thumb Code    16  dunder.o(i.__mathlib_dbl_overflow)
    __mathlib_dbl_underflow                  0x000084f1   Thumb Code    14  dunder.o(i.__mathlib_dbl_underflow)
    __scatterload_copy                       0x00008505   Thumb Code    14  handlers.o(i.__scatterload_copy)
    __scatterload_null                       0x00008513   Thumb Code     2  handlers.o(i.__scatterload_null)
    __scatterload_zeroinit                   0x00008515   Thumb Code    14  handlers.o(i.__scatterload_zeroinit)
    __set_errno                              0x00008525   Thumb Code     6  errno.o(i.__set_errno)
    bubble_sort                              0x00008531   Thumb Code    66  appadc.o(i.bubble_sort)
    delayms                                  0x00008573   Thumb Code   112  delay.o(i.delayms)
    delayopenpump                            0x000085e3   Thumb Code    10  factorymode.o(i.delayopenpump)
    delayus                                  0x000085ed   Thumb Code    96  delay.o(i.delayus)
    fifo_init                                0x0000864d   Thumb Code    12  fifo.o(i.fifo_init)
    free                                     0x0000865d   Thumb Code    80  malloc.o(i.free)
    IRQ01_Handler                            0x000086b1   Thumb Code     0  waterflow.o(i.intp_0_6_interrupt)
    intp_0_6_interrupt                       0x000086b1   Thumb Code   136  waterflow.o(i.intp_0_6_interrupt)
    mReadFlash                               0x00008749   Thumb Code    24  sim_eeprom.o(i.mReadFlash)
    mWriteFlash                              0x00008761   Thumb Code    22  sim_eeprom.o(i.mWriteFlash)
    main                                     0x00008779   Thumb Code   156  main.o(i.main)
    malloc                                   0x00008825   Thumb Code    92  malloc.o(i.malloc)
    pow                                      0x00008891   Thumb Code  2548  pow.o(i.pow)
    powerDownSave                            0x0000928d   Thumb Code    48  appsystem.o(i.powerDownSave)
    sqrt                                     0x000092c9   Thumb Code    66  sqrt.o(i.sqrt)
    IRQ11_Handler                            0x00009311   Thumb Code     0  appuart.o(i.uart0_interrupt_receive)
    uart0_interrupt_receive                  0x00009311   Thumb Code    86  appuart.o(i.uart0_interrupt_receive)
    IRQ10_Handler                            0x00009381   Thumb Code     0  appuart.o(i.uart0_interrupt_send)
    uart0_interrupt_send                     0x00009381   Thumb Code    78  appuart.o(i.uart0_interrupt_send)
    IRQ14_Handler                            0x000093d9   Thumb Code     0  appuart.o(i.uart1_interrupt_receive)
    uart1_interrupt_receive                  0x000093d9   Thumb Code    86  appuart.o(i.uart1_interrupt_receive)
    IRQ13_Handler                            0x00009449   Thumb Code     0  appuart.o(i.uart1_interrupt_send)
    uart1_interrupt_send                     0x00009449   Thumb Code    78  appuart.o(i.uart1_interrupt_send)
    IRQ08_Handler                            0x000094a1   Thumb Code     0  appuart.o(i.uart2_interrupt_receive)
    uart2_interrupt_receive                  0x000094a1   Thumb Code    86  appuart.o(i.uart2_interrupt_receive)
    IRQ07_Handler                            0x00009511   Thumb Code     0  appuart.o(i.uart2_interrupt_send)
    uart2_interrupt_send                     0x00009511   Thumb Code    78  appuart.o(i.uart2_interrupt_send)
    EraseChip                                0x00009569   Thumb Code    58  flash.o(ram_fetch_code)
    EraseSector                              0x000095a3   Thumb Code    78  flash.o(ram_fetch_code)
    ProgramPage                              0x000095f1   Thumb Code    74  flash.o(ram_fetch_code)
    FaucetTest                               0x00009640   Data          21  fct.o(.constdata)
    __mathlib_zero                           0x000096e0   Data           8  qnan.o(.constdata)
    __ctype_categories                       0x000096e8   Data          64  ctype_c.o(.constdata)
    Region$$Table$$Base                      0x0000976c   Number         0  anon$$obj.o(Region$$Table)
    Region$$Table$$Limit                     0x0000978c   Number         0  anon$$obj.o(Region$$Table)
    SystemCoreClock                          0x20000000   Data           4  system_bat32g137.o(.data)
    uarttimeout                              0x20000004   Data           1  appuart.o(.data)
    uart1timeout                             0x20000005   Data           1  appuart.o(.data)
    uart2timeout                             0x20000006   Data           1  appuart.o(.data)
    sSystemTime                              0x20000016   Data           4  system.o(.data)
    TaskComps                                0x2000001c   Data         120  task.o(.data)
    spWinHand                                0x20000094   Data           4  window.o(.data)
    spWinFatherHand                          0x20000098   Data           4  window.o(.data)
    equistate                                0x200000a7   Data           1  windesktop.o(.data)
    longkeycount                             0x200000a8   Data           1  windesktop.o(.data)
    gTDSTemp                                 0x200000ac   Data           2  drvtds.o(.data)
    gTDSTemp2                                0x200000ae   Data           2  drvtds.o(.data)
    tdsbefore1mincount                       0x200000b0   Data           2  drvtds.o(.data)
    UpdateEN                                 0x200000b2   Data           1  drvtds.o(.data)
    UartDispProc                             0x200000b8   Data           4  appsystem.o(.data)
    UartFaucetProc                           0x200000bc   Data           4  appsystem.o(.data)
    UartWifiProc                             0x200000c0   Data           4  appsystem.o(.data)
    gDisplayReg                              0x200000c4   Data           2  appsystem.o(.data)
    leakflag                                 0x200000c6   Data           1  appsystem.o(.data)
    pumpAflag                                0x200000c7   Data           1  appsystem.o(.data)
    userstaflashblk                          0x200000e8   Data           4  savedata.o(.data)
    REG_ADDR_MAX                             0x200000fc   Data           1  modbus.o(.data)
    sendcnt                                  0x20000104   Data           1  fct.o(.data)
    SysTick1ms                               0x20000118   Data           4  waterflow.o(.data)
    SysTick1msD                              0x2000011c   Data           2  waterflow.o(.data)
    SysTick1msC                              0x20000120   Data           4  waterflow.o(.data)
    __microlib_freelist                      0x20000128   Data           4  mvars.o(.data)
    __microlib_freelist_initialised          0x2000012c   Data           4  mvars.o(.data)
    fifo_queue                               0x2000039e   Data         106  fifo.o(.bss)
    TaskTimer                                0x20000408   Data         210  system.o(.bss)
    MsgQueue                                 0x200004da   Data          46  system.o(.bss)
    spWinBuff                                0x20000508   Data          24  window.o(.bss)
    gWinFilterSet                            0x20000520   Data          11  winfilterset.o(.bss)
    gWinDesktop                              0x2000052b   Data          11  windesktop.o(.bss)
    RecBuff                                  0x20000536   Data         100  appsystem.o(.bss)
    systemseting                             0x2000059a   Data          37  appsystem.o(.bss)
    gReg                                     0x200005bf   Data          72  appsystem.o(.bss)
    gAppadc                                  0x20000608   Data         264  appadc.o(.bss)
    faucet                                   0x20000710   Data          14  faucet.o(.bss)
    fctReg                                   0x2000071e   Data          40  fct.o(.bss)
    WIFI_Sendbuf                             0x20000746   Data         260  wifi.o(.bss)
    gWifiSet                                 0x2000084a   Data          13  wifi.o(.bss)
    FlowMeter1st                             0x20000858   Data          32  waterflow.o(.bss)
    FlowMeter2nd                             0x20000878   Data          32  waterflow.o(.bss)
    __heap_base                              0x20000898   Data           0  startup_bat32g137_1.o(HEAP)
    __heap_limit                             0x20000998   Data           0  startup_bat32g137_1.o(HEAP)
    __initial_sp                             0x20000d98   Data           0  startup_bat32g137_1.o(STACK)



==============================================================================

Memory Map of the image

  Image Entry point : 0x000000c5

  Load Region LR_IROM1 (Base: 0x00000000, Size: 0x000098c0, Max: 0x00020000, ABSOLUTE, COMPRESSED[0x000097f4])

    Execution Region ER_IROM1 (Exec base: 0x00000000, Load base: 0x00000000, Size: 0x0000978c, Max: 0x00020000, ABSOLUTE)

    Exec Addr    Load Addr    Size         Type   Attr      Idx    E Section Name        Object

    0x00000000   0x00000000   0x000000c0   Data   RO           74    RESET               startup_bat32g137_1.o
    0x000000c0   0x000000c0   0x00000004   Data   RO            7    .ARM.__AT_0x000000C0  system_bat32g137.o
    0x000000c4   0x000000c4   0x00000000   Code   RO         3494  * .ARM.Collect$$$$00000000  mc_p.l(entry.o)
    0x000000c4   0x000000c4   0x00000004   Code   RO         3639    .ARM.Collect$$$$00000001  mc_p.l(entry2.o)
    0x000000c8   0x000000c8   0x00000004   Code   RO         3642    .ARM.Collect$$$$00000004  mc_p.l(entry5.o)
    0x000000cc   0x000000cc   0x00000000   Code   RO         3644    .ARM.Collect$$$$00000008  mc_p.l(entry7b.o)
    0x000000cc   0x000000cc   0x00000000   Code   RO         3646    .ARM.Collect$$$$0000000A  mc_p.l(entry8b.o)
    0x000000cc   0x000000cc   0x00000008   Code   RO         3647    .ARM.Collect$$$$0000000B  mc_p.l(entry9a.o)
    0x000000d4   0x000000d4   0x00000004   Code   RO         3654    .ARM.Collect$$$$0000000E  mc_p.l(entry12b.o)
    0x000000d8   0x000000d8   0x00000000   Code   RO         3649    .ARM.Collect$$$$0000000F  mc_p.l(entry10a.o)
    0x000000d8   0x000000d8   0x00000000   Code   RO         3651    .ARM.Collect$$$$00000011  mc_p.l(entry11a.o)
    0x000000d8   0x000000d8   0x00000004   Code   RO         3640    .ARM.Collect$$$$00002712  mc_p.l(entry2.o)
    0x000000dc   0x000000dc   0x00000064   Code   RO           75    .text               startup_bat32g137_1.o
    0x00000140   0x00000140   0x0000002c   Code   RO         3497    .text               mc_p.l(uidiv.o)
    0x0000016c   0x0000016c   0x00000028   Code   RO         3499    .text               mc_p.l(idiv.o)
    0x00000194   0x00000194   0x00000024   Code   RO         3501    .text               mc_p.l(memcpya.o)
    0x000001b8   0x000001b8   0x00000024   Code   RO         3503    .text               mc_p.l(memseta.o)
    0x000001dc   0x000001dc   0x00000028   Code   RO         3507    .text               mc_p.l(strstr.o)
    0x00000204   0x00000204   0x0000000e   Code   RO         3509    .text               mc_p.l(strlen.o)
    0x00000212   0x00000212   0x00000012   Code   RO         3511    .text               mc_p.l(strcpy.o)
    0x00000224   0x00000224   0x00000014   Code   RO         3572    .text               mc_p.l(uread4.o)
    0x00000238   0x00000238   0x00000012   Code   RO         3574    .text               mc_p.l(uwrite4.o)
    0x0000024a   0x0000024a   0x00000002   PAD
    0x0000024c   0x0000024c   0x0000003c   Code   RO         3576    .text               mc_p.l(__0sscanf.o)
    0x00000288   0x00000288   0x0000014a   Code   RO         3578    .text               mc_p.l(_scanf_int.o)
    0x000003d2   0x000003d2   0x000000b2   Code   RO         3580    .text               mf_p.l(fadd.o)
    0x00000484   0x00000484   0x0000007a   Code   RO         3582    .text               mf_p.l(fmul.o)
    0x000004fe   0x000004fe   0x0000007c   Code   RO         3584    .text               mf_p.l(fdiv.o)
    0x0000057a   0x0000057a   0x00000002   PAD
    0x0000057c   0x0000057c   0x00000168   Code   RO         3586    .text               mf_p.l(dadd.o)
    0x000006e4   0x000006e4   0x000000d0   Code   RO         3588    .text               mf_p.l(dmul.o)
    0x000007b4   0x000007b4   0x000000f0   Code   RO         3590    .text               mf_p.l(ddiv.o)
    0x000008a4   0x000008a4   0x0000000e   Code   RO         3592    .text               mf_p.l(ffltui.o)
    0x000008b2   0x000008b2   0x00000002   PAD
    0x000008b4   0x000008b4   0x00000028   Code   RO         3594    .text               mf_p.l(dflti.o)
    0x000008dc   0x000008dc   0x0000001c   Code   RO         3596    .text               mf_p.l(dfltui.o)
    0x000008f8   0x000008f8   0x00000032   Code   RO         3598    .text               mf_p.l(ffixi.o)
    0x0000092a   0x0000092a   0x00000028   Code   RO         3600    .text               mf_p.l(ffixui.o)
    0x00000952   0x00000952   0x00000002   PAD
    0x00000954   0x00000954   0x00000048   Code   RO         3602    .text               mf_p.l(dfixi.o)
    0x0000099c   0x0000099c   0x00000028   Code   RO         3604    .text               mf_p.l(f2d.o)
    0x000009c4   0x000009c4   0x00000028   Code   RO         3606    .text               mf_p.l(cdcmple.o)
    0x000009ec   0x000009ec   0x00000028   Code   RO         3608    .text               mf_p.l(cdrcmple.o)
    0x00000a14   0x00000a14   0x00000038   Code   RO         3610    .text               mf_p.l(d2f.o)
    0x00000a4c   0x00000a4c   0x00000020   Code   RO         3657    .text               mc_p.l(llshl.o)
    0x00000a6c   0x00000a6c   0x00000022   Code   RO         3659    .text               mc_p.l(llushr.o)
    0x00000a8e   0x00000a8e   0x00000026   Code   RO         3661    .text               mc_p.l(llsshr.o)
    0x00000ab4   0x00000ab4   0x0000001e   Code   RO         3672    .text               mc_p.l(_chval.o)
    0x00000ad2   0x00000ad2   0x00000002   PAD
    0x00000ad4   0x00000ad4   0x0000002c   Code   RO         3674    .text               mc_p.l(scanf_char.o)
    0x00000b00   0x00000b00   0x00000044   Code   RO         3676    .text               mc_p.l(_sgetc.o)
    0x00000b44   0x00000b44   0x00000000   Code   RO         3678    .text               mc_p.l(iusefp.o)
    0x00000b44   0x00000b44   0x00000082   Code   RO         3679    .text               mf_p.l(fepilogue.o)
    0x00000bc6   0x00000bc6   0x000000be   Code   RO         3681    .text               mf_p.l(depilogue.o)
    0x00000c84   0x00000c84   0x0000002c   Code   RO         3685    .text               mf_p.l(dscalb.o)
    0x00000cb0   0x00000cb0   0x00000024   Code   RO         3689    .text               mc_p.l(init.o)
    0x00000cd4   0x00000cd4   0x0000000e   Code   RO         3691    .text               mc_p.l(isspace_c.o)
    0x00000ce2   0x00000ce2   0x00000002   PAD
    0x00000ce4   0x00000ce4   0x0000033c   Code   RO         3693    .text               mc_p.l(_scanf.o)
    0x00001020   0x00001020   0x000000a2   Code   RO         3695    .text               mf_p.l(dsqrt.o)
    0x000010c2   0x000010c2   0x00000002   PAD
    0x000010c4   0x000010c4   0x00000024   Code   RO         3697    .text               mc_p.l(ctype_c.o)
    0x000010e8   0x000010e8   0x00000056   Code   RO         3708    .text               mc_p.l(__dczerorl2.o)
    0x0000113e   0x0000113e   0x00000008   Code   RO         2349    i.ADCInit           main.o
    0x00001146   0x00001146   0x00000002   PAD
    0x00001148   0x00001148   0x00000088   Code   RO           81    i.ADC_Converse      adc.o
    0x000011d0   0x000011d0   0x000000c8   Code   RO           82    i.ADC_Init          adc.o
    0x00001298   0x00001298   0x0000000c   Code   RO         2094    i.ADC_Start         drvadc.o
    0x000012a4   0x000012a4   0x00000060   Code   RO         3237    i.ASCII2Hex         wifi.o
    0x00001304   0x00001304   0x000002bc   Code   RO         2005    i.AllLedFlashTimes  windesktop.o
    0x000015c0   0x000015c0   0x00000094   Code   RO         2832    i.AppADCInit        appadc.o
    0x00001654   0x00001654   0x00000010   Code   RO         2834    i.AppADCStart       appadc.o
    0x00001664   0x00001664   0x00000010   Code   RO         2835    i.AppADCStop        appadc.o
    0x00001674   0x00001674   0x00000074   Code   RO         2394    i.AppSystemInit     appsystem.o
    0x000016e8   0x000016e8   0x00000060   Code   RO         2395    i.Beepring          appsystem.o
    0x00001748   0x00001748   0x000000ac   Code   RO            3    i.CLK_GetCoreFreq   system_bat32g137.o
    0x000017f4   0x000017f4   0x00000284   Code   RO         2151    i.CalculateTemp     drvtds.o
    0x00001a78   0x00001a78   0x0000004c   Code   RO         2396    i.CheckFlushState   appsystem.o
    0x00001ac4   0x00001ac4   0x0000002c   Code   RO         2397    i.ClearLongTimeWorkFlag  appsystem.o
    0x00001af0   0x00001af0   0x00000084   Code   RO         2398    i.CloseAllPeripheral  appsystem.o
    0x00001b74   0x00001b74   0x0000000a   Code   RO         2399    i.ClosePump         appsystem.o
    0x00001b7e   0x00001b7e   0x00000002   PAD
    0x00001b80   0x00001b80   0x00000148   Code   RO         3029    i.CmdREGHandle      modbus.o
    0x00001cc8   0x00001cc8   0x00000010   Code   RO         1820    i.CreatePage        window.o
    0x00001cd8   0x00001cd8   0x00000078   Code   RO         1821    i.DefWindowProc     window.o
    0x00001d50   0x00001d50   0x000001f8   Code   RO         2400    i.DesktopUpdate     appsystem.o
    0x00001f48   0x00001f48   0x00000090   Code   RO         2401    i.DisplayError      appsystem.o
    0x00001fd8   0x00001fd8   0x00000054   Code   RO         2402    i.DisplayUpdate     appsystem.o
    0x0000202c   0x0000202c   0x00000030   Code   RO         3239    i.EQUI_EnterWifiNetwork  wifi.o
    0x0000205c   0x0000205c   0x00000044   Code   RO         3240    i.EQUI_SendAlarmInfo  wifi.o
    0x000020a0   0x000020a0   0x00000020   Code   RO         3241    i.EQUI_SendWifiNetwork  wifi.o
    0x000020c0   0x000020c0   0x00000370   Code   RO         3242    i.EQUI_UpdataState  wifi.o
    0x00002430   0x00002430   0x00000050   Code   RO         2403    i.EnterAutoFlushing  appsystem.o
    0x00002480   0x00002480   0x00000040   Code   RO         2404    i.EnterBackFlowMode  appsystem.o
    0x000024c0   0x000024c0   0x00000028   Code   RO         2405    i.EnterErrorMode    appsystem.o
    0x000024e8   0x000024e8   0x00000028   Code   RO         2406    i.EnterFCTMode      appsystem.o
    0x00002510   0x00002510   0x00000058   Code   RO         2907    i.EnterFactoryMode  factorymode.o
    0x00002568   0x00002568   0x00000018   Code   RO         2407    i.EnterLiveMode     appsystem.o
    0x00002580   0x00002580   0x00000028   Code   RO         2408    i.EnterLockWaterMode  appsystem.o
    0x000025a8   0x000025a8   0x00000034   Code   RO         2409    i.EnterLongTimeWork  appsystem.o
    0x000025dc   0x000025dc   0x00000048   Code   RO         2410    i.EnterManualFlush  appsystem.o
    0x00002624   0x00002624   0x00000048   Code   RO         2411    i.EnterPowerOnFlushing  appsystem.o
    0x0000266c   0x0000266c   0x000001bc   Code   RO         2412    i.EnterProc         appsystem.o
    0x00002828   0x00002828   0x00000010   Code   RO         2413    i.EnterStandby      appsystem.o
    0x00002838   0x00002838   0x00000044   Code   RO         2414    i.EnterWorkMode     appsystem.o
    0x0000287c   0x0000287c   0x00000038   Code   RO         2415    i.ExitAutoFlushing  appsystem.o
    0x000028b4   0x000028b4   0x00000040   Code   RO         2416    i.ExitBackFlowMode  appsystem.o
    0x000028f4   0x000028f4   0x00000010   Code   RO         2417    i.ExitErrorMode     appsystem.o
    0x00002904   0x00002904   0x00000034   Code   RO         2418    i.ExitFCTMode       appsystem.o
    0x00002938   0x00002938   0x0000003c   Code   RO         2908    i.ExitFactoryMode   factorymode.o
    0x00002974   0x00002974   0x00000030   Code   RO         2909    i.ExitFilterFast    factorymode.o
    0x000029a4   0x000029a4   0x00000038   Code   RO         2910    i.ExitGasDetection  factorymode.o
    0x000029dc   0x000029dc   0x00000028   Code   RO         2419    i.ExitLiveMode      appsystem.o
    0x00002a04   0x00002a04   0x00000010   Code   RO         2420    i.ExitLockWaterMode  appsystem.o
    0x00002a14   0x00002a14   0x0000001c   Code   RO         2421    i.ExitLongTimeWork  appsystem.o
    0x00002a30   0x00002a30   0x00000060   Code   RO         2422    i.ExitManualFlush   appsystem.o
    0x00002a90   0x00002a90   0x00000034   Code   RO         2423    i.ExitPowerOnFlushing  appsystem.o
    0x00002ac4   0x00002ac4   0x00000134   Code   RO         2424    i.ExitProc          appsystem.o
    0x00002bf8   0x00002bf8   0x00000024   Code   RO         2425    i.ExitTimer         appsystem.o
    0x00002c1c   0x00002c1c   0x0000003c   Code   RO         2911    i.ExitWaterDetection  factorymode.o
    0x00002c58   0x00002c58   0x0000005c   Code   RO         2426    i.ExitWorkMode      appsystem.o
    0x00002cb4   0x00002cb4   0x00000034   Code   RO         3415    i.ExternalInterruptInit  waterflow.o
    0x00002ce8   0x00002ce8   0x00000034   Code   RO         3149    i.FCT_FaucetDataProc  fct.o
    0x00002d1c   0x00002d1c   0x0000002c   Code   RO         3150    i.FCT_LeakRes       fct.o
    0x00002d48   0x00002d48   0x00000090   Code   RO         3151    i.FCT_ModeInit      fct.o
    0x00002dd8   0x00002dd8   0x00000130   Code   RO         3152    i.FCT_Monitor       fct.o
    0x00002f08   0x00002f08   0x0000002c   Code   RO         3153    i.FCT_NTC2Res       fct.o
    0x00002f34   0x00002f34   0x0000002c   Code   RO         3154    i.FCT_NTCRes        fct.o
    0x00002f60   0x00002f60   0x0000002c   Code   RO         3155    i.FCT_PumpADC       fct.o
    0x00002f8c   0x00002f8c   0x0000003c   Code   RO         3156    i.FCT_netTDSRes     fct.o
    0x00002fc8   0x00002fc8   0x0000003c   Code   RO         3157    i.FCT_rawTDSRes     fct.o
    0x00003004   0x00003004   0x0000000c   Code   RO         3100    i.FLASH_ErasePage   sim_eeprom.o
    0x00003010   0x00003010   0x0000013c   Code   RO         2983    i.Faucet_Display    faucet.o
    0x0000314c   0x0000314c   0x00000088   Code   RO         2984    i.Faucet_PowneOnDisplay  faucet.o
    0x000031d4   0x000031d4   0x00000074   Code   RO         2985    i.Faucet_proc       faucet.o
    0x00003248   0x00003248   0x000000b8   Code   RO         2986    i.Faucet_workstate  faucet.o
    0x00003300   0x00003300   0x0000005c   Code   RO         2912    i.FilterDetection   factorymode.o
    0x0000335c   0x0000335c   0x000000d0   Code   RO         2913    i.FilterFast        factorymode.o
    0x0000342c   0x0000342c   0x000000b8   Code   RO         2427    i.FilterLifeCalculate  appsystem.o
    0x000034e4   0x000034e4   0x0000009c   Code   RO         2428    i.FilterLifeLive    appsystem.o
    0x00003580   0x00003580   0x00000020   Code   RO         2429    i.FilterReset_PCB   appsystem.o
    0x000035a0   0x000035a0   0x00000020   Code   RO         2430    i.FilterReset_RO    appsystem.o
    0x000035c0   0x000035c0   0x00000108   Code   RO         3101    i.FlashDataRead     sim_eeprom.o
    0x000036c8   0x000036c8   0x00000096   Code   RO         3102    i.FlashDataSave     sim_eeprom.o
    0x0000375e   0x0000375e   0x00000002   PAD
    0x00003760   0x00003760   0x0000003c   Code   RO         2914    i.GasDetection      factorymode.o
    0x0000379c   0x0000379c   0x0000001c   Code   RO         2095    i.GetADCValues      drvadc.o
    0x000037b8   0x000037b8   0x000000d4   Code   RO         3243    i.GetAllError       wifi.o
    0x0000388c   0x0000388c   0x000000f0   Code   RO         2836    i.GetChannalADCVal  appadc.o
    0x0000397c   0x0000397c   0x0000002c   Code   RO         3244    i.GetCommData       wifi.o
    0x000039a8   0x000039a8   0x0000000c   Code   RO         3245    i.GetEncryptionFlag  wifi.o
    0x000039b4   0x000039b4   0x0000005c   Code   RO         1259    i.GetFaucetData     appuart.o
    0x00003a10   0x00003a10   0x00000050   Code   RO         3416    i.GetFlowMeterPulse  waterflow.o
    0x00003a60   0x00003a60   0x00000068   Code   RO         2431    i.GetHVSstate       appsystem.o
    0x00003ac8   0x00003ac8   0x00000168   Code   RO         1892    i.GetKeyState       keyscan.o
    0x00003c30   0x00003c30   0x00000058   Code   RO         2432    i.GetLeakADC        appsystem.o
    0x00003c88   0x00003c88   0x0000003c   Code   RO         3158    i.GetLeakRes        fct.o
    0x00003cc4   0x00003cc4   0x000000a8   Code   RO         1680    i.GetMessage        system.o
    0x00003d6c   0x00003d6c   0x00000044   Code   RO         3030    i.GetModbusCRC      modbus.o
    0x00003db0   0x00003db0   0x0000003c   Code   RO         2152    i.GetNTCResVal      drvtds.o
    0x00003dec   0x00003dec   0x000000ac   Code   RO         2153    i.GetNTCTemp        drvtds.o
    0x00003e98   0x00003e98   0x000000ac   Code   RO         2154    i.GetNTCTemp2       drvtds.o
    0x00003f44   0x00003f44   0x00000042   Code   RO         3246    i.GetOperationMode  wifi.o
    0x00003f86   0x00003f86   0x00000002   PAD
    0x00003f88   0x00003f88   0x00000070   Code   RO         2433    i.GetPumpADC        appsystem.o
    0x00003ff8   0x00003ff8   0x0000001c   Code   RO         2987    i.GetSum            faucet.o
    0x00004014   0x00004014   0x0000001c   Code   RO         3247    i.GetSum            wifi.o
    0x00004030   0x00004030   0x00000178   Code   RO         2794    i.GetSysSeting      savedata.o
    0x000041a8   0x000041a8   0x00000014   Code   RO         1682    i.GetSystemTime     system.o
    0x000041bc   0x000041bc   0x0000003c   Code   RO         3159    i.GetTDSRes         fct.o
    0x000041f8   0x000041f8   0x0000000a   Code   RO         2155    i.GetTDS_net        drvtds.o
    0x00004202   0x00004202   0x0000000a   Code   RO         2156    i.GetTDS_raw        drvtds.o
    0x0000420c   0x0000420c   0x0000000a   Code   RO         2157    i.GetTDS_temp       drvtds.o
    0x00004216   0x00004216   0x00000024   Code   RO         2837    i.GetVoltageValue   appadc.o
    0x0000423a   0x0000423a   0x00000002   PAD
    0x0000423c   0x0000423c   0x0000005c   Code   RO         1260    i.GetWifiData       appuart.o
    0x00004298   0x00004298   0x00000024   Code   RO         1893    i.Getkey            keyscan.o
    0x000042bc   0x000042bc   0x0000004c   Code   RO         2158    i.GetnetTDS         drvtds.o
    0x00004308   0x00004308   0x00000044   Code   RO         2159    i.GetrawTDS         drvtds.o
    0x0000434c   0x0000434c   0x00000058   Code   RO         1894    i.HkeytoVkey        keyscan.o
    0x000043a4   0x000043a4   0x00000088   Code   RO         2268    i.I2C_ReadKey       drvi2c.o
    0x0000442c   0x0000442c   0x00000032   Code   RO         2270    i.I2C_SendDisplay   drvi2c.o
    0x0000445e   0x0000445e   0x00000020   Code   RO         2272    i.IIC_Init          drvi2c.o
    0x0000447e   0x0000447e   0x00000044   Code   RO         2273    i.IIC_RecvACK       drvi2c.o
    0x000044c2   0x000044c2   0x0000006c   Code   RO         2274    i.IIC_RecvByte      drvi2c.o
    0x0000452e   0x0000452e   0x00000038   Code   RO         2275    i.IIC_SendACK       drvi2c.o
    0x00004566   0x00004566   0x0000006c   Code   RO         2276    i.IIC_SendByte      drvi2c.o
    0x000045d2   0x000045d2   0x00000036   Code   RO         2277    i.IIC_Start         drvi2c.o
    0x00004608   0x00004608   0x00000028   Code   RO         2278    i.IIC_Stop          drvi2c.o
    0x00004630   0x00004630   0x00000044   Code   RO           92    i.INTC_ClearPendingIRQ  adc.o
    0x00004674   0x00004674   0x00000044   Code   RO          331    i.INTC_ClearPendingIRQ  sci.o
    0x000046b8   0x000046b8   0x00000044   Code   RO         1190    i.INTC_ClearPendingIRQ  intp.o
    0x000046fc   0x000046fc   0x00000044   Code   RO         1261    i.INTC_ClearPendingIRQ  appuart.o
    0x00004740   0x00004740   0x00000044   Code   RO         3417    i.INTC_ClearPendingIRQ  waterflow.o
    0x00004784   0x00004784   0x00000040   Code   RO           93    i.INTC_DisableIRQ   adc.o
    0x000047c4   0x000047c4   0x00000040   Code   RO          332    i.INTC_DisableIRQ   sci.o
    0x00004804   0x00004804   0x00000040   Code   RO         1191    i.INTC_DisableIRQ   intp.o
    0x00004844   0x00004844   0x00000040   Code   RO         1262    i.INTC_DisableIRQ   appuart.o
    0x00004884   0x00004884   0x00000040   Code   RO          333    i.INTC_EnableIRQ    sci.o
    0x000048c4   0x000048c4   0x00000040   Code   RO         1192    i.INTC_EnableIRQ    intp.o
    0x00004904   0x00004904   0x00000040   Code   RO         1263    i.INTC_EnableIRQ    appuart.o
    0x00004944   0x00004944   0x00000044   Code   RO           94    i.INTC_GetPendingIRQ  adc.o
    0x00004988   0x00004988   0x00000044   Code   RO         3418    i.INTC_GetPendingIRQ  waterflow.o
    0x000049cc   0x000049cc   0x000004f8   Code   RO         1193    i.INTP_Init         intp.o
    0x00004ec4   0x00004ec4   0x0000003a   Code   RO         1194    i.INTP_Start        intp.o
    0x00004efe   0x00004efe   0x00000128   Code   RO         1624    i.IOInit            ioinit.o
    0x00005026   0x00005026   0x00000002   PAD
    0x00005028   0x00005028   0x00000078   Code   RO         3419    i.IRQ26_Handler     waterflow.o
    0x000050a0   0x000050a0   0x0000001e   Code   RO         1938    i.KeyContinueHand   winfilterset.o
    0x000050be   0x000050be   0x00000002   PAD
    0x000050c0   0x000050c0   0x00000038   Code   RO         2008    i.KeyContinueHand   windesktop.o
    0x000050f8   0x000050f8   0x00000034   Code   RO         1939    i.KeyDownHand       winfilterset.o
    0x0000512c   0x0000512c   0x00000064   Code   RO         2009    i.KeyDownHand       windesktop.o
    0x00005190   0x00005190   0x0000007c   Code   RO         1683    i.KillTimer         system.o
    0x0000520c   0x0000520c   0x00000060   Code   RO         2434    i.LEDLight          appsystem.o
    0x0000526c   0x0000526c   0x0000003c   Code   RO         1940    i.LongKeyHand       winfilterset.o
    0x000052a8   0x000052a8   0x000000cc   Code   RO         2010    i.LongKeyHand       windesktop.o
    0x00005374   0x00005374   0x0000001c   Code   RO         2011    i.LongKeyUpHand     windesktop.o
    0x00005390   0x00005390   0x0000002e   Code   RO         2838    i.MA                appadc.o
    0x000053be   0x000053be   0x00000002   PAD
    0x000053c0   0x000053c0   0x00000140   Code   RO         3031    i.ModbusProc        modbus.o
    0x00005500   0x00005500   0x00000014   Code   RO         3032    i.Modbus_SetReg     modbus.o
    0x00005514   0x00005514   0x000000b4   Code   RO         2839    i.MonitorAppADC     appadc.o
    0x000055c8   0x000055c8   0x00000060   Code   RO         3248    i.MonitorBigData    wifi.o
    0x00005628   0x00005628   0x00000140   Code   RO         2435    i.MonitorHVS_Faucet  appsystem.o
    0x00005768   0x00005768   0x000000ac   Code   RO         2436    i.MonitorState      appsystem.o
    0x00005814   0x00005814   0x000000a4   Code   RO         2160    i.MonitorTDS        drvtds.o
    0x000058b8   0x000058b8   0x00000110   Code   RO         1684    i.MonitorTimer      system.o
    0x000059c8   0x000059c8   0x00000208   Code   RO         2437    i.MonitorWater      appsystem.o
    0x00005bd0   0x00005bd0   0x000000e0   Code   RO         3249    i.MonitrorAlarm     wifi.o
    0x00005cb0   0x00005cb0   0x0000009c   Code   RO         3250    i.NetworkTimer      wifi.o
    0x00005d4c   0x00005d4c   0x00000030   Code   RO         2438    i.OpenPump          appsystem.o
    0x00005d7c   0x00005d7c   0x00000010   Code   RO         2439    i.OpenPump_InletValve2  appsystem.o
    0x00005d8c   0x00005d8c   0x00000024   Code   RO          198    i.PORT_ClrBit       gpio.o
    0x00005db0   0x00005db0   0x00000020   Code   RO          199    i.PORT_GetBit       gpio.o
    0x00005dd0   0x00005dd0   0x00000198   Code   RO          201    i.PORT_Init         gpio.o
    0x00005f68   0x00005f68   0x00000024   Code   RO          202    i.PORT_SetBit       gpio.o
    0x00005f8c   0x00005f8c   0x00000036   Code   RO         2440    i.ParsingDisplayData  appsystem.o
    0x00005fc2   0x00005fc2   0x00000002   PAD
    0x00005fc4   0x00005fc4   0x00000064   Code   RO         2441    i.PowerDownCheck    appsystem.o
    0x00006028   0x00006028   0x00000070   Code   RO         2442    i.PowerOnDisplay    appsystem.o
    0x00006098   0x00006098   0x00000014   Code   RO         2443    i.ResetPowerOnFlushFlag  appsystem.o
    0x000060ac   0x000060ac   0x00000018   Code   RO         1941    i.RestFilter        winfilterset.o
    0x000060c4   0x000060c4   0x00000118   Code   RO         2444    i.RestoreFactory    appsystem.o
    0x000061dc   0x000061dc   0x00000042   Code   RO         3033    i.ReturnWriteMultiRegOK  modbus.o
    0x0000621e   0x0000621e   0x00000002   PAD
    0x00006220   0x00006220   0x00000048   Code   RO         1644    i.SYSClockInit      sys_clock.o
    0x00006268   0x00006268   0x00000094   Code   RO         1685    i.SYSInit           system.o
    0x000062fc   0x000062fc   0x00000030   Code   RO         2351    i.SYS_Init          main.o
    0x0000632c   0x0000632c   0x00000178   Code   RO         2795    i.SaveSysSeting     savedata.o
    0x000064a4   0x000064a4   0x0000006c   Code   RO         1687    i.SendMessage       system.o
    0x00006510   0x00006510   0x00000036   Code   RO         3034    i.SendModbusError   modbus.o
    0x00006546   0x00006546   0x00000002   PAD
    0x00006548   0x00006548   0x0000008c   Code   RO         3035    i.SendModbusRegData  modbus.o
    0x000065d4   0x000065d4   0x00000018   Code   RO         2446    i.SetAutoFlushFlag  appsystem.o
    0x000065ec   0x000065ec   0x00000090   Code   RO         2447    i.SetBoosterPump    appsystem.o
    0x0000667c   0x0000667c   0x0000001c   Code   RO         2448    i.SetInletValve     appsystem.o
    0x00006698   0x00006698   0x0000001c   Code   RO         2449    i.SetInletValve2    appsystem.o
    0x000066b4   0x000066b4   0x00000014   Code   RO         1688    i.SetSystemTime     system.o
    0x000066c8   0x000066c8   0x0000000c   Code   RO         2161    i.SetTDSUpdataEN    drvtds.o
    0x000066d4   0x000066d4   0x0000001c   Code   RO         2450    i.SetWasteWaterValve  appsystem.o
    0x000066f0   0x000066f0   0x0000000c   Code   RO         3036    i.Small2BigMode     modbus.o
    0x000066fc   0x000066fc   0x0000001e   Code   RO         3251    i.SmallMode2BitMode  wifi.o
    0x0000671a   0x0000671a   0x00000002   PAD
    0x0000671c   0x0000671c   0x00000044   Code   RO         2451    i.Standby           appsystem.o
    0x00006760   0x00006760   0x0000003c   Code   RO         2452    i.StandbyRestart    appsystem.o
    0x0000679c   0x0000679c   0x000000ec   Code   RO         1689    i.SyStemTimeTask    system.o
    0x00006888   0x00006888   0x0000006c   Code   RO         2796    i.SysSetingInit     savedata.o
    0x000068f4   0x000068f4   0x000001b8   Code   RO         1645    i.SysTick_Handler   sys_clock.o
    0x00006aac   0x00006aac   0x00000010   Code   RO            5    i.SystemCoreClockUpdate  system_bat32g137.o
    0x00006abc   0x00006abc   0x00000074   Code   RO            6    i.SystemInit        system_bat32g137.o
    0x00006b30   0x00006b30   0x00000086   Code   RO         1895    i.TaskKeySan        keyscan.o
    0x00006bb6   0x00006bb6   0x00000002   PAD
    0x00006bb8   0x00006bb8   0x00000038   Code   RO         1794    i.TaskProcess       task.o
    0x00006bf0   0x00006bf0   0x0000008c   Code   RO         2162    i.TemperatureCompensation  drvtds.o
    0x00006c7c   0x00006c7c   0x000000cc   Code   RO         1690    i.TimeSetEvent      system.o
    0x00006d48   0x00006d48   0x00000064   Code   RO          385    i.UART0_BaudRate    sci.o
    0x00006dac   0x00006dac   0x0000014c   Code   RO          386    i.UART0_Init        sci.o
    0x00006ef8   0x00006ef8   0x00000050   Code   RO          389    i.UART0_Start       sci.o
    0x00006f48   0x00006f48   0x00000050   Code   RO          397    i.UART2_BaudRate    sci.o
    0x00006f98   0x00006f98   0x00000154   Code   RO          398    i.UART2_Init        sci.o
    0x000070ec   0x000070ec   0x00000050   Code   RO          401    i.UART2_Start       sci.o
    0x0000713c   0x0000713c   0x000000e4   Code   RO          403    i.UART_BaudRateCal  sci.o
    0x00007220   0x00007220   0x00000050   Code   RO         1266    i.UartSendDisplayData  appuart.o
    0x00007270   0x00007270   0x00000050   Code   RO         1267    i.UartSendFaucetData  appuart.o
    0x000072c0   0x000072c0   0x00000050   Code   RO         1269    i.UartSendWifiData  appuart.o
    0x00007310   0x00007310   0x000001cc   Code   RO         3421    i.UpdataFlowMeterWaterVolume  waterflow.o
    0x000074dc   0x000074dc   0x00000100   Code   RO         1942    i.Update            winfilterset.o
    0x000075dc   0x000075dc   0x000000a4   Code   RO         2453    i.UpdateFilterLife  appsystem.o
    0x00007680   0x00007680   0x00000018   Code   RO         2013    i.UpdateStandby     windesktop.o
    0x00007698   0x00007698   0x0000002e   Code   RO         3103    i.UserDataCrcCheck  sim_eeprom.o
    0x000076c6   0x000076c6   0x00000002   PAD
    0x000076c8   0x000076c8   0x00000174   Code   RO         2163    i.UserTdsPatch      drvtds.o
    0x0000783c   0x0000783c   0x0000000c   Code   RO         1023    i.WDT_Restart       wdt.o
    0x00007848   0x00007848   0x000000b4   Code   RO         3252    i.WIFI_AddData2protocol  wifi.o
    0x000078fc   0x000078fc   0x000000d0   Code   RO         3253    i.WIFI_ControlHand  wifi.o
    0x000079cc   0x000079cc   0x00000090   Code   RO         3254    i.WIFI_GetWifiStatus  wifi.o
    0x00007a5c   0x00007a5c   0x00000064   Code   RO         3255    i.WIFI_SendTypeID   wifi.o
    0x00007ac0   0x00007ac0   0x00000060   Code   RO         3256    i.WIFI_SetBigDataHeartbeat  wifi.o
    0x00007b20   0x00007b20   0x00000064   Code   RO         3257    i.WIFI_SetHeartbeat  wifi.o
    0x00007b84   0x00007b84   0x00000012   Code   RO         3258    i.WIFI_SetPriFilterReset  wifi.o
    0x00007b96   0x00007b96   0x00000012   Code   RO         3259    i.WIFI_SetRoFilterReset  wifi.o
    0x00007ba8   0x00007ba8   0x0000006a   Code   RO         3260    i.WIFI_SetTime      wifi.o
    0x00007c12   0x00007c12   0x00000002   PAD
    0x00007c14   0x00007c14   0x00000074   Code   RO         3261    i.WIIF_SendEquiVersion  wifi.o
    0x00007c88   0x00007c88   0x00000054   Code   RO         2454    i.WaterCounter      appsystem.o
    0x00007cdc   0x00007cdc   0x00000048   Code   RO         2915    i.WaterDetection    factorymode.o
    0x00007d24   0x00007d24   0x000001e4   Code   RO         3262    i.WifiMsgProc       wifi.o
    0x00007f08   0x00007f08   0x00000034   Code   RO         2014    i.WinDesktopInit    windesktop.o
    0x00007f3c   0x00007f3c   0x00000034   Code   RO         1943    i.WinFilterSetInit  winfilterset.o
    0x00007f70   0x00007f70   0x00000028   Code   RO         1826    i.WinInit           window.o
    0x00007f98   0x00007f98   0x0000000c   Code   RO         1944    i.WinPageInit       winfilterset.o
    0x00007fa4   0x00007fa4   0x00000008   Code   RO         2015    i.WinPageInit       windesktop.o
    0x00007fac   0x00007fac   0x00000050   Code   RO         1827    i.WinPageSwitch     window.o
    0x00007ffc   0x00007ffc   0x00000064   Code   RO         1945    i.WinProc           winfilterset.o
    0x00008060   0x00008060   0x000000c4   Code   RO         2016    i.WinProc           windesktop.o
    0x00008124   0x00008124   0x00000038   Code   RO         2455    i.WinTimerOut       appsystem.o
    0x0000815c   0x0000815c   0x00000094   Code   RO         1828    i.WndProc           window.o
    0x000081f0   0x000081f0   0x00000034   Code   RO         3037    i.WriteRegData      modbus.o
    0x00008224   0x00008224   0x0000002e   Code   RO         3683    i.__ARM_clz         mf_p.l(depilogue.o)
    0x00008252   0x00008252   0x0000001c   Code   RO           41    i.__ARM_common_switch8  system_bat32g137.o
    0x0000826e   0x0000826e   0x00000002   PAD
    0x00008270   0x00008270   0x0000002c   Code   RO         3626    i.__ARM_fpclassify  m_ps.l(fpclassify.o)
    0x0000829c   0x0000829c   0x00000018   Code   RO          404    i.__NVIC_ClearPendingIRQ  sci.o
    0x000082b4   0x000082b4   0x00000020   Code   RO          405    i.__NVIC_DisableIRQ  sci.o
    0x000082d4   0x000082d4   0x00000020   Code   RO          406    i.__NVIC_EnableIRQ  sci.o
    0x000082f4   0x000082f4   0x00000020   Code   RO         1197    i.__NVIC_EnableIRQ  intp.o
    0x00008314   0x00008314   0x00000078   Code   RO          407    i.__NVIC_SetPriority  sci.o
    0x0000838c   0x0000838c   0x00000078   Code   RO         1646    i.__NVIC_SetPriority  sys_clock.o
    0x00008404   0x00008404   0x000000ac   Code   RO         3628    i.__kernel_poly     m_ps.l(poly.o)
    0x000084b0   0x000084b0   0x00000014   Code   RO         3612    i.__mathlib_dbl_divzero  m_ps.l(dunder.o)
    0x000084c4   0x000084c4   0x00000008   Code   RO         3614    i.__mathlib_dbl_infnan2  m_ps.l(dunder.o)
    0x000084cc   0x000084cc   0x00000010   Code   RO         3615    i.__mathlib_dbl_invalid  m_ps.l(dunder.o)
    0x000084dc   0x000084dc   0x00000014   Code   RO         3616    i.__mathlib_dbl_overflow  m_ps.l(dunder.o)
    0x000084f0   0x000084f0   0x00000014   Code   RO         3618    i.__mathlib_dbl_underflow  m_ps.l(dunder.o)
    0x00008504   0x00008504   0x0000000e   Code   RO         3702    i.__scatterload_copy  mc_p.l(handlers.o)
    0x00008512   0x00008512   0x00000002   Code   RO         3703    i.__scatterload_null  mc_p.l(handlers.o)
    0x00008514   0x00008514   0x0000000e   Code   RO         3704    i.__scatterload_zeroinit  mc_p.l(handlers.o)
    0x00008522   0x00008522   0x00000002   PAD
    0x00008524   0x00008524   0x0000000c   Code   RO         3667    i.__set_errno       mc_p.l(errno.o)
    0x00008530   0x00008530   0x00000042   Code   RO         2840    i.bubble_sort       appadc.o
    0x00008572   0x00008572   0x00000070   Code   RO         1503    i.delayms           delay.o
    0x000085e2   0x000085e2   0x0000000a   Code   RO         2916    i.delayopenpump     factorymode.o
    0x000085ec   0x000085ec   0x00000060   Code   RO         1504    i.delayus           delay.o
    0x0000864c   0x0000864c   0x00000010   Code   RO         1547    i.fifo_init         fifo.o
    0x0000865c   0x0000865c   0x00000054   Code   RO         3544    i.free              mc_p.l(malloc.o)
    0x000086b0   0x000086b0   0x00000098   Code   RO         3422    i.intp_0_6_interrupt  waterflow.o
    0x00008748   0x00008748   0x00000018   Code   RO         3104    i.mReadFlash        sim_eeprom.o
    0x00008760   0x00008760   0x00000016   Code   RO         3105    i.mWriteFlash       sim_eeprom.o
    0x00008776   0x00008776   0x00000002   PAD
    0x00008778   0x00008778   0x000000ac   Code   RO         2353    i.main              main.o
    0x00008824   0x00008824   0x0000006c   Code   RO         3545    i.malloc            mc_p.l(malloc.o)
    0x00008890   0x00008890   0x000009fc   Code   RO         3485    i.pow               m_ps.l(pow.o)
    0x0000928c   0x0000928c   0x0000003c   Code   RO         2456    i.powerDownSave     appsystem.o
    0x000092c8   0x000092c8   0x00000048   Code   RO         3632    i.sqrt              m_ps.l(sqrt.o)
    0x00009310   0x00009310   0x00000070   Code   RO         1270    i.uart0_interrupt_receive  appuart.o
    0x00009380   0x00009380   0x00000058   Code   RO         1271    i.uart0_interrupt_send  appuart.o
    0x000093d8   0x000093d8   0x00000070   Code   RO         1272    i.uart1_interrupt_receive  appuart.o
    0x00009448   0x00009448   0x00000058   Code   RO         1273    i.uart1_interrupt_send  appuart.o
    0x000094a0   0x000094a0   0x00000070   Code   RO         1274    i.uart2_interrupt_receive  appuart.o
    0x00009510   0x00009510   0x00000058   Code   RO         1275    i.uart2_interrupt_send  appuart.o
    0x00009568   0x00009568   0x000000d8   Code   RO         1000    ram_fetch_code      flash.o
    0x00009640   0x00009640   0x00000015   Data   RO         3161    .constdata          fct.o
    0x00009655   0x00009655   0x00000003   PAD
    0x00009658   0x00009658   0x00000088   Data   RO         3486    .constdata          m_ps.l(pow.o)
    0x000096e0   0x000096e0   0x00000008   Data   RO         3630    .constdata          m_ps.l(qnan.o)
    0x000096e8   0x000096e8   0x00000040   Data   RO         3698    .constdata          mc_p.l(ctype_c.o)
    0x00009728   0x00009728   0x00000041   Data   RO         3264    .conststring        wifi.o
    0x00009769   0x00009769   0x00000003   PAD
    0x0000976c   0x0000976c   0x00000020   Data   RO         3700    Region$$Table       anon$$obj.o


    Execution Region RW_IRAM1 (Exec base: 0x20000000, Load base: 0x0000978c, Size: 0x00000d98, Max: 0x00003000, ABSOLUTE, COMPRESSED[0x00000068])

    Exec Addr    Load Addr    Size         Type   Attr      Idx    E Section Name        Object

    0x20000000   COMPRESSED   0x00000004   Data   RW            8    .data               system_bat32g137.o
    0x20000004   COMPRESSED   0x00000012   Data   RW         1278    .data               appuart.o
    0x20000016   COMPRESSED   0x00000004   Data   RW         1695    .data               system.o
    0x2000001a   COMPRESSED   0x00000002   PAD
    0x2000001c   COMPRESSED   0x00000078   Data   RW         1795    .data               task.o
    0x20000094   COMPRESSED   0x00000008   Data   RW         1830    .data               window.o
    0x2000009c   COMPRESSED   0x0000000b   Data   RW         1897    .data               keyscan.o
    0x200000a7   COMPRESSED   0x00000004   Data   RW         2018    .data               windesktop.o
    0x200000ab   COMPRESSED   0x00000001   Data   RW         2096    .data               drvadc.o
    0x200000ac   COMPRESSED   0x00000008   Data   RW         2164    .data               drvtds.o
    0x200000b4   COMPRESSED   0x00000001   Data   RW         2279    .data               drvi2c.o
    0x200000b5   COMPRESSED   0x00000003   PAD
    0x200000b8   COMPRESSED   0x0000002d   Data   RW         2459    .data               appsystem.o
    0x200000e5   COMPRESSED   0x00000003   PAD
    0x200000e8   COMPRESSED   0x00000004   Data   RW         2797    .data               savedata.o
    0x200000ec   COMPRESSED   0x00000002   Data   RW         2842    .data               appadc.o
    0x200000ee   COMPRESSED   0x00000002   PAD
    0x200000f0   COMPRESSED   0x00000009   Data   RW         2917    .data               factorymode.o
    0x200000f9   COMPRESSED   0x00000003   PAD
    0x200000fc   COMPRESSED   0x00000008   Data   RW         3038    .data               modbus.o
    0x20000104   COMPRESSED   0x00000005   Data   RW         3162    .data               fct.o
    0x20000109   COMPRESSED   0x00000001   PAD
    0x2000010a   COMPRESSED   0x0000000e   Data   RW         3265    .data               wifi.o
    0x20000118   COMPRESSED   0x0000000e   Data   RW         3424    .data               waterflow.o
    0x20000126   COMPRESSED   0x00000002   PAD
    0x20000128   COMPRESSED   0x00000004   Data   RW         3663    .data               mc_p.l(mvars.o)
    0x2000012c   COMPRESSED   0x00000004   Data   RW         3664    .data               mc_p.l(mvars.o)
    0x20000130   COMPRESSED   0x00000004   Data   RW         3668    .data               mc_p.l(errno.o)
    0x20000134        -       0x0000026a   Zero   RW         1277    .bss                appuart.o
    0x2000039e        -       0x0000006a   Zero   RW         1551    .bss                fifo.o
    0x20000408        -       0x00000100   Zero   RW         1692    .bss                system.o
    0x20000508        -       0x00000018   Zero   RW         1829    .bss                window.o
    0x20000520        -       0x0000000b   Zero   RW         1946    .bss                winfilterset.o
    0x2000052b        -       0x0000000b   Zero   RW         2017    .bss                windesktop.o
    0x20000536        -       0x000000d1   Zero   RW         2457    .bss                appsystem.o
    0x20000607   COMPRESSED   0x00000001   PAD
    0x20000608        -       0x00000108   Zero   RW         2841    .bss                appadc.o
    0x20000710        -       0x0000000e   Zero   RW         2988    .bss                faucet.o
    0x2000071e        -       0x00000028   Zero   RW         3160    .bss                fct.o
    0x20000746        -       0x00000111   Zero   RW         3263    .bss                wifi.o
    0x20000857   COMPRESSED   0x00000001   PAD
    0x20000858        -       0x00000040   Zero   RW         3423    .bss                waterflow.o
    0x20000898        -       0x00000100   Zero   RW           73    HEAP                startup_bat32g137_1.o
    0x20000998        -       0x00000400   Zero   RW           72    STACK               startup_bat32g137_1.o


==============================================================================

Image component sizes


      Code (inc. data)   RO Data    RW Data    ZI Data      Debug   Object Name

       536         36          0          0          0      31612   adc.o
       748         56          0          2        264       5750   appadc.o
      6264        638          0         45        209      38609   appsystem.o
      1220        178          0         18        618      22238   appuart.o
       208          0          0          0          0       1240   delay.o
        40         12          0          1          0       1179   drvadc.o
       652          8          0          1          0       4772   drvi2c.o
      1910        358          0          8          0       7391   drvtds.o
       754        120          0          9          0       5049   factorymode.o
       780         36          0          0         14       3203   faucet.o
       916        136         21          5         40       7030   fct.o
        16          4          0          0        106       1352   fifo.o
       216          6          0          0          0       1508   flash.o
       512         28          0          0          0       3298   gpio.o
      1558         44          0          0          0      14617   intp.o
       296          0          0          0          0        553   ioinit.o
       618         26          0         11          0       3869   keyscan.o
       228         16          0          0          0       1496   main.o
      1060         42          0          8          0       6579   modbus.o
       860         48          0          4          0       2389   savedata.o
      1644        162          0          0          0      25405   sci.o
       518          0          0          0          0       5209   sim_eeprom.o
       100         10        192          0       1280       2060   startup_bat32g137_1.o
       632         64          0          0          0      11353   sys_clock.o
      1300         54          0          4        256       8229   system.o
       332         94          4          4          0      57831   system_bat32g137.o
        56          4          0        120          0       1634   task.o
      1000         76          0         14         64       6452   waterflow.o
        12          4          0          0          0        426   wdt.o
      3562        296         65         14        273      21533   wifi.o
      1368         52          0          4         11       5808   windesktop.o
       404         44          0          8         24       3359   window.o
       586         42          0          0         11       4248   winfilterset.o

    ----------------------------------------------------------------------
     30940       2694        320        296       3172     317281   Object Totals
         0          0         32          0          0          0   (incl. Generated)
        34          0          6         16          2          0   (incl. Padding)

    ----------------------------------------------------------------------

      Code (inc. data)   RO Data    RW Data    ZI Data      Debug   Library Member Name

        84         14          0          0          0        340   dunder.o
        44          4          0          0          0         60   fpclassify.o
       172          0          0          0          0         76   poly.o
      2556        196        136          0          0        240   pow.o
         0          0          8          0          0          0   qnan.o
        72          6          0          0          0         76   sqrt.o
        60         10          0          0          0         84   __0sscanf.o
        86          0          0          0          0          0   __dczerorl2.o
        30          0          0          0          0         60   _chval.o
       828         14          0          0          0         84   _scanf.o
       330          0          0          0          0         84   _scanf_int.o
        68          0          0          0          0         76   _sgetc.o
        36          4         64          0          0         60   ctype_c.o
         0          0          0          0          0          0   entry.o
         0          0          0          0          0          0   entry10a.o
         0          0          0          0          0          0   entry11a.o
         4          0          0          0          0          0   entry12b.o
         8          4          0          0          0          0   entry2.o
         4          0          0          0          0          0   entry5.o
         0          0          0          0          0          0   entry7b.o
         0          0          0          0          0          0   entry8b.o
         8          4          0          0          0          0   entry9a.o
        12          6          0          4          0         60   errno.o
        30          0          0          0          0          0   handlers.o
        40          0          0          0          0         72   idiv.o
        36          8          0          0          0         68   init.o
        14          0          0          0          0         68   isspace_c.o
         0          0          0          0          0          0   iusefp.o
        32          0          0          0          0         68   llshl.o
        38          0          0          0          0         68   llsshr.o
        34          0          0          0          0         68   llushr.o
       192         20          0          0          0        144   malloc.o
        36          0          0          0          0         60   memcpya.o
        36          0          0          0          0        100   memseta.o
         0          0          0          8          0          0   mvars.o
        44          8          0          0          0         84   scanf_char.o
        18          0          0          0          0         60   strcpy.o
        14          0          0          0          0         60   strlen.o
        40          0          0          0          0         72   strstr.o
        44          0          0          0          0         72   uidiv.o
        20          0          0          0          0         60   uread4.o
        18          0          0          0          0         60   uwrite4.o
        40          2          0          0          0         68   cdcmple.o
        40          2          0          0          0         68   cdrcmple.o
        56          0          0          0          0         68   d2f.o
       360          6          0          0          0        140   dadd.o
       240          6          0          0          0         84   ddiv.o
       236          0          0          0          0        216   depilogue.o
        72         10          0          0          0         72   dfixi.o
        40          6          0          0          0         68   dflti.o
        28          4          0          0          0         68   dfltui.o
       208          6          0          0          0         88   dmul.o
        44          0          0          0          0         72   dscalb.o
       162          0          0          0          0         80   dsqrt.o
        40          0          0          0          0         60   f2d.o
       178          0          0          0          0        108   fadd.o
       124          0          0          0          0         72   fdiv.o
       130          0          0          0          0        144   fepilogue.o
        50          0          0          0          0         60   ffixi.o
        40          0          0          0          0         60   ffixui.o
        14          0          0          0          0         68   ffltui.o
       122          0          0          0          0         72   fmul.o

    ----------------------------------------------------------------------
      7328        340        208         12          0       4220   Library Totals
        16          0          0          0          0          0   (incl. Padding)

    ----------------------------------------------------------------------

      Code (inc. data)   RO Data    RW Data    ZI Data      Debug   Library Name

      2928        220        144          0          0        792   m_ps.l
      2160         78         64         12          0       1692   mc_p.l
      2224         42          0          0          0       1736   mf_p.l

    ----------------------------------------------------------------------
      7328        340        208         12          0       4220   Library Totals

    ----------------------------------------------------------------------

==============================================================================


      Code (inc. data)   RO Data    RW Data    ZI Data      Debug   

     38268       3034        528        308       3172     307893   Grand Totals
     38268       3034        528        104       3172     307893   ELF Image Totals (compressed)
     38268       3034        528        104          0          0   ROM Totals

==============================================================================

    Total RO  Size (Code + RO Data)                38796 (  37.89kB)
    Total RW  Size (RW Data + ZI Data)              3480 (   3.40kB)
    Total ROM Size (Code + RO Data + RW Data)      38900 (  37.99kB)

==============================================================================

