Component: ARM Compiler 5.06 update 7 (build 960) Tool: armlink [4d3601]

==============================================================================

Section Cross References

    system_mm32f0140.o(i.AutoCalPllFactor) refers to uidiv.o(.text) for __aeabi_uidivmod
    system_mm32f0140.o(i.SetSysClock) refers to system_mm32f0140.o(i.SetSysClockToXX_HSI) for SetSysClockToXX_HSI
    system_mm32f0140.o(i.SetSysClockToXX_HSI) refers to uidiv.o(.text) for __aeabi_uidivmod
    system_mm32f0140.o(i.SetSysClockToXX_HSI) refers to system_mm32f0140.o(i.AutoCalPllFactor) for AutoCalPllFactor
    system_mm32f0140.o(i.SetSysClockToXX_HSI) refers to system_mm32f0140.o(i.DELAY_xUs) for DELAY_xUs
    system_mm32f0140.o(i.SetSysClockToXX_HSI) refers to system_mm32f0140.o(.data) for SystemCoreClock
    system_mm32f0140.o(i.SystemInit) refers to system_mm32f0140.o(i.SetSysClock) for SetSysClock
    startup_mm32f0140_keil.o(RESET) refers to startup_mm32f0140_keil.o(STACK) for __initial_sp
    startup_mm32f0140_keil.o(RESET) refers to startup_mm32f0140_keil.o(.text) for Reset_Handler
    startup_mm32f0140_keil.o(RESET) refers to main.o(i.HardFault_Handler) for HardFault_Handler
    startup_mm32f0140_keil.o(RESET) refers to delay.o(i.SysTick_Handler) for SysTick_Handler
    startup_mm32f0140_keil.o(RESET) refers to main.o(i.WWDG_IRQHandler) for WWDG_IRQHandler
    startup_mm32f0140_keil.o(RESET) refers to main.o(i.EXTI4_15_IRQHandler) for EXTI4_15_IRQHandler
    startup_mm32f0140_keil.o(RESET) refers to tim1_interrupt.o(i.TIM1_BRK_UP_TRG_COM_IRQHandler) for TIM1_BRK_UP_TRG_COM_IRQHandler
    startup_mm32f0140_keil.o(.text) refers to startup_mm32f0140_keil.o(STACK) for __initial_sp
    startup_mm32f0140_keil.o(.text) refers to system_mm32f0140.o(i.SystemInit) for SystemInit
    startup_mm32f0140_keil.o(.text) refers to entry.o(.ARM.Collect$$$$00000000) for __main
    key.o(i.Get_KeyValue) refers to key.o(i.Set_PA5_OutPut) for Set_PA5_OutPut
    key.o(i.Get_KeyValue) refers to system_mm32f0140.o(i.DELAY_xUs) for DELAY_xUs
    key.o(i.Get_KeyValue) refers to hal_gpio.o(i.GPIO_ReadInputDataBit) for GPIO_ReadInputDataBit
    key.o(i.Get_KeyValue) refers to key.o(i.Set_PA7_OutPut) for Set_PA7_OutPut
    key.o(i.Get_KeyValue) refers to key.o(i.Set_PB0_OutPut) for Set_PB0_OutPut
    key.o(i.Get_KeyValue) refers to key.o(i.Set_PB1_OutPut) for Set_PB1_OutPut
    key.o(i.Get_KeyValue) refers to main.o(.bss) for MyFlag
    key.o(i.Get_KeyValue) refers to key.o(.data) for giKeyValue
    key.o(i.KeyCheck) refers to key.o(i.Set_All_OutPut) for Set_All_OutPut
    key.o(i.KeyCheck) refers to system_mm32f0140.o(i.DELAY_xUs) for DELAY_xUs
    key.o(i.KeyCheck) refers to hal_gpio.o(i.GPIO_ReadInputDataBit) for GPIO_ReadInputDataBit
    key.o(i.KeyCheck) refers to key.o(i.Get_KeyValue) for Get_KeyValue
    key.o(i.KeyCheck) refers to hal_gpio.o(i.GPIO_ResetBits) for GPIO_ResetBits
    key.o(i.KeyCheck) refers to key.o(i.TimeAddHandle_func) for TimeAddHandle_func
    key.o(i.KeyCheck) refers to key.o(.data) for gcKeyState
    key.o(i.KeyCheck) refers to main.o(.bss) for MyFlag
    key.o(i.KeyCheck) refers to main.o(.data) for giSleepTime
    key.o(i.KeyCheck) refers to led_rf.o(.data) for gcMainSubPair_Flag
    key.o(i.Key_Process) refers to led_rf.o(i.StandBy_func) for StandBy_func
    key.o(i.Key_Process) refers to led_rf.o(i.Time_convert) for Time_convert
    key.o(i.Key_Process) refers to led_rf.o(i.StandBy_init) for StandBy_init
    key.o(i.Key_Process) refers to main.o(.data) for giTempKeyVal
    key.o(i.Key_Process) refers to main.o(.bss) for MyFlag
    key.o(i.Key_Process) refers to led_rf.o(.data) for gcMainSubPair_Flag
    key.o(i.Key_Process) refers to key.o(.data) for giKeyValue
    key.o(i.Set_All_OutPut) refers to hal_gpio.o(i.GPIO_StructInit) for GPIO_StructInit
    key.o(i.Set_All_OutPut) refers to hal_gpio.o(i.GPIO_Init) for GPIO_Init
    key.o(i.Set_All_OutPut) refers to hal_gpio.o(i.GPIO_ResetBits) for GPIO_ResetBits
    key.o(i.Set_PA5_OutPut) refers to hal_gpio.o(i.GPIO_StructInit) for GPIO_StructInit
    key.o(i.Set_PA5_OutPut) refers to hal_gpio.o(i.GPIO_Init) for GPIO_Init
    key.o(i.Set_PA5_OutPut) refers to hal_gpio.o(i.GPIO_ResetBits) for GPIO_ResetBits
    key.o(i.Set_PA7_OutPut) refers to hal_gpio.o(i.GPIO_StructInit) for GPIO_StructInit
    key.o(i.Set_PA7_OutPut) refers to hal_gpio.o(i.GPIO_Init) for GPIO_Init
    key.o(i.Set_PA7_OutPut) refers to hal_gpio.o(i.GPIO_ResetBits) for GPIO_ResetBits
    key.o(i.Set_PB0_OutPut) refers to hal_gpio.o(i.GPIO_StructInit) for GPIO_StructInit
    key.o(i.Set_PB0_OutPut) refers to hal_gpio.o(i.GPIO_Init) for GPIO_Init
    key.o(i.Set_PB0_OutPut) refers to hal_gpio.o(i.GPIO_ResetBits) for GPIO_ResetBits
    key.o(i.Set_PB1_OutPut) refers to hal_gpio.o(i.GPIO_StructInit) for GPIO_StructInit
    key.o(i.Set_PB1_OutPut) refers to hal_gpio.o(i.GPIO_Init) for GPIO_Init
    key.o(i.Set_PB1_OutPut) refers to hal_gpio.o(i.GPIO_ResetBits) for GPIO_ResetBits
[...]
    Removing hal_adc.o(i.ADC_InjectedSequencerConfig), (32 bytes).
    Removing hal_adc.o(i.ADC_InjectedSequencerLengthConfig), (28 bytes).
    Removing hal_adc.o(i.ADC_RegularChannelConfig), (132 bytes).
    Removing hal_adc.o(i.ADC_SetInjectedOffset), (8 bytes).
    Removing hal_adc.o(i.ADC_SoftwareStartConvCmd), (28 bytes).
    Removing hal_adc.o(i.ADC_SoftwareStartInjectedConvCmd), (24 bytes).
    Removing hal_adc.o(i.ADC_StructInit), (16 bytes).
    Removing hal_adc.o(i.ADC_TempSensorCmd), (12 bytes).
    Removing hal_adc.o(i.ADC_TempSensorVrefintCmd), (36 bytes).
    Removing hal_adc.o(i.ADC_VrefintCmd), (12 bytes).
    Removing hal_adc.o(i.exADC_TempSensorVrefintCmd), (88 bytes).
    Removing hal_comp.o(.rev16_text), (4 bytes).
    Removing hal_comp.o(.revsh_text), (4 bytes).
    Removing hal_comp.o(i.COMP_Cmd), (44 bytes).
    Removing hal_comp.o(i.COMP_DeInit), (16 bytes).
    Removing hal_comp.o(i.COMP_GetOutputLevel), (32 bytes).
    Removing hal_comp.o(i.COMP_Init), (44 bytes).
    Removing hal_comp.o(i.COMP_LockConfig), (24 bytes).
    Removing hal_comp.o(i.COMP_POLL_Init), (28 bytes).
    Removing hal_comp.o(i.COMP_SetCrv), (36 bytes).
    Removing hal_comp.o(i.COMP_StructInit), (30 bytes).
    Removing hal_comp.o(i.COMP_SwitchCmd), (44 bytes).
    Removing hal_comp.o(i.exCOMP_CrvCmd), (36 bytes).
    Removing hal_comp.o(i.exCOMP_CrvSrc), (16 bytes).
    Removing hal_comp.o(i.exCOMP_SwitchCrv), (16 bytes).
    Removing hal_crc.o(.rev16_text), (4 bytes).
    Removing hal_crc.o(.revsh_text), (4 bytes).
    Removing hal_crc.o(i.CRC_CalcBlockCRC), (36 bytes).
    Removing hal_crc.o(i.CRC_CalcCRC), (16 bytes).
    Removing hal_crc.o(i.CRC_GetCRC), (12 bytes).
    Removing hal_crc.o(i.CRC_GetIDRegister), (12 bytes).
    Removing hal_crc.o(i.CRC_ResetDR), (12 bytes).
    Removing hal_crc.o(i.CRC_RevData), (16 bytes).
    Removing hal_crc.o(i.CRC_SetIDRegister), (12 bytes).
    Removing hal_dbg.o(.rev16_text), (4 bytes).
    Removing hal_dbg.o(.revsh_text), (4 bytes).
    Removing hal_dbg.o(i.DBGMCU_Configure), (32 bytes).
    Removing hal_div.o(.rev16_text), (4 bytes).
    Removing hal_div.o(.revsh_text), (4 bytes).
    Removing hal_div.o(i.Divider_Calc), (16 bytes).
    Removing hal_div.o(i.HWDivider_Calc), (36 bytes).
    Removing hal_div.o(i.HWDivider_Init), (24 bytes).
    Removing hal_dma.o(.rev16_text), (4 bytes).
    Removing hal_dma.o(.revsh_text), (4 bytes).
    Removing hal_dma.o(i.DMA_ClearFlag), (12 bytes).
    Removing hal_dma.o(i.DMA_ClearITPendingBit), (12 bytes).
    Removing hal_dma.o(i.DMA_Cmd), (12 bytes).
    Removing hal_dma.o(i.DMA_DeInit), (56 bytes).
    Removing hal_dma.o(i.DMA_GetCurrDataCounter), (8 bytes).
    Removing hal_dma.o(i.DMA_GetFlagStatus), (24 bytes).
    Removing hal_dma.o(i.DMA_GetITStatus), (24 bytes).
    Removing hal_dma.o(i.DMA_ITConfig), (20 bytes).
    Removing hal_dma.o(i.DMA_Init), (76 bytes).
    Removing hal_dma.o(i.DMA_SetCurrDataCounter), (4 bytes).
    Removing hal_dma.o(i.DMA_StructInit), (28 bytes).
    Removing hal_dma.o(i.exDMA_ClearITPendingBit), (44 bytes).
    Removing hal_dma.o(i.exDMA_SetMemoryAddress), (4 bytes).
    Removing hal_dma.o(i.exDMA_SetPeripheralAddress), (4 bytes).
    Removing hal_dma.o(i.exDMA_SetTransmitLen), (4 bytes).
    Removing hal_exti.o(.rev16_text), (4 bytes).
    Removing hal_exti.o(.revsh_text), (4 bytes).
    Removing hal_exti.o(i.EXTI_DMAChannelRemapConfig), (32 bytes).
    Removing hal_exti.o(i.EXTI_GenerateSWInterrupt), (16 bytes).
    Removing hal_exti.o(i.EXTI_GetFlagStatus), (24 bytes).
    Removing hal_exti.o(i.EXTI_GetITStatus), (36 bytes).
    Removing hal_exti.o(i.EXTI_MemoryRemapConfig), (20 bytes).
    Removing hal_exti.o(i.exEXTI_GetAllFlagStatus), (12 bytes).
    Removing hal_flash.o(.rev16_text), (4 bytes).
    Removing hal_flash.o(.revsh_text), (4 bytes).
    Removing hal_flash.o(i.FLASH_ClearFlag), (12 bytes).
    Removing hal_flash.o(i.FLASH_EnableWriteProtection), (56 bytes).
    Removing hal_flash.o(i.FLASH_EraseAllPages), (40 bytes).
    Removing hal_flash.o(i.FLASH_EraseOptionBytes), (44 bytes).
    Removing hal_flash.o(i.FLASH_ErasePage), (48 bytes).
    Removing hal_flash.o(i.FLASH_GetFlagStatus), (36 bytes).
    Removing hal_flash.o(i.FLASH_GetPrefetchBufferStatus), (16 bytes).
    Removing hal_flash.o(i.FLASH_GetStatus), (56 bytes).
    Removing hal_flash.o(i.FLASH_GetUserOptionByte), (12 bytes).
    Removing hal_flash.o(i.FLASH_GetWriteProtectionOptionByte), (12 bytes).
    Removing hal_flash.o(i.FLASH_HalfCycleAccessCmd), (28 bytes).
    Removing hal_flash.o(i.FLASH_ITConfig), (32 bytes).
    Removing hal_flash.o(i.FLASH_Lock), (20 bytes).
    Removing hal_flash.o(i.FLASH_OPTB_Enable), (24 bytes).
    Removing hal_flash.o(i.FLASH_PrefetchBufferCmd), (28 bytes).
    Removing hal_flash.o(i.FLASH_ProgramHalfWord), (32 bytes).
    Removing hal_flash.o(i.FLASH_ProgramOptionByteData), (76 bytes).
    Removing hal_flash.o(i.FLASH_ProgramOptionHalfWord), (40 bytes).
    Removing hal_flash.o(i.FLASH_ProgramProtect), (16 bytes).
    Removing hal_flash.o(i.FLASH_ProgramWord), (34 bytes).
    Removing hal_flash.o(i.FLASH_SetLatency), (20 bytes).
    Removing hal_flash.o(i.FLASH_Unlock), (24 bytes).
    Removing hal_flash.o(i.FLASH_UserOptionByteConfig), (72 bytes).
    Removing hal_flash.o(i.FLASH_WaitForLastOperation), (64 bytes).
    Removing hal_flash.o(i.exFLASH_EraseEE), (20 bytes).
    Removing hal_flash.o(i.exFLASH_FindEmpty), (44 bytes).
    Removing hal_flash.o(i.exFLASH_Locate), (70 bytes).
    Removing hal_flash.o(i.exFLASH_ProgramEE), (48 bytes).
    Removing hal_flash.o(i.exFLASH_ReadEE), (36 bytes).
    Removing hal_flash.o(i.exFLASH_WriteEE), (132 bytes).
    Removing hal_flexcan.o(.rev16_text), (4 bytes).
    Removing hal_flexcan.o(.revsh_text), (4 bytes).
    Removing hal_flexcan.o(i.FLEXCAN_CalculateImprovedTimingValues), (100 bytes).
    Removing hal_flexcan.o(i.FLEXCAN_CheckUnhandleInterruptEvents), (76 bytes).
    Removing hal_flexcan.o(i.FLEXCAN_ClearMbStatusFlags), (4 bytes).
    Removing hal_flexcan.o(i.FLEXCAN_ClearStatusFlags), (4 bytes).
    Removing hal_flexcan.o(i.FLEXCAN_Deinit), (20 bytes).
    Removing hal_flexcan.o(i.FLEXCAN_DisableMbInterrupts), (8 bytes).
    Removing hal_flexcan.o(i.FLEXCAN_Enable), (54 bytes).
    Removing hal_flexcan.o(i.FLEXCAN_EnableMbInterrupts), (8 bytes).
    Removing hal_flexcan.o(i.FLEXCAN_EnableRxFifoDMA), (58 bytes).
    Removing hal_flexcan.o(i.FLEXCAN_EnterFreezeMode), (34 bytes).
    Removing hal_flexcan.o(i.FLEXCAN_ExitFreezeMode), (34 bytes).
    Removing hal_flexcan.o(i.FLEXCAN_GetDefaultConfig), (64 bytes).
    Removing hal_flexcan.o(i.FLEXCAN_GetMbStatusFlags), (8 bytes).
    Removing hal_flexcan.o(i.FLEXCAN_GetSegments), (164 bytes).
    Removing hal_flexcan.o(i.FLEXCAN_GetStatusFlags), (6 bytes).
    Removing hal_flexcan.o(i.FLEXCAN_GetTimeStamp), (14 bytes).
    Removing hal_flexcan.o(i.FLEXCAN_Init), (292 bytes).
    Removing hal_flexcan.o(i.FLEXCAN_IsMbIntEnabled), (30 bytes).
    Removing hal_flexcan.o(i.FLEXCAN_IsMbOccupied), (50 bytes).
    Removing hal_flexcan.o(i.FLEXCAN_ReadRxFifo), (148 bytes).
    Removing hal_flexcan.o(i.FLEXCAN_ReadRxMb), (176 bytes).
    Removing hal_flexcan.o(i.FLEXCAN_Reset), (124 bytes).
    Removing hal_flexcan.o(i.FLEXCAN_SetBaudRate), (136 bytes).
    Removing hal_flexcan.o(i.FLEXCAN_SetRxFifoConfig), (380 bytes).
    Removing hal_flexcan.o(i.FLEXCAN_SetRxFifoGlobalMask), (22 bytes).
    Removing hal_flexcan.o(i.FLEXCAN_SetRxIndividualMask), (32 bytes).
    Removing hal_flexcan.o(i.FLEXCAN_SetRxMbConfig), (82 bytes).
    Removing hal_flexcan.o(i.FLEXCAN_SetRxMbGlobalMask), (26 bytes).
    Removing hal_flexcan.o(i.FLEXCAN_SetTimingConfig), (96 bytes).
    Removing hal_flexcan.o(i.FLEXCAN_SetTxMbConfig), (64 bytes).
    Removing hal_flexcan.o(i.FLEXCAN_SubHandlerForDataTransfered), (312 bytes).
    Removing hal_flexcan.o(i.FLEXCAN_TransferAbortReceive), (40 bytes).
    Removing hal_flexcan.o(i.FLEXCAN_TransferAbortReceiveFifo), (44 bytes).
    Removing hal_flexcan.o(i.FLEXCAN_TransferAbortSend), (66 bytes).
    Removing hal_flexcan.o(i.FLEXCAN_TransferCreateHandle), (116 bytes).
    Removing hal_flexcan.o(i.FLEXCAN_TransferHandleIRQ), (120 bytes).
    Removing hal_flexcan.o(i.FLEXCAN_TransferReceiveBlocking), (52 bytes).
    Removing hal_flexcan.o(i.FLEXCAN_TransferReceiveFifoBlocking), (42 bytes).
    Removing hal_flexcan.o(i.FLEXCAN_TransferReceiveFifoNonBlocking), (52 bytes).
    Removing hal_flexcan.o(i.FLEXCAN_TransferReceiveNonBlocking), (70 bytes).
    Removing hal_flexcan.o(i.FLEXCAN_TransferSendBlocking), (82 bytes).
    Removing hal_flexcan.o(i.FLEXCAN_TransferSendNonBlocking), (114 bytes).
    Removing hal_flexcan.o(i.FLEXCAN_WriteTxMb), (156 bytes).
    Removing hal_flexcan.o(.constdata), (72 bytes).
    Removing hal_gpio.o(.rev16_text), (4 bytes).
    Removing hal_gpio.o(.revsh_text), (4 bytes).
    Removing hal_gpio.o(i.GPIO_AFIODeInit), (52 bytes).
    Removing hal_gpio.o(i.GPIO_DeInit), (86 bytes).
    Removing hal_gpio.o(i.GPIO_PinAFConfig), (40 bytes).
    Removing hal_gpio.o(i.GPIO_PinLock), (20 bytes).
    Removing hal_gpio.o(i.GPIO_PinLockConfig), (24 bytes).
    Removing hal_gpio.o(i.GPIO_ReadInputData), (8 bytes).
    Removing hal_gpio.o(i.GPIO_ReadOutputData), (8 bytes).
    Removing hal_gpio.o(i.GPIO_ReadOutputDataBit), (18 bytes).
    Removing hal_gpio.o(i.GPIO_Write), (4 bytes).
    Removing hal_gpio.o(i.GPIO_WriteBit), (12 bytes).
    Removing hal_gpio.o(i.exGPIO_PinAFConfig), (74 bytes).
    Removing hal_i2c.o(.rev16_text), (4 bytes).
    Removing hal_i2c.o(.revsh_text), (4 bytes).
    Removing hal_i2c.o(i.I2C_CheckEvent), (44 bytes).
    Removing hal_i2c.o(i.I2C_ClearFlag), (126 bytes).
    Removing hal_i2c.o(i.I2C_ClearITPendingBit), (126 bytes).
    Removing hal_i2c.o(i.I2C_Cmd), (24 bytes).
    Removing hal_i2c.o(i.I2C_DMACmd), (60 bytes).
    Removing hal_i2c.o(i.I2C_DMAConfigure), (10 bytes).
    Removing hal_i2c.o(i.I2C_DeInit), (32 bytes).
    Removing hal_i2c.o(i.I2C_DualAddressCmd), (32 bytes).
    Removing hal_i2c.o(i.I2C_GeneralCallCmd), (28 bytes).
    Removing hal_i2c.o(i.I2C_GenerateSTART), (24 bytes).
    Removing hal_i2c.o(i.I2C_GenerateSTOP), (48 bytes).
    Removing hal_i2c.o(i.I2C_GetFlagStatus), (72 bytes).
    Removing hal_i2c.o(i.I2C_GetITStatus), (18 bytes).
    Removing hal_i2c.o(i.I2C_GetLastEvent), (16 bytes).
    Removing hal_i2c.o(i.I2C_GetSlaveReceivedAddr), (8 bytes).
    Removing hal_i2c.o(i.I2C_ITConfig), (36 bytes).
    Removing hal_i2c.o(i.I2C_Init), (200 bytes).
    Removing hal_i2c.o(i.I2C_OwnAddress2Config), (14 bytes).
    Removing hal_i2c.o(i.I2C_ReadCmd), (8 bytes).
    Removing hal_i2c.o(i.I2C_ReadRegister), (6 bytes).
    Removing hal_i2c.o(i.I2C_ReceiveData), (20 bytes).
    Removing hal_i2c.o(i.I2C_Send7bitAddress), (6 bytes).
    Removing hal_i2c.o(i.I2C_SendData), (4 bytes).
    Removing hal_i2c.o(i.I2C_SendSlaveAddress), (6 bytes).
    Removing hal_i2c.o(i.I2C_SlaveConfigure), (24 bytes).
    Removing hal_i2c.o(i.I2C_SlaveReceivedAddressMask), (6 bytes).
    Removing hal_i2c.o(i.I2C_StructInit), (24 bytes).
    Removing hal_i2c.o(.data), (4 bytes).
    Removing hal_iwdg.o(.rev16_text), (4 bytes).
    Removing hal_iwdg.o(.revsh_text), (4 bytes).
    Removing hal_iwdg.o(i.IWDG_ClearIT), (20 bytes).
    Removing hal_iwdg.o(i.IWDG_ClearITPendingBit), (20 bytes).
    Removing hal_iwdg.o(i.IWDG_EnableIT), (20 bytes).
    Removing hal_iwdg.o(i.IWDG_GetCnt), (16 bytes).
    Removing hal_iwdg.o(i.IWDG_GetPS), (12 bytes).
    Removing hal_iwdg.o(i.IWDG_GetReload), (12 bytes).
    Removing hal_iwdg.o(i.IWDG_OverflowConfig), (28 bytes).
    Removing hal_iwdg.o(i.IWDG_Reset), (20 bytes).
    Removing hal_iwdg.o(i.IWDG_SetIGen), (12 bytes).
    Removing hal_misc.o(.rev16_text), (4 bytes).
    Removing hal_misc.o(.revsh_text), (4 bytes).
    Removing hal_misc.o(i.NVIC_SystemLPConfig), (32 bytes).
    Removing hal_misc.o(i.SysTick_CLKSourceConfig), (36 bytes).
    Removing hal_pwr.o(.rev16_text), (4 bytes).
    Removing hal_pwr.o(.revsh_text), (4 bytes).
    Removing hal_pwr.o(i.PWR_ClearFlag), (20 bytes).
    Removing hal_pwr.o(i.PWR_DeInit), (12 bytes).
    Removing hal_pwr.o(i.PWR_EnterSTANDBYMode), (40 bytes).
    Removing hal_pwr.o(i.PWR_GetFlagStatus), (16 bytes).
    Removing hal_pwr.o(i.PWR_PVDCmd), (36 bytes).
    Removing hal_pwr.o(i.PWR_PVDLevelConfig), (24 bytes).
    Removing hal_pwr.o(i.PWR_WakeUpPinCmd), (40 bytes).
    Removing hal_pwr.o(i.exPWR_EnterLowPowerMode), (52 bytes).
    Removing hal_rcc.o(.rev16_text), (4 bytes).
    Removing hal_rcc.o(.revsh_text), (4 bytes).
    Removing hal_rcc.o(i.RCC_ADCCLKConfig), (24 bytes).
    Removing hal_rcc.o(i.RCC_ADC_ClockCmd), (60 bytes).
    Removing hal_rcc.o(i.RCC_AHBPeriphReset), (24 bytes).
    Removing hal_rcc.o(i.RCC_AHBPeriphResetCmd), (32 bytes).
    Removing hal_rcc.o(i.RCC_APB1PeriphClockCmd), (32 bytes).
    Removing hal_rcc.o(i.RCC_APB1PeriphReset), (24 bytes).
    Removing hal_rcc.o(i.RCC_APB1PeriphResetCmd), (32 bytes).
    Removing hal_rcc.o(i.RCC_APB2PeriphReset), (24 bytes).
    Removing hal_rcc.o(i.RCC_APB2PeriphResetCmd), (32 bytes).
    Removing hal_rcc.o(i.RCC_COMP_ClockCmd), (52 bytes).
    Removing hal_rcc.o(i.RCC_CRC_ClockCmd), (48 bytes).
    Removing hal_rcc.o(i.RCC_ClearFlag), (20 bytes).
    Removing hal_rcc.o(i.RCC_ClearITPendingBit), (20 bytes).
    Removing hal_rcc.o(i.RCC_ClockSecuritySystemCmd), (24 bytes).
    Removing hal_rcc.o(i.RCC_DIV_ClockCmd), (52 bytes).
    Removing hal_rcc.o(i.RCC_DMA_ClockCmd), (48 bytes).
    Removing hal_rcc.o(i.RCC_DeInit), (72 bytes).
    Removing hal_rcc.o(i.RCC_GPIO_ClockCmd), (184 bytes).
    Removing hal_rcc.o(i.RCC_GetClocksFreq), (72 bytes).
    Removing hal_rcc.o(i.RCC_GetHCLKFreq), (32 bytes).
    Removing hal_rcc.o(i.RCC_GetITStatus), (16 bytes).
    Removing hal_rcc.o(i.RCC_GetPCLK1Freq), (36 bytes).
    Removing hal_rcc.o(i.RCC_GetPCLK2Freq), (36 bytes).
    Removing hal_rcc.o(i.RCC_GetSYSCLKSource), (16 bytes).
    Removing hal_rcc.o(i.RCC_GetSysClockFreq), (136 bytes).
    Removing hal_rcc.o(i.RCC_HCLKConfig), (20 bytes).
    Removing hal_rcc.o(i.RCC_HSEConfig), (88 bytes).
    Removing hal_rcc.o(i.RCC_HSICmd), (20 bytes).
    Removing hal_rcc.o(i.RCC_ITConfig), (36 bytes).
    Removing hal_rcc.o(i.RCC_MCOConfig), (24 bytes).
    Removing hal_rcc.o(i.RCC_PCLK1Config), (24 bytes).
    Removing hal_rcc.o(i.RCC_PCLK2Config), (24 bytes).
    Removing hal_rcc.o(i.RCC_PLLCmd), (24 bytes).
    Removing hal_rcc.o(i.RCC_PLLConfig), (88 bytes).
    Removing hal_rcc.o(i.RCC_PLLDMDNConfig), (32 bytes).
    Removing hal_rcc.o(i.RCC_UART_ClockCmd), (96 bytes).
    Removing hal_rcc.o(i.RCC_WaitForFlagStartUp), (38 bytes).
    Removing hal_rcc.o(i.RCC_WaitForHSEStartUp), (46 bytes).
    Removing hal_rcc.o(i.__NVIC_SetPriority), (120 bytes).
    Removing hal_rcc.o(i.exRCC_AHBPeriphReset), (24 bytes).
    Removing hal_rcc.o(i.exRCC_APB1PeriphReset), (24 bytes).
    Removing hal_rcc.o(i.exRCC_APB2PeriphReset), (24 bytes).
    Removing hal_rcc.o(i.exRCC_BackupReset), (2 bytes).
    Removing hal_rcc.o(i.exRCC_SystickDisable), (20 bytes).
    Removing hal_rcc.o(i.exRCC_SystickEnable), (72 bytes).
    Removing hal_rcc.o(.data), (16 bytes).
    Removing hal_spi.o(.rev16_text), (4 bytes).
    Removing hal_spi.o(.revsh_text), (4 bytes).
    Removing hal_spi.o(i.I2S_Cmd), (28 bytes).
    Removing hal_spi.o(i.I2S_Init), (380 bytes).
    Removing hal_spi.o(i.SPI_BiDirectionalLineConfig), (64 bytes).
    Removing hal_spi.o(i.SPI_CSInternalSelected), (24 bytes).
    Removing hal_spi.o(i.SPI_ClearITPendingBit), (8 bytes).
    Removing hal_spi.o(i.SPI_Cmd), (24 bytes).
    Removing hal_spi.o(i.SPI_DMACmd), (28 bytes).
    Removing hal_spi.o(i.SPI_DataSizeConfig), (20 bytes).
    Removing hal_spi.o(i.SPI_DataSizeTypeConfig), (18 bytes).
    Removing hal_spi.o(i.SPI_DeInit), (72 bytes).
    Removing hal_spi.o(i.SPI_FifoTrigger), (20 bytes).
    Removing hal_spi.o(i.SPI_GetFlagStatus), (18 bytes).
    Removing hal_spi.o(i.SPI_GetITStatus), (18 bytes).
    Removing hal_spi.o(i.SPI_ITConfig), (38 bytes).
    Removing hal_spi.o(i.SPI_Init), (140 bytes).
    Removing hal_spi.o(i.SPI_NSSInternalSoftwareConfig), (28 bytes).
    Removing hal_spi.o(i.SPI_ReceiveData), (50 bytes).
    Removing hal_spi.o(i.SPI_RxBytes), (4 bytes).
    Removing hal_spi.o(i.SPI_SendData), (42 bytes).
    Removing hal_spi.o(i.SPI_SlaveAdjust), (24 bytes).
    Removing hal_spi.o(i.SPI_StructInit), (32 bytes).
    Removing hal_spi.o(i.exSPI_CSInternalSelected), (24 bytes).
    Removing hal_spi.o(i.exSPI_DMACmd), (28 bytes).
    Removing hal_spi.o(i.exSPI_DataEdgeAdjust), (58 bytes).
    Removing hal_spi.o(i.exSPI_ITCmd), (24 bytes).
    Removing hal_spi.o(i.exSPI_ITConfig), (20 bytes).
    Removing hal_tim.o(.rev16_text), (4 bytes).
    Removing hal_tim.o(.revsh_text), (4 bytes).
    Removing hal_tim.o(i.TI1_Configure), (32 bytes).
    Removing hal_tim.o(i.TI2_Configure), (38 bytes).
    Removing hal_tim.o(i.TI3_Configure), (38 bytes).
    Removing hal_tim.o(i.TI4_Configure), (42 bytes).
    Removing hal_tim.o(i.TIM_BDTRConfig), (30 bytes).
    Removing hal_tim.o(i.TIM_BDTRStructInit), (18 bytes).
    Removing hal_tim.o(i.TIM_CCPreloadControl), (24 bytes).
    Removing hal_tim.o(i.TIM_CCxCmd), (20 bytes).
    Removing hal_tim.o(i.TIM_CCxNCmd), (24 bytes).
    Removing hal_tim.o(i.TIM_ClearOC1Ref), (12 bytes).
    Removing hal_tim.o(i.TIM_ClearOC2Ref), (16 bytes).
    Removing hal_tim.o(i.TIM_ClearOC3Ref), (12 bytes).
    Removing hal_tim.o(i.TIM_ClearOC4Ref), (16 bytes).
    Removing hal_tim.o(i.TIM_CounterModeConfig), (12 bytes).
    Removing hal_tim.o(i.TIM_CtrlPWMOutputs), (28 bytes).
    Removing hal_tim.o(i.TIM_DMACmd), (20 bytes).
    Removing hal_tim.o(i.TIM_DMAConfig), (8 bytes).
    Removing hal_tim.o(i.TIM_DeInit), (124 bytes).
    Removing hal_tim.o(i.TIM_ETRClockMode1Config), (34 bytes).
    Removing hal_tim.o(i.TIM_ETRClockMode2Config), (34 bytes).
    Removing hal_tim.o(i.TIM_ETRConfig), (50 bytes).
    Removing hal_tim.o(i.TIM_EncoderInterfaceConfig), (44 bytes).
    Removing hal_tim.o(i.TIM_ForcedOC1Config), (12 bytes).
    Removing hal_tim.o(i.TIM_ForcedOC2Config), (16 bytes).
    Removing hal_tim.o(i.TIM_ForcedOC3Config), (12 bytes).
    Removing hal_tim.o(i.TIM_ForcedOC4Config), (16 bytes).
    Removing hal_tim.o(i.TIM_GenerateEvent), (4 bytes).
    Removing hal_tim.o(i.TIM_GetCapture1), (6 bytes).
    Removing hal_tim.o(i.TIM_GetCapture2), (6 bytes).
    Removing hal_tim.o(i.TIM_GetCapture3), (6 bytes).
    Removing hal_tim.o(i.TIM_GetCapture4), (6 bytes).
    Removing hal_tim.o(i.TIM_GetCapture5), (6 bytes).
    Removing hal_tim.o(i.TIM_GetCounter), (6 bytes).
    Removing hal_tim.o(i.TIM_GetFlagStatus), (18 bytes).
    Removing hal_tim.o(i.TIM_GetPrescaler), (8 bytes).
    Removing hal_tim.o(i.TIM_ICInit), (120 bytes).
    Removing hal_tim.o(i.TIM_ICStructInit), (18 bytes).
    Removing hal_tim.o(i.TIM_ITRxExternalClockConfig), (24 bytes).
    Removing hal_tim.o(i.TIM_InternalClockConfig), (10 bytes).
    Removing hal_tim.o(i.TIM_OC1FastConfig), (12 bytes).
    Removing hal_tim.o(i.TIM_OC1Init), (100 bytes).
    Removing hal_tim.o(i.TIM_OC1NPolarityConfig), (12 bytes).
    Removing hal_tim.o(i.TIM_OC1PolarityConfig), (12 bytes).
    Removing hal_tim.o(i.TIM_OC1PreloadConfig), (12 bytes).
    Removing hal_tim.o(i.TIM_OC2FastConfig), (16 bytes).
    Removing hal_tim.o(i.TIM_OC2Init), (96 bytes).
    Removing hal_tim.o(i.TIM_OC2NPolarityConfig), (14 bytes).
    Removing hal_tim.o(i.TIM_OC2PolarityConfig), (14 bytes).
    Removing hal_tim.o(i.TIM_OC2PreloadConfig), (16 bytes).
    Removing hal_tim.o(i.TIM_OC3FastConfig), (12 bytes).
    Removing hal_tim.o(i.TIM_OC3Init), (92 bytes).
    Removing hal_tim.o(i.TIM_OC3NPolarityConfig), (16 bytes).
    Removing hal_tim.o(i.TIM_OC3PolarityConfig), (16 bytes).
    Removing hal_tim.o(i.TIM_OC3PreloadConfig), (12 bytes).
    Removing hal_tim.o(i.TIM_OC4FastConfig), (16 bytes).
    Removing hal_tim.o(i.TIM_OC4Init), (72 bytes).
    Removing hal_tim.o(i.TIM_OC4PolarityConfig), (16 bytes).
    Removing hal_tim.o(i.TIM_OC4PreloadConfig), (16 bytes).
    Removing hal_tim.o(i.TIM_OC5PreloadConfig), (12 bytes).
    Removing hal_tim.o(i.TIM_OCStructInit), (20 bytes).
    Removing hal_tim.o(i.TIM_PWMIConfig), (128 bytes).
    Removing hal_tim.o(i.TIM_PWMShiftConfig), (20 bytes).
    Removing hal_tim.o(i.TIM_PrescalerConfig), (6 bytes).
    Removing hal_tim.o(i.TIM_SelectCCDMA), (24 bytes).
    Removing hal_tim.o(i.TIM_SelectCOM), (24 bytes).
    Removing hal_tim.o(i.TIM_SelectHallSensor), (24 bytes).
    Removing hal_tim.o(i.TIM_SelectInputTrigger), (12 bytes).
    Removing hal_tim.o(i.TIM_SelectMasterSlaveMode), (12 bytes).
    Removing hal_tim.o(i.TIM_SelectOCxM), (92 bytes).
    Removing hal_tim.o(i.TIM_SelectOnePulseMode), (12 bytes).
    Removing hal_tim.o(i.TIM_SelectOutputTrigger), (12 bytes).
    Removing hal_tim.o(i.TIM_SelectSlaveMode), (12 bytes).
    Removing hal_tim.o(i.TIM_SetAutoreload), (4 bytes).
    Removing hal_tim.o(i.TIM_SetCCR1FALL), (16 bytes).
    Removing hal_tim.o(i.TIM_SetCCR2FALL), (16 bytes).
    Removing hal_tim.o(i.TIM_SetCCR3FALL), (16 bytes).
    Removing hal_tim.o(i.TIM_SetCCR4FALL), (16 bytes).
    Removing hal_tim.o(i.TIM_SetCCR5FALL), (16 bytes).
    Removing hal_tim.o(i.TIM_SetClockDivision), (14 bytes).
    Removing hal_tim.o(i.TIM_SetCompare1), (18 bytes).
    Removing hal_tim.o(i.TIM_SetCompare2), (18 bytes).
    Removing hal_tim.o(i.TIM_SetCompare3), (18 bytes).
    Removing hal_tim.o(i.TIM_SetCompare4), (18 bytes).
    Removing hal_tim.o(i.TIM_SetCompare5), (6 bytes).
    Removing hal_tim.o(i.TIM_SetCounter), (18 bytes).
    Removing hal_tim.o(i.TIM_SetIC1Plority), (24 bytes).
    Removing hal_tim.o(i.TIM_SetIC1Prescaler), (12 bytes).
    Removing hal_tim.o(i.TIM_SetIC2Plority), (24 bytes).
    Removing hal_tim.o(i.TIM_SetIC2Prescaler), (16 bytes).
    Removing hal_tim.o(i.TIM_SetIC3Plority), (28 bytes).
    Removing hal_tim.o(i.TIM_SetIC3Prescaler), (12 bytes).
    Removing hal_tim.o(i.TIM_SetIC4Plority), (28 bytes).
    Removing hal_tim.o(i.TIM_SetIC4Prescaler), (16 bytes).
    Removing hal_tim.o(i.TIM_TIxExternalClockConfig), (58 bytes).
    Removing hal_tim.o(i.TIM_UpdateDisableConfig), (24 bytes).
    Removing hal_tim.o(i.TIM_UpdateRequestConfig), (12 bytes).
    Removing hal_uart.o(.rev16_text), (4 bytes).
    Removing hal_uart.o(.revsh_text), (4 bytes).
    Removing hal_uart.o(i.UART_AutoBaudRateCmd), (24 bytes).
    Removing hal_uart.o(i.UART_AutoBaudRateSet), (178 bytes).
    Removing hal_uart.o(i.UART_ClearITPendingBit), (4 bytes).
    Removing hal_uart.o(i.UART_Cmd), (12 bytes).
    Removing hal_uart.o(i.UART_DMACmd), (18 bytes).
    Removing hal_uart.o(i.UART_DeInit), (44 bytes).
    Removing hal_uart.o(i.UART_Enable9bit), (16 bytes).
    Removing hal_uart.o(i.UART_GetFlagStatus), (18 bytes).
    Removing hal_uart.o(i.UART_GetITStatus), (18 bytes).
    Removing hal_uart.o(i.UART_HalfDuplexCmd), (16 bytes).
    Removing hal_uart.o(i.UART_ITConfig), (20 bytes).
    Removing hal_uart.o(i.UART_Init), (120 bytes).
    Removing hal_uart.o(i.UART_ReceiveData), (8 bytes).
    Removing hal_uart.o(i.UART_ReceiverWakeUpCmd), (16 bytes).
    Removing hal_uart.o(i.UART_SendBreak), (10 bytes).
    Removing hal_uart.o(i.UART_SendData), (6 bytes).
    Removing hal_uart.o(i.UART_Set9bitAutomaticToggle), (16 bytes).
    Removing hal_uart.o(i.UART_Set9bitLevel), (16 bytes).
    Removing hal_uart.o(i.UART_Set9bitPolarity), (14 bytes).
    Removing hal_uart.o(i.UART_SetGuardTime), (16 bytes).
    Removing hal_uart.o(i.UART_SetLIN), (16 bytes).
    Removing hal_uart.o(i.UART_SetRXAddress), (12 bytes).
    Removing hal_uart.o(i.UART_SetRXMASK), (12 bytes).
    Removing hal_uart.o(i.UART_SetRXToggle), (16 bytes).
    Removing hal_uart.o(i.UART_SetRecevieEnable), (14 bytes).
    Removing hal_uart.o(i.UART_SetTXToggle), (16 bytes).
    Removing hal_uart.o(i.UART_SetTransmitEnable), (14 bytes).
    Removing hal_uart.o(i.UART_SetTxRxSWAP), (16 bytes).
    Removing hal_uart.o(i.UART_SmartCardCmd), (12 bytes).
    Removing hal_uart.o(i.UART_SmartCardNACKCmd), (14 bytes).
    Removing hal_uart.o(i.UART_StructInit), (26 bytes).
    Removing hal_uart.o(i.UART_WakeUpConfig), (14 bytes).
    Removing hal_uid.o(.rev16_text), (4 bytes).
    Removing hal_uid.o(.revsh_text), (4 bytes).
    Removing hal_uid.o(i.GetChipUID), (32 bytes).
    Removing hal_uid.o(.bss), (12 bytes).
    Removing hal_ver.o(.rev16_text), (4 bytes).
    Removing hal_ver.o(.revsh_text), (4 bytes).
    Removing hal_ver.o(i.Get_ChipsetDEVID), (12 bytes).
    Removing hal_ver.o(i.Get_ChipsetREVID), (16 bytes).
    Removing hal_ver.o(i.Get_ChipsetUIDw0), (12 bytes).
    Removing hal_ver.o(i.Get_ChipsetUIDw1), (12 bytes).
    Removing hal_ver.o(i.Get_ChipsetUIDw2), (12 bytes).
    Removing hal_ver.o(i.Get_MM32LibReleaseDate), (8 bytes).
    Removing hal_ver.o(i.Get_MM32LibVersion), (6 bytes).
    Removing hal_wwdg.o(.rev16_text), (4 bytes).
    Removing hal_wwdg.o(.revsh_text), (4 bytes).
    Removing hal_wwdg.o(i.WWDG_ClearFlag), (20 bytes).
    Removing hal_wwdg.o(i.WWDG_DeInit), (12 bytes).
    Removing hal_wwdg.o(i.WWDG_Enable), (16 bytes).
    Removing hal_wwdg.o(i.WWDG_EnableIT), (20 bytes).
    Removing hal_wwdg.o(i.WWDG_GetCounter), (16 bytes).
    Removing hal_wwdg.o(i.WWDG_GetFlagStatus), (20 bytes).
    Removing hal_wwdg.o(i.WWDG_SetCounter), (16 bytes).
    Removing hal_wwdg.o(i.WWDG_SetPrescaler), (24 bytes).
    Removing hal_wwdg.o(i.WWDG_SetWindowValue), (24 bytes).

527 unused section(s) (total 18199 bytes) removed from the image.

==============================================================================

Image Symbol Table

    Local Symbols

    Symbol Name                              Value     Ov Type        Size  Object(Section)

    ../clib/microlib/division.c              0x00000000   Number         0  idiv.o ABSOLUTE
    ../clib/microlib/division.c              0x00000000   Number         0  uidiv.o ABSOLUTE
    ../clib/microlib/init/entry.s            0x00000000   Number         0  entry5.o ABSOLUTE
    ../clib/microlib/init/entry.s            0x00000000   Number         0  entry11b.o ABSOLUTE
    ../clib/microlib/init/entry.s            0x00000000   Number         0  entry8b.o ABSOLUTE
    ../clib/microlib/init/entry.s            0x00000000   Number         0  entry8a.o ABSOLUTE
    ../clib/microlib/init/entry.s            0x00000000   Number         0  entry7b.o ABSOLUTE
    ../clib/microlib/init/entry.s            0x00000000   Number         0  entry7a.o ABSOLUTE
    ../clib/microlib/init/entry.s            0x00000000   Number         0  entry2.o ABSOLUTE
    ../clib/microlib/init/entry.s            0x00000000   Number         0  entry11a.o ABSOLUTE
    ../clib/microlib/init/entry.s            0x00000000   Number         0  entry10b.o ABSOLUTE
    ../clib/microlib/init/entry.s            0x00000000   Number         0  entry10a.o ABSOLUTE
    ../clib/microlib/init/entry.s            0x00000000   Number         0  entry9b.o ABSOLUTE
    ../clib/microlib/init/entry.s            0x00000000   Number         0  entry.o ABSOLUTE
    ../clib/microlib/init/entry.s            0x00000000   Number         0  entry9a.o ABSOLUTE
    ../clib/microlib/init/entry.s            0x00000000   Number         0  entry12b.o ABSOLUTE
    ../clib/microlib/init/entry.s            0x00000000   Number         0  entry12a.o ABSOLUTE
    ../clib/microlib/string/memcpy.c         0x00000000   Number         0  memcpya.o ABSOLUTE
    ../clib/microlib/string/memcpy.c         0x00000000   Number         0  memcpyb.o ABSOLUTE
    ../clib/microlib/string/memset.c         0x00000000   Number         0  memseta.o ABSOLUTE
    ..\..\..\..\..\Device\MM32F0140\HAL_Lib\Src\hal_adc.c 0x00000000   Number         0  hal_adc.o ABSOLUTE
    ..\..\..\..\..\Device\MM32F0140\HAL_Lib\Src\hal_comp.c 0x00000000   Number         0  hal_comp.o ABSOLUTE
    ..\..\..\..\..\Device\MM32F0140\HAL_Lib\Src\hal_crc.c 0x00000000   Number         0  hal_crc.o ABSOLUTE
    ..\..\..\..\..\Device\MM32F0140\HAL_Lib\Src\hal_dbg.c 0x00000000   Number         0  hal_dbg.o ABSOLUTE
    ..\..\..\..\..\Device\MM32F0140\HAL_Lib\Src\hal_div.c 0x00000000   Number         0  hal_div.o ABSOLUTE
    ..\..\..\..\..\Device\MM32F0140\HAL_Lib\Src\hal_dma.c 0x00000000   Number         0  hal_dma.o ABSOLUTE
    ..\..\..\..\..\Device\MM32F0140\HAL_Lib\Src\hal_exti.c 0x00000000   Number         0  hal_exti.o ABSOLUTE
    ..\..\..\..\..\Device\MM32F0140\HAL_Lib\Src\hal_flash.c 0x00000000   Number         0  hal_flash.o ABSOLUTE
    ..\..\..\..\..\Device\MM32F0140\HAL_Lib\Src\hal_flexcan.c 0x00000000   Number         0  hal_flexcan.o ABSOLUTE
    ..\..\..\..\..\Device\MM32F0140\HAL_Lib\Src\hal_gpio.c 0x00000000   Number         0  hal_gpio.o ABSOLUTE
    ..\..\..\..\..\Device\MM32F0140\HAL_Lib\Src\hal_i2c.c 0x00000000   Number         0  hal_i2c.o ABSOLUTE
    ..\..\..\..\..\Device\MM32F0140\HAL_Lib\Src\hal_iwdg.c 0x00000000   Number         0  hal_iwdg.o ABSOLUTE
    ..\..\..\..\..\Device\MM32F0140\HAL_Lib\Src\hal_misc.c 0x00000000   Number         0  hal_misc.o ABSOLUTE
    ..\..\..\..\..\Device\MM32F0140\HAL_Lib\Src\hal_pwr.c 0x00000000   Number         0  hal_pwr.o ABSOLUTE
    ..\..\..\..\..\Device\MM32F0140\HAL_Lib\Src\hal_rcc.c 0x00000000   Number         0  hal_rcc.o ABSOLUTE
    ..\..\..\..\..\Device\MM32F0140\HAL_Lib\Src\hal_spi.c 0x00000000   Number         0  hal_spi.o ABSOLUTE
    ..\..\..\..\..\Device\MM32F0140\HAL_Lib\Src\hal_sqrt.c 0x00000000   Number         0  hal_sqrt.o ABSOLUTE
    ..\..\..\..\..\Device\MM32F0140\HAL_Lib\Src\hal_tim.c 0x00000000   Number         0  hal_tim.o ABSOLUTE
    ..\..\..\..\..\Device\MM32F0140\HAL_Lib\Src\hal_uart.c 0x00000000   Number         0  hal_uart.o ABSOLUTE
    ..\..\..\..\..\Device\MM32F0140\HAL_Lib\Src\hal_uid.c 0x00000000   Number         0  hal_uid.o ABSOLUTE
    ..\..\..\..\..\Device\MM32F0140\HAL_Lib\Src\hal_ver.c 0x00000000   Number         0  hal_ver.o ABSOLUTE
    ..\..\..\..\..\Device\MM32F0140\HAL_Lib\Src\hal_wwdg.c 0x00000000   Number         0  hal_wwdg.o ABSOLUTE
    ..\..\..\..\..\Device\MM32F0140\Source\KEIL_StartAsm\startup_mm32f0140_keil.s 0x00000000   Number         0  startup_mm32f0140_keil.o ABSOLUTE
    ..\..\..\..\..\Device\MM32F0140\Source\system_mm32f0140.c 0x00000000   Number         0  system_mm32f0140.o ABSOLUTE
    ..\HARDWARE\KEY\key.c                    0x00000000   Number         0  key.o ABSOLUTE
    ..\HARDWARE\LED_RF\LED_RF.c              0x00000000   Number         0  led_rf.o ABSOLUTE
    ..\HARDWARE\RF_A7325\RF_A7325.c          0x00000000   Number         0  rf_a7325.o ABSOLUTE
    ..\HARDWARE\TIM\tim1_interrupt.c         0x00000000   Number         0  tim1_interrupt.o ABSOLUTE
    ..\HARDWARE\Test\test.c                  0x00000000   Number         0  test.o ABSOLUTE
    ..\SYSTEM\DELAY\delay.c                  0x00000000   Number         0  delay.o ABSOLUTE
    ..\SYSTEM\SYS\sys.c                      0x00000000   Number         0  sys.o ABSOLUTE
    ..\SYSTEM\UART\uart.c                    0x00000000   Number         0  uart.o ABSOLUTE
    ..\USER\main.c                           0x00000000   Number         0  main.o ABSOLUTE
    ..\\..\\..\\..\\..\\Device\\MM32F0140\\HAL_Lib\\Src\\hal_adc.c 0x00000000   Number         0  hal_adc.o ABSOLUTE
    ..\\..\\..\\..\\..\\Device\\MM32F0140\\HAL_Lib\\Src\\hal_comp.c 0x00000000   Number         0  hal_comp.o ABSOLUTE
    ..\\..\\..\\..\\..\\Device\\MM32F0140\\HAL_Lib\\Src\\hal_crc.c 0x00000000   Number         0  hal_crc.o ABSOLUTE
    ..\\..\\..\\..\\..\\Device\\MM32F0140\\HAL_Lib\\Src\\hal_dbg.c 0x00000000   Number         0  hal_dbg.o ABSOLUTE
    ..\\..\\..\\..\\..\\Device\\MM32F0140\\HAL_Lib\\Src\\hal_div.c 0x00000000   Number         0  hal_div.o ABSOLUTE
    ..\\..\\..\\..\\..\\Device\\MM32F0140\\HAL_Lib\\Src\\hal_dma.c 0x00000000   Number         0  hal_dma.o ABSOLUTE
    ..\\..\\..\\..\\..\\Device\\MM32F0140\\HAL_Lib\\Src\\hal_exti.c 0x00000000   Number         0  hal_exti.o ABSOLUTE
    ..\\..\\..\\..\\..\\Device\\MM32F0140\\HAL_Lib\\Src\\hal_flash.c 0x00000000   Number         0  hal_flash.o ABSOLUTE
    ..\\..\\..\\..\\..\\Device\\MM32F0140\\HAL_Lib\\Src\\hal_flexcan.c 0x00000000   Number         0  hal_flexcan.o ABSOLUTE
    ..\\..\\..\\..\\..\\Device\\MM32F0140\\HAL_Lib\\Src\\hal_gpio.c 0x00000000   Number         0  hal_gpio.o ABSOLUTE
    ..\\..\\..\\..\\..\\Device\\MM32F0140\\HAL_Lib\\Src\\hal_i2c.c 0x00000000   Number         0  hal_i2c.o ABSOLUTE
    ..\\..\\..\\..\\..\\Device\\MM32F0140\\HAL_Lib\\Src\\hal_iwdg.c 0x00000000   Number         0  hal_iwdg.o ABSOLUTE
    ..\\..\\..\\..\\..\\Device\\MM32F0140\\HAL_Lib\\Src\\hal_misc.c 0x00000000   Number         0  hal_misc.o ABSOLUTE
    ..\\..\\..\\..\\..\\Device\\MM32F0140\\HAL_Lib\\Src\\hal_pwr.c 0x00000000   Number         0  hal_pwr.o ABSOLUTE
    ..\\..\\..\\..\\..\\Device\\MM32F0140\\HAL_Lib\\Src\\hal_rcc.c 0x00000000   Number         0  hal_rcc.o ABSOLUTE
    ..\\..\\..\\..\\..\\Device\\MM32F0140\\HAL_Lib\\Src\\hal_spi.c 0x00000000   Number         0  hal_spi.o ABSOLUTE
    ..\\..\\..\\..\\..\\Device\\MM32F0140\\HAL_Lib\\Src\\hal_tim.c 0x00000000   Number         0  hal_tim.o ABSOLUTE
    ..\\..\\..\\..\\..\\Device\\MM32F0140\\HAL_Lib\\Src\\hal_uart.c 0x00000000   Number         0  hal_uart.o ABSOLUTE
    ..\\..\\..\\..\\..\\Device\\MM32F0140\\HAL_Lib\\Src\\hal_uid.c 0x00000000   Number         0  hal_uid.o ABSOLUTE
    ..\\..\\..\\..\\..\\Device\\MM32F0140\\HAL_Lib\\Src\\hal_ver.c 0x00000000   Number         0  hal_ver.o ABSOLUTE
    ..\\..\\..\\..\\..\\Device\\MM32F0140\\HAL_Lib\\Src\\hal_wwdg.c 0x00000000   Number         0  hal_wwdg.o ABSOLUTE
    ..\\..\\..\\..\\..\\Device\\MM32F0140\\Source\\system_mm32f0140.c 0x00000000   Number         0  system_mm32f0140.o ABSOLUTE
    ..\\HARDWARE\\KEY\\key.c                 0x00000000   Number         0  key.o ABSOLUTE
    ..\\HARDWARE\\LED_RF\\LED_RF.c           0x00000000   Number         0  led_rf.o ABSOLUTE
    ..\\HARDWARE\\RF_A7325\\RF_A7325.c       0x00000000   Number         0  rf_a7325.o ABSOLUTE
    ..\\HARDWARE\\TIM\\tim1_interrupt.c      0x00000000   Number         0  tim1_interrupt.o ABSOLUTE
    ..\\HARDWARE\\Test\\test.c               0x00000000   Number         0  test.o ABSOLUTE
    ..\\SYSTEM\\DELAY\\delay.c               0x00000000   Number         0  delay.o ABSOLUTE
    ..\\SYSTEM\\SYS\\sys.c                   0x00000000   Number         0  sys.o ABSOLUTE
    ..\\SYSTEM\\UART\\uart.c                 0x00000000   Number         0  uart.o ABSOLUTE
    ..\\USER\\main.c                         0x00000000   Number         0  main.o ABSOLUTE
    dc.s                                     0x00000000   Number         0  dc.o ABSOLUTE
    handlers.s                               0x00000000   Number         0  handlers.o ABSOLUTE
    init.s                                   0x00000000   Number         0  init.o ABSOLUTE
    RESET                                    0x08000000   Section      192  startup_mm32f0140_keil.o(RESET)
    .ARM.Collect$$$$00000000                 0x080000c0   Section        0  entry.o(.ARM.Collect$$$$00000000)
    .ARM.Collect$$$$00000001                 0x080000c0   Section        4  entry2.o(.ARM.Collect$$$$00000001)
    .ARM.Collect$$$$00000004                 0x080000c4   Section        4  entry5.o(.ARM.Collect$$$$00000004)
    .ARM.Collect$$$$00000008                 0x080000c8   Section        0  entry7b.o(.ARM.Collect$$$$00000008)
    .ARM.Collect$$$$0000000A                 0x080000c8   Section        0  entry8b.o(.ARM.Collect$$$$0000000A)
    .ARM.Collect$$$$0000000B                 0x080000c8   Section        8  entry9a.o(.ARM.Collect$$$$0000000B)
    .ARM.Collect$$$$0000000E                 0x080000d0   Section        4  entry12b.o(.ARM.Collect$$$$0000000E)
    .ARM.Collect$$$$0000000F                 0x080000d4   Section        0  entry10a.o(.ARM.Collect$$$$0000000F)
    .ARM.Collect$$$$00000011                 0x080000d4   Section        0  entry11a.o(.ARM.Collect$$$$00000011)
    .ARM.Collect$$$$00002712                 0x080000d4   Section        4  entry2.o(.ARM.Collect$$$$00002712)
    __lit__00000000                          0x080000d4   Data           4  entry2.o(.ARM.Collect$$$$00002712)
    .text                                    0x080000d8   Section       40  startup_mm32f0140_keil.o(.text)
    .text                                    0x08000100   Section        0  uidiv.o(.text)
    .text                                    0x0800012c   Section        0  idiv.o(.text)
    .text                                    0x08000154   Section       36  init.o(.text)
    i.A7325TX_Process                        0x08000178   Section        0  rf_a7325.o(i.A7325TX_Process)
    i.A7325_CHGroupCal                       0x08000198   Section        0  rf_a7325.o(i.A7325_CHGroupCal)
    i.A7325_Cal                              0x08000204   Section        0  rf_a7325.o(i.A7325_Cal)
    i.A7325_Config_M                         0x08000220   Section        0  rf_a7325.o(i.A7325_Config_M)
    i.A7325_ExitSleep                        0x08000254   Section        0  rf_a7325.o(i.A7325_ExitSleep)
    i.A7325_Init                             0x0800025e   Section        0  rf_a7325.o(i.A7325_Init)
    i.A7325_Sleep                            0x08000272   Section        0  rf_a7325.o(i.A7325_Sleep)
    i.AutoCalPllFactor                       0x0800027c   Section        0  system_mm32f0140.o(i.AutoCalPllFactor)
    i.ByteSend                               0x080002e6   Section        0  rf_a7325.o(i.ByteSend)
    i.DELAY_xUs                              0x0800033c   Section        0  system_mm32f0140.o(i.DELAY_xUs)
    i.DirectMode_init                        0x08000380   Section        0  rf_a7325.o(i.DirectMode_init)
    i.DisEXTI_Config                         0x080003a8   Section        0  main.o(i.DisEXTI_Config)
    DisEXTI_Config                           0x080003a9   Thumb Code    50  main.o(i.DisEXTI_Config)
    i.DisEXTI_NVIC_Init                      0x080003da   Section        0  main.o(i.DisEXTI_NVIC_Init)
    DisEXTI_NVIC_Init                        0x080003db   Thumb Code    22  main.o(i.DisEXTI_NVIC_Init)
    i.EXTI4_15_IRQHandler                    0x080003f0   Section        0  main.o(i.EXTI4_15_IRQHandler)
    i.EXTI_ClearFlag                         0x0800040c   Section        0  hal_exti.o(i.EXTI_ClearFlag)
    i.EXTI_ClearITPendingBit                 0x08000418   Section        0  hal_exti.o(i.EXTI_ClearITPendingBit)
    i.EXTI_Config                            0x08000424   Section        0  main.o(i.EXTI_Config)
    EXTI_Config                              0x08000425   Thumb Code    50  main.o(i.EXTI_Config)
    i.EXTI_DeInit                            0x08000458   Section        0  hal_exti.o(i.EXTI_DeInit)
    i.EXTI_GPIO_Config                       0x08000498   Section        0  main.o(i.EXTI_GPIO_Config)
    EXTI_GPIO_Config                         0x08000499   Thumb Code    48  main.o(i.EXTI_GPIO_Config)
    i.EXTI_Init                              0x080004c8   Section        0  hal_exti.o(i.EXTI_Init)
    i.EXTI_LineConfig                        0x08000588   Section        0  hal_exti.o(i.EXTI_LineConfig)
    i.EXTI_NVIC_Init                         0x080005c4   Section        0  main.o(i.EXTI_NVIC_Init)
    EXTI_NVIC_Init                           0x080005c5   Thumb Code    22  main.o(i.EXTI_NVIC_Init)
    i.EXTI_StructInit                        0x080005da   Section        0  hal_exti.o(i.EXTI_StructInit)
    i.Err_State                              0x080005ea   Section        0  rf_a7325.o(i.Err_State)
    i.GPIO_Init                              0x080005ee   Section        0  hal_gpio.o(i.GPIO_Init)
    i.GPIO_Input                             0x08000688   Section        0  main.o(i.GPIO_Input)
    i.GPIO_ReadInputDataBit                  0x08000710   Section        0  hal_gpio.o(i.GPIO_ReadInputDataBit)
    i.GPIO_ResetBits                         0x08000722   Section        0  hal_gpio.o(i.GPIO_ResetBits)
    i.GPIO_SetBits                           0x08000726   Section        0  hal_gpio.o(i.GPIO_SetBits)
    i.GPIO_StructInit                        0x0800072a   Section        0  hal_gpio.o(i.GPIO_StructInit)
    i.GetChipdata                            0x0800073c   Section        0  main.o(i.GetChipdata)
    i.Get_KeyValue                           0x08000760   Section        0  key.o(i.Get_KeyValue)
    i.HardFault_Handler                      0x08000988   Section        0  main.o(i.HardFault_Handler)
    i.IVU_CheckStatus                        0x0800098c   Section        0  hal_iwdg.o(i.IVU_CheckStatus)
    i.IWDG_Enable                            0x0800099c   Section        0  hal_iwdg.o(i.IWDG_Enable)
    i.IWDG_GetFlagStatus                     0x080009ac   Section        0  hal_iwdg.o(i.IWDG_GetFlagStatus)
    i.IWDG_ReloadCounter                     0x080009c4   Section        0  hal_iwdg.o(i.IWDG_ReloadCounter)
    i.IWDG_SetPrescaler                      0x080009d4   Section        0  hal_iwdg.o(i.IWDG_SetPrescaler)
    i.IWDG_SetReload                         0x080009e8   Section        0  hal_iwdg.o(i.IWDG_SetReload)
    i.IWDG_WriteAccessCmd                    0x080009fc   Section        0  hal_iwdg.o(i.IWDG_WriteAccessCmd)
    i.Init_GPIO                              0x08000a08   Section        0  main.o(i.Init_GPIO)
    i.Is_IntoTest                            0x08000b68   Section        0  test.o(i.Is_IntoTest)
    i.Iwdg_Irq_ON                            0x08000c94   Section        0  main.o(i.Iwdg_Irq_ON)
    i.KeyCheck                               0x08000cd4   Section        0  key.o(i.KeyCheck)
    i.Key_Process                            0x08000fbc   Section        0  key.o(i.Key_Process)
    i.KeytoLed                               0x08001314   Section        0  test.o(i.KeytoLed)
    i.NVIC_Configure                         0x08001498   Section        0  tim1_interrupt.o(i.NVIC_Configure)
    i.NVIC_Init                              0x080014b4   Section        0  hal_misc.o(i.NVIC_Init)
    i.NVIC_SystemReset                       0x0800151c   Section        0  main.o(i.NVIC_SystemReset)
    NVIC_SystemReset                         0x0800151d   Thumb Code    44  main.o(i.NVIC_SystemReset)
    i.PVU_CheckStatus                        0x08001550   Section        0  hal_iwdg.o(i.PVU_CheckStatus)
    i.PWR_EnterSTOPMode                      0x08001560   Section        0  hal_pwr.o(i.PWR_EnterSTOPMode)
    i.PowerOn_init                           0x080015a0   Section        0  led_rf.o(i.PowerOn_init)
    i.RCC_AHBPeriphClockCmd                  0x08001624   Section        0  hal_rcc.o(i.RCC_AHBPeriphClockCmd)
    i.RCC_APB2PeriphClockCmd                 0x08001644   Section        0  hal_rcc.o(i.RCC_APB2PeriphClockCmd)
    i.RCC_GetFlagStatus                      0x08001664   Section        0  hal_rcc.o(i.RCC_GetFlagStatus)
    i.RCC_LSICmd                             0x0800169c   Section        0  hal_rcc.o(i.RCC_LSICmd)
    i.RCC_SYSCLKConfig                       0x080016c0   Section        0  hal_rcc.o(i.RCC_SYSCLKConfig)
    i.RF_Process                             0x080016d4   Section        0  led_rf.o(i.RF_Process)
    i.RVU_CheckStatus                        0x08001974   Section        0  hal_iwdg.o(i.RVU_CheckStatus)
    i.ReadReg                                0x08001984   Section        0  rf_a7325.o(i.ReadReg)
    i.Reset                                  0x08001a3e   Section        0  rf_a7325.o(i.Reset)
    i.Send4Bit                               0x08001a4a   Section        0  rf_a7325.o(i.Send4Bit)
    i.SetCH_A7325                            0x08001a9e   Section        0  rf_a7325.o(i.SetCH_A7325)
    i.SetSysClock                            0x08001aac   Section        0  system_mm32f0140.o(i.SetSysClock)
    SetSysClock                              0x08001aad   Thumb Code     8  system_mm32f0140.o(i.SetSysClock)
    i.SetSysClockToXX_HSI                    0x08001ab4   Section        0  system_mm32f0140.o(i.SetSysClockToXX_HSI)
    SetSysClockToXX_HSI                      0x08001ab5   Thumb Code   398  system_mm32f0140.o(i.SetSysClockToXX_HSI)
    i.Set_All_OutPut                         0x08001c68   Section        0  key.o(i.Set_All_OutPut)
    i.Set_PA5_OutPut                         0x08001cc8   Section        0  key.o(i.Set_PA5_OutPut)
    i.Set_PA7_OutPut                         0x08001d44   Section        0  key.o(i.Set_PA7_OutPut)
    i.Set_PB0_OutPut                         0x08001dc0   Section        0  key.o(i.Set_PB0_OutPut)
    i.Set_PB1_OutPut                         0x08001e38   Section        0  key.o(i.Set_PB1_OutPut)
    i.Set_SDIO_In                            0x08001eb0   Section        0  rf_a7325.o(i.Set_SDIO_In)
    i.Set_SDIO_Out                           0x08001ece   Section        0  rf_a7325.o(i.Set_SDIO_Out)
    i.Sleep_Process                          0x08001ef0   Section        0  main.o(i.Sleep_Process)
    i.StandBy_func                           0x08001fec   Section        0  led_rf.o(i.StandBy_func)
    i.StandBy_init                           0x08002018   Section        0  led_rf.o(i.StandBy_init)
    i.StrobeCmd                              0x08002114   Section        0  rf_a7325.o(i.StrobeCmd)
    i.SysTick_Handler                        0x08002134   Section        0  delay.o(i.SysTick_Handler)
    i.SystemInit                             0x0800213c   Section        0  system_mm32f0140.o(i.SystemInit)
    i.TIM1_BRK_UP_TRG_COM_IRQHandler         0x080021a8   Section        0  tim1_interrupt.o(i.TIM1_BRK_UP_TRG_COM_IRQHandler)
    i.TIM1_Init                              0x080023a4   Section        0  tim1_interrupt.o(i.TIM1_Init)
    i.TIM_ARRPreloadConfig                   0x080023f8   Section        0  hal_tim.o(i.TIM_ARRPreloadConfig)
    i.TIM_ClearFlag                          0x08002410   Section        0  hal_tim.o(i.TIM_ClearFlag)
    i.TIM_ClearITPendingBit                  0x08002418   Section        0  hal_tim.o(i.TIM_ClearITPendingBit)
    i.TIM_Cmd                                0x08002420   Section        0  hal_tim.o(i.TIM_Cmd)
    i.TIM_GetITStatus                        0x08002438   Section        0  hal_tim.o(i.TIM_GetITStatus)
    i.TIM_ITConfig                           0x08002452   Section        0  hal_tim.o(i.TIM_ITConfig)
    i.TIM_TimeBaseInit                       0x08002468   Section        0  hal_tim.o(i.TIM_TimeBaseInit)
    i.TIM_TimeBaseStructInit                 0x080024d4   Section        0  hal_tim.o(i.TIM_TimeBaseStructInit)
    i.TestGet_KeyValue                       0x080024e8   Section        0  test.o(i.TestGet_KeyValue)
    i.TestKeyCheck                           0x08002644   Section        0  test.o(i.TestKeyCheck)
    i.Test_func                              0x08002768   Section        0  test.o(i.Test_func)
    i.Testled_horse                          0x08002934   Section        0  test.o(i.Testled_horse)
    i.Testled_scan                           0x08002a64   Section        0  test.o(i.Testled_scan)
    i.TimeAddHandle_func                     0x08002c2c   Section        0  key.o(i.TimeAddHandle_func)
    i.TimeAdd_func                           0x08002c90   Section        0  key.o(i.TimeAdd_func)
    i.TimeSave_func                          0x08002d4c   Section        0  key.o(i.TimeSave_func)
    i.Time_calc                              0x08002dc0   Section        0  led_rf.o(i.Time_calc)
    i.Time_convert                           0x08002e78   Section        0  led_rf.o(i.Time_convert)
    i.TimingDelayDecrement                   0x08002edc   Section        0  delay.o(i.TimingDelayDecrement)
    TimingDelayDecrement                     0x08002edd   Thumb Code    20  delay.o(i.TimingDelayDecrement)
    i.WKUP_STOP_DisInit                      0x08002ef4   Section        0  main.o(i.WKUP_STOP_DisInit)
    i.WKUP_STOP_Init                         0x08002f04   Section        0  main.o(i.WKUP_STOP_Init)
    i.WWDG_IRQHandler                        0x08002f18   Section        0  main.o(i.WWDG_IRQHandler)
    i.WriteFIFO                              0x08003058   Section        0  rf_a7325.o(i.WriteFIFO)
    i.WriteID                                0x08003090   Section        0  rf_a7325.o(i.WriteID)
    i.WriteReg                               0x080030e0   Section        0  rf_a7325.o(i.WriteReg)
    i.Write_Iwdg_ON                          0x08003190   Section        0  main.o(i.Write_Iwdg_ON)
    i.__ARM_common_switch8                   0x08003200   Section        0  led_rf.o(i.__ARM_common_switch8)
    i.__scatterload_copy                     0x0800321c   Section       14  handlers.o(i.__scatterload_copy)
    i.__scatterload_null                     0x0800322a   Section        2  handlers.o(i.__scatterload_null)
    i.__scatterload_zeroinit                 0x0800322c   Section       14  handlers.o(i.__scatterload_zeroinit)
    i.exEXTI_LineDisable                     0x0800323c   Section        0  hal_exti.o(i.exEXTI_LineDisable)
    i.exNVIC_Init                            0x08003264   Section        0  hal_misc.o(i.exNVIC_Init)
    i.initRF_M                               0x080032cc   Section        0  rf_a7325.o(i.initRF_M)
    i.led_process                            0x08003300   Section        0  led_rf.o(i.led_process)
    i.main                                   0x0800351c   Section        0  main.o(i.main)
    .constdata                               0x0800363c   Section       49  rf_a7325.o(.constdata)
    .constdata                               0x0800366d   Section       17  test.o(.constdata)
    .data                                    0x20000000   Section       20  system_mm32f0140.o(.data)
    .data                                    0x20000014   Section       32  key.o(.data)
    .data                                    0x20000034   Section       41  led_rf.o(.data)
    .data                                    0x2000005d   Section        1  rf_a7325.o(.data)
    .data                                    0x20000060   Section       52  test.o(.data)
    .data                                    0x20000094   Section        4  delay.o(.data)
    sTimingDelay                             0x20000094   Data           4  delay.o(.data)
    .data                                    0x20000098   Section       76  main.o(.data)
    gData                                    0x200000d8   Data           4  main.o(.data)
    gFlashStatus                             0x200000dc   Data           1  main.o(.data)
    .bss                                     0x200000e4   Section       73  main.o(.bss)
    STACK                                    0x20000130   Section     1024  startup_mm32f0140_keil.o(STACK)

    Global Symbols

    Symbol Name                              Value     Ov Type        Size  Object(Section)

    BuildAttributes$$THM_ISAv3M$S$PE$A:L22$X:L11$S22$IEEE1$IW$USESV6$~STKCKD$USESV7$~SHL$OSPACE$EBA8$MICROLIB$REQ8$PRES8$EABIv2 0x00000000   Number         0  anon$$obj.o ABSOLUTE
    __ARM_use_no_argv                        0x00000000   Number         0  main.o ABSOLUTE
    __arm_fini_                               - Undefined Weak Reference
    __cpp_initialize__aeabi_                  - Undefined Weak Reference
    __cxa_finalize                            - Undefined Weak Reference
    __decompress                              - Undefined Weak Reference
    _clock_init                               - Undefined Weak Reference
    _microlib_exit                            - Undefined Weak Reference
    __Vectors_Size                           0x000000c0   Number         0  startup_mm32f0140_keil.o ABSOLUTE
    __Vectors                                0x08000000   Data           4  startup_mm32f0140_keil.o(RESET)
    __Vectors_End                            0x080000c0   Data           0  startup_mm32f0140_keil.o(RESET)
    __main                                   0x080000c1   Thumb Code     0  entry.o(.ARM.Collect$$$$00000000)
    _main_stk                                0x080000c1   Thumb Code     0  entry2.o(.ARM.Collect$$$$00000001)
    _main_scatterload                        0x080000c5   Thumb Code     0  entry5.o(.ARM.Collect$$$$00000004)
    __main_after_scatterload                 0x080000c9   Thumb Code     0  entry5.o(.ARM.Collect$$$$00000004)
    _main_clock                              0x080000c9   Thumb Code     0  entry7b.o(.ARM.Collect$$$$00000008)
    _main_cpp_init                           0x080000c9   Thumb Code     0  entry8b.o(.ARM.Collect$$$$0000000A)
    _main_init                               0x080000c9   Thumb Code     0  entry9a.o(.ARM.Collect$$$$0000000B)
    __rt_lib_shutdown_fini                   0x080000d1   Thumb Code     0  entry12b.o(.ARM.Collect$$$$0000000E)
    __rt_final_cpp                           0x080000d5   Thumb Code     0  entry10a.o(.ARM.Collect$$$$0000000F)
    __rt_final_exit                          0x080000d5   Thumb Code     0  entry11a.o(.ARM.Collect$$$$00000011)
    Reset_Handler                            0x080000d9   Thumb Code    14  startup_mm32f0140_keil.o(.text)
    NMI_Handler                              0x080000e7   Thumb Code     2  startup_mm32f0140_keil.o(.text)
    SVC_Handler                              0x080000eb   Thumb Code     2  startup_mm32f0140_keil.o(.text)
    PendSV_Handler                           0x080000ed   Thumb Code     2  startup_mm32f0140_keil.o(.text)
    ADC1_COMP_IRQHandler                     0x080000f1   Thumb Code     0  startup_mm32f0140_keil.o(.text)
    DMA1_Channel1_IRQHandler                 0x080000f1   Thumb Code     0  startup_mm32f0140_keil.o(.text)
    DMA1_Channel2_3_IRQHandler               0x080000f1   Thumb Code     0  startup_mm32f0140_keil.o(.text)
    DMA1_Channel4_5_IRQHandler               0x080000f1   Thumb Code     0  startup_mm32f0140_keil.o(.text)
    EXTI0_1_IRQHandler                       0x080000f1   Thumb Code     0  startup_mm32f0140_keil.o(.text)
    EXTI2_3_IRQHandler                       0x080000f1   Thumb Code     0  startup_mm32f0140_keil.o(.text)
    FLASH_IRQHandler                         0x080000f1   Thumb Code     0  startup_mm32f0140_keil.o(.text)
    FLEX_CAN_IRQHandler                      0x080000f1   Thumb Code     0  startup_mm32f0140_keil.o(.text)
    HWDIV_IRQHandler                         0x080000f1   Thumb Code     0  startup_mm32f0140_keil.o(.text)
    I2C1_IRQHandler                          0x080000f1   Thumb Code     0  startup_mm32f0140_keil.o(.text)
    MIPI_IRQHandler                          0x080000f1   Thumb Code     0  startup_mm32f0140_keil.o(.text)
    PVD_IRQHandler                           0x080000f1   Thumb Code     0  startup_mm32f0140_keil.o(.text)
    RCC_IRQHandler                           0x080000f1   Thumb Code     0  startup_mm32f0140_keil.o(.text)
    SPI1_IRQHandler                          0x080000f1   Thumb Code     0  startup_mm32f0140_keil.o(.text)
    SPI2_IRQHandler                          0x080000f1   Thumb Code     0  startup_mm32f0140_keil.o(.text)
    TIM14_IRQHandler                         0x080000f1   Thumb Code     0  startup_mm32f0140_keil.o(.text)
    TIM16_IRQHandler                         0x080000f1   Thumb Code     0  startup_mm32f0140_keil.o(.text)
    TIM17_IRQHandler                         0x080000f1   Thumb Code     0  startup_mm32f0140_keil.o(.text)
    TIM1_CC_IRQHandler                       0x080000f1   Thumb Code     0  startup_mm32f0140_keil.o(.text)
    TIM2_IRQHandler                          0x080000f1   Thumb Code     0  startup_mm32f0140_keil.o(.text)
    TIM3_IRQHandler                          0x080000f1   Thumb Code     0  startup_mm32f0140_keil.o(.text)
    UART1_IRQHandler                         0x080000f1   Thumb Code     0  startup_mm32f0140_keil.o(.text)
    UART2_IRQHandler                         0x080000f1   Thumb Code     0  startup_mm32f0140_keil.o(.text)
    UART3_IRQHandler                         0x080000f1   Thumb Code     0  startup_mm32f0140_keil.o(.text)
    __aeabi_uidiv                            0x08000101   Thumb Code     0  uidiv.o(.text)
    __aeabi_uidivmod                         0x08000101   Thumb Code    44  uidiv.o(.text)
    __aeabi_idiv                             0x0800012d   Thumb Code     0  idiv.o(.text)
    __aeabi_idivmod                          0x0800012d   Thumb Code    40  idiv.o(.text)
    __scatterload                            0x08000155   Thumb Code    28  init.o(.text)
    __scatterload_rt2                        0x08000155   Thumb Code     0  init.o(.text)
    A7325TX_Process                          0x08000179   Thumb Code    32  rf_a7325.o(i.A7325TX_Process)
    A7325_CHGroupCal                         0x08000199   Thumb Code   102  rf_a7325.o(i.A7325_CHGroupCal)
    A7325_Cal                                0x08000205   Thumb Code    28  rf_a7325.o(i.A7325_Cal)
    A7325_Config_M                           0x08000221   Thumb Code    48  rf_a7325.o(i.A7325_Config_M)
    A7325_ExitSleep                          0x08000255   Thumb Code    10  rf_a7325.o(i.A7325_ExitSleep)
    A7325_Init                               0x0800025f   Thumb Code    20  rf_a7325.o(i.A7325_Init)
    A7325_Sleep                              0x08000273   Thumb Code    10  rf_a7325.o(i.A7325_Sleep)
    AutoCalPllFactor                         0x0800027d   Thumb Code   106  system_mm32f0140.o(i.AutoCalPllFactor)
    ByteSend                                 0x080002e7   Thumb Code    84  rf_a7325.o(i.ByteSend)
    DELAY_xUs                                0x0800033d   Thumb Code    62  system_mm32f0140.o(i.DELAY_xUs)
    DirectMode_init                          0x08000381   Thumb Code    40  rf_a7325.o(i.DirectMode_init)
    EXTI4_15_IRQHandler                      0x080003f1   Thumb Code    22  main.o(i.EXTI4_15_IRQHandler)
    EXTI_ClearFlag                           0x0800040d   Thumb Code     6  hal_exti.o(i.EXTI_ClearFlag)
    EXTI_ClearITPendingBit                   0x08000419   Thumb Code     6  hal_exti.o(i.EXTI_ClearITPendingBit)
    EXTI_DeInit                              0x08000459   Thumb Code    54  hal_exti.o(i.EXTI_DeInit)
    EXTI_Init                                0x080004c9   Thumb Code   186  hal_exti.o(i.EXTI_Init)
    EXTI_LineConfig                          0x08000589   Thumb Code    54  hal_exti.o(i.EXTI_LineConfig)
    EXTI_StructInit                          0x080005db   Thumb Code    16  hal_exti.o(i.EXTI_StructInit)
    Err_State                                0x080005eb   Thumb Code     4  rf_a7325.o(i.Err_State)
    GPIO_Init                                0x080005ef   Thumb Code   154  hal_gpio.o(i.GPIO_Init)
    GPIO_Input                               0x08000689   Thumb Code   122  main.o(i.GPIO_Input)
    GPIO_ReadInputDataBit                    0x08000711   Thumb Code    18  hal_gpio.o(i.GPIO_ReadInputDataBit)
    GPIO_ResetBits                           0x08000723   Thumb Code     4  hal_gpio.o(i.GPIO_ResetBits)
    GPIO_SetBits                             0x08000727   Thumb Code     4  hal_gpio.o(i.GPIO_SetBits)
    GPIO_StructInit                          0x0800072b   Thumb Code    16  hal_gpio.o(i.GPIO_StructInit)
    GetChipdata                              0x0800073d   Thumb Code    26  main.o(i.GetChipdata)
    Get_KeyValue                             0x08000761   Thumb Code   534  key.o(i.Get_KeyValue)
    HardFault_Handler                        0x08000989   Thumb Code     4  main.o(i.HardFault_Handler)
    IVU_CheckStatus                          0x0800098d   Thumb Code    16  hal_iwdg.o(i.IVU_CheckStatus)
    IWDG_Enable                              0x0800099d   Thumb Code     8  hal_iwdg.o(i.IWDG_Enable)
    IWDG_GetFlagStatus                       0x080009ad   Thumb Code    20  hal_iwdg.o(i.IWDG_GetFlagStatus)
    IWDG_ReloadCounter                       0x080009c5   Thumb Code     8  hal_iwdg.o(i.IWDG_ReloadCounter)
    IWDG_SetPrescaler                        0x080009d5   Thumb Code    14  hal_iwdg.o(i.IWDG_SetPrescaler)
    IWDG_SetReload                           0x080009e9   Thumb Code    14  hal_iwdg.o(i.IWDG_SetReload)
    IWDG_WriteAccessCmd                      0x080009fd   Thumb Code     6  hal_iwdg.o(i.IWDG_WriteAccessCmd)
    Init_GPIO                                0x08000a09   Thumb Code   332  main.o(i.Init_GPIO)
    Is_IntoTest                              0x08000b69   Thumb Code   274  test.o(i.Is_IntoTest)
    Iwdg_Irq_ON                              0x08000c95   Thumb Code    64  main.o(i.Iwdg_Irq_ON)
    KeyCheck                                 0x08000cd5   Thumb Code   684  key.o(i.KeyCheck)
    Key_Process                              0x08000fbd   Thumb Code   804  key.o(i.Key_Process)
    KeytoLed                                 0x08001315   Thumb Code   376  test.o(i.KeytoLed)
    NVIC_Configure                           0x08001499   Thumb Code    26  tim1_interrupt.o(i.NVIC_Configure)
    NVIC_Init                                0x080014b5   Thumb Code   100  hal_misc.o(i.NVIC_Init)
    PVU_CheckStatus                          0x08001551   Thumb Code    16  hal_iwdg.o(i.PVU_CheckStatus)
    PWR_EnterSTOPMode                        0x08001561   Thumb Code    54  hal_pwr.o(i.PWR_EnterSTOPMode)
    PowerOn_init                             0x080015a1   Thumb Code   108  led_rf.o(i.PowerOn_init)
    RCC_AHBPeriphClockCmd                    0x08001625   Thumb Code    28  hal_rcc.o(i.RCC_AHBPeriphClockCmd)
    RCC_APB2PeriphClockCmd                   0x08001645   Thumb Code    28  hal_rcc.o(i.RCC_APB2PeriphClockCmd)
    RCC_GetFlagStatus                        0x08001665   Thumb Code    50  hal_rcc.o(i.RCC_GetFlagStatus)
    RCC_LSICmd                               0x0800169d   Thumb Code    32  hal_rcc.o(i.RCC_LSICmd)
    RCC_SYSCLKConfig                         0x080016c1   Thumb Code    16  hal_rcc.o(i.RCC_SYSCLKConfig)
    RF_Process                               0x080016d5   Thumb Code   606  led_rf.o(i.RF_Process)
    RVU_CheckStatus                          0x08001975   Thumb Code    16  hal_iwdg.o(i.RVU_CheckStatus)
    ReadReg                                  0x08001985   Thumb Code   186  rf_a7325.o(i.ReadReg)
    Reset                                    0x08001a3f   Thumb Code    12  rf_a7325.o(i.Reset)
    Send4Bit                                 0x08001a4b   Thumb Code    84  rf_a7325.o(i.Send4Bit)
    SetCH_A7325                              0x08001a9f   Thumb Code    14  rf_a7325.o(i.SetCH_A7325)
    Set_All_OutPut                           0x08001c69   Thumb Code    92  key.o(i.Set_All_OutPut)
    Set_PA5_OutPut                           0x08001cc9   Thumb Code   118  key.o(i.Set_PA5_OutPut)
    Set_PA7_OutPut                           0x08001d45   Thumb Code   118  key.o(i.Set_PA7_OutPut)
    Set_PB0_OutPut                           0x08001dc1   Thumb Code   114  key.o(i.Set_PB0_OutPut)
    Set_PB1_OutPut                           0x08001e39   Thumb Code   116  key.o(i.Set_PB1_OutPut)
    Set_SDIO_In                              0x08001eb1   Thumb Code    30  rf_a7325.o(i.Set_SDIO_In)
    Set_SDIO_Out                             0x08001ecf   Thumb Code    32  rf_a7325.o(i.Set_SDIO_Out)
    Sleep_Process                            0x08001ef1   Thumb Code   226  main.o(i.Sleep_Process)
    StandBy_func                             0x08001fed   Thumb Code    36  led_rf.o(i.StandBy_func)
    StandBy_init                             0x08002019   Thumb Code   228  led_rf.o(i.StandBy_init)
    StrobeCmd                                0x08002115   Thumb Code    32  rf_a7325.o(i.StrobeCmd)
    SysTick_Handler                          0x08002135   Thumb Code     8  delay.o(i.SysTick_Handler)
    SystemInit                               0x0800213d   Thumb Code    90  system_mm32f0140.o(i.SystemInit)
    TIM1_BRK_UP_TRG_COM_IRQHandler           0x080021a9   Thumb Code   432  tim1_interrupt.o(i.TIM1_BRK_UP_TRG_COM_IRQHandler)
    TIM1_Init                                0x080023a5   Thumb Code    78  tim1_interrupt.o(i.TIM1_Init)
    TIM_ARRPreloadConfig                     0x080023f9   Thumb Code    24  hal_tim.o(i.TIM_ARRPreloadConfig)
    TIM_ClearFlag                            0x08002411   Thumb Code     8  hal_tim.o(i.TIM_ClearFlag)
    TIM_ClearITPendingBit                    0x08002419   Thumb Code     8  hal_tim.o(i.TIM_ClearITPendingBit)
    TIM_Cmd                                  0x08002421   Thumb Code    24  hal_tim.o(i.TIM_Cmd)
    TIM_GetITStatus                          0x08002439   Thumb Code    26  hal_tim.o(i.TIM_GetITStatus)
    TIM_ITConfig                             0x08002453   Thumb Code    20  hal_tim.o(i.TIM_ITConfig)
    TIM_TimeBaseInit                         0x08002469   Thumb Code    90  hal_tim.o(i.TIM_TimeBaseInit)
    TIM_TimeBaseStructInit                   0x080024d5   Thumb Code    18  hal_tim.o(i.TIM_TimeBaseStructInit)
    TestGet_KeyValue                         0x080024e9   Thumb Code   338  test.o(i.TestGet_KeyValue)
    TestKeyCheck                             0x08002645   Thumb Code   266  test.o(i.TestKeyCheck)
    Test_func                                0x08002769   Thumb Code   406  test.o(i.Test_func)
    Testled_horse                            0x08002935   Thumb Code   292  test.o(i.Testled_horse)
    Testled_scan                             0x08002a65   Thumb Code   442  test.o(i.Testled_scan)
    TimeAddHandle_func                       0x08002c2d   Thumb Code    86  key.o(i.TimeAddHandle_func)
    TimeAdd_func                             0x08002c91   Thumb Code   176  key.o(i.TimeAdd_func)
    TimeSave_func                            0x08002d4d   Thumb Code    90  key.o(i.TimeSave_func)
    Time_calc                                0x08002dc1   Thumb Code   172  led_rf.o(i.Time_calc)
    Time_convert                             0x08002e79   Thumb Code    90  led_rf.o(i.Time_convert)
    WKUP_STOP_DisInit                        0x08002ef5   Thumb Code    16  main.o(i.WKUP_STOP_DisInit)
    WKUP_STOP_Init                           0x08002f05   Thumb Code    20  main.o(i.WKUP_STOP_Init)
    WWDG_IRQHandler                          0x08002f19   Thumb Code   266  main.o(i.WWDG_IRQHandler)
    WriteFIFO                                0x08003059   Thumb Code    50  rf_a7325.o(i.WriteFIFO)
    WriteID                                  0x08003091   Thumb Code    76  rf_a7325.o(i.WriteID)
    WriteReg                                 0x080030e1   Thumb Code   174  rf_a7325.o(i.WriteReg)
    Write_Iwdg_ON                            0x08003191   Thumb Code   102  main.o(i.Write_Iwdg_ON)
    __ARM_common_switch8                     0x08003201   Thumb Code    28  led_rf.o(i.__ARM_common_switch8)
    __scatterload_copy                       0x0800321d   Thumb Code    14  handlers.o(i.__scatterload_copy)
    __scatterload_null                       0x0800322b   Thumb Code     2  handlers.o(i.__scatterload_null)
    __scatterload_zeroinit                   0x0800322d   Thumb Code    14  handlers.o(i.__scatterload_zeroinit)
    exEXTI_LineDisable                       0x0800323d   Thumb Code    36  hal_exti.o(i.exEXTI_LineDisable)
    exNVIC_Init                              0x08003265   Thumb Code   100  hal_misc.o(i.exNVIC_Init)
    initRF_M                                 0x080032cd   Thumb Code    50  rf_a7325.o(i.initRF_M)
    led_process                              0x08003301   Thumb Code   522  led_rf.o(i.led_process)
    main                                     0x0800351d   Thumb Code   232  main.o(i.main)
    ID_Tab                                   0x0800363c   Data           4  rf_a7325.o(.constdata)
    A7325Config_Master                       0x08003640   Data          45  rf_a7325.o(.constdata)
    gcTestTxBuff                             0x0800366d   Data          17  test.o(.constdata)
    Region$$Table$$Base                      0x08003680   Number         0  anon$$obj.o(Region$$Table)
    Region$$Table$$Limit                     0x080036a0   Number         0  anon$$obj.o(Region$$Table)
    SystemCoreClock                          0x20000000   Data           4  system_mm32f0140.o(.data)
    AHBPrescTable                            0x20000004   Data          16  system_mm32f0140.o(.data)
    gcKeyState                               0x20000014   Data           1  key.o(.data)
    gcKeyCount                               0x20000015   Data           1  key.o(.data)
    gcKey4LongEn                             0x20000016   Data           1  key.o(.data)
    giKeyValue                               0x20000018   Data           2  key.o(.data)
    KeyComcount                              0x2000001a   Data           2  key.o(.data)
    TimeAdd_sta                              0x2000001c   Data           1  key.o(.data)
    giKeyAddDelay_Count                      0x2000001e   Data           2  key.o(.data)
    KEYSW4Count                              0x20000020   Data           4  key.o(.data)
    KEYSW11Count                             0x20000024   Data           4  key.o(.data)
    KEYSW12Count                             0x20000028   Data           4  key.o(.data)
    KEYSW2Count                              0x2000002c   Data           4  key.o(.data)
    KEYSW10Count                             0x20000030   Data           4  key.o(.data)
    stWarm_Stro                              0x20000034   Data           4  led_rf.o(.data)
    stWarm_Weak                              0x20000038   Data           4  led_rf.o(.data)
    stChAir_Stro                             0x2000003c   Data           4  led_rf.o(.data)
    stChAir_Weak                             0x20000040   Data           4  led_rf.o(.data)
    stCold_dry                               0x20000044   Data           4  led_rf.o(.data)
    stHot_dry                                0x20000048   Data           4  led_rf.o(.data)
    stDegerming                              0x2000004c   Data           4  led_rf.o(.data)
    giLED_status                             0x20000050   Data           4  led_rf.o(.data)
    giLED_Tempstatus                         0x20000054   Data           4  led_rf.o(.data)
    gcledscan_row                            0x20000058   Data           1  led_rf.o(.data)
    gcRfSendCount                            0x20000059   Data           1  led_rf.o(.data)
    TxPtcol_Wifi                             0x2000005a   Data           1  led_rf.o(.data)
    TxPtcol_voice                            0x2000005b   Data           1  led_rf.o(.data)
    gcMainSubPair_Flag                       0x2000005c   Data           1  led_rf.o(.data)
    TempTest                                 0x2000005d   Data           1  rf_a7325.o(.data)
    gcTest_state                             0x20000060   Data           1  test.o(.data)
    gcTestKeyState                           0x20000061   Data           1  test.o(.data)
    gcTestKeyCount                           0x20000062   Data           1  test.o(.data)
    TestKeyReturn_Flag                       0x20000063   Data           1  test.o(.data)
    gcTestledscan_row                        0x20000064   Data           1  test.o(.data)
    Testled_BlinkCnt                         0x20000068   Data           4  test.o(.data)
    Testled_horseSta                         0x2000006c   Data           1  test.o(.data)
    Testled_horseCnt                         0x20000070   Data           4  test.o(.data)
    giTestKeyValue                           0x20000074   Data           4  test.o(.data)
    giTestTempKeyValue                       0x20000078   Data           4  test.o(.data)
    giLEDValue                               0x2000007c   Data           4  test.o(.data)
    gcTestRfXamsCnt                          0x20000080   Data           1  test.o(.data)
    gcTestTxRf_flag                          0x20000081   Data           1  test.o(.data)
    giTestTimeSecCnt                         0x20000084   Data           4  test.o(.data)
    giTestTimeMinCnt                         0x20000088   Data           4  test.o(.data)
    giKeyDownBit                             0x2000008c   Data           4  test.o(.data)
    stLEDValue                               0x20000090   Data           4  test.o(.data)
    gc10msCount                              0x20000098   Data           1  main.o(.data)
    gc1MsCount                               0x20000099   Data           1  main.o(.data)
    gcTimeVal_sec                            0x2000009a   Data           1  main.o(.data)
    gcRfXamsCount                            0x2000009b   Data           1  main.o(.data)
    gcRfXbmsCount                            0x2000009c   Data           1  main.o(.data)
    gcIDcode1                                0x2000009d   Data           1  main.o(.data)
    gcIDcode2                                0x2000009e   Data           1  main.o(.data)
    gcIDcode3                                0x2000009f   Data           1  main.o(.data)
    gcIDcode4                                0x200000a0   Data           1  main.o(.data)
    giRf500msCount                           0x200000a4   Data           4  main.o(.data)
    gcLamp1sCount                            0x200000a8   Data           4  main.o(.data)
    giSleepTime                              0x200000ac   Data           4  main.o(.data)
    giTempval                                0x200000b0   Data           4  main.o(.data)
    giTimeVal                                0x200000b4   Data           4  main.o(.data)
    gi1sCount                                0x200000b8   Data           4  main.o(.data)
    giTempKeyVal                             0x200000bc   Data           4  main.o(.data)
    ID_data1                                 0x200000c0   Data           4  main.o(.data)
    ID_data2                                 0x200000c4   Data           4  main.o(.data)
    giCheckIWDGTimeCount                     0x200000c8   Data           4  main.o(.data)
    giCheckIWDGCount                         0x200000cc   Data           1  main.o(.data)
    gllIWDGTimeSum                           0x200000d0   Data           4  main.o(.data)
    giIWDGTime                               0x200000d4   Data           2  main.o(.data)
    gcSleepMode_flag                         0x200000d6   Data           1  main.o(.data)
    G32ReadData                              0x200000e0   Data           4  main.o(.data)
    ID                                       0x200000e4   Data          20  main.o(.bss)
    MyFlag                                   0x200000f8   Data          25  main.o(.bss)
    gcPtcolBuff                              0x20000111   Data          11  main.o(.bss)
    gcTxBuff                                 0x2000011c   Data          17  main.o(.bss)
    __initial_sp                             0x20000530   Data           0  startup_mm32f0140_keil.o(STACK)



==============================================================================

Memory Map of the image

  Image Entry point : 0x080000c1

  Load Region LR_IROM1 (Base: 0x08000000, Size: 0x00003784, Max: 0x00010000, ABSOLUTE)

    Execution Region ER_IROM1 (Exec base: 0x08000000, Load base: 0x08000000, Size: 0x000036a0, Max: 0x00010000, ABSOLUTE)

    Exec Addr    Load Addr    Size         Type   Attr      Idx    E Section Name        Object

    0x08000000   0x08000000   0x000000c0   Data   RO          138    RESET               startup_mm32f0140_keil.o
    0x080000c0   0x080000c0   0x00000000   Code   RO         4259  * .ARM.Collect$$$$00000000  mc_p.l(entry.o)
    0x080000c0   0x080000c0   0x00000004   Code   RO         4272    .ARM.Collect$$$$00000001  mc_p.l(entry2.o)
    0x080000c4   0x080000c4   0x00000004   Code   RO         4275    .ARM.Collect$$$$00000004  mc_p.l(entry5.o)
    0x080000c8   0x080000c8   0x00000000   Code   RO         4277    .ARM.Collect$$$$00000008  mc_p.l(entry7b.o)
    0x080000c8   0x080000c8   0x00000000   Code   RO         4279    .ARM.Collect$$$$0000000A  mc_p.l(entry8b.o)
    0x080000c8   0x080000c8   0x00000008   Code   RO         4280    .ARM.Collect$$$$0000000B  mc_p.l(entry9a.o)
    0x080000d0   0x080000d0   0x00000004   Code   RO         4287    .ARM.Collect$$$$0000000E  mc_p.l(entry12b.o)
    0x080000d4   0x080000d4   0x00000000   Code   RO         4282    .ARM.Collect$$$$0000000F  mc_p.l(entry10a.o)
    0x080000d4   0x080000d4   0x00000000   Code   RO         4284    .ARM.Collect$$$$00000011  mc_p.l(entry11a.o)
    0x080000d4   0x080000d4   0x00000004   Code   RO         4273    .ARM.Collect$$$$00002712  mc_p.l(entry2.o)
    0x080000d8   0x080000d8   0x00000028   Code   RO          139    .text               startup_mm32f0140_keil.o
    0x08000100   0x08000100   0x0000002c   Code   RO         4262    .text               mc_p.l(uidiv.o)
    0x0800012c   0x0800012c   0x00000028   Code   RO         4264    .text               mc_p.l(idiv.o)
    0x08000154   0x08000154   0x00000024   Code   RO         4288    .text               mc_p.l(init.o)
    0x08000178   0x08000178   0x00000020   Code   RO          557    i.A7325TX_Process   rf_a7325.o
    0x08000198   0x08000198   0x0000006c   Code   RO          558    i.A7325_CHGroupCal  rf_a7325.o
    0x08000204   0x08000204   0x0000001c   Code   RO          559    i.A7325_Cal         rf_a7325.o
    0x08000220   0x08000220   0x00000034   Code   RO          560    i.A7325_Config_M    rf_a7325.o
    0x08000254   0x08000254   0x0000000a   Code   RO          563    i.A7325_ExitSleep   rf_a7325.o
    0x0800025e   0x0800025e   0x00000014   Code   RO          564    i.A7325_Init        rf_a7325.o
    0x08000272   0x08000272   0x0000000a   Code   RO          566    i.A7325_Sleep       rf_a7325.o
    0x0800027c   0x0800027c   0x0000006a   Code   RO            3    i.AutoCalPllFactor  system_mm32f0140.o
    0x080002e6   0x080002e6   0x00000054   Code   RO          568    i.ByteSend          rf_a7325.o
    0x0800033a   0x0800033a   0x00000002   PAD
    0x0800033c   0x0800033c   0x00000044   Code   RO            4    i.DELAY_xUs         system_mm32f0140.o
    0x08000380   0x08000380   0x00000028   Code   RO          570    i.DirectMode_init   rf_a7325.o
    0x080003a8   0x080003a8   0x00000032   Code   RO          967    i.DisEXTI_Config    main.o
    0x080003da   0x080003da   0x00000016   Code   RO          968    i.DisEXTI_NVIC_Init  main.o
    0x080003f0   0x080003f0   0x0000001c   Code   RO          969    i.EXTI4_15_IRQHandler  main.o
    0x0800040c   0x0800040c   0x0000000c   Code   RO         1676    i.EXTI_ClearFlag    hal_exti.o
    0x08000418   0x08000418   0x0000000c   Code   RO         1677    i.EXTI_ClearITPendingBit  hal_exti.o
    0x08000424   0x08000424   0x00000032   Code   RO          970    i.EXTI_Config       main.o
    0x08000456   0x08000456   0x00000002   PAD
    0x08000458   0x08000458   0x00000040   Code   RO         1679    i.EXTI_DeInit       hal_exti.o
    0x08000498   0x08000498   0x00000030   Code   RO          971    i.EXTI_GPIO_Config  main.o
    0x080004c8   0x080004c8   0x000000c0   Code   RO         1683    i.EXTI_Init         hal_exti.o
    0x08000588   0x08000588   0x0000003c   Code   RO         1684    i.EXTI_LineConfig   hal_exti.o
    0x080005c4   0x080005c4   0x00000016   Code   RO          972    i.EXTI_NVIC_Init    main.o
    0x080005da   0x080005da   0x00000010   Code   RO         1686    i.EXTI_StructInit   hal_exti.o
    0x080005ea   0x080005ea   0x00000004   Code   RO          571    i.Err_State         rf_a7325.o
    0x080005ee   0x080005ee   0x0000009a   Code   RO         2233    i.GPIO_Init         hal_gpio.o
    0x08000688   0x08000688   0x00000088   Code   RO          975    i.GPIO_Input        main.o
    0x08000710   0x08000710   0x00000012   Code   RO         2238    i.GPIO_ReadInputDataBit  hal_gpio.o
    0x08000722   0x08000722   0x00000004   Code   RO         2241    i.GPIO_ResetBits    hal_gpio.o
    0x08000726   0x08000726   0x00000004   Code   RO         2242    i.GPIO_SetBits      hal_gpio.o
    0x0800072a   0x0800072a   0x00000010   Code   RO         2243    i.GPIO_StructInit   hal_gpio.o
    0x0800073a   0x0800073a   0x00000002   PAD
    0x0800073c   0x0800073c   0x00000024   Code   RO          976    i.GetChipdata       main.o
    0x08000760   0x08000760   0x00000228   Code   RO          146    i.Get_KeyValue      key.o
    0x08000988   0x08000988   0x00000004   Code   RO          977    i.HardFault_Handler  main.o
    0x0800098c   0x0800098c   0x00000010   Code   RO         2526    i.IVU_CheckStatus   hal_iwdg.o
    0x0800099c   0x0800099c   0x00000010   Code   RO         2529    i.IWDG_Enable       hal_iwdg.o
    0x080009ac   0x080009ac   0x00000018   Code   RO         2532    i.IWDG_GetFlagStatus  hal_iwdg.o
    0x080009c4   0x080009c4   0x00000010   Code   RO         2536    i.IWDG_ReloadCounter  hal_iwdg.o
    0x080009d4   0x080009d4   0x00000014   Code   RO         2539    i.IWDG_SetPrescaler  hal_iwdg.o
    0x080009e8   0x080009e8   0x00000014   Code   RO         2540    i.IWDG_SetReload    hal_iwdg.o
    0x080009fc   0x080009fc   0x0000000c   Code   RO         2541    i.IWDG_WriteAccessCmd  hal_iwdg.o
    0x08000a08   0x08000a08   0x00000160   Code   RO          978    i.Init_GPIO         main.o
    0x08000b68   0x08000b68   0x0000012c   Code   RO          750    i.Is_IntoTest       test.o
    0x08000c94   0x08000c94   0x00000040   Code   RO          979    i.Iwdg_Irq_ON       main.o
    0x08000cd4   0x08000cd4   0x000002e8   Code   RO          147    i.KeyCheck          key.o
    0x08000fbc   0x08000fbc   0x00000358   Code   RO          148    i.Key_Process       key.o
    0x08001314   0x08001314   0x00000184   Code   RO          751    i.KeytoLed          test.o
    0x08001498   0x08001498   0x0000001a   Code   RO          388    i.NVIC_Configure    tim1_interrupt.o
    0x080014b2   0x080014b2   0x00000002   PAD
    0x080014b4   0x080014b4   0x00000068   Code   RO         2651    i.NVIC_Init         hal_misc.o
    0x0800151c   0x0800151c   0x00000034   Code   RO          980    i.NVIC_SystemReset  main.o
    0x08001550   0x08001550   0x00000010   Code   RO         2542    i.PVU_CheckStatus   hal_iwdg.o
    0x08001560   0x08001560   0x00000040   Code   RO         2692    i.PWR_EnterSTOPMode  hal_pwr.o
    0x080015a0   0x080015a0   0x00000084   Code   RO          489    i.PowerOn_init      led_rf.o
    0x08001624   0x08001624   0x00000020   Code   RO         2759    i.RCC_AHBPeriphClockCmd  hal_rcc.o
    0x08001644   0x08001644   0x00000020   Code   RO         2765    i.RCC_APB2PeriphClockCmd  hal_rcc.o
    0x08001664   0x08001664   0x00000038   Code   RO         2778    i.RCC_GetFlagStatus  hal_rcc.o
    0x0800169c   0x0800169c   0x00000024   Code   RO         2789    i.RCC_LSICmd        hal_rcc.o
    0x080016c0   0x080016c0   0x00000014   Code   RO         2796    i.RCC_SYSCLKConfig  hal_rcc.o
    0x080016d4   0x080016d4   0x000002a0   Code   RO          490    i.RF_Process        led_rf.o
    0x08001974   0x08001974   0x00000010   Code   RO         2543    i.RVU_CheckStatus   hal_iwdg.o
    0x08001984   0x08001984   0x000000ba   Code   RO          573    i.ReadReg           rf_a7325.o
    0x08001a3e   0x08001a3e   0x0000000c   Code   RO          574    i.Reset             rf_a7325.o
    0x08001a4a   0x08001a4a   0x00000054   Code   RO          577    i.Send4Bit          rf_a7325.o
    0x08001a9e   0x08001a9e   0x0000000e   Code   RO          578    i.SetCH_A7325       rf_a7325.o
    0x08001aac   0x08001aac   0x00000008   Code   RO            5    i.SetSysClock       system_mm32f0140.o
    0x08001ab4   0x08001ab4   0x000001b4   Code   RO            6    i.SetSysClockToXX_HSI  system_mm32f0140.o
    0x08001c68   0x08001c68   0x00000060   Code   RO          149    i.Set_All_OutPut    key.o
    0x08001cc8   0x08001cc8   0x0000007c   Code   RO          150    i.Set_PA5_OutPut    key.o
    0x08001d44   0x08001d44   0x0000007c   Code   RO          151    i.Set_PA7_OutPut    key.o
    0x08001dc0   0x08001dc0   0x00000078   Code   RO          152    i.Set_PB0_OutPut    key.o
    0x08001e38   0x08001e38   0x00000078   Code   RO          153    i.Set_PB1_OutPut    key.o
    0x08001eb0   0x08001eb0   0x0000001e   Code   RO          579    i.Set_SDIO_In       rf_a7325.o
    0x08001ece   0x08001ece   0x00000020   Code   RO          580    i.Set_SDIO_Out      rf_a7325.o
    0x08001eee   0x08001eee   0x00000002   PAD
    0x08001ef0   0x08001ef0   0x000000fc   Code   RO          981    i.Sleep_Process     main.o
    0x08001fec   0x08001fec   0x0000002c   Code   RO          491    i.StandBy_func      led_rf.o
    0x08002018   0x08002018   0x000000fc   Code   RO          492    i.StandBy_init      led_rf.o
    0x08002114   0x08002114   0x00000020   Code   RO          581    i.StrobeCmd         rf_a7325.o
    0x08002134   0x08002134   0x00000008   Code   RO          819    i.SysTick_Handler   delay.o
    0x0800213c   0x0800213c   0x0000006c   Code   RO            7    i.SystemInit        system_mm32f0140.o
    0x080021a8   0x080021a8   0x000001fc   Code   RO          389    i.TIM1_BRK_UP_TRG_COM_IRQHandler  tim1_interrupt.o
    0x080023a4   0x080023a4   0x00000054   Code   RO          390    i.TIM1_Init         tim1_interrupt.o
    0x080023f8   0x080023f8   0x00000018   Code   RO         3263    i.TIM_ARRPreloadConfig  hal_tim.o
    0x08002410   0x08002410   0x00000008   Code   RO         3269    i.TIM_ClearFlag     hal_tim.o
    0x08002418   0x08002418   0x00000008   Code   RO         3270    i.TIM_ClearITPendingBit  hal_tim.o
    0x08002420   0x08002420   0x00000018   Code   RO         3275    i.TIM_Cmd           hal_tim.o
    0x08002438   0x08002438   0x0000001a   Code   RO         3297    i.TIM_GetITStatus   hal_tim.o
    0x08002452   0x08002452   0x00000014   Code   RO         3301    i.TIM_ITConfig      hal_tim.o
    0x08002466   0x08002466   0x00000002   PAD
    0x08002468   0x08002468   0x0000006c   Code   RO         3359    i.TIM_TimeBaseInit  hal_tim.o
    0x080024d4   0x080024d4   0x00000012   Code   RO         3360    i.TIM_TimeBaseStructInit  hal_tim.o
    0x080024e6   0x080024e6   0x00000002   PAD
    0x080024e8   0x080024e8   0x0000015c   Code   RO          752    i.TestGet_KeyValue  test.o
    0x08002644   0x08002644   0x00000124   Code   RO          753    i.TestKeyCheck      test.o
    0x08002768   0x08002768   0x000001cc   Code   RO          754    i.Test_func         test.o
    0x08002934   0x08002934   0x00000130   Code   RO          755    i.Testled_horse     test.o
    0x08002a64   0x08002a64   0x000001c8   Code   RO          756    i.Testled_scan      test.o
    0x08002c2c   0x08002c2c   0x00000064   Code   RO          154    i.TimeAddHandle_func  key.o
    0x08002c90   0x08002c90   0x000000bc   Code   RO          155    i.TimeAdd_func      key.o
    0x08002d4c   0x08002d4c   0x00000074   Code   RO          156    i.TimeSave_func     key.o
    0x08002dc0   0x08002dc0   0x000000b8   Code   RO          493    i.Time_calc         led_rf.o
    0x08002e78   0x08002e78   0x00000064   Code   RO          494    i.Time_convert      led_rf.o
    0x08002edc   0x08002edc   0x00000018   Code   RO          820    i.TimingDelayDecrement  delay.o
    0x08002ef4   0x08002ef4   0x00000010   Code   RO          982    i.WKUP_STOP_DisInit  main.o
    0x08002f04   0x08002f04   0x00000014   Code   RO          983    i.WKUP_STOP_Init    main.o
    0x08002f18   0x08002f18   0x00000140   Code   RO          984    i.WWDG_IRQHandler   main.o
    0x08003058   0x08003058   0x00000038   Code   RO          582    i.WriteFIFO         rf_a7325.o
    0x08003090   0x08003090   0x00000050   Code   RO          583    i.WriteID           rf_a7325.o
    0x080030e0   0x080030e0   0x000000ae   Code   RO          584    i.WriteReg          rf_a7325.o
    0x0800318e   0x0800318e   0x00000002   PAD
    0x08003190   0x08003190   0x00000070   Code   RO          985    i.Write_Iwdg_ON     main.o
    0x08003200   0x08003200   0x0000001c   Code   RO          547    i.__ARM_common_switch8  led_rf.o
    0x0800321c   0x0800321c   0x0000000e   Code   RO         4292    i.__scatterload_copy  mc_p.l(handlers.o)
    0x0800322a   0x0800322a   0x00000002   Code   RO         4293    i.__scatterload_null  mc_p.l(handlers.o)
    0x0800322c   0x0800322c   0x0000000e   Code   RO         4294    i.__scatterload_zeroinit  mc_p.l(handlers.o)
    0x0800323a   0x0800323a   0x00000002   PAD
    0x0800323c   0x0800323c   0x00000028   Code   RO         1688    i.exEXTI_LineDisable  hal_exti.o
    0x08003264   0x08003264   0x00000068   Code   RO         2654    i.exNVIC_Init       hal_misc.o
    0x080032cc   0x080032cc   0x00000032   Code   RO          585    i.initRF_M          rf_a7325.o
    0x080032fe   0x080032fe   0x00000002   PAD
    0x08003300   0x08003300   0x0000021c   Code   RO          495    i.led_process       led_rf.o
    0x0800351c   0x0800351c   0x00000120   Code   RO          987    i.main              main.o
    0x0800363c   0x0800363c   0x00000031   Data   RO          586    .constdata          rf_a7325.o
    0x0800366d   0x0800366d   0x00000011   Data   RO          757    .constdata          test.o
    0x0800367e   0x0800367e   0x00000002   PAD
    0x08003680   0x08003680   0x00000020   Data   RO         4290    Region$$Table       anon$$obj.o


    Execution Region RW_IRAM1 (Exec base: 0x20000000, Load base: 0x080036a0, Size: 0x00000530, Max: 0x00002000, ABSOLUTE)

    Exec Addr    Load Addr    Size         Type   Attr      Idx    E Section Name        Object

    0x20000000   0x080036a0   0x00000014   Data   RW            8    .data               system_mm32f0140.o
    0x20000014   0x080036b4   0x00000020   Data   RW          157    .data               key.o
    0x20000034   0x080036d4   0x00000029   Data   RW          496    .data               led_rf.o
    0x2000005d   0x080036fd   0x00000001   Data   RW          587    .data               rf_a7325.o
    0x2000005e   0x080036fe   0x00000002   PAD
    0x20000060   0x08003700   0x00000034   Data   RW          758    .data               test.o
    0x20000094   0x08003734   0x00000004   Data   RW          822    .data               delay.o
    0x20000098   0x08003738   0x0000004c   Data   RW          989    .data               main.o
    0x200000e4        -       0x00000049   Zero   RW          988    .bss                main.o
    0x2000012d   0x08003784   0x00000003   PAD
    0x20000130        -       0x00000400   Zero   RW          136    STACK               startup_mm32f0140_keil.o


==============================================================================

Image component sizes


      Code (inc. data)   RO Data    RW Data    ZI Data      Debug   Object Name

        32          4          0          4          0       1924   delay.o
       396         38          0          0          0       7741   hal_exti.o
       196          0          0          0          0       6506   hal_gpio.o
       156         38          0          0          0       5893   hal_iwdg.o
       208          8          0          0          0       1846   hal_misc.o
        64         10          0          0          0        716   hal_pwr.o
       176         22          0          0          0       5961   hal_rcc.o
       236         18          0          0          0      13334   hal_tim.o
      3140        208          0         32          0      21412   key.o
      1952        180          0         41          0       7168   led_rf.o
      1872        204          0         76         73      19623   main.o
      1138         20         49          1          0      15916   rf_a7325.o
        40         14        192          0       1024        820   startup_mm32f0140_keil.o
       726         62          0         20          0      51260   system_mm32f0140.o
      2548        188         17         52          0       7887   test.o
       618         82          0          0          0      10822   tim1_interrupt.o

    ----------------------------------------------------------------------
     13516       1096        292        228       1100     178829   Object Totals
         0          0         32          0          0          0   (incl. Generated)
        18          0          2          2          3          0   (incl. Padding)

    ----------------------------------------------------------------------

      Code (inc. data)   RO Data    RW Data    ZI Data      Debug   Library Member Name

         0          0          0          0          0          0   entry.o
         0          0          0          0          0          0   entry10a.o
         0          0          0          0          0          0   entry11a.o
         4          0          0          0          0          0   entry12b.o
         8          4          0          0          0          0   entry2.o
         4          0          0          0          0          0   entry5.o
         0          0          0          0          0          0   entry7b.o
         0          0          0          0          0          0   entry8b.o
         8          4          0          0          0          0   entry9a.o
        30          0          0          0          0          0   handlers.o
        40          0          0          0          0         72   idiv.o
        36          8          0          0          0         68   init.o
        44          0          0          0          0         72   uidiv.o

    ----------------------------------------------------------------------
       176         16          0          0          0        212   Library Totals
         2          0          0          0          0          0   (incl. Padding)

    ----------------------------------------------------------------------

      Code (inc. data)   RO Data    RW Data    ZI Data      Debug   Library Name

       174         16          0          0          0        212   mc_p.l

    ----------------------------------------------------------------------
       176         16          0          0          0        212   Library Totals

    ----------------------------------------------------------------------

==============================================================================


      Code (inc. data)   RO Data    RW Data    ZI Data      Debug   

     13692       1112        292        228       1100     174441   Grand Totals
     13692       1112        292        228       1100     174441   ELF Image Totals
     13692       1112        292        228          0          0   ROM Totals

==============================================================================

    Total RO  Size (Code + RO Data)                13984 (  13.66kB)
    Total RW  Size (RW Data + ZI Data)              1328 (   1.30kB)
    Total ROM Size (Code + RO Data + RW Data)      14212 (  13.88kB)

==============================================================================

