<html>
<body>
<pre>
<h1>µVision Build Log</h1>
<h2>Tool Versions:</h2>
IDE-Version: ¦ÌVision V5.33.0.0
Copyright (C) 2020 ARM Ltd and ARM Germany GmbH. All rights reserved.
License Information: 1 1, 1, LIC=FYKYW-QP0NF-74PS0-BY6X4-56IJR-4GQX0
 
Tool Versions:
Toolchain:       MDK-ARM Plus  Version: 5.33.0.0
Toolchain Path:  D:\Program Files (x86)\keil_v5\ARM\ARMCC\Bin
C Compiler:      Armcc.exe V5.06 update 7 (build 960)
Assembler:       Armasm.exe V5.06 update 7 (build 960)
Linker/Locator:  ArmLink.exe V5.06 update 7 (build 960)
Library Manager: ArmAr.exe V5.06 update 7 (build 960)
Hex Converter:   FromElf.exe V5.06 update 7 (build 960)
CPU DLL:         SARMCM3.DLL V5.33.0.0
Dialog DLL:      DARMCM1.DLL V1.19.4.0
Target DLL:      Segger\JL2CM3.dll V2.99.38.0
Dialog DLL:      TARMCM1.DLL V1.14.3.0
 
<h2>Project:</h2>
E:\1.HET_Project\PanasonicÔ¡°ÔRFÒ£¿ØÆ÷\22ÄêË«Ê®Ò»Ò£¿ØÆ÷£¨Áé¶¯Î¢£©\8¡¢089-B2125B-R\089-B2125B-R 2023.2.27\089_B2125B_R\MM32F0140_Samples\LibSamples\GPIO\GPIO_Key\KEILPRJ\089_B19110A.uvprojx
Project File Date:  03/07/2023

<h2>Output:</h2>
*** Using Compiler 'V5.06 update 7 (build 960)', folder: 'D:\Program Files (x86)\keil_v5\ARM\ARMCC\Bin'
*** Note: Rebuilding project, since 'Options->Output->Create Batch File' is selected.
Rebuild target 'MM32Series'
compiling system_mm32f0140.c...
assembling startup_mm32f0140_keil.s...
compiling key.c...
compiling tim1_interrupt.c...
compiling LED_RF.c...
compiling RF_A7325.c...
compiling test.c...
..\HARDWARE\Test\test.c(818): warning:  #111-D: statement is unreachable
                break;
..\HARDWARE\Test\test.c: 1 warning, 0 errors
compiling delay.c...
compiling sys.c...
compiling uart.c...
compiling main.c...
compiling hal_adc.c...
compiling hal_comp.c...
compiling hal_crc.c...
compiling hal_dbg.c...
compiling hal_div.c...
compiling hal_dma.c...
compiling hal_exti.c...
compiling hal_flash.c...
compiling hal_flexcan.c...
compiling hal_gpio.c...
compiling hal_i2c.c...
compiling hal_iwdg.c...
compiling hal_misc.c...
compiling hal_pwr.c...
compiling hal_rcc.c...
compiling hal_spi.c...
compiling hal_sqrt.c...
compiling hal_tim.c...
compiling hal_uart.c...
compiling hal_uid.c...
compiling hal_ver.c...
compiling hal_wwdg.c...
linking...
Program Size: Code=13692 RO-data=292 RW-data=228 ZI-data=1100  
FromELF: creating hex file...
".\OBJ\MBOUT.axf" - 0 Error(s), 1 Warning(s).

<h2>Software Packages used:</h2>

Package Vendor: MindMotion
                http://www.mindmotion.com.cn/Download/MDK_KEIL/MindMotion.MM32F0140_DFP.0.0.5.pack
                MindMotion.MM32F0140_DFP.0.0.5
                MindMotion Cortex-Mx Series Device Family Pack

<h2>Collection of Component include folders:</h2>

<h2>Collection of Component Files used:</h2>
Build Time Elapsed:  00:00:08
</pre>
</body>
</html>
