<html>
<body>
<pre>
<h1>礦ision Build Log</h1>
<h2>Tool Versions:</h2>
IDE-Version: μVision V5.27.1.0
Copyright (C) 2019 ARM Ltd and ARM Germany GmbH. All rights reserved.
License Information: p k, 1, LIC=UJWP0-B14WX-BS9YX-HMJYL-3JTCG-EC672
 
Tool Versions:
Toolchain:       MDK-ARM Plus  Version: 5.33.0.0
Toolchain Path:  D:\Program Files\Keil_v5\ARM\ARMCC\Bin
C Compiler:      Armcc.exe V5.06 update 7 (build 960)
Assembler:       Armasm.exe V5.06 update 7 (build 960)
Linker/Locator:  ArmLink.exe V5.06 update 7 (build 960)
Library Manager: ArmAr.exe V5.06 update 7 (build 960)
Hex Converter:   FromElf.exe V5.06 update 7 (build 960)
CPU DLL:         SARMCM3.DLL V5.33.0.0
Dialog DLL:      DARMSTM.DLL V1.68.0.0
Target DLL:      CMSIS_AGDI.dll V1.32.12.0
Dialog DLL:      TARMSTM.DLL V1.66.0.0
 
<h2>Project:</h2>
E:\github\Project_Demo\RT_Thread_Demo\3-增值程序：RT-Thread+基础外设\野火stm32F103霸道固件库+RTT例程\07-RT-Thread-SPI读写FLASH\Project\RVMDK（uv5）\Fire_RT-Thread.uvprojx
Project File Date:  10/06/2023

<h2>Output:</h2>
*** Using Compiler 'V5.06 update 7 (build 960)', folder: 'D:\Program Files\Keil_v5\ARM\ARMCC\Bin'
Rebuild target 'Fire_RT-Thread'
assembling startup_stm32f10x_hd.s...
compiling core_cm3.c...
compiling stm32f10x_crc.c...
compiling misc.c...
compiling stm32f10x_cec.c...
compiling stm32f10x_dac.c...
compiling stm32f10x_dbgmcu.c...
compiling stm32f10x_bkp.c...
compiling system_stm32f10x.c...
compiling stm32f10x_dma.c...
compiling stm32f10x_adc.c...
compiling stm32f10x_can.c...
compiling stm32f10x_exti.c...
compiling stm32f10x_flash.c...
compiling stm32f10x_fsmc.c...
compiling stm32f10x_gpio.c...
compiling stm32f10x_iwdg.c...
compiling stm32f10x_i2c.c...
compiling stm32f10x_pwr.c...
compiling stm32f10x_rtc.c...
compiling stm32f10x_rcc.c...
compiling stm32f10x_spi.c...
compiling stm32f10x_sdio.c...
compiling stm32f10x_tim.c...
compiling stm32f10x_wwdg.c...
compiling stm32f10x_usart.c...
compiling stm32f10x_it.c...
compiling clock.c...
compiling bsp_led.c...
compiling main.c...
compiling bsp_usart.c...
compiling bsp_key.c...
compiling board.c...
compiling components.c...
compiling bsp_spi_flash.c...
compiling device.c...
compiling idle.c...
compiling ipc.c...
compiling irq.c...
compiling memheap.c...
compiling mem.c...
compiling kservice.c...
compiling mempool.c...
compiling object.c...
compiling scheduler.c...
compiling signal.c...
assembling context_rvds.S...
compiling thread.c...
compiling timer.c...
compiling cpuport.c...
linking...
Program Size: Code=14724 RO-data=644 RW-data=244 ZI-data=5748  
FromELF: creating hex file...
"..\..\Output\Fire_RT-Thread.axf" - 0 Error(s), 0 Warning(s).

<h2>Software Packages used:</h2>

Package Vendor: Keil
                http://www.keil.com/pack/Keil.STM32F1xx_DFP.2.3.0.pack
                Keil.STM32F1xx_DFP.2.3.0
                STMicroelectronics STM32F1 Series Device Support, Drivers and Examples

<h2>Collection of Component include folders:</h2>
  .\RTE\_Fire_RT-Thread
  D:\Program Files\Keil_v5\Keil\STM32F1xx_DFP\2.3.0\Device\Include

<h2>Collection of Component Files used:</h2>
Build Time Elapsed:  00:00:03
</pre>
</body>
</html>
