C51 COMPILER V9.01   SC_INIT                                                               09/11/2020 09:24:38 PAGE 1   


C51 COMPILER V9.01, COMPILATION OF MODULE SC_INIT
OBJECT MODULE PLACED IN ..\Output\SC_Init.obj
COMPILER INVOKED BY: E:\Keil\C51\BIN\C51.EXE ..\User\SC_Init.c OMF2 BROWSE INCDIR(..\FWLib\SC95F_Lib\inc;..\User) DEFINE
                    -(SC95F8x2x) DEBUG PRINT(..\List\SC_Init.lst) OBJECT(..\Output\SC_Init.obj)

line level    source

   1          //************************************************************
   2          //  Copyright (c) 深圳市赛元微电子有限公司
   3          //      文件名称        : SC_Init.c
   4          //      模块功能        : MCU初始化函数C文件
   5          //  说明        :  
   6          //*************************************************************
   7          
   8          #include "SC_Init.h"    //MCU初始化头文件，包含固件库所有头文件
   9          
  10          /*****************************************************
  11          *函数名称: SC_Init
  12          *函数功能: MCU初始化函数
  13          *入口参数：void
  14          *出口参数：void
  15          *****************************************************/
  16          void SC_Init(void)
  17          {
  18   1              /*write initial function here*/         
  19   1      
  20   1              EA = 1;
  21   1      }
  22          
  23          /*****************************************************
  24          *函数名称: SC_OPTION_Init
  25          *函数功能: OPTION配置初始化函数
  26          *入口参数：void
  27          *出口参数：void
  28          *****************************************************/
  29          void SC_OPTION_Init(void)
  30          {
  31   1              /*OPTION_Init write here*/              
  32   1      }
  33          
  34          /*****************************************************
  35          *函数名称: SC_GPIO_Init
  36          *函数功能: GPIO初始化函数
  37          *入口参数：void
  38          *出口参数：void
  39          *****************************************************/
  40          void SC_GPIO_Init(void)
  41          {
  42   1              /*GPIO_Init write here*/                
  43   1      }
  44          
  45          /*****************************************************
  46          *函数名称: SC_UART0_Init
  47          *函数功能: UART0初始化函数
  48          *入口参数：void
  49          *出口参数：void
  50          *****************************************************/
  51          void SC_UART0_Init(void)
  52          {
  53   1              /*UART0_Init write here*/               
  54   1      }
C51 COMPILER V9.01   SC_INIT                                                               09/11/2020 09:24:38 PAGE 2   

  55          
  56          /*****************************************************
  57          *函数名称: SC_TIM0_Init
  58          *函数功能: TIMER0初始化函数
  59          *入口参数：void
  60          *出口参数：void 
  61          *****************************************************/
  62          void SC_TIM0_Init(void)
  63          {
  64   1              /*TIM0_Init write here*/                
  65   1      }
  66          
  67          /*****************************************************
  68          *函数名称: SC_TIM1_Init
  69          *函数功能: TIMER1初始化函数
  70          *入口参数：void
  71          *出口参数：void
  72          *****************************************************/
  73          void SC_TIM1_Init(void)
  74          {
  75   1              /*TIM1_Init write here*/        
  76   1      }
  77          
  78          /*****************************************************
  79          *函数名称: SC_TIM2_Init
  80          *函数功能: TIMER2初始化函数
  81          *入口参数：void
  82          *出口参数：void
  83          *****************************************************/
  84          void SC_TIM2_Init(void)
  85          {
  86   1              /*TIM2_Init write here*/        
  87   1      }
  88          /*****************************************************
  89          *函数名称: SC_TIM3_Init
  90          *函数功能: TIMER3初始化函数
  91          *入口参数：void
  92          *出口参数：void
  93          *****************************************************/
  94          void SC_TIM3_Init(void)
  95          {
  96   1              /*TIM3_Init write here*/        
  97   1      }
  98          /*****************************************************
  99          *函数名称: SC_TIM4_Init
 100          *函数功能: TIMER4初始化函数
 101          *入口参数：void
 102          *出口参数：void
 103          *****************************************************/
 104          void SC_TIM4_Init(void)
 105          {
 106   1              /*TIM4_Init write here*/        
 107   1      }
 108          /*****************************************************
 109          *函数名称: SC_PWM_Init
 110          *函数功能: PWM初始化函数
 111          *入口参数：void
 112          *出口参数：void 
 113          *****************************************************/
 114          void SC_PWM_Init(void)
 115          {
 116   1              /*PWM_Init write here*/ 
C51 COMPILER V9.01   SC_INIT                                                               09/11/2020 09:24:38 PAGE 3   

 117   1      }
 118          
 119          /*****************************************************
 120          *函数名称: SC_INT_Init
 121          *函数功能: INT初始化函数
 122          *入口参数：void
 123          *出口参数：void
 124          *****************************************************/
 125          void SC_INT_Init(void)
 126          {
 127   1              /*INT_Init write here*/ 
 128   1      }
 129          
 130          /*****************************************************
 131          *函数名称: SC_ADC_Init
 132          *函数功能: ADC初始化函数
 133          *入口参数：void
 134          *出口参数：void 
 135          *****************************************************/
 136          void SC_ADC_Init(void)
 137          {
 138   1              /*ADC_Init write here*/
 139   1      }
 140          
 141          /*****************************************************
 142          *函数名称: SC_IAP_Init
 143          *函数功能: IAP初始化函数
 144          *入口参数：void
 145          *出口参数：void 
 146          *****************************************************/
 147          void SC_IAP_Init(void)
 148          {
 149   1              /*IAP_Init write here*/         
 150   1      }
 151          
 152          /*****************************************************
 153          *函数名称: SC_USCI0_Init
 154          *函数功能: USCI0初始化函数
 155          *入口参数：void
 156          *出口参数：void
 157          *****************************************************/
 158          void SC_USCI0_Init(void)
 159          {
 160   1              /*USCI0_Init write here*/               
 161   1      }
 162          /*****************************************************
 163          *函数名称: SC_USCI1_Init
 164          *函数功能: USCI1初始化函数
 165          *入口参数：void
 166          *出口参数：void
 167          *****************************************************/
 168          void SC_USCI1_Init(void)
 169          {
 170   1              /*USCI1_Init write here*/               
 171   1      }
 172          /*****************************************************
 173          *函数名称: SC_USCI2_Init
 174          *函数功能: USCI2初始化函数
 175          *入口参数：void
 176          *出口参数：void
 177          *****************************************************/
 178          void SC_USCI2_Init(void)
C51 COMPILER V9.01   SC_INIT                                                               09/11/2020 09:24:38 PAGE 4   

 179          {
 180   1              /*USCI2_Init write here*/               
 181   1      }
 182          /*****************************************************
 183          *函数名称: SC_BTM_Init
 184          *函数功能: 低频时钟定时器初始化函数
 185          *入口参数：void
 186          *出口参数：void 
 187          *****************************************************/
 188          void SC_BTM_Init(void)
 189          {
 190   1              /*BTM_Init write here*/         
 191   1      }
 192          
 193          /*****************************************************
 194          *函数名称: SC_CRC_Init
 195          *函数功能: check sum 初始化函数
 196          *入口参数：void
 197          *出口参数：void
 198          *****************************************************/
 199          void SC_CRC_Init(void)
 200          {
 201   1              /*CRC_Init write here*/ 
 202   1      }
 203          
 204          /*****************************************************
 205          *函数名称: SC_WDT_Init
 206          *函数功能: 看门狗初始化函数
 207          *入口参数：void
 208          *出口参数：void 
 209          *****************************************************/
 210          void SC_WDT_Init(void)
 211          {
 212   1              /*WDT_Init write here*/         
 213   1      }
 214          
 215          /*****************************************************
 216          *函数名称: SC_PWR_Init
 217          *函数功能: 电源/功耗控制初始化函数
 218          *入口参数：void
 219          *出口参数：void 
 220          *****************************************************/
 221          void SC_PWR_Init(void)
 222          {
 223   1              /*PWR_Init write here*/         
 224   1      }
 225          /*****************************************************
 226          *函数名称: SC_DDIC_Init
 227          *函数功能: 显示控制初始化函数
 228          *入口参数：void
 229          *出口参数：void 
 230          *****************************************************/
 231          void SC_DDIC_Init(void)
 232          {
 233   1              /*DDIC_Init write here*/        
 234   1      }
 235          /*****************************************************
 236          *函数名称: SC_ACMP_Init
 237          *函数功能: 运放初始化函数
 238          *入口参数：void
 239          *出口参数：void 
 240          *****************************************************/
C51 COMPILER V9.01   SC_INIT                                                               09/11/2020 09:24:38 PAGE 5   

 241          void SC_ACMP_Init(void)
 242          {
 243   1              /*ACMP_Init write here*/        
 244   1      }
 245          /*****************************************************
 246          *函数名称: SC_MDU_Init
 247          *函数功能: 乘除法器初始化函数
 248          *入口参数：void
 249          *出口参数：void 
 250          *****************************************************/
 251          void SC_MDU_Init(void)
 252          {
 253   1              /*MDU_Init write here*/ 
 254   1      }


MODULE INFORMATION:   STATIC OVERLAYABLE
   CODE SIZE        =     25    ----
   CONSTANT SIZE    =   ----    ----
   XDATA SIZE       =   ----    ----
   PDATA SIZE       =   ----    ----
   DATA SIZE        =   ----    ----
   IDATA SIZE       =   ----    ----
   BIT SIZE         =   ----    ----
   EDATA SIZE       =   ----    ----
   HDATA SIZE       =   ----    ----
   XDATA CONST SIZE =   ----    ----
   FAR CONST SIZE   =   ----    ----
END OF MODULE INFORMATION.


C51 COMPILATION COMPLETE.  0 WARNING(S),  0 ERROR(S)
